ARM Linker, 4.1 [Build 894] [Standard]

==============================================================================

Section Cross References

    stm32f10x_startup.o(STACK) refers (Special) to heapauxi.o(.text) for __use_two_region_memory
    stm32f10x_startup.o(HEAP) refers (Special) to heapauxi.o(.text) for __use_two_region_memory
    stm32f10x_startup.o(RESET) refers (Special) to heapauxi.o(.text) for __use_two_region_memory
    stm32f10x_startup.o(RESET) refers to stm32f10x_startup.o(STACK) for Stack
    stm32f10x_startup.o(RESET) refers to os_cpu_a.o(.text) for OSPendSV
    stm32f10x_startup.o(RESET) refers to stm32f10x_it.o(i.SysTickHandler) for SysTickHandler
    stm32f10x_startup.o(RESET) refers to stm32f10x_it.o(i.WWDG_IRQHandler) for WWDG_IRQHandler
    stm32f10x_startup.o(RESET) refers to stm32f10x_it.o(i.PVD_IRQHandler) for PVD_IRQHandler
    stm32f10x_startup.o(RESET) refers to stm32f10x_it.o(i.TAMPER_IRQHandler) for TAMPER_IRQHandler
    stm32f10x_startup.o(RESET) refers to stm32f10x_it.o(i.RTC_IRQHandler) for RTC_IRQHandler
    stm32f10x_startup.o(RESET) refers to stm32f10x_it.o(i.FLASH_IRQHandler) for FLASH_IRQHandler
    stm32f10x_startup.o(RESET) refers to stm32f10x_it.o(i.RCC_IRQHandler) for RCC_IRQHandler
    stm32f10x_startup.o(RESET) refers to stm32f10x_it.o(i.EXTI0_IRQHandler) for EXTI0_IRQHandler
    stm32f10x_startup.o(RESET) refers to stm32f10x_it.o(i.EXTI1_IRQHandler) for EXTI1_IRQHandler
    stm32f10x_startup.o(RESET) refers to stm32f10x_it.o(i.EXTI2_IRQHandler) for EXTI2_IRQHandler
    stm32f10x_startup.o(RESET) refers to stm32f10x_it.o(i.EXTI3_IRQHandler) for EXTI3_IRQHandler
    stm32f10x_startup.o(RESET) refers to stm32f10x_it.o(i.EXTI4_IRQHandler) for EXTI4_IRQHandler
    stm32f10x_startup.o(RESET) refers to stm32f10x_it.o(i.DMAChannel1_IRQHandler) for DMAChannel1_IRQHandler
    stm32f10x_startup.o(RESET) refers to stm32f10x_it.o(i.DMAChannel2_IRQHandler) for DMAChannel2_IRQHandler
    stm32f10x_startup.o(RESET) refers to stm32f10x_it.o(i.DMAChannel3_IRQHandler) for DMAChannel3_IRQHandler
    stm32f10x_startup.o(RESET) refers to stm32f10x_it.o(i.DMAChannel4_IRQHandler) for DMAChannel4_IRQHandler
    stm32f10x_startup.o(RESET) refers to stm32f10x_it.o(i.DMAChannel5_IRQHandler) for DMAChannel5_IRQHandler
    stm32f10x_startup.o(RESET) refers to stm32f10x_it.o(i.DMAChannel6_IRQHandler) for DMAChannel6_IRQHandler
    stm32f10x_startup.o(RESET) refers to stm32f10x_it.o(i.DMAChannel7_IRQHandler) for DMAChannel7_IRQHandler
    stm32f10x_startup.o(RESET) refers to stm32f10x_it.o(i.ADC_IRQHandler) for ADC_IRQHandler
    stm32f10x_startup.o(RESET) refers to stm32f10x_it.o(i.USB_HP_CAN_TX_IRQHandler) for USB_HP_CAN_TX_IRQHandler
    stm32f10x_startup.o(RESET) refers to stm32f10x_it.o(i.USB_LP_CAN_RX0_IRQHandler) for USB_LP_CAN_RX0_IRQHandler
    stm32f10x_startup.o(RESET) refers to stm32f10x_it.o(i.CAN_RX1_IRQHandler) for CAN_RX1_IRQHandler
    stm32f10x_startup.o(RESET) refers to stm32f10x_it.o(i.CAN_SCE_IRQHandler) for CAN_SCE_IRQHandler
    stm32f10x_startup.o(RESET) refers to stm32f10x_it.o(i.EXTI9_5_IRQHandler) for EXTI9_5_IRQHandler
    stm32f10x_startup.o(RESET) refers to stm32f10x_it.o(i.TIM1_BRK_IRQHandler) for TIM1_BRK_IRQHandler
    stm32f10x_startup.o(RESET) refers to stm32f10x_it.o(i.TIM1_UP_IRQHandler) for TIM1_UP_IRQHandler
    stm32f10x_startup.o(RESET) refers to stm32f10x_it.o(i.TIM1_TRG_COM_IRQHandler) for TIM1_TRG_COM_IRQHandler
    stm32f10x_startup.o(RESET) refers to stm32f10x_it.o(i.TIM1_CC_IRQHandler) for TIM1_CC_IRQHandler
    stm32f10x_startup.o(RESET) refers to stm32f10x_it.o(i.TIM2_IRQHandler) for TIM2_IRQHandler
    stm32f10x_startup.o(RESET) refers to stm32f10x_it.o(i.TIM3_IRQHandler) for TIM3_IRQHandler
    stm32f10x_startup.o(RESET) refers to stm32f10x_it.o(i.TIM4_IRQHandler) for TIM4_IRQHandler
    stm32f10x_startup.o(RESET) refers to stm32f10x_it.o(i.I2C1_EV_IRQHandler) for I2C1_EV_IRQHandler
    stm32f10x_startup.o(RESET) refers to stm32f10x_it.o(i.I2C1_ER_IRQHandler) for I2C1_ER_IRQHandler
    stm32f10x_startup.o(RESET) refers to stm32f10x_it.o(i.I2C2_EV_IRQHandler) for I2C2_EV_IRQHandler
    stm32f10x_startup.o(RESET) refers to stm32f10x_it.o(i.I2C2_ER_IRQHandler) for I2C2_ER_IRQHandler
    stm32f10x_startup.o(RESET) refers to stm32f10x_it.o(i.SPI1_IRQHandler) for SPI1_IRQHandler
    stm32f10x_startup.o(RESET) refers to stm32f10x_it.o(i.SPI2_IRQHandler) for SPI2_IRQHandler
    stm32f10x_startup.o(RESET) refers to app.o(i.USART1_IRQHandler) for USART1_IRQHandler
    stm32f10x_startup.o(RESET) refers to app.o(i.USART2_IRQHandler) for USART2_IRQHandler
    stm32f10x_startup.o(RESET) refers to app.o(i.USART3_IRQHandler) for USART3_IRQHandler
    stm32f10x_startup.o(RESET) refers to stm32f10x_it.o(i.EXTI15_10_IRQHandler) for EXTI15_10_IRQHandler
    stm32f10x_startup.o(RESET) refers to stm32f10x_it.o(i.RTCAlarm_IRQHandler) for RTCAlarm_IRQHandler
    stm32f10x_startup.o(RESET) refers to stm32f10x_it.o(i.USBWakeUp_IRQHandler) for USBWakeUp_IRQHandler
[...]
    0x080011a8   0x0000010c   Code   RO         7118    .text               uCGUI_DEMO.lib(guivalf.o)
    0x080012b4   0x0000002c   Code   RO         7134    .text               uCGUI_DEMO.lib(lcdinfo0.o)
    0x080012e0   0x00000d8c   Code   RO         7542    .text               uCGUI_DEMO.lib(wm.o)
    0x0800206c   0x0000003a   Code   RO         7592    .text               uCGUI_DEMO.lib(gui__intersectrect.o)
    0x080020a6   0x00000052   Code   RO         7604    .text               uCGUI_DEMO.lib(gui__intersectrects.o)
    0x080020f8   0x0000001a   Code   RO         7616    .text               uCGUI_DEMO.lib(gui_adddecmin.o)
    0x08002112   0x00000002   PAD
    0x08002114   0x000000bc   Code   RO         7628    .text               uCGUI_DEMO.lib(gui_adddecshift.o)
    0x080021d0   0x00000026   Code   RO         7647    .text               uCGUI_DEMO.lib(gui_alloc_alloczero.o)
    0x080021f6   0x00000002   PAD
    0x080021f8   0x000000f8   Code   RO         7680    .text               uCGUI_DEMO.lib(gui_dispstring.o)
    0x080022f0   0x0000022c   Code   RO         7692    .text               uCGUI_DEMO.lib(gui_fillpolygon.o)
    0x0800251c   0x0000008c   Code   RO         7707    .text               uCGUI_DEMO.lib(gui_getbitmappixelindex.o)
    0x080025a8   0x00000058   Code   RO         7719    .text               uCGUI_DEMO.lib(gui_getcolor.o)
    0x08002600   0x0000005a   Code   RO         7731    .text               uCGUI_DEMO.lib(gui_mergerect.o)
    0x0800265a   0x0000001e   Code   RO         7743    .text               uCGUI_DEMO.lib(gui_moverect.o)
    0x08002678   0x00000088   Code   RO         7755    .text               uCGUI_DEMO.lib(gui_onkey.o)
    0x08002700   0x00000038   Code   RO         7780    .text               uCGUI_DEMO.lib(gui_rectsintersect.o)
    0x08002738   0x00000018   Code   RO         7792    .text               uCGUI_DEMO.lib(gui_savecontext.o)
    0x08002750   0x00000050   Code   RO         7804    .text               uCGUI_DEMO.lib(gui_setdefault.o)
    0x080027a0   0x00000030   Code   RO         7816    .text               uCGUI_DEMO.lib(gui_uc_encodenone.o)
    0x080027d0   0x00000324   Code   RO         7835    .text               uCGUI_DEMO.lib(guialloc.o)
    0x08002af4   0x000000c0   Code   RO         7852    .text               uCGUI_DEMO.lib(guichar.o)
    0x08002bb4   0x00000158   Code   RO         7865    .text               uCGUI_DEMO.lib(guicharm.o)
    0x08002d0c   0x000003f8   Code   RO         7877    .text               uCGUI_DEMO.lib(guicirc.o)
    0x08003104   0x000000e8   Code   RO         7889    .text               uCGUI_DEMO.lib(guitask.o)
    0x080031ec   0x0000036c   Code   RO         7904    .text               uCGUI_DEMO.lib(lcd.o)
    0x08003558   0x0000003c   Code   RO         7935    .text               uCGUI_DEMO.lib(lcd_drawvline.o)
    0x08003594   0x0000001e   Code   RO         7947    .text               uCGUI_DEMO.lib(lcd_l0_generic.o)
    0x080035b2   0x00000002   PAD
    0x080035b4   0x00000020   Code   RO         7959    .text               uCGUI_DEMO.lib(lcd_setcliprectex.o)
    0x080035d4   0x000000f4   Code   RO         7989    .text               uCGUI_DEMO.lib(guidev_banding.o)
    0x080036c8   0x00000048   Code   RO         8011    .text               uCGUI_DEMO.lib(wm_bringtobottom.o)
    0x08003710   0x00000034   Code   RO         8027    .text               uCGUI_DEMO.lib(wm_criticalhandle.o)
    0x08003744   0x0000000c   Code   RO         8039    .text               uCGUI_DEMO.lib(wm_getdesktopwindow.o)
    0x08003750   0x00000010   Code   RO         8055    .text               uCGUI_DEMO.lib(wm_notifyparent.o)
    0x08003760   0x00000026   Code   RO         8067    .text               uCGUI_DEMO.lib(wm_sendtoparent.o)
    0x08003786   0x0000001c   Code   RO         8099    .text               uCGUI_DEMO.lib(lcdpm565.o)
    0x080037a2   0x0000004a   Code   RO         8111    .text               uCGUI_DEMO.lib(gui__memset.o)
    0x080037ec   0x00000054   Code   RO         8150    .text               uCGUI_DEMO.lib(gui_pen.o)
    0x08003840   0x00000018   Code   RO         8182    .text               uCGUI_DEMO.lib(gui_setdrawmode.o)
    0x08003858   0x0000001c   Code   RO         8194    .text               uCGUI_DEMO.lib(gui_setlinestyle.o)
    0x08003874   0x0000001c   Code   RO         8206    .text               uCGUI_DEMO.lib(gui_settextalign.o)
    0x08003890   0x0000001c   Code   RO         8218    .text               uCGUI_DEMO.lib(gui_settextmode.o)
    0x080038ac   0x000000d4   Code   RO         8230    .text               uCGUI_DEMO.lib(gui_uc.o)
    0x08003980   0x00000148   Code   RO         8242    .text               uCGUI_DEMO.lib(guicharline.o)
    0x08003ac8   0x00000010   Code   RO         8254    .text               uCGUI_DEMO.lib(lcd_getcolorindex.o)
    0x08003ad8   0x00000040   Code   RO         8266    .text               uCGUI_DEMO.lib(lcdcolor.o)
    0x08003b18   0x00000034   Code   RO         8285    .text               uCGUI_DEMO.lib(lcdpm565_index2color.o)
    0x08003b4c   0x000003b8   Code   RO         8297    .text               uCGUI_DEMO.lib(guidev.o)
    0x08003f04   0x00000744   Code   RO         8312    .text               uCGUI_DEMO.lib(guidev_16.o)
    0x08004648   0x00000038   Code   RO         8357    .text               uCGUI_DEMO.lib(guidev_clear.o)
    0x08004680   0x0000002c   Code   RO         8369    .text               uCGUI_DEMO.lib(guidev_getysize.o)
    0x080046ac   0x00000034   Code   RO         8381    .text               uCGUI_DEMO.lib(guidev_reduceysize.o)
    0x080046e0   0x00000058   Code   RO         8393    .text               uCGUI_DEMO.lib(guidev_setorg.o)
    0x08004738   0x00000026   Code   RO         8405    .text               uCGUI_DEMO.lib(wm__getprevsibling.o)
    0x0800475e   0x0000001c   Code   RO         8442    .text               uCGUI_DEMO.lib(wm_getparent.o)
    0x0800477a   0x00000002   PAD
    0x0800477c   0x00000038   Code   RO         8466    .text               uCGUI_DEMO.lib(wm_onkey.o)
    0x080047b4   0x0000003a   Code   RO         8503    .text               uCGUI_DEMO.lib(gui__memset16.o)
    0x080047ee   0x0000001a   Code   RO         8515    .text               uCGUI_DEMO.lib(gui_selectlcd.o)
    0x08004808   0x0000006c   Code   RO         8539    .text               uCGUI_DEMO.lib(guidev_usage.o)
    0x08004874   0x000001b8   Code   RO         8551    .text               uCGUI_DEMO.lib(guidev_usagebm.o)
    0x08004a2c   0x00000014   Code   RO         8565    .text               uCGUI_DEMO.lib(wm__getfirstsibling.o)
    0x08004a40   0x00000020   Code   RO         8589    .text               uCGUI_DEMO.lib(wm__sendmessage.o)
    0x08004a60   0x00000020   Code   RO         8601    .text               uCGUI_DEMO.lib(lcd_selectlcd.o)
    0x08004a80   0x00000020   Code   RO         8613    .text               uCGUI_DEMO.lib(lcd_updatecolorindices.o)
    0x08004aa0   0x0000002c   Code   RO         8635    .text               c_w.l(__2sprintf.o)
    0x08004acc   0x00000078   Code   RO         8645    .text               c_w.l(_printf_dec.o)
    0x08004b44   0x0000018c   Code   RO         8685    .text               c_w.l(__printf_flags_ss_wp.o)
    0x08004cd0   0x0000008a   Code   RO         8698    .text               c_w.l(rt_memcpy_v6.o)
    0x08004d5a   0x00000084   Code   RO         8700    .text               c_w.l(rt_memmove_v6.o)
    0x08004dde   0x00000064   Code   RO         8702    .text               c_w.l(rt_memcpy_w.o)
    0x08004e42   0x00000010   Code   RO         8704    .text               c_w.l(aeabi_memset.o)
    0x08004e52   0x0000004e   Code   RO         8706    .text               c_w.l(rt_memclr_w.o)
    0x08004ea0   0x00000006   Code   RO         8710    .text               c_w.l(heapauxi.o)
    0x08004ea6   0x00000016   Code   RO         8771    .text               c_w.l(_rserrno.o)
    0x08004ebc   0x000000b8   Code   RO         8777    .text               c_w.l(_printf_intcommon.o)
    0x08004f74   0x00000030   Code   RO         8781    .text               c_w.l(_printf_char_common.o)
    0x08004fa4   0x0000000a   Code   RO         8783    .text               c_w.l(_sputc.o)
    0x08004fae   0x00000002   PAD
    0x08004fb0   0x000000a0   Code   RO         8820    .text               c_w.l(strtod.o)
    0x08005050   0x0000007a   Code   RO         8828    .text               c_w.l(rt_memmove_w.o)
    0x080050ca   0x00000044   Code   RO         8830    .text               c_w.l(rt_memclr.o)
    0x0800510e   0x00000002   PAD
    0x08005110   0x00000008   Code   RO         8873    .text               c_w.l(rt_errno_addr_intlibspace.o)
    0x08005118   0x00000012   Code   RO         8877    .text               c_w.l(isspace.o)
    0x0800512a   0x00000040   Code   RO         8885    .text               c_w.l(_sgetc.o)
    0x0800516a   0x00000002   PAD
    0x0800516c   0x00000008   Code   RO         8911    .text               c_w.l(libspace.o)
    0x08005174   0x0000004a   Code   RO         8916    .text               c_w.l(sys_stackheap_outer.o)
    0x080051be   0x00000002   PAD
    0x080051c0   0x00000010   Code   RO         8918    .text               c_w.l(rt_ctype_table.o)
    0x080051d0   0x00000008   Code   RO         8923    .text               c_w.l(rt_locale_intlibspace.o)
    0x080051d8   0x000004a8   Code   RO         8983    .text               c_w.l(scanf_fp.o)
    0x08005680   0x000000e4   Code   RO         8985    .text               c_w.l(bigflt0.o)
    0x08005764   0x0000000c   Code   RO         9021    .text               c_w.l(exit.o)
    0x08005770   0x00000080   Code   RO         9031    .text               c_w.l(strcmpv7m.o)
    0x080057f0   0x00000002   Code   RO         9103    .text               c_w.l(use_no_semi.o)
    0x080057f2   0x00000000   Code   RO         9105    .text               c_w.l(indicate_semi.o)
    0x080057f2   0x00000002   PAD
    0x080057f4   0x0000000c   Code   RO         9171    .text               c_w.l(sys_exit.o)
    0x08005800   0x00000008   Code   RO         9183    .text               c_w.l(rt_fp_status_addr_intlibspace.o)
    0x08005808   0x0000031c   Code   RO         9195    .text               c_w.l(scanf_hexfp.o)
    0x08005b24   0x0000013c   Code   RO         9197    .text               c_w.l(scanf_infnan.o)
    0x08005c60   0x00000026   Code   RO         9232    .text               c_w.l(llshl.o)
    0x08005c86   0x0000001c   Code   RO         9234    .text               c_w.l(_chval.o)
    0x08005ca2   0x00000338   Code   RO         8998    CL$$btod_div_common  c_w.l(btod.o)
    0x08005fda   0x00000002   PAD
    0x08005fdc   0x00000054   Code   RO         8996    CL$$btod_e2d        c_w.l(btod.o)
    0x08006030   0x000000c6   Code   RO         8995    CL$$btod_e2e        c_w.l(btod.o)
    0x080060f6   0x00000028   Code   RO         8992    CL$$btod_ediv       c_w.l(btod.o)
    0x0800611e   0x00000028   Code   RO         8994    CL$$btod_edivd      c_w.l(btod.o)
    0x08006146   0x00000028   Code   RO         8991    CL$$btod_emul       c_w.l(btod.o)
    0x0800616e   0x00000028   Code   RO         8993    CL$$btod_emuld      c_w.l(btod.o)
    0x08006196   0x00000244   Code   RO         8997    CL$$btod_mult_common  c_w.l(btod.o)
    0x080063da   0x00000002   Code   RO          271    i.ADC_IRQHandler    stm32f10x_it.o
    0x080063dc   0x0000000a   Code   RO           14    i.AppTaskUserIF     app.o
    0x080063e6   0x00000002   Code   RO           15    i.App_TCBInitHook   app.o
    0x080063e8   0x00000034   Code   RO           16    i.App_TaskCreate    app.o
    0x0800641c   0x00000002   Code   RO           17    i.App_TaskCreateHook  app.o
    0x0800641e   0x00000002   Code   RO           19    i.App_TaskIdleHook  app.o
    0x08006420   0x0000001a   Code   RO           20    i.App_TaskStart     app.o
    0x0800643a   0x00000002   Code   RO           21    i.App_TaskStatHook  app.o
    0x0800643c   0x00000002   Code   RO           22    i.App_TaskSwHook    app.o
    0x0800643e   0x0000003e   Code   RO          673    i.BSP_Init          bsp.o
    0x0800647c   0x00000002   Code   RO          273    i.CAN_RX1_IRQHandler  stm32f10x_it.o
    0x0800647e   0x00000002   Code   RO          274    i.CAN_SCE_IRQHandler  stm32f10x_it.o
    0x08006480   0x00000158   Code   RO         6135    i.CAR_display       dashboard.o
    0x080065d8   0x0000002a   Code   RO         6599    i.CmdError          sdcard.o
    0x08006602   0x00000002   PAD
    0x08006604   0x000000fc   Code   RO         6600    i.CmdResp1Error     sdcard.o
    0x08006700   0x00000044   Code   RO         6601    i.CmdResp2Error     sdcard.o
    0x08006744   0x00000034   Code   RO         6602    i.CmdResp3Error     sdcard.o
    0x08006778   0x00000080   Code   RO         6603    i.CmdResp6Error     sdcard.o
    0x080067f8   0x00000044   Code   RO         6604    i.CmdResp7Error     sdcard.o
    0x0800683c   0x00000002   Code   RO          279    i.DMAChannel1_IRQHandler  stm32f10x_it.o
    0x0800683e   0x00000002   Code   RO          280    i.DMAChannel2_IRQHandler  stm32f10x_it.o
    0x08006840   0x00000002   Code   RO          281    i.DMAChannel3_IRQHandler  stm32f10x_it.o
    0x08006842   0x00000002   Code   RO          282    i.DMAChannel4_IRQHandler  stm32f10x_it.o
    0x08006844   0x00000002   Code   RO          283    i.DMAChannel5_IRQHandler  stm32f10x_it.o
    0x08006846   0x00000002   Code   RO          284    i.DMAChannel6_IRQHandler  stm32f10x_it.o
    0x08006848   0x00000002   Code   RO          285    i.DMAChannel7_IRQHandler  stm32f10x_it.o
    0x0800684a   0x0000000a   Code   RO         5020    i.Delay             lcd_dis24.o
    0x08006854   0x0000004c   Code   RO         5156    i.DrawBitLine16BPP  ili9320_ucgui.o
    0x080068a0   0x00000268   Code   RO         5157    i.DrawBitLine1BPP   ili9320_ucgui.o
    0x08006b08   0x000001ec   Code   RO         5158    i.DrawBitLine2BPP   ili9320_ucgui.o
    0x08006cf4   0x00000100   Code   RO         5159    i.DrawBitLine4BPP   ili9320_ucgui.o
    0x08006df4   0x00000094   Code   RO         5160    i.DrawBitLine8BPP   ili9320_ucgui.o
    0x08006e88   0x00000002   Code   RO          287    i.EXTI0_IRQHandler  stm32f10x_it.o
    0x08006e8a   0x00000002   Code   RO          288    i.EXTI15_10_IRQHandler  stm32f10x_it.o
    0x08006e8c   0x00000002   Code   RO          289    i.EXTI1_IRQHandler  stm32f10x_it.o
    0x08006e8e   0x00000002   Code   RO          290    i.EXTI2_IRQHandler  stm32f10x_it.o
    0x08006e90   0x00000002   Code   RO          291    i.EXTI3_IRQHandler  stm32f10x_it.o
    0x08006e92   0x00000002   Code   RO          292    i.EXTI4_IRQHandler  stm32f10x_it.o
    0x08006e94   0x00000002   Code   RO          293    i.EXTI9_5_IRQHandler  stm32f10x_it.o
    0x08006e96   0x00000002   Code   RO          294    i.FLASH_IRQHandler  stm32f10x_it.o
    0x08006e98   0x00000018   Code   RO         1627    i.FLASH_PrefetchBufferCmd  stm32f10x_flash.o
    0x08006eb0   0x00000014   Code   RO         1632    i.FLASH_SetLatency  stm32f10x_flash.o
    0x08006ec4   0x00000024   Code   RO         5720    i.FM_Configuration  tea5756.o
    0x08006ee8   0x00000088   Code   RO         6138    i.FM_display        dashboard.o
    0x08006f70   0x00000040   Code   RO         5574    i.FM_next_channel   fm.o
    0x08006fb0   0x00000040   Code   RO         5575    i.FM_prev_channel   fm.o
    0x08006ff0   0x0000017c   Code   RO         5576    i.FM_scan           fm.o
    0x0800716c   0x00000054   Code   RO         5144    i.FSMC_LCD_Init     fsmc_sram.o
    0x080071c0   0x00000024   Code   RO         1773    i.FSMC_NORSRAMCmd   stm32f10x_fsmc.o
    0x080071e4   0x000000bc   Code   RO         1775    i.FSMC_NORSRAMInit  stm32f10x_fsmc.o
    0x080072a0   0x00000180   Code   RO         6607    i.FindSCR           sdcard.o
    0x08007420   0x0000002c   Code   RO         4430    i.FlashWaitBusy     spi_flash.o
    0x0800744c   0x0000017c   Code   RO          674    i.GPIO_Configuration  bsp.o
    0x080075c8   0x00000040   Code   RO         6608    i.GPIO_Configuration  sdcard.o
    0x08007608   0x000000a6   Code   RO         1887    i.GPIO_Init         stm32f10x_gpio.o
    0x080076ae   0x00000004   Code   RO         1894    i.GPIO_ResetBits    stm32f10x_gpio.o
    0x080076b2   0x00000004   Code   RO         1895    i.GPIO_SetBits      stm32f10x_gpio.o
    0x080076b6   0x000001dc   Code   RO         4959    i.GUI_Line          ili9320_api.o
    0x08007892   0x00000002   PAD
    0x08007894   0x00000010   Code   RO         4582    i.GUI_X_GetTaskId   gui_x_ucos.o
    0x080078a4   0x00000014   Code   RO         4584    i.GUI_X_Init        gui_x_ucos.o
    0x080078b8   0x0000001c   Code   RO         4585    i.GUI_X_InitOS      gui_x_ucos.o
    0x080078d4   0x00000014   Code   RO         4586    i.GUI_X_Lock        gui_x_ucos.o
    0x080078e8   0x0000000c   Code   RO         4590    i.GUI_X_Unlock      gui_x_ucos.o
    0x080078f4   0x00000002   Code   RO          297    i.I2C1_ER_IRQHandler  stm32f10x_it.o
    0x080078f6   0x00000002   Code   RO          298    i.I2C1_EV_IRQHandler  stm32f10x_it.o
    0x080078f8   0x00000002   Code   RO          299    i.I2C2_ER_IRQHandler  stm32f10x_it.o
    0x080078fa   0x00000002   Code   RO          300    i.I2C2_EV_IRQHandler  stm32f10x_it.o
    0x080078fc   0x00000030   Code   RO         5721    i.I2C_Ack           tea5756.o
    0x0800792c   0x00000004   Code   RO         5722    i.I2C_FM_Init       tea5756.o
    0x08007930   0x00000030   Code   RO         5723    i.I2C_NoAck         tea5756.o
    0x08007960   0x00000050   Code   RO         5724    i.I2C_ReadByte      tea5756.o
    0x080079b0   0x00000044   Code   RO         5725    i.I2C_ReceiveByte   tea5756.o
    0x080079f4   0x00000040   Code   RO         5726    i.I2C_SendByte      tea5756.o
    0x08007a34   0x0000003c   Code   RO         5727    i.I2C_Start         tea5756.o
    0x08007a70   0x00000030   Code   RO         5728    i.I2C_Stop          tea5756.o
    0x08007aa0   0x0000003c   Code   RO         5729    i.I2C_WaitAck       tea5756.o
    0x08007adc   0x00000046   Code   RO         5730    i.I2C_Write         tea5756.o
    0x08007b22   0x0000000c   Code   RO         5731    i.I2C_delay         tea5756.o
    0x08007b2e   0x00000002   PAD
    0x08007b30   0x000001f0   Code   RO         5021    i.LCD_Init1         lcd_dis24.o
    0x08007d20   0x000000e0   Code   RO         5161    i.LCD_L0_DrawBitmap  ili9320_ucgui.o
    0x08007e00   0x0000001c   Code   RO         5162    i.LCD_L0_DrawHLine  ili9320_ucgui.o
    0x08007e1c   0x0000001c   Code   RO         5163    i.LCD_L0_DrawVLine  ili9320_ucgui.o
    0x08007e38   0x00000022   Code   RO         5164    i.LCD_L0_FillRect   ili9320_ucgui.o
    0x08007e5a   0x00000008   Code   RO         5165    i.LCD_L0_GetPixelIndex  ili9320_ucgui.o
    0x08007e62   0x0000000a   Code   RO         5166    i.LCD_L0_Init       ili9320_ucgui.o
    0x08007e6c   0x00000002   Code   RO         5167    i.LCD_L0_On         ili9320_ucgui.o
    0x08007e6e   0x00000002   Code   RO         5168    i.LCD_L0_SetLUTEntry  ili9320_ucgui.o
    0x08007e70   0x0000000a   Code   RO         5169    i.LCD_L0_SetPixelIndex  ili9320_ucgui.o
    0x08007e7a   0x00000020   Code   RO         5170    i.LCD_L0_XorPixel   ili9320_ucgui.o
    0x08007e9a   0x00000002   PAD
    0x08007e9c   0x0000000c   Code   RO         5022    i.LCD_RD_data       lcd_dis24.o
    0x08007ea8   0x00000010   Code   RO         5023    i.LCD_WR_CMD        lcd_dis24.o
    0x08007eb8   0x0000000c   Code   RO         5024    i.LCD_WR_Data       lcd_dis24.o
    0x08007ec4   0x00000008   Code   RO         5026    i.LCD_WR_REG        lcd_dis24.o
    0x08007ecc   0x0000005c   Code   RO         4432    i.M25P80_buf_ToRam  spi_flash.o
    0x08007f28   0x00000114   Code   RO         4914    i.M25P80_buf_ToRam_TP  gui_x_touch.o
    0x0800803c   0x00000018   Code   RO          675    i.NVIC_Configuration  bsp.o
    0x08008054   0x00000064   Code   RO          826    i.NVIC_Init         misc.o
    0x080080b8   0x00000014   Code   RO          827    i.NVIC_PriorityGroupConfig  misc.o
    0x080080cc   0x00000014   Code   RO          828    i.NVIC_SetVectorTable  misc.o
    0x080080e0   0x0000002a   Code   RO         3841    i.OSInit            os_core.o
    0x0800810a   0x00000002   Code   RO         3690    i.OSInitHookBegin   os_cpu_c.o
    0x0800810c   0x00000002   Code   RO         3691    i.OSInitHookEnd     os_cpu_c.o
    0x0800810e   0x00000002   PAD
    0x08008110   0x00000058   Code   RO         3843    i.OSIntExit         os_core.o
    0x08008168   0x00000044   Code   RO         4184    i.OSMboxCreate      os_mbox.o
    0x080081ac   0x00000044   Code   RO         4256    i.OSSemCreate       os_sem.o
    0x080081f0   0x000000b8   Code   RO         4258    i.OSSemPend         os_sem.o
    0x080082a8   0x00000054   Code   RO         4260    i.OSSemPost         os_sem.o
    0x080082fc   0x00000030   Code   RO         3846    i.OSStart           os_core.o
    0x0800832c   0x00000034   Code   RO         3847    i.OSStatInit        os_core.o
    0x08008360   0x00000004   Code   RO         3692    i.OSTCBInitHook     os_cpu_c.o
    0x08008364   0x00000088   Code   RO         4310    i.OSTaskCreate      os_task.o
    0x080083ec   0x0000009c   Code   RO         4311    i.OSTaskCreateExt   os_task.o
    0x08008488   0x00000004   Code   RO         3693    i.OSTaskCreateHook  os_cpu_c.o
    0x0800848c   0x00000004   Code   RO         3695    i.OSTaskIdleHook    os_cpu_c.o
    0x08008490   0x0000008c   Code   RO         4315    i.OSTaskNameSet     os_task.o
    0x0800851c   0x00000004   Code   RO         3696    i.OSTaskStatHook    os_cpu_c.o
    0x08008520   0x00000074   Code   RO         4318    i.OSTaskStkChk      os_task.o
    0x08008594   0x00000064   Code   RO         3697    i.OSTaskStkInit     os_cpu_c.o
    0x080085f8   0x00000004   Code   RO         3698    i.OSTaskSwHook      os_cpu_c.o
    0x080085fc   0x00000058   Code   RO         4387    i.OSTimeDly         os_time.o
    0x08008654   0x0000005c   Code   RO         4388    i.OSTimeDlyHMSM     os_time.o
    0x080086b0   0x00000018   Code   RO         4391    i.OSTimeSet         os_time.o
    0x080086c8   0x000000b4   Code   RO         3848    i.OSTimeTick        os_core.o
    0x0800877c   0x00000002   Code   RO         3699    i.OSTimeTickHook    os_cpu_c.o
    0x0800877e   0x00000002   PAD
    0x08008780   0x0000003c   Code   RO          677    i.OS_CPU_SysTickInit  bsp.o
    0x080087bc   0x00000038   Code   RO         3851    i.OS_EventTOAbort   os_core.o
    0x080087f4   0x0000008c   Code   RO         3852    i.OS_EventTaskRdy   os_core.o
    0x08008880   0x00000048   Code   RO         3853    i.OS_EventTaskWait  os_core.o
    0x080088c8   0x00000016   Code   RO         3854    i.OS_EventWaitListInit  os_core.o
    0x080088de   0x00000002   PAD
    0x080088e0   0x00000044   Code   RO         4107    i.OS_FlagInit       os_flag.o
    0x08008924   0x00000044   Code   RO         3855    i.OS_InitEventList  os_core.o
    0x08008968   0x00000020   Code   RO         3856    i.OS_InitMisc       os_core.o
    0x08008988   0x00000028   Code   RO         3857    i.OS_InitRdyList    os_core.o
    0x080089b0   0x00000054   Code   RO         3858    i.OS_InitTCBList    os_core.o
    0x08008a04   0x00000050   Code   RO         3859    i.OS_InitTaskIdle   os_core.o
    0x08008a54   0x00000050   Code   RO         3860    i.OS_InitTaskStat   os_core.o
    0x08008aa4   0x00000012   Code   RO         3861    i.OS_MemClr         os_core.o
    0x08008ab6   0x00000002   PAD
    0x08008ab8   0x00000048   Code   RO         3863    i.OS_Sched          os_core.o
    0x08008b00   0x00000020   Code   RO         3864    i.OS_SchedNew       os_core.o
    0x08008b20   0x0000001c   Code   RO         3865    i.OS_StrCopy        os_core.o
    0x08008b3c   0x00000014   Code   RO         3866    i.OS_StrLen         os_core.o
    0x08008b50   0x000000ec   Code   RO         3867    i.OS_TCBInit        os_core.o
    0x08008c3c   0x0000001c   Code   RO         3868    i.OS_TaskIdle       os_core.o
    0x08008c58   0x00000060   Code   RO         3869    i.OS_TaskStat       os_core.o
    0x08008cb8   0x00000038   Code   RO         3870    i.OS_TaskStatStkChk  os_core.o
    0x08008cf0   0x00000016   Code   RO         4320    i.OS_TaskStkClr     os_task.o
    0x08008d06   0x00000002   Code   RO          303    i.PVD_IRQHandler    stm32f10x_it.o
    0x08008d08   0x0000001c   Code   RO         6140    i.PutChar           dashboard.o
    0x08008d24   0x00000014   Code   RO         6141    i.PutString         dashboard.o
    0x08008d38   0x0000006c   Code   RO          678    i.RCC1_Configuration  bsp.o
    0x08008da4   0x00000018   Code   RO         2291    i.RCC_AHBPeriphClockCmd  stm32f10x_rcc.o
    0x08008dbc   0x00000018   Code   RO         2292    i.RCC_APB1PeriphClockCmd  stm32f10x_rcc.o
    0x08008dd4   0x00000018   Code   RO         2294    i.RCC_APB2PeriphClockCmd  stm32f10x_rcc.o
    0x08008dec   0x0000003c   Code   RO         2301    i.RCC_DeInit        stm32f10x_rcc.o
    0x08008e28   0x000000a8   Code   RO         2302    i.RCC_GetClocksFreq  stm32f10x_rcc.o
    0x08008ed0   0x00000030   Code   RO         2303    i.RCC_GetFlagStatus  stm32f10x_rcc.o
    0x08008f00   0x00000010   Code   RO         2305    i.RCC_GetSYSCLKSource  stm32f10x_rcc.o
    0x08008f10   0x00000014   Code   RO         2306    i.RCC_HCLKConfig    stm32f10x_rcc.o
    0x08008f24   0x00000038   Code   RO         2307    i.RCC_HSEConfig     stm32f10x_rcc.o
    0x08008f5c   0x00000002   Code   RO          305    i.RCC_IRQHandler    stm32f10x_it.o
    0x08008f5e   0x00000002   PAD
    0x08008f60   0x00000014   Code   RO         2313    i.RCC_PCLK1Config   stm32f10x_rcc.o
    0x08008f74   0x00000014   Code   RO         2314    i.RCC_PCLK2Config   stm32f10x_rcc.o
    0x08008f88   0x0000000c   Code   RO         2315    i.RCC_PLLCmd        stm32f10x_rcc.o
    0x08008f94   0x00000014   Code   RO         2316    i.RCC_PLLConfig     stm32f10x_rcc.o
    0x08008fa8   0x00000014   Code   RO         2319    i.RCC_SYSCLKConfig  stm32f10x_rcc.o
    0x08008fbc   0x00000026   Code   RO         2321    i.RCC_WaitForHSEStartUp  stm32f10x_rcc.o
    0x08008fe2   0x00000002   Code   RO          306    i.RTCAlarm_IRQHandler  stm32f10x_it.o
    0x08008fe4   0x00000002   Code   RO          307    i.RTC_IRQHandler    stm32f10x_it.o
    0x08008fe6   0x00000002   PAD
    0x08008fe8   0x000000e0   Code   RO         6610    i.SDEnWideBus       sdcard.o
    0x080090c8   0x0000000c   Code   RO         2581    i.SDIO_ClearFlag    stm32f10x_sdio.o
    0x080090d4   0x0000000c   Code   RO         2583    i.SDIO_ClockCmd     stm32f10x_sdio.o
    0x080090e0   0x0000002c   Code   RO         2587    i.SDIO_DataConfig   stm32f10x_sdio.o
    0x0800910c   0x00000024   Code   RO         2589    i.SDIO_DeInit       stm32f10x_sdio.o
    0x08009130   0x0000000c   Code   RO         2590    i.SDIO_GetCommandResponse  stm32f10x_sdio.o
    0x0800913c   0x00000014   Code   RO         2593    i.SDIO_GetFlagStatus  stm32f10x_sdio.o
    0x08009150   0x00000010   Code   RO         2595    i.SDIO_GetPowerState  stm32f10x_sdio.o
    0x08009160   0x0000000c   Code   RO         2596    i.SDIO_GetResponse  stm32f10x_sdio.o
    0x0800916c   0x0000002c   Code   RO         2598    i.SDIO_Init         stm32f10x_sdio.o
    0x08009198   0x0000000c   Code   RO         2599    i.SDIO_ReadData     stm32f10x_sdio.o
    0x080091a4   0x00000028   Code   RO         2601    i.SDIO_SendCommand  stm32f10x_sdio.o
    0x080091cc   0x00000018   Code   RO         2603    i.SDIO_SetPowerState  stm32f10x_sdio.o
    0x080091e4   0x0000008c   Code   RO         6611    i.SD_EnableWideBusOperation  sdcard.o
    0x08009270   0x00000274   Code   RO         6613    i.SD_GetCardInfo    sdcard.o
    0x080094e4   0x00000050   Code   RO         6615    i.SD_Init           sdcard.o
    0x08009534   0x0000011c   Code   RO         6616    i.SD_InitializeCards  sdcard.o
    0x08009650   0x00000174   Code   RO         6618    i.SD_PowerON        sdcard.o
    0x080097c4   0x0000002c   Code   RO         6622    i.SD_SelectDeselect  sdcard.o
    0x080097f0   0x00000002   Code   RO          309    i.SPI1_IRQHandler   stm32f10x_it.o
    0x080097f2   0x00000002   Code   RO          310    i.SPI2_IRQHandler   stm32f10x_it.o
    0x080097f4   0x00000016   Code   RO         2771    i.SPI_Cmd           stm32f10x_spi.o
    0x0800980a   0x0000000e   Code   RO         2779    i.SPI_I2S_GetFlagStatus  stm32f10x_spi.o
    0x08009818   0x00000004   Code   RO         2782    i.SPI_I2S_ReceiveData  stm32f10x_spi.o
    0x0800981c   0x00000004   Code   RO         2783    i.SPI_I2S_SendData  stm32f10x_spi.o
    0x08009820   0x00000038   Code   RO         2784    i.SPI_Init          stm32f10x_spi.o
    0x08009858   0x00000004   Code   RO         4434    i.SPI_ReadByte      spi_flash.o
    0x0800985c   0x00000034   Code   RO         4435    i.SPI_SendByte      spi_flash.o
    0x08009890   0x00000054   Code   RO         5578    i.SetPLL            fm.o
    0x080098e4   0x00000024   Code   RO          313    i.SysTickHandler    stm32f10x_it.o
    0x08009908   0x00000002   Code   RO          314    i.TAMPER_IRQHandler  stm32f10x_it.o
    0x0800990a   0x00000002   Code   RO          315    i.TIM1_BRK_IRQHandler  stm32f10x_it.o
    0x0800990c   0x00000002   Code   RO          316    i.TIM1_CC_IRQHandler  stm32f10x_it.o
    0x0800990e   0x00000002   Code   RO          317    i.TIM1_TRG_COM_IRQHandler  stm32f10x_it.o
    0x08009910   0x00000002   Code   RO          318    i.TIM1_UP_IRQHandler  stm32f10x_it.o
    0x08009912   0x00000002   Code   RO          319    i.TIM2_IRQHandler   stm32f10x_it.o
    0x08009914   0x00000002   Code   RO          320    i.TIM3_IRQHandler   stm32f10x_it.o
    0x08009916   0x00000002   Code   RO          321    i.TIM4_IRQHandler   stm32f10x_it.o
    0x08009918   0x000000b0   Code   RO           23    i.USART1_IRQHandler  app.o
    0x080099c8   0x00000068   Code   RO         4483    i.USART1_InitConfig  com.o
    0x08009a30   0x00000088   Code   RO           24    i.USART2_IRQHandler  app.o
    0x08009ab8   0x00000068   Code   RO         4484    i.USART2_InitConfig  com.o
    0x08009b20   0x00000064   Code   RO           25    i.USART3_IRQHandler  app.o
    0x08009b84   0x00000068   Code   RO         4485    i.USART3_InitConfig  com.o
    0x08009bec   0x0000000c   Code   RO         3459    i.USART_ClearITPendingBit  stm32f10x_usart.o
    0x08009bf8   0x00000016   Code   RO         3462    i.USART_Cmd         stm32f10x_usart.o
    0x08009c0e   0x0000003c   Code   RO         3466    i.USART_GetITStatus  stm32f10x_usart.o
    0x08009c4a   0x00000032   Code   RO         3468    i.USART_ITConfig    stm32f10x_usart.o
    0x08009c7c   0x0000008c   Code   RO         3469    i.USART_Init        stm32f10x_usart.o
    0x08009d08   0x00000008   Code   RO         3474    i.USART_ReceiveData  stm32f10x_usart.o
    0x08009d10   0x00000008   Code   RO         3477    i.USART_SendData    stm32f10x_usart.o
    0x08009d18   0x00000002   Code   RO          331    i.USBWakeUp_IRQHandler  stm32f10x_it.o
    0x08009d1a   0x00000002   Code   RO          332    i.USB_HP_CAN_TX_IRQHandler  stm32f10x_it.o
    0x08009d1c   0x00000002   Code   RO          333    i.USB_LP_CAN_RX0_IRQHandler  stm32f10x_it.o
    0x08009d1e   0x00000002   Code   RO          335    i.WWDG_IRQHandler   stm32f10x_it.o
    0x08009d20   0x00000010   Code   RO         9275    i.__mathlib_dbl_underflow  m_ws.l(dunder.o)
    0x08009d30   0x00000010   Code   RO         9165    i.__mathlib_narrow  m_ws.l(narrow.o)
    0x08009d40   0x00000088   Code   RO         9166    i.__mathlib_tofloat  m_ws.l(narrow.o)
    0x08009dc8   0x00000016   Code   RO         9246    i.__support_ldexp   m_ws.l(ldexp.o)
    0x08009dde   0x0000000e   Code   RO         8678    i._is_digit         c_w.l(__printf_wp.o)
    0x08009dec   0x0000002a   Code   RO         8759    i.atof              m_ws.l(atof.o)
    0x08009e16   0x00000002   PAD
    0x08009e18   0x00000474   Code   RO         6142    i.dashboard         dashboard.o
    0x0800a28c   0x00000020   Code   RO         6372    i.f_mount           ff.o
    0x0800a2ac   0x000000dc   Code   RO         8763    i.floor             m_ws.l(floor.o)
    0x0800a388   0x00000058   Code   RO         9221    i.frexp             m_ws.l(frexp.o)
    0x0800a3e0   0x00000014   Code   RO         5352    i.ili9320_GetPoint  ili9320.o
    0x0800a3f4   0x0000000e   Code   RO         5353    i.ili9320_Initializtion  ili9320.o
    0x0800a402   0x0000000a   Code   RO         5355    i.ili9320_ReadData  ili9320.o
    0x0800a40c   0x0000001a   Code   RO         5358    i.ili9320_SetCursor  ili9320.o
    0x0800a426   0x00000028   Code   RO         5359    i.ili9320_SetPoint  ili9320.o
    0x0800a44e   0x0000007e   Code   RO         9247    i.ldexp             m_ws.l(ldexp.o)
    0x0800a4cc   0x0000006c   Code   RO           26    i.main              app.o
    0x0800a538   0x000000e0   Code   RO          685    i.tp_Config         bsp.o
    0x0800a618   0x0000002c   Code   RO         8898    locale$$code        c_w.l(lc_numeric_c.o)
    0x0800a644   0x0000002c   Code   RO         9142    locale$$code        c_w.l(lc_ctype_c.o)
    0x0800a670   0x00000062   Code   RO         8714    x$fpl$d2f           fz_ws.l(d2f.o)
    0x0800a6d2   0x00000002   PAD
    0x0800a6d4   0x00000150   Code   RO         8832    x$fpl$dadd          fz_ws.l(daddsub_clz.o)
    0x0800a824   0x00000010   Code   RO         9273    x$fpl$dcheck1       fz_ws.l(dcheck1.o)
    0x0800a834   0x00000018   Code   RO         9095    x$fpl$dcmpinf       fz_ws.l(dcmpi.o)
    0x0800a84c   0x00000078   Code   RO         9218    x$fpl$deqf          fz_ws.l(deqf.o)
    0x0800a8c4   0x00000078   Code   RO         8900    x$fpl$dleqf         fz_ws.l(dleqf.o)
    0x0800a93c   0x00000154   Code   RO         8726    x$fpl$dmul          fz_ws.l(dmul.o)
    0x0800aa90   0x0000009c   Code   RO         8838    x$fpl$dnaninf       fz_ws.l(dnaninf.o)
    0x0800ab2c   0x0000000c   Code   RO         8840    x$fpl$dretinf       fz_ws.l(dretinf.o)
    0x0800ab38   0x0000006c   Code   RO         8842    x$fpl$drleqf        fz_ws.l(drleqf.o)
    0x0800aba4   0x00000016   Code   RO         8833    x$fpl$drsb          fz_ws.l(daddsub_clz.o)
    0x0800abba   0x00000002   PAD
    0x0800abbc   0x000001d4   Code   RO         8834    x$fpl$dsub          fz_ws.l(daddsub_clz.o)
    0x0800ad90   0x00000056   Code   RO         8728    x$fpl$f2d           fz_ws.l(f2d.o)
    0x0800ade6   0x00000002   PAD
    0x0800ade8   0x000000c4   Code   RO         8730    x$fpl$fadd          fz_ws.l(faddsub_clz.o)
    0x0800aeac   0x00000184   Code   RO         8737    x$fpl$fdiv          fz_ws.l(fdiv.o)
    0x0800b030   0x00000036   Code   RO         8740    x$fpl$ffix          fz_ws.l(ffix.o)
    0x0800b066   0x00000002   PAD
    0x0800b068   0x0000003e   Code   RO         8744    x$fpl$ffixu         fz_ws.l(ffixu.o)
    0x0800b0a6   0x00000002   PAD
    0x0800b0a8   0x00000026   Code   RO         8748    x$fpl$ffltu         fz_ws.l(fflt_clz.o)
    0x0800b0ce   0x00000002   PAD
    0x0800b0d0   0x00000102   Code   RO         8754    x$fpl$fmul          fz_ws.l(fmul.o)
    0x0800b1d2   0x0000008c   Code   RO         8846    x$fpl$fnaninf       fz_ws.l(fnaninf.o)
    0x0800b25e   0x0000000e   Code   RO         9157    x$fpl$fpinit        fz_ws.l(fpinit.o)
    0x0800b26c   0x0000000a   Code   RO         8848    x$fpl$fretinf       fz_ws.l(fretinf.o)
    0x0800b276   0x00000002   PAD
    0x0800b278   0x000000ea   Code   RO         8732    x$fpl$fsub          fz_ws.l(faddsub_clz.o)
    0x0800b362   0x00000064   Code   RO         8902    x$fpl$retnan        fz_ws.l(retnan.o)
    0x0800b3c6   0x0000005c   Code   RO         9243    x$fpl$scalbn        fz_ws.l(scalbn.o)
    0x0800b422   0x00000004   Code   RO         8904    x$fpl$scanf1        fz_ws.l(scanf1.o)
    0x0800b426   0x00000008   Code   RO         9159    x$fpl$scanf2        fz_ws.l(scanf2.o)
    0x0800b42e   0x00000030   Code   RO         9099    x$fpl$trapveneer    fz_ws.l(trapv.o)
    0x0800b45e   0x00000000   Code   RO         8852    x$fpl$usenofp       fz_ws.l(usenofp.o)
    0x0800b45e   0x00000100   Data   RO         3873    .constdata          os_core.o
    0x0800b55e   0x00000002   PAD
    0x0800b560   0x00000266   Data   RO         6144    .constdata          dashboard.o
    0x0800b7c6   0x00000044   Data   RO         6896    .constdata          uCGUI_DEMO.lib(gui2dlib.o)
    0x0800b80a   0x00000002   PAD
    0x0800b80c   0x00000008   Data   RO         7034    .constdata          uCGUI_DEMO.lib(guicore.o)
    0x0800b814   0x00000018   Data   RO         7146    .constdata          uCGUI_DEMO.lib(f24b_ascii.o)
    0x0800b82c   0x00000018   Data   RO         7147    .constdata          uCGUI_DEMO.lib(f24b_ascii.o)
    0x0800b844   0x00000030   Data   RO         7148    .constdata          uCGUI_DEMO.lib(f24b_ascii.o)
    0x0800b874   0x00000030   Data   RO         7149    .constdata          uCGUI_DEMO.lib(f24b_ascii.o)
    0x0800b8a4   0x00000030   Data   RO         7150    .constdata          uCGUI_DEMO.lib(f24b_ascii.o)
    0x0800b8d4   0x00000048   Data   RO         7151    .constdata          uCGUI_DEMO.lib(f24b_ascii.o)
    0x0800b91c   0x00000030   Data   RO         7152    .constdata          uCGUI_DEMO.lib(f24b_ascii.o)
    0x0800b94c   0x00000018   Data   RO         7153    .constdata          uCGUI_DEMO.lib(f24b_ascii.o)
    0x0800b964   0x00000018   Data   RO         7154    .constdata          uCGUI_DEMO.lib(f24b_ascii.o)
    0x0800b97c   0x00000018   Data   RO         7155    .constdata          uCGUI_DEMO.lib(f24b_ascii.o)
    0x0800b994   0x00000018   Data   RO         7156    .constdata          uCGUI_DEMO.lib(f24b_ascii.o)
    0x0800b9ac   0x00000030   Data   RO         7157    .constdata          uCGUI_DEMO.lib(f24b_ascii.o)
    0x0800b9dc   0x00000018   Data   RO         7158    .constdata          uCGUI_DEMO.lib(f24b_ascii.o)
    0x0800b9f4   0x00000018   Data   RO         7159    .constdata          uCGUI_DEMO.lib(f24b_ascii.o)
    0x0800ba0c   0x00000018   Data   RO         7160    .constdata          uCGUI_DEMO.lib(f24b_ascii.o)
    0x0800ba24   0x00000018   Data   RO         7161    .constdata          uCGUI_DEMO.lib(f24b_ascii.o)
    0x0800ba3c   0x00000030   Data   RO         7162    .constdata          uCGUI_DEMO.lib(f24b_ascii.o)
    0x0800ba6c   0x00000030   Data   RO         7163    .constdata          uCGUI_DEMO.lib(f24b_ascii.o)
    0x0800ba9c   0x00000030   Data   RO         7164    .constdata          uCGUI_DEMO.lib(f24b_ascii.o)
    0x0800bacc   0x00000030   Data   RO         7165    .constdata          uCGUI_DEMO.lib(f24b_ascii.o)
    0x0800bafc   0x00000030   Data   RO         7166    .constdata          uCGUI_DEMO.lib(f24b_ascii.o)
    0x0800bb2c   0x00000030   Data   RO         7167    .constdata          uCGUI_DEMO.lib(f24b_ascii.o)
    0x0800bb5c   0x00000030   Data   RO         7168    .constdata          uCGUI_DEMO.lib(f24b_ascii.o)
    0x0800bb8c   0x00000030   Data   RO         7169    .constdata          uCGUI_DEMO.lib(f24b_ascii.o)
    0x0800bbbc   0x00000030   Data   RO         7170    .constdata          uCGUI_DEMO.lib(f24b_ascii.o)
    0x0800bbec   0x00000030   Data   RO         7171    .constdata          uCGUI_DEMO.lib(f24b_ascii.o)
    0x0800bc1c   0x00000018   Data   RO         7172    .constdata          uCGUI_DEMO.lib(f24b_ascii.o)
    0x0800bc34   0x00000018   Data   RO         7173    .constdata          uCGUI_DEMO.lib(f24b_ascii.o)
    0x0800bc4c   0x00000030   Data   RO         7174    .constdata          uCGUI_DEMO.lib(f24b_ascii.o)
    0x0800bc7c   0x00000030   Data   RO         7175    .constdata          uCGUI_DEMO.lib(f24b_ascii.o)
    0x0800bcac   0x00000030   Data   RO         7176    .constdata          uCGUI_DEMO.lib(f24b_ascii.o)
    0x0800bcdc   0x00000030   Data   RO         7177    .constdata          uCGUI_DEMO.lib(f24b_ascii.o)
    0x0800bd0c   0x00000048   Data   RO         7178    .constdata          uCGUI_DEMO.lib(f24b_ascii.o)
    0x0800bd54   0x00000030   Data   RO         7179    .constdata          uCGUI_DEMO.lib(f24b_ascii.o)
    0x0800bd84   0x00000030   Data   RO         7180    .constdata          uCGUI_DEMO.lib(f24b_ascii.o)
    0x0800bdb4   0x00000030   Data   RO         7181    .constdata          uCGUI_DEMO.lib(f24b_ascii.o)
    0x0800bde4   0x00000030   Data   RO         7182    .constdata          uCGUI_DEMO.lib(f24b_ascii.o)
    0x0800be14   0x00000030   Data   RO         7183    .constdata          uCGUI_DEMO.lib(f24b_ascii.o)
    0x0800be44   0x00000030   Data   RO         7184    .constdata          uCGUI_DEMO.lib(f24b_ascii.o)
    0x0800be74   0x00000030   Data   RO         7185    .constdata          uCGUI_DEMO.lib(f24b_ascii.o)
    0x0800bea4   0x00000030   Data   RO         7186    .constdata          uCGUI_DEMO.lib(f24b_ascii.o)
    0x0800bed4   0x00000018   Data   RO         7187    .constdata          uCGUI_DEMO.lib(f24b_ascii.o)
    0x0800beec   0x00000030   Data   RO         7188    .constdata          uCGUI_DEMO.lib(f24b_ascii.o)
    0x0800bf1c   0x00000030   Data   RO         7189    .constdata          uCGUI_DEMO.lib(f24b_ascii.o)
    0x0800bf4c   0x00000030   Data   RO         7190    .constdata          uCGUI_DEMO.lib(f24b_ascii.o)
    0x0800bf7c   0x00000048   Data   RO         7191    .constdata          uCGUI_DEMO.lib(f24b_ascii.o)
    0x0800bfc4   0x00000030   Data   RO         7192    .constdata          uCGUI_DEMO.lib(f24b_ascii.o)
    0x0800bff4   0x00000030   Data   RO         7193    .constdata          uCGUI_DEMO.lib(f24b_ascii.o)
    0x0800c024   0x00000030   Data   RO         7194    .constdata          uCGUI_DEMO.lib(f24b_ascii.o)
    0x0800c054   0x00000030   Data   RO         7195    .constdata          uCGUI_DEMO.lib(f24b_ascii.o)
    0x0800c084   0x00000030   Data   RO         7196    .constdata          uCGUI_DEMO.lib(f24b_ascii.o)
    0x0800c0b4   0x00000030   Data   RO         7197    .constdata          uCGUI_DEMO.lib(f24b_ascii.o)
    0x0800c0e4   0x00000030   Data   RO         7198    .constdata          uCGUI_DEMO.lib(f24b_ascii.o)
    0x0800c114   0x00000030   Data   RO         7199    .constdata          uCGUI_DEMO.lib(f24b_ascii.o)
    0x0800c144   0x00000030   Data   RO         7200    .constdata          uCGUI_DEMO.lib(f24b_ascii.o)
    0x0800c174   0x00000048   Data   RO         7201    .constdata          uCGUI_DEMO.lib(f24b_ascii.o)
    0x0800c1bc   0x00000030   Data   RO         7202    .constdata          uCGUI_DEMO.lib(f24b_ascii.o)
    0x0800c1ec   0x00000030   Data   RO         7203    .constdata          uCGUI_DEMO.lib(f24b_ascii.o)
    0x0800c21c   0x00000030   Data   RO         7204    .constdata          uCGUI_DEMO.lib(f24b_ascii.o)
    0x0800c24c   0x00000018   Data   RO         7205    .constdata          uCGUI_DEMO.lib(f24b_ascii.o)
    0x0800c264   0x00000018   Data   RO         7206    .constdata          uCGUI_DEMO.lib(f24b_ascii.o)
    0x0800c27c   0x00000018   Data   RO         7207    .constdata          uCGUI_DEMO.lib(f24b_ascii.o)
    0x0800c294   0x00000030   Data   RO         7208    .constdata          uCGUI_DEMO.lib(f24b_ascii.o)
    0x0800c2c4   0x00000030   Data   RO         7209    .constdata          uCGUI_DEMO.lib(f24b_ascii.o)
    0x0800c2f4   0x00000018   Data   RO         7210    .constdata          uCGUI_DEMO.lib(f24b_ascii.o)
    0x0800c30c   0x00000030   Data   RO         7211    .constdata          uCGUI_DEMO.lib(f24b_ascii.o)
    0x0800c33c   0x00000030   Data   RO         7212    .constdata          uCGUI_DEMO.lib(f24b_ascii.o)
    0x0800c36c   0x00000030   Data   RO         7213    .constdata          uCGUI_DEMO.lib(f24b_ascii.o)
    0x0800c39c   0x00000030   Data   RO         7214    .constdata          uCGUI_DEMO.lib(f24b_ascii.o)
    0x0800c3cc   0x00000030   Data   RO         7215    .constdata          uCGUI_DEMO.lib(f24b_ascii.o)
    0x0800c3fc   0x00000018   Data   RO         7216    .constdata          uCGUI_DEMO.lib(f24b_ascii.o)
    0x0800c414   0x00000030   Data   RO         7217    .constdata          uCGUI_DEMO.lib(f24b_ascii.o)
    0x0800c444   0x00000030   Data   RO         7218    .constdata          uCGUI_DEMO.lib(f24b_ascii.o)
    0x0800c474   0x00000018   Data   RO         7219    .constdata          uCGUI_DEMO.lib(f24b_ascii.o)
    0x0800c48c   0x00000018   Data   RO         7220    .constdata          uCGUI_DEMO.lib(f24b_ascii.o)
    0x0800c4a4   0x00000030   Data   RO         7221    .constdata          uCGUI_DEMO.lib(f24b_ascii.o)
    0x0800c4d4   0x00000018   Data   RO         7222    .constdata          uCGUI_DEMO.lib(f24b_ascii.o)
    0x0800c4ec   0x00000048   Data   RO         7223    .constdata          uCGUI_DEMO.lib(f24b_ascii.o)
    0x0800c534   0x00000030   Data   RO         7224    .constdata          uCGUI_DEMO.lib(f24b_ascii.o)
    0x0800c564   0x00000030   Data   RO         7225    .constdata          uCGUI_DEMO.lib(f24b_ascii.o)
    0x0800c594   0x00000030   Data   RO         7226    .constdata          uCGUI_DEMO.lib(f24b_ascii.o)
    0x0800c5c4   0x00000030   Data   RO         7227    .constdata          uCGUI_DEMO.lib(f24b_ascii.o)
    0x0800c5f4   0x00000018   Data   RO         7228    .constdata          uCGUI_DEMO.lib(f24b_ascii.o)
    0x0800c60c   0x00000030   Data   RO         7229    .constdata          uCGUI_DEMO.lib(f24b_ascii.o)
    0x0800c63c   0x00000018   Data   RO         7230    .constdata          uCGUI_DEMO.lib(f24b_ascii.o)
    0x0800c654   0x00000030   Data   RO         7231    .constdata          uCGUI_DEMO.lib(f24b_ascii.o)
    0x0800c684   0x00000030   Data   RO         7232    .constdata          uCGUI_DEMO.lib(f24b_ascii.o)
    0x0800c6b4   0x00000030   Data   RO         7233    .constdata          uCGUI_DEMO.lib(f24b_ascii.o)
    0x0800c6e4   0x00000030   Data   RO         7234    .constdata          uCGUI_DEMO.lib(f24b_ascii.o)
    0x0800c714   0x00000030   Data   RO         7235    .constdata          uCGUI_DEMO.lib(f24b_ascii.o)
    0x0800c744   0x00000030   Data   RO         7236    .constdata          uCGUI_DEMO.lib(f24b_ascii.o)
    0x0800c774   0x00000018   Data   RO         7237    .constdata          uCGUI_DEMO.lib(f24b_ascii.o)
    0x0800c78c   0x00000018   Data   RO         7238    .constdata          uCGUI_DEMO.lib(f24b_ascii.o)
    0x0800c7a4   0x00000018   Data   RO         7239    .constdata          uCGUI_DEMO.lib(f24b_ascii.o)
    0x0800c7bc   0x00000030   Data   RO         7240    .constdata          uCGUI_DEMO.lib(f24b_ascii.o)
    0x0800c7ec   0x000002f8   Data   RO         7241    .constdata          uCGUI_DEMO.lib(f24b_ascii.o)
    0x0800cae4   0x0000000c   Data   RO         7242    .constdata          uCGUI_DEMO.lib(f24b_ascii.o)
    0x0800caf0   0x00000020   Data   RO         7243    .constdata          uCGUI_DEMO.lib(f24b_ascii.o)
    0x0800cb10   0x00000020   Data   RO         7274    .constdata          uCGUI_DEMO.lib(f32_ascii.o)
    0x0800cb30   0x00000020   Data   RO         7275    .constdata          uCGUI_DEMO.lib(f32_ascii.o)
    0x0800cb50   0x00000040   Data   RO         7276    .constdata          uCGUI_DEMO.lib(f32_ascii.o)
    0x0800cb90   0x00000040   Data   RO         7277    .constdata          uCGUI_DEMO.lib(f32_ascii.o)
    0x0800cbd0   0x00000040   Data   RO         7278    .constdata          uCGUI_DEMO.lib(f32_ascii.o)
    0x0800cc10   0x00000060   Data   RO         7279    .constdata          uCGUI_DEMO.lib(f32_ascii.o)
    0x0800cc70   0x00000060   Data   RO         7280    .constdata          uCGUI_DEMO.lib(f32_ascii.o)
    0x0800ccd0   0x00000020   Data   RO         7281    .constdata          uCGUI_DEMO.lib(f32_ascii.o)
    0x0800ccf0   0x00000040   Data   RO         7282    .constdata          uCGUI_DEMO.lib(f32_ascii.o)
    0x0800cd30   0x00000040   Data   RO         7283    .constdata          uCGUI_DEMO.lib(f32_ascii.o)
    0x0800cd70   0x00000040   Data   RO         7284    .constdata          uCGUI_DEMO.lib(f32_ascii.o)
    0x0800cdb0   0x00000040   Data   RO         7285    .constdata          uCGUI_DEMO.lib(f32_ascii.o)
    0x0800cdf0   0x00000020   Data   RO         7286    .constdata          uCGUI_DEMO.lib(f32_ascii.o)
    0x0800ce10   0x00000040   Data   RO         7287    .constdata          uCGUI_DEMO.lib(f32_ascii.o)
    0x0800ce50   0x00000020   Data   RO         7288    .constdata          uCGUI_DEMO.lib(f32_ascii.o)
    0x0800ce70   0x00000020   Data   RO         7289    .constdata          uCGUI_DEMO.lib(f32_ascii.o)
    0x0800ce90   0x00000040   Data   RO         7290    .constdata          uCGUI_DEMO.lib(f32_ascii.o)
    0x0800ced0   0x00000040   Data   RO         7291    .constdata          uCGUI_DEMO.lib(f32_ascii.o)
    0x0800cf10   0x00000040   Data   RO         7292    .constdata          uCGUI_DEMO.lib(f32_ascii.o)
    0x0800cf50   0x00000040   Data   RO         7293    .constdata          uCGUI_DEMO.lib(f32_ascii.o)
    0x0800cf90   0x00000040   Data   RO         7294    .constdata          uCGUI_DEMO.lib(f32_ascii.o)
    0x0800cfd0   0x00000040   Data   RO         7295    .constdata          uCGUI_DEMO.lib(f32_ascii.o)
    0x0800d010   0x00000040   Data   RO         7296    .constdata          uCGUI_DEMO.lib(f32_ascii.o)
    0x0800d050   0x00000040   Data   RO         7297    .constdata          uCGUI_DEMO.lib(f32_ascii.o)
    0x0800d090   0x00000040   Data   RO         7298    .constdata          uCGUI_DEMO.lib(f32_ascii.o)
    0x0800d0d0   0x00000040   Data   RO         7299    .constdata          uCGUI_DEMO.lib(f32_ascii.o)
    0x0800d110   0x00000020   Data   RO         7300    .constdata          uCGUI_DEMO.lib(f32_ascii.o)
    0x0800d130   0x00000020   Data   RO         7301    .constdata          uCGUI_DEMO.lib(f32_ascii.o)
    0x0800d150   0x00000040   Data   RO         7302    .constdata          uCGUI_DEMO.lib(f32_ascii.o)
    0x0800d190   0x00000040   Data   RO         7303    .constdata          uCGUI_DEMO.lib(f32_ascii.o)
    0x0800d1d0   0x00000040   Data   RO         7304    .constdata          uCGUI_DEMO.lib(f32_ascii.o)
    0x0800d210   0x00000040   Data   RO         7305    .constdata          uCGUI_DEMO.lib(f32_ascii.o)
    0x0800d250   0x00000080   Data   RO         7306    .constdata          uCGUI_DEMO.lib(f32_ascii.o)
    0x0800d2d0   0x00000060   Data   RO         7307    .constdata          uCGUI_DEMO.lib(f32_ascii.o)
    0x0800d330   0x00000060   Data   RO         7308    .constdata          uCGUI_DEMO.lib(f32_ascii.o)
    0x0800d390   0x00000060   Data   RO         7309    .constdata          uCGUI_DEMO.lib(f32_ascii.o)
    0x0800d3f0   0x00000060   Data   RO         7310    .constdata          uCGUI_DEMO.lib(f32_ascii.o)
    0x0800d450   0x00000060   Data   RO         7311    .constdata          uCGUI_DEMO.lib(f32_ascii.o)
    0x0800d4b0   0x00000060   Data   RO         7312    .constdata          uCGUI_DEMO.lib(f32_ascii.o)
    0x0800d510   0x00000060   Data   RO         7313    .constdata          uCGUI_DEMO.lib(f32_ascii.o)
    0x0800d570   0x00000060   Data   RO         7314    .constdata          uCGUI_DEMO.lib(f32_ascii.o)
    0x0800d5d0   0x00000020   Data   RO         7315    .constdata          uCGUI_DEMO.lib(f32_ascii.o)
    0x0800d5f0   0x00000040   Data   RO         7316    .constdata          uCGUI_DEMO.lib(f32_ascii.o)
    0x0800d630   0x00000060   Data   RO         7317    .constdata          uCGUI_DEMO.lib(f32_ascii.o)
    0x0800d690   0x00000040   Data   RO         7318    .constdata          uCGUI_DEMO.lib(f32_ascii.o)
    0x0800d6d0   0x00000060   Data   RO         7319    .constdata          uCGUI_DEMO.lib(f32_ascii.o)
    0x0800d730   0x00000060   Data   RO         7320    .constdata          uCGUI_DEMO.lib(f32_ascii.o)
    0x0800d790   0x00000060   Data   RO         7321    .constdata          uCGUI_DEMO.lib(f32_ascii.o)
    0x0800d7f0   0x00000060   Data   RO         7322    .constdata          uCGUI_DEMO.lib(f32_ascii.o)
    0x0800d850   0x00000060   Data   RO         7323    .constdata          uCGUI_DEMO.lib(f32_ascii.o)
    0x0800d8b0   0x00000060   Data   RO         7324    .constdata          uCGUI_DEMO.lib(f32_ascii.o)
    0x0800d910   0x00000060   Data   RO         7325    .constdata          uCGUI_DEMO.lib(f32_ascii.o)
    0x0800d970   0x00000040   Data   RO         7326    .constdata          uCGUI_DEMO.lib(f32_ascii.o)
    0x0800d9b0   0x00000060   Data   RO         7327    .constdata          uCGUI_DEMO.lib(f32_ascii.o)
    0x0800da10   0x00000060   Data   RO         7328    .constdata          uCGUI_DEMO.lib(f32_ascii.o)
    0x0800da70   0x00000080   Data   RO         7329    .constdata          uCGUI_DEMO.lib(f32_ascii.o)
    0x0800daf0   0x00000060   Data   RO         7330    .constdata          uCGUI_DEMO.lib(f32_ascii.o)
    0x0800db50   0x00000060   Data   RO         7331    .constdata          uCGUI_DEMO.lib(f32_ascii.o)
    0x0800dbb0   0x00000060   Data   RO         7332    .constdata          uCGUI_DEMO.lib(f32_ascii.o)
    0x0800dc10   0x00000020   Data   RO         7333    .constdata          uCGUI_DEMO.lib(f32_ascii.o)
    0x0800dc30   0x00000020   Data   RO         7334    .constdata          uCGUI_DEMO.lib(f32_ascii.o)
    0x0800dc50   0x00000020   Data   RO         7335    .constdata          uCGUI_DEMO.lib(f32_ascii.o)
    0x0800dc70   0x00000040   Data   RO         7336    .constdata          uCGUI_DEMO.lib(f32_ascii.o)
    0x0800dcb0   0x00000040   Data   RO         7337    .constdata          uCGUI_DEMO.lib(f32_ascii.o)
    0x0800dcf0   0x00000040   Data   RO         7338    .constdata          uCGUI_DEMO.lib(f32_ascii.o)
    0x0800dd30   0x00000040   Data   RO         7339    .constdata          uCGUI_DEMO.lib(f32_ascii.o)
    0x0800dd70   0x00000040   Data   RO         7340    .constdata          uCGUI_DEMO.lib(f32_ascii.o)
    0x0800ddb0   0x00000040   Data   RO         7341    .constdata          uCGUI_DEMO.lib(f32_ascii.o)
    0x0800ddf0   0x00000040   Data   RO         7342    .constdata          uCGUI_DEMO.lib(f32_ascii.o)
    0x0800de30   0x00000040   Data   RO         7343    .constdata          uCGUI_DEMO.lib(f32_ascii.o)
    0x0800de70   0x00000020   Data   RO         7344    .constdata          uCGUI_DEMO.lib(f32_ascii.o)
    0x0800de90   0x00000040   Data   RO         7345    .constdata          uCGUI_DEMO.lib(f32_ascii.o)
    0x0800ded0   0x00000040   Data   RO         7346    .constdata          uCGUI_DEMO.lib(f32_ascii.o)
    0x0800df10   0x00000020   Data   RO         7347    .constdata          uCGUI_DEMO.lib(f32_ascii.o)
    0x0800df30   0x00000020   Data   RO         7348    .constdata          uCGUI_DEMO.lib(f32_ascii.o)
    0x0800df50   0x00000040   Data   RO         7349    .constdata          uCGUI_DEMO.lib(f32_ascii.o)
    0x0800df90   0x00000020   Data   RO         7350    .constdata          uCGUI_DEMO.lib(f32_ascii.o)
    0x0800dfb0   0x00000060   Data   RO         7351    .constdata          uCGUI_DEMO.lib(f32_ascii.o)
    0x0800e010   0x00000040   Data   RO         7352    .constdata          uCGUI_DEMO.lib(f32_ascii.o)
    0x0800e050   0x00000040   Data   RO         7353    .constdata          uCGUI_DEMO.lib(f32_ascii.o)
    0x0800e090   0x00000040   Data   RO         7354    .constdata          uCGUI_DEMO.lib(f32_ascii.o)
    0x0800e0d0   0x00000040   Data   RO         7355    .constdata          uCGUI_DEMO.lib(f32_ascii.o)
    0x0800e110   0x00000040   Data   RO         7356    .constdata          uCGUI_DEMO.lib(f32_ascii.o)
    0x0800e150   0x00000040   Data   RO         7357    .constdata          uCGUI_DEMO.lib(f32_ascii.o)
    0x0800e190   0x00000020   Data   RO         7358    .constdata          uCGUI_DEMO.lib(f32_ascii.o)
    0x0800e1b0   0x00000040   Data   RO         7359    .constdata          uCGUI_DEMO.lib(f32_ascii.o)
    0x0800e1f0   0x00000040   Data   RO         7360    .constdata          uCGUI_DEMO.lib(f32_ascii.o)
    0x0800e230   0x00000060   Data   RO         7361    .constdata          uCGUI_DEMO.lib(f32_ascii.o)
    0x0800e290   0x00000040   Data   RO         7362    .constdata          uCGUI_DEMO.lib(f32_ascii.o)
    0x0800e2d0   0x00000040   Data   RO         7363    .constdata          uCGUI_DEMO.lib(f32_ascii.o)
    0x0800e310   0x00000040   Data   RO         7364    .constdata          uCGUI_DEMO.lib(f32_ascii.o)
    0x0800e350   0x00000040   Data   RO         7365    .constdata          uCGUI_DEMO.lib(f32_ascii.o)
    0x0800e390   0x00000020   Data   RO         7366    .constdata          uCGUI_DEMO.lib(f32_ascii.o)
    0x0800e3b0   0x00000040   Data   RO         7367    .constdata          uCGUI_DEMO.lib(f32_ascii.o)
    0x0800e3f0   0x00000040   Data   RO         7368    .constdata          uCGUI_DEMO.lib(f32_ascii.o)
    0x0800e430   0x000002f8   Data   RO         7369    .constdata          uCGUI_DEMO.lib(f32_ascii.o)
    0x0800e728   0x0000000c   Data   RO         7370    .constdata          uCGUI_DEMO.lib(f32_ascii.o)
    0x0800e734   0x00000020   Data   RO         7371    .constdata          uCGUI_DEMO.lib(f32_ascii.o)
    0x0800e754   0x00000020   Data   RO         7388    .constdata          uCGUI_DEMO.lib(f32b_ascii.o)
    0x0800e774   0x00000020   Data   RO         7389    .constdata          uCGUI_DEMO.lib(f32b_ascii.o)
    0x0800e794   0x00000040   Data   RO         7390    .constdata          uCGUI_DEMO.lib(f32b_ascii.o)
    0x0800e7d4   0x00000040   Data   RO         7391    .constdata          uCGUI_DEMO.lib(f32b_ascii.o)
    0x0800e814   0x00000040   Data   RO         7392    .constdata          uCGUI_DEMO.lib(f32b_ascii.o)
    0x0800e854   0x00000060   Data   RO         7393    .constdata          uCGUI_DEMO.lib(f32b_ascii.o)
    0x0800e8b4   0x00000060   Data   RO         7394    .constdata          uCGUI_DEMO.lib(f32b_ascii.o)
    0x0800e914   0x00000020   Data   RO         7395    .constdata          uCGUI_DEMO.lib(f32b_ascii.o)
    0x0800e934   0x00000040   Data   RO         7396    .constdata          uCGUI_DEMO.lib(f32b_ascii.o)
    0x0800e974   0x00000040   Data   RO         7397    .constdata          uCGUI_DEMO.lib(f32b_ascii.o)
    0x0800e9b4   0x00000040   Data   RO         7398    .constdata          uCGUI_DEMO.lib(f32b_ascii.o)
    0x0800e9f4   0x00000040   Data   RO         7399    .constdata          uCGUI_DEMO.lib(f32b_ascii.o)
    0x0800ea34   0x00000020   Data   RO         7400    .constdata          uCGUI_DEMO.lib(f32b_ascii.o)
    0x0800ea54   0x00000040   Data   RO         7401    .constdata          uCGUI_DEMO.lib(f32b_ascii.o)
    0x0800ea94   0x00000020   Data   RO         7402    .constdata          uCGUI_DEMO.lib(f32b_ascii.o)
    0x0800eab4   0x00000020   Data   RO         7403    .constdata          uCGUI_DEMO.lib(f32b_ascii.o)
    0x0800ead4   0x00000040   Data   RO         7404    .constdata          uCGUI_DEMO.lib(f32b_ascii.o)
    0x0800eb14   0x00000040   Data   RO         7405    .constdata          uCGUI_DEMO.lib(f32b_ascii.o)
    0x0800eb54   0x00000040   Data   RO         7406    .constdata          uCGUI_DEMO.lib(f32b_ascii.o)
    0x0800eb94   0x00000040   Data   RO         7407    .constdata          uCGUI_DEMO.lib(f32b_ascii.o)
    0x0800ebd4   0x00000040   Data   RO         7408    .constdata          uCGUI_DEMO.lib(f32b_ascii.o)
    0x0800ec14   0x00000040   Data   RO         7409    .constdata          uCGUI_DEMO.lib(f32b_ascii.o)
    0x0800ec54   0x00000040   Data   RO         7410    .constdata          uCGUI_DEMO.lib(f32b_ascii.o)
    0x0800ec94   0x00000040   Data   RO         7411    .constdata          uCGUI_DEMO.lib(f32b_ascii.o)
    0x0800ecd4   0x00000040   Data   RO         7412    .constdata          uCGUI_DEMO.lib(f32b_ascii.o)
    0x0800ed14   0x00000040   Data   RO         7413    .constdata          uCGUI_DEMO.lib(f32b_ascii.o)
    0x0800ed54   0x00000040   Data   RO         7414    .constdata          uCGUI_DEMO.lib(f32b_ascii.o)
    0x0800ed94   0x00000040   Data   RO         7415    .constdata          uCGUI_DEMO.lib(f32b_ascii.o)
    0x0800edd4   0x00000040   Data   RO         7416    .constdata          uCGUI_DEMO.lib(f32b_ascii.o)
    0x0800ee14   0x00000040   Data   RO         7417    .constdata          uCGUI_DEMO.lib(f32b_ascii.o)
    0x0800ee54   0x00000040   Data   RO         7418    .constdata          uCGUI_DEMO.lib(f32b_ascii.o)
    0x0800ee94   0x00000060   Data   RO         7419    .constdata          uCGUI_DEMO.lib(f32b_ascii.o)
    0x0800eef4   0x00000080   Data   RO         7420    .constdata          uCGUI_DEMO.lib(f32b_ascii.o)
    0x0800ef74   0x00000060   Data   RO         7421    .constdata          uCGUI_DEMO.lib(f32b_ascii.o)
    0x0800efd4   0x00000060   Data   RO         7422    .constdata          uCGUI_DEMO.lib(f32b_ascii.o)
    0x0800f034   0x00000060   Data   RO         7423    .constdata          uCGUI_DEMO.lib(f32b_ascii.o)
    0x0800f094   0x00000060   Data   RO         7424    .constdata          uCGUI_DEMO.lib(f32b_ascii.o)
    0x0800f0f4   0x00000060   Data   RO         7425    .constdata          uCGUI_DEMO.lib(f32b_ascii.o)
    0x0800f154   0x00000060   Data   RO         7426    .constdata          uCGUI_DEMO.lib(f32b_ascii.o)
    0x0800f1b4   0x00000060   Data   RO         7427    .constdata          uCGUI_DEMO.lib(f32b_ascii.o)
    0x0800f214   0x00000060   Data   RO         7428    .constdata          uCGUI_DEMO.lib(f32b_ascii.o)
    0x0800f274   0x00000020   Data   RO         7429    .constdata          uCGUI_DEMO.lib(f32b_ascii.o)
    0x0800f294   0x00000040   Data   RO         7430    .constdata          uCGUI_DEMO.lib(f32b_ascii.o)
    0x0800f2d4   0x00000060   Data   RO         7431    .constdata          uCGUI_DEMO.lib(f32b_ascii.o)
    0x0800f334   0x00000060   Data   RO         7432    .constdata          uCGUI_DEMO.lib(f32b_ascii.o)
    0x0800f394   0x00000060   Data   RO         7433    .constdata          uCGUI_DEMO.lib(f32b_ascii.o)
    0x0800f3f4   0x00000060   Data   RO         7434    .constdata          uCGUI_DEMO.lib(f32b_ascii.o)
    0x0800f454   0x00000060   Data   RO         7435    .constdata          uCGUI_DEMO.lib(f32b_ascii.o)
    0x0800f4b4   0x00000060   Data   RO         7436    .constdata          uCGUI_DEMO.lib(f32b_ascii.o)
    0x0800f514   0x00000060   Data   RO         7437    .constdata          uCGUI_DEMO.lib(f32b_ascii.o)
    0x0800f574   0x00000060   Data   RO         7438    .constdata          uCGUI_DEMO.lib(f32b_ascii.o)
    0x0800f5d4   0x00000060   Data   RO         7439    .constdata          uCGUI_DEMO.lib(f32b_ascii.o)
    0x0800f634   0x00000060   Data   RO         7440    .constdata          uCGUI_DEMO.lib(f32b_ascii.o)
    0x0800f694   0x00000060   Data   RO         7441    .constdata          uCGUI_DEMO.lib(f32b_ascii.o)
    0x0800f6f4   0x00000060   Data   RO         7442    .constdata          uCGUI_DEMO.lib(f32b_ascii.o)
    0x0800f754   0x00000080   Data   RO         7443    .constdata          uCGUI_DEMO.lib(f32b_ascii.o)
    0x0800f7d4   0x00000060   Data   RO         7444    .constdata          uCGUI_DEMO.lib(f32b_ascii.o)
    0x0800f834   0x00000060   Data   RO         7445    .constdata          uCGUI_DEMO.lib(f32b_ascii.o)
    0x0800f894   0x00000060   Data   RO         7446    .constdata          uCGUI_DEMO.lib(f32b_ascii.o)
    0x0800f8f4   0x00000040   Data   RO         7447    .constdata          uCGUI_DEMO.lib(f32b_ascii.o)
    0x0800f934   0x00000020   Data   RO         7448    .constdata          uCGUI_DEMO.lib(f32b_ascii.o)
    0x0800f954   0x00000040   Data   RO         7449    .constdata          uCGUI_DEMO.lib(f32b_ascii.o)
    0x0800f994   0x00000040   Data   RO         7450    .constdata          uCGUI_DEMO.lib(f32b_ascii.o)
    0x0800f9d4   0x00000040   Data   RO         7451    .constdata          uCGUI_DEMO.lib(f32b_ascii.o)
    0x0800fa14   0x00000040   Data   RO         7452    .constdata          uCGUI_DEMO.lib(f32b_ascii.o)
    0x0800fa54   0x00000040   Data   RO         7453    .constdata          uCGUI_DEMO.lib(f32b_ascii.o)
    0x0800fa94   0x00000060   Data   RO         7454    .constdata          uCGUI_DEMO.lib(f32b_ascii.o)
    0x0800faf4   0x00000040   Data   RO         7455    .constdata          uCGUI_DEMO.lib(f32b_ascii.o)
    0x0800fb34   0x00000060   Data   RO         7456    .constdata          uCGUI_DEMO.lib(f32b_ascii.o)
    0x0800fb94   0x00000040   Data   RO         7457    .constdata          uCGUI_DEMO.lib(f32b_ascii.o)
    0x0800fbd4   0x00000040   Data   RO         7458    .constdata          uCGUI_DEMO.lib(f32b_ascii.o)
    0x0800fc14   0x00000060   Data   RO         7459    .constdata          uCGUI_DEMO.lib(f32b_ascii.o)
    0x0800fc74   0x00000060   Data   RO         7460    .constdata          uCGUI_DEMO.lib(f32b_ascii.o)
    0x0800fcd4   0x00000020   Data   RO         7461    .constdata          uCGUI_DEMO.lib(f32b_ascii.o)
    0x0800fcf4   0x00000020   Data   RO         7462    .constdata          uCGUI_DEMO.lib(f32b_ascii.o)
    0x0800fd14   0x00000040   Data   RO         7463    .constdata          uCGUI_DEMO.lib(f32b_ascii.o)
    0x0800fd54   0x00000020   Data   RO         7464    .constdata          uCGUI_DEMO.lib(f32b_ascii.o)
    0x0800fd74   0x00000080   Data   RO         7465    .constdata          uCGUI_DEMO.lib(f32b_ascii.o)
    0x0800fdf4   0x00000060   Data   RO         7466    .constdata          uCGUI_DEMO.lib(f32b_ascii.o)
    0x0800fe54   0x00000060   Data   RO         7467    .constdata          uCGUI_DEMO.lib(f32b_ascii.o)
    0x0800feb4   0x00000060   Data   RO         7468    .constdata          uCGUI_DEMO.lib(f32b_ascii.o)
    0x0800ff14   0x00000060   Data   RO         7469    .constdata          uCGUI_DEMO.lib(f32b_ascii.o)
    0x0800ff74   0x00000040   Data   RO         7470    .constdata          uCGUI_DEMO.lib(f32b_ascii.o)
    0x0800ffb4   0x00000040   Data   RO         7471    .constdata          uCGUI_DEMO.lib(f32b_ascii.o)
    0x0800fff4   0x00000040   Data   RO         7472    .constdata          uCGUI_DEMO.lib(f32b_ascii.o)
    0x08010034   0x00000060   Data   RO         7473    .constdata          uCGUI_DEMO.lib(f32b_ascii.o)
    0x08010094   0x00000040   Data   RO         7474    .constdata          uCGUI_DEMO.lib(f32b_ascii.o)
    0x080100d4   0x00000060   Data   RO         7475    .constdata          uCGUI_DEMO.lib(f32b_ascii.o)
    0x08010134   0x00000040   Data   RO         7476    .constdata          uCGUI_DEMO.lib(f32b_ascii.o)
    0x08010174   0x00000040   Data   RO         7477    .constdata          uCGUI_DEMO.lib(f32b_ascii.o)
    0x080101b4   0x00000040   Data   RO         7478    .constdata          uCGUI_DEMO.lib(f32b_ascii.o)
    0x080101f4   0x00000040   Data   RO         7479    .constdata          uCGUI_DEMO.lib(f32b_ascii.o)
    0x08010234   0x00000020   Data   RO         7480    .constdata          uCGUI_DEMO.lib(f32b_ascii.o)
    0x08010254   0x00000040   Data   RO         7481    .constdata          uCGUI_DEMO.lib(f32b_ascii.o)
    0x08010294   0x00000040   Data   RO         7482    .constdata          uCGUI_DEMO.lib(f32b_ascii.o)
    0x080102d4   0x000002f8   Data   RO         7483    .constdata          uCGUI_DEMO.lib(f32b_ascii.o)
    0x080105cc   0x0000000c   Data   RO         7484    .constdata          uCGUI_DEMO.lib(f32b_ascii.o)
    0x080105d8   0x00000020   Data   RO         7485    .constdata          uCGUI_DEMO.lib(f32b_ascii.o)
    0x080105f8   0x000005a0   Data   RO         7502    .constdata          uCGUI_DEMO.lib(fd24x32.o)
    0x08010b98   0x0000006c   Data   RO         7503    .constdata          uCGUI_DEMO.lib(fd24x32.o)
    0x08010c04   0x00000008   Data   RO         7504    .constdata          uCGUI_DEMO.lib(fd24x32.o)
    0x08010c0c   0x00000014   Data   RO         7505    .constdata          uCGUI_DEMO.lib(fd24x32.o)
    0x08010c20   0x00000020   Data   RO         7506    .constdata          uCGUI_DEMO.lib(fd24x32.o)
    0x08010c40   0x00000e10   Data   RO         7523    .constdata          uCGUI_DEMO.lib(fd36x48.o)
    0x08011a50   0x00000078   Data   RO         7524    .constdata          uCGUI_DEMO.lib(fd36x48.o)
    0x08011ac8   0x0000000c   Data   RO         7525    .constdata          uCGUI_DEMO.lib(fd36x48.o)
    0x08011ad4   0x0000000c   Data   RO         7526    .constdata          uCGUI_DEMO.lib(fd36x48.o)
    0x08011ae0   0x0000000c   Data   RO         7527    .constdata          uCGUI_DEMO.lib(fd36x48.o)
    0x08011aec   0x0000000c   Data   RO         7528    .constdata          uCGUI_DEMO.lib(fd36x48.o)
    0x08011af8   0x00000020   Data   RO         7529    .constdata          uCGUI_DEMO.lib(fd36x48.o)
    0x08011b18   0x00000028   Data   RO         7629    .constdata          uCGUI_DEMO.lib(gui_adddecshift.o)
    0x08011b40   0x00000014   Data   RO         7659    .constdata          uCGUI_DEMO.lib(gui_cursorarrowm.o)
    0x08011b54   0x0000000c   Data   RO         7660    .constdata          uCGUI_DEMO.lib(gui_cursorarrowm.o)
    0x08011b60   0x00000010   Data   RO         7817    .constdata          uCGUI_DEMO.lib(gui_uc_encodenone.o)
    0x08011b70   0x00000040   Data   RO         7921    .constdata          uCGUI_DEMO.lib(lcd_api.o)
    0x08011bb0   0x00000518   Data   RO         7971    .constdata          uCGUI_DEMO.lib(f6x8.o)
    0x080120c8   0x000001c0   Data   RO         7972    .constdata          uCGUI_DEMO.lib(f6x8.o)
    0x08012288   0x00000008   Data   RO         7973    .constdata          uCGUI_DEMO.lib(f6x8.o)
    0x08012290   0x00000014   Data   RO         7974    .constdata          uCGUI_DEMO.lib(f6x8.o)
    0x080122a4   0x00000020   Data   RO         7975    .constdata          uCGUI_DEMO.lib(f6x8.o)
    0x080122c4   0x0000003c   Data   RO         8123    .constdata          uCGUI_DEMO.lib(gui_cursorarrowmpx.o)
    0x08012300   0x0000000c   Data   RO         8136    .constdata          uCGUI_DEMO.lib(gui_cursorpal.o)
    0x0801230c   0x0000000c   Data   RO         8137    .constdata          uCGUI_DEMO.lib(gui_cursorpal.o)
    0x08012318   0x00000020   Data   RO         8313    .constdata          uCGUI_DEMO.lib(guidev_16.o)
    0x08012338   0x00000040   Data   RO         8314    .constdata          uCGUI_DEMO.lib(guidev_16.o)
    0x08012378   0x00000100   Data   RO         8527    .constdata          uCGUI_DEMO.lib(lcd_mirror.o)
    0x08012478   0x00000018   Data   RO         8552    .constdata          uCGUI_DEMO.lib(guidev_usagebm.o)
    0x08012490   0x00000011   Data   RO         8686    .constdata          c_w.l(__printf_flags_ss_wp.o)
    0x080124a1   0x00000003   PAD
    0x080124a4   0x00000094   Data   RO         8986    .constdata          c_w.l(bigflt0.o)
    0x08012538   0x00000020   Data   RO         9278    Region$$Table       anon$$obj.o
    0x08012558   0x00000008   Data   RO         9154    c$$dinf             fz_ws.l(fpconst.o)
    0x08012560   0x0000001c   Data   RO         8897    locale$$data        c_w.l(lc_numeric_c.o)
    0x0801257c   0x00000110   Data   RO         9141    locale$$data        c_w.l(lc_ctype_c.o)


    Execution Region RW_IRAM1 (Base: 0x20000000, Size: 0x00004c48, Max: 0x00010000, ABSOLUTE, COMPRESSED[0x0000002c])

    Base Addr    Size         Type   Attr      Idx    E Section Name        Object

    0x20000000   0x0000000c   Data   RW           28    .data               app.o
    0x2000000c   0x00000014   Data   RW         2322    .data               stm32f10x_rcc.o
    0x20000020   0x00000038   Data   RW         3874    .data               os_core.o
    0x20000058   0x00000004   Data   RW         3875    .data               os_core.o
    0x2000005c   0x00000004   Data   RW         4487    .data               com.o
    0x20000060   0x00000014   Data   RW         4594    .data               gui_x_ucos.o
    0x20000074   0x00000024   Data   RW         4916    .data               gui_x_touch.o
    0x20000098   0x00000004   Data   RW         5031    .data               lcd_dis24.o
    0x2000009c   0x0000001e   Data   RW         5580    .data               fm.o
    0x200000ba   0x00000002   PAD
    0x200000bc   0x00000020   Data   RW         6145    .data               dashboard.o
    0x200000dc   0x00000008   Data   RW         6396    .data               ff.o
    0x200000e4   0x00000028   Data   RW         6631    .data               sdcard.o
    0x2000010c   0x00000001   Data   RW         7035    .data               uCGUI_DEMO.lib(guicore.o)
    0x2000010d   0x00000003   PAD
    0x20000110   0x00000004   Data   RW         7037    .data               uCGUI_DEMO.lib(guicore.o)
    0x20000114   0x00000004   Data   RW         7038    .data               uCGUI_DEMO.lib(guicore.o)
    0x20000118   0x00000004   Data   RW         7039    .data               uCGUI_DEMO.lib(guicore.o)
    0x2000011c   0x00000004   Data   RW         7040    .data               uCGUI_DEMO.lib(guicore.o)
    0x20000120   0x00000004   Data   RW         7041    .data               uCGUI_DEMO.lib(guicore.o)
    0x20000124   0x00000030   Data   RW         7063    .data               uCGUI_DEMO.lib(guicurs.o)
    0x20000154   0x00000028   Data   RW         7545    .data               uCGUI_DEMO.lib(wm.o)
    0x2000017c   0x00000004   Data   RW         7694    .data               uCGUI_DEMO.lib(gui_fillpolygon.o)
    0x20000180   0x00000010   Data   RW         7756    .data               uCGUI_DEMO.lib(gui_onkey.o)
    0x20000190   0x00000001   Data   RW         7837    .data               uCGUI_DEMO.lib(guialloc.o)
    0x20000191   0x00000003   PAD
    0x20000194   0x0000000c   Data   RW         7891    .data               uCGUI_DEMO.lib(guitask.o)
    0x200001a0   0x00000004   Data   RW         7922    .data               uCGUI_DEMO.lib(lcd_api.o)
    0x200001a4   0x00000010   Data   RW         8080    .data               uCGUI_DEMO.lib(wmtouch.o)
    0x200001b4   0x00000b00   Zero   RW           27    .bss                app.o
    0x20000cb4   0x000009e0   Zero   RW         3871    .bss                os_core.o
    0x20001694   0x0000008c   Zero   RW         3872    .bss                os_core.o
    0x20001720   0x00000028   Zero   RW         4436    .bss                spi_flash.o
    0x20001748   0x000010c8   Zero   RW         5579    .bss                fm.o
    0x20002810   0x00000064   Zero   RW         6630    .bss                sdcard.o
    0x20002874   0x00000060   Zero   RW         7033    .bss                uCGUI_DEMO.lib(guicore.o)
    0x200028d4   0x00000018   Zero   RW         7544    .bss                uCGUI_DEMO.lib(wm.o)
    0x200028ec   0x00000018   Zero   RW         7693    .bss                uCGUI_DEMO.lib(gui_fillpolygon.o)
    0x20002904   0x00001750   Zero   RW         7836    .bss                uCGUI_DEMO.lib(guialloc.o)
    0x20004054   0x00000190   Zero   RW         7890    .bss                uCGUI_DEMO.lib(guitask.o)
    0x200041e4   0x00000200   Zero   RW         8267    .bss                uCGUI_DEMO.lib(lcdcolor.o)
    0x200043e4   0x00000060   Zero   RW         8912    .bss                c_w.l(libspace.o)
    0x20004444   0x00000004   PAD
    0x20004448   0x00000400   Zero   RW            7    HEAP                stm32f10x_startup.o
    0x20004848   0x00000400   Zero   RW            6    STACK               stm32f10x_startup.o


==============================================================================

Image component sizes


      Code (inc. data)   RO Data    RW Data    ZI Data      Debug   Object Name

       618         92          0         12       2816     270183   app.o
       858         42          0          0          0       8063   bsp.o
       312         24          0          4          0       1737   com.o
         0          0          0          0          0         32   cortexm3_macro.o
        22          0          0          0          0        216   cpu_a.o
      1668        362        614         32          0     214252   dashboard.o
         0          0          0          0          0       5616   diskio.o
        32          6          0          8          0       4966   ff.o
       592         72          0         30       4296      13542   fm.o
        84          0          0          0          0        508   fsmc_sram.o
       276          8          0         36          0       1127   gui_x_touch.o
        96         26          0         20          0      11543   gui_x_ucos.o
       110          0          0          0          0       2385   ili9320.o
       476          0          0          0          0     199915   ili9320_api.o
      1966         62          0          0          0      10302   ili9320_ucgui.o
       554         22          0          4          0       3497   lcd_dis24.o
       140         28          0          0          0     201565   misc.o
      1670        182        256         60       2668      22549   os_core.o
       168         40          0          0          0        272   os_cpu_a.o
       126          0          0          0          0      13360   os_cpu_c.o
        68         10          0          0          0       9095   os_flag.o
        68          8          0          0          0        651   os_mbox.o
       336         22          0          0          0       2378   os_sem.o
       570         46          0          0          0       4504   os_task.o
       204         26          0          0          0       1808   os_time.o
      2830        118          0         40        100      14816   sdcard.o
       192         16          0          0         40       2567   spi_flash.o
        44         12          0          0          0        921   stm32f10x_flash.o
       224          6          0          0          0       1633   stm32f10x_fsmc.o
       174          0          0          0          0       2612   stm32f10x_gpio.o
       116          6          0          0          0      14862   stm32f10x_it.o
       570         90          0         20          0      10038   stm32f10x_rcc.o
       284         68          0          0          0       7184   stm32f10x_sdio.o
       100          0          0          0          0       3238   stm32f10x_spi.o
       308        280          0          0       2048        452   stm32f10x_startup.o
       300          6          0          0          0       5605   stm32f10x_usart.o
         0          0          0          0          0     198176   system_stm32f10x.o
       598         34          0          0          0       6224   tea5756.o

    ----------------------------------------------------------------------
     16776       1714        904        268      11968    1272394   Object Totals
         0          0         32          0          0          0   (incl. Generated)
        22          0          2          2          0          0   (incl. Padding)

    ----------------------------------------------------------------------

      Code (inc. data)   RO Data    RW Data    ZI Data      Debug   Library Member Name

        44          6          0          0          0         84   __2sprintf.o
        90          0          0          0          0          0   __dczerorl2.o
         8          0          0          0          0         68   __main.o
       396          6         17          0          0         92   __printf_flags_ss_wp.o
        14          0          0          0          0         68   __printf_wp.o
        52          8          0          0          0          0   __scatter.o
        28          0          0          0          0          0   __scatter_zi.o
        28          0          0          0          0         68   _chval.o
        48          6          0          0          0         96   _printf_char_common.o
         6          0          0          0          0          0   _printf_d.o
       120         18          0          0          0         92   _printf_dec.o
       184          0          0          0          0         88   _printf_intcommon.o
         0          0          0          0          0          0   _printf_percent.o
         4          0          0          0          0          0   _printf_percent_end.o
        22          0          0          0          0        100   _rserrno.o
        64          0          0          0          0         84   _sgetc.o
        10          0          0          0          0         68   _sputc.o
        16          0          0          0          0         68   aeabi_memset.o
       228          6        148          0          0         96   bigflt0.o
      1846        132          0          0          0        736   btod.o
        12          0          0          0          0         72   exit.o
         6          0          0          0          0        152   heapauxi.o
         0          0          0          0          0          0   indicate_semi.o
        18          0          0          0          0         76   isspace.o
        44         10        272          0          0         76   lc_ctype_c.o
        44         10         28          0          0         76   lc_numeric_c.o
         6          0          0          0          0          0   libinit.o
        30          0          0          0          0          0   libinit2.o
         2          0          0          0          0          0   libshutdown.o
         2          0          0          0          0          0   libshutdown2.o
         8          4          0          0         96         68   libspace.o
        38          0          0          0          0         68   llshl.o
        16          4          0          0          0         76   rt_ctype_table.o
         8          4          0          0          0         68   rt_errno_addr_intlibspace.o
         8          4          0          0          0         68   rt_fp_status_addr_intlibspace.o
         8          4          0          0          0         68   rt_locale_intlibspace.o
        68          0          0          0          0         68   rt_memclr.o
        78          0          0          0          0         80   rt_memclr_w.o
       138          0          0          0          0         68   rt_memcpy_v6.o
       100          0          0          0          0         80   rt_memcpy_w.o
       132          0          0          0          0         68   rt_memmove_v6.o
       122          0          0          0          0         80   rt_memmove_w.o
         0          0          0          0          0          0   rtentry.o
        12          0          0          0          0          0   rtentry2.o
         6          0          0          0          0          0   rtentry4.o
         2          0          0          0          0          0   rtexit.o
        10          0          0          0          0          0   rtexit2.o
      1192         14          0          0          0        148   scanf_fp.o
       796         14          0          0          0        100   scanf_hexfp.o
       316         18          0          0          0        100   scanf_infnan.o
       128          0          0          0          0         68   strcmpv7m.o
       160         12          0          0          0        120   strtod.o
        12          4          0          0          0         68   sys_exit.o
        74          0          0          0          0         80   sys_stackheap_outer.o
         2          0          0          0          0         68   use_no_semi.o
        98          4          0          0          0         92   d2f.o
       826         16          0          0          0        356   daddsub_clz.o
        16          4          0          0          0         68   dcheck1.o
        24          0          0          0          0         68   dcmpi.o
       120          4          0          0          0         92   deqf.o
       120          4          0          0          0         92   dleqf.o
       340         12          0          0          0        104   dmul.o
       156          4          0          0          0         92   dnaninf.o
        12          0          0          0          0         68   dretinf.o
       108          0          0          0          0         80   drleqf.o
        86          4          0          0          0         84   f2d.o
       430          8          0          0          0        168   faddsub_clz.o
       388         76          0          0          0         96   fdiv.o
        54          4          0          0          0         84   ffix.o
        62          4          0          0          0         84   ffixu.o
        38          0          0          0          0         68   fflt_clz.o
       258          4          0          0          0         84   fmul.o
       140          4          0          0          0         84   fnaninf.o
         0          0          8          0          0          0   fpconst.o
        14          0          0          0          0         76   fpinit.o
        10          0          0          0          0         68   fretinf.o
       100          0          0          0          0         68   retnan.o
        92          0          0          0          0         68   scalbn.o
         4          0          0          0          0         68   scanf1.o
         8          0          0          0          0         84   scanf2.o
        48          0          0          0          0         68   trapv.o
         0          0          0          0          0          0   usenofp.o
        42          0          0          0          0         84   atof.o
        16          6          0          0          0         68   dunder.o
       220         16          0          0          0         84   floor.o
        88          8          0          0          0         76   frexp.o
       148          0          0          0          0        160   ldexp.o
       152          4          0          0          0        160   narrow.o
         0          0       4860          0          0      16403   f24b_ascii.o
         0          0       7236          0          0       7008   f32_ascii.o
         0          0       7844          0          0       7206   f32b_ascii.o
         0          0       1812          0          0       2186   f6x8.o
         0          0       1608          0          0        788   fd24x32.o
         0          0       3800          0          0        954   fd36x48.o
      1528         16         68          0          0      32909   gui2dlib.o
        58          0          0          0          0        921   gui__intersectrect.o
        82          0          0          0          0       1146   gui__intersectrects.o
        74          0          0          0          0        850   gui__memset.o
        58          0          0          0          0        860   gui__memset16.o
        26          0          0          0          0        640   gui_adddecmin.o
       188         10         40          0          0       2203   gui_adddecshift.o
        38          0          0          0          0        614   gui_alloc_alloczero.o
         0          0         32          0          0      15748   gui_cursorarrowm.o
         0          0         60          0          0        628   gui_cursorarrowmpx.o
         0          0         24          0          0        652   gui_cursorpal.o
       248          4          0          0          0       1013   gui_dispstring.o
        36          4          0          0          0        671   gui_dispstringat.o
       556         14          0          4         24       4037   gui_fillpolygon.o
       140          0          0          0          0       1438   gui_getbitmappixelindex.o
        88          0          0          0          0       1032   gui_getcolor.o
        76          6          0          0          0       1605   gui_goto.o
        90          0          0          0          0       1056   gui_mergerect.o
        30          0          0          0          0        903   gui_moverect.o
       136          6          0         16          0      17405   gui_onkey.o
        84          4          0          0          0       1124   gui_pen.o
        56          0          0          0          0       1017   gui_rectsintersect.o
        24          6          0          0          0       1009   gui_savecontext.o
        26          0          0          0          0        512   gui_selectlcd.o
        44          0          0          0          0        742   gui_setcolor.o
        80          6          0          0          0        667   gui_setdefault.o
        24          0          0          0          0        586   gui_setdrawmode.o
        28          4          0          0          0        590   gui_setfont.o
        28          6          0          0          0        603   gui_setlinestyle.o
        28          4          0          0          0        591   gui_settextalign.o
        28          4          0          0          0        586   gui_settextmode.o
       212          4          0          0          0       2212   gui_uc.o
        48         10         16          0          0       1752   gui_uc_encodenone.o
       804         18          0          1       5968       5682   guialloc.o
       192         10          0          0          0       1782   guichar.o
       328         14          0          0          0       2279   guicharline.o
       344          6          0          0          0       2181   guicharm.o
       264          4          0          0          0       2229   guicharp.o
      1016          6          0          0          0       3946   guicirc.o
       252         26          8         21         96       5400   guicore.o
      1344         38          0         48          0       6689   guicurs.o
       952         14          0          0          0       6093   guidev.o
      1860         20         96          0          0      37724   guidev_16.o
       244          0          0          0          0       1834   guidev_banding.o
        56          4          0          0          0       1079   guidev_clear.o
        44          6          0          0          0       1034   guidev_getysize.o
        52          4          0          0          0       1133   guidev_reduceysize.o
        88          4          0          0          0       1208   guidev_setorg.o
       108          4          0          0          0       1561   guidev_usage.o
       440          4         24          0          0       3434   guidev_usagebm.o
       232         14          0         12        400       1967   guitask.o
       188          0          0          0          0       2582   guival.o
       268          6          0          0          0       1986   guivalf.o
       876         10          0          0          0       6530   lcd.o
         0          0         64          4          0        682   lcd_api.o
        60          4          0          0          0        644   lcd_drawvline.o
        16          4          0          0          0        628   lcd_getcolorindex.o
        30          0          0          0          0       1039   lcd_l0_generic.o
         0          0        256          0          0        610   lcd_mirror.o
        32         10          0          0          0        464   lcd_selectlcd.o
        32          6          0          0          0        916   lcd_setcliprectex.o
        32          4          0          0          0        529   lcd_updatecolorindices.o
        64          6          0          0        512       1750   lcdcolor.o
        44          0          0          0          0       1429   lcdinfo0.o
        28          0          0          0          0        777   lcdpm565.o
        52          0          0          0          0        699   lcdpm565_index2color.o
      3468         60          0         40         24      42465   wm.o
        20          0          0          0          0        542   wm__getfirstsibling.o
        38          0          0          0          0        953   wm__getprevsibling.o
        32          0          0          0          0       1042   wm__sendmessage.o
        72          0          0          0          0       3056   wm_bringtobottom.o
        52          4          0          0          0        913   wm_criticalhandle.o
        12          4          0          0          0        498   wm_getdesktopwindow.o
        28          0          0          0          0        555   wm_getparent.o
        16          0          0          0          0        582   wm_notifyparent.o
        56          6          0          0          0        687   wm_onkey.o
        38          0          0          0          0        690   wm_sendtoparent.o
         0          0          0         16          0       2143   wmtouch.o

    ----------------------------------------------------------------------
     29398        900      28326        168       7124     302381   Library Totals
        38          2          5          6          4          0   (incl. Padding)

    ----------------------------------------------------------------------

      Code (inc. data)   RO Data    RW Data    ZI Data      Debug   Library Name

      6806        284        465          0         96       3872   c_w.l
      3552        152          8          0          0       2364   fz_ws.l
       666         34          0          0          0        632   m_ws.l
     18336        428      27848        162       7024     295513   uCGUI_DEMO.lib

    ----------------------------------------------------------------------
     29398        900      28326        168       7124     302381   Library Totals

    ----------------------------------------------------------------------

==============================================================================


      Code (inc. data)   RO Data    RW Data    ZI Data      Debug   

     46174       2614      29230        436      19092    1554235   Grand Totals
     46174       2614      29230         44      19092    1554235   ELF Image Totals (compressed)
     46174       2614      29230         44          0          0   ROM Totals

==============================================================================

    Total RO  Size (Code + RO Data)                75404 (  73.64kB)
    Total RW  Size (RW Data + ZI Data)             19528 (  19.07kB)
    Total ROM Size (Code + RO Data + RW Data)      75448 (  73.68kB)

==============================================================================

