ARM Linker, 4.1 [Build 894] [Standard]

==============================================================================

Section Cross References

    stm32f10x_startup.o(STACK) refers (Special) to heapauxi.o(.text) for __use_two_region_memory
    stm32f10x_startup.o(HEAP) refers (Special) to heapauxi.o(.text) for __use_two_region_memory
    stm32f10x_startup.o(RESET) refers (Special) to heapauxi.o(.text) for __use_two_region_memory
    stm32f10x_startup.o(RESET) refers to stm32f10x_startup.o(STACK) for Stack
    stm32f10x_startup.o(RESET) refers to os_cpu_a.o(.text) for OSPendSV
    stm32f10x_startup.o(RESET) refers to stm32f10x_it.o(i.SysTickHandler) for SysTickHandler
    stm32f10x_startup.o(RESET) refers to stm32f10x_it.o(i.WWDG_IRQHandler) for WWDG_IRQHandler
    stm32f10x_startup.o(RESET) refers to stm32f10x_it.o(i.PVD_IRQHandler) for PVD_IRQHandler
    stm32f10x_startup.o(RESET) refers to stm32f10x_it.o(i.TAMPER_IRQHandler) for TAMPER_IRQHandler
    stm32f10x_startup.o(RESET) refers to stm32f10x_it.o(i.RTC_IRQHandler) for RTC_IRQHandler
    stm32f10x_startup.o(RESET) refers to stm32f10x_it.o(i.FLASH_IRQHandler) for FLASH_IRQHandler
    stm32f10x_startup.o(RESET) refers to stm32f10x_it.o(i.RCC_IRQHandler) for RCC_IRQHandler
    stm32f10x_startup.o(RESET) refers to stm32f10x_it.o(i.EXTI0_IRQHandler) for EXTI0_IRQHandler
    stm32f10x_startup.o(RESET) refers to stm32f10x_it.o(i.EXTI1_IRQHandler) for EXTI1_IRQHandler
    stm32f10x_startup.o(RESET) refers to stm32f10x_it.o(i.EXTI2_IRQHandler) for EXTI2_IRQHandler
    stm32f10x_startup.o(RESET) refers to stm32f10x_it.o(i.EXTI3_IRQHandler) for EXTI3_IRQHandler
    stm32f10x_startup.o(RESET) refers to stm32f10x_it.o(i.EXTI4_IRQHandler) for EXTI4_IRQHandler
    stm32f10x_startup.o(RESET) refers to stm32f10x_it.o(i.DMAChannel1_IRQHandler) for DMAChannel1_IRQHandler
    stm32f10x_startup.o(RESET) refers to stm32f10x_it.o(i.DMAChannel2_IRQHandler) for DMAChannel2_IRQHandler
    stm32f10x_startup.o(RESET) refers to stm32f10x_it.o(i.DMAChannel3_IRQHandler) for DMAChannel3_IRQHandler
    stm32f10x_startup.o(RESET) refers to stm32f10x_it.o(i.DMAChannel4_IRQHandler) for DMAChannel4_IRQHandler
    stm32f10x_startup.o(RESET) refers to stm32f10x_it.o(i.DMAChannel5_IRQHandler) for DMAChannel5_IRQHandler
    stm32f10x_startup.o(RESET) refers to stm32f10x_it.o(i.DMAChannel6_IRQHandler) for DMAChannel6_IRQHandler
    stm32f10x_startup.o(RESET) refers to stm32f10x_it.o(i.DMAChannel7_IRQHandler) for DMAChannel7_IRQHandler
    stm32f10x_startup.o(RESET) refers to stm32f10x_it.o(i.ADC_IRQHandler) for ADC_IRQHandler
    stm32f10x_startup.o(RESET) refers to stm32f10x_it.o(i.USB_HP_CAN_TX_IRQHandler) for USB_HP_CAN_TX_IRQHandler
    stm32f10x_startup.o(RESET) refers to stm32f10x_it.o(i.USB_LP_CAN_RX0_IRQHandler) for USB_LP_CAN_RX0_IRQHandler
    stm32f10x_startup.o(RESET) refers to stm32f10x_it.o(i.CAN_RX1_IRQHandler) for CAN_RX1_IRQHandler
    stm32f10x_startup.o(RESET) refers to stm32f10x_it.o(i.CAN_SCE_IRQHandler) for CAN_SCE_IRQHandler
    stm32f10x_startup.o(RESET) refers to stm32f10x_it.o(i.EXTI9_5_IRQHandler) for EXTI9_5_IRQHandler
    stm32f10x_startup.o(RESET) refers to stm32f10x_it.o(i.TIM1_BRK_IRQHandler) for TIM1_BRK_IRQHandler
    stm32f10x_startup.o(RESET) refers to stm32f10x_it.o(i.TIM1_UP_IRQHandler) for TIM1_UP_IRQHandler
    stm32f10x_startup.o(RESET) refers to stm32f10x_it.o(i.TIM1_TRG_COM_IRQHandler) for TIM1_TRG_COM_IRQHandler
    stm32f10x_startup.o(RESET) refers to stm32f10x_it.o(i.TIM1_CC_IRQHandler) for TIM1_CC_IRQHandler
    stm32f10x_startup.o(RESET) refers to stm32f10x_it.o(i.TIM2_IRQHandler) for TIM2_IRQHandler
    stm32f10x_startup.o(RESET) refers to stm32f10x_it.o(i.TIM3_IRQHandler) for TIM3_IRQHandler
    stm32f10x_startup.o(RESET) refers to stm32f10x_it.o(i.TIM4_IRQHandler) for TIM4_IRQHandler
    stm32f10x_startup.o(RESET) refers to stm32f10x_it.o(i.I2C1_EV_IRQHandler) for I2C1_EV_IRQHandler
    stm32f10x_startup.o(RESET) refers to stm32f10x_it.o(i.I2C1_ER_IRQHandler) for I2C1_ER_IRQHandler
    stm32f10x_startup.o(RESET) refers to stm32f10x_it.o(i.I2C2_EV_IRQHandler) for I2C2_EV_IRQHandler
    stm32f10x_startup.o(RESET) refers to stm32f10x_it.o(i.I2C2_ER_IRQHandler) for I2C2_ER_IRQHandler
    stm32f10x_startup.o(RESET) refers to stm32f10x_it.o(i.SPI1_IRQHandler) for SPI1_IRQHandler
    stm32f10x_startup.o(RESET) refers to stm32f10x_it.o(i.SPI2_IRQHandler) for SPI2_IRQHandler
    stm32f10x_startup.o(RESET) refers to app.o(i.USART1_IRQHandler) for USART1_IRQHandler
    stm32f10x_startup.o(RESET) refers to app.o(i.USART2_IRQHandler) for USART2_IRQHandler
    stm32f10x_startup.o(RESET) refers to app.o(i.USART3_IRQHandler) for USART3_IRQHandler
    stm32f10x_startup.o(RESET) refers to stm32f10x_it.o(i.EXTI15_10_IRQHandler) for EXTI15_10_IRQHandler
    stm32f10x_startup.o(RESET) refers to stm32f10x_it.o(i.RTCAlarm_IRQHandler) for RTCAlarm_IRQHandler
    stm32f10x_startup.o(RESET) refers to stm32f10x_it.o(i.USBWakeUp_IRQHandler) for USBWakeUp_IRQHandler
[...]
    0x08000202   0x00000002   Code   RO         8905    .ARM.Collect$$libshutdown$$0000000F  c_w.l(libshutdown2.o)
    0x08000204   0x00000000   Code   RO         8584    .ARM.Collect$$rtentry$$00000000  c_w.l(rtentry.o)
    0x08000204   0x00000000   Code   RO         8669    .ARM.Collect$$rtentry$$00000002  c_w.l(rtentry2.o)
    0x08000204   0x00000006   Code   RO         8681    .ARM.Collect$$rtentry$$00000004  c_w.l(rtentry4.o)
    0x0800020a   0x00000000   Code   RO         8671    .ARM.Collect$$rtentry$$00000009  c_w.l(rtentry2.o)
    0x0800020a   0x00000004   Code   RO         8672    .ARM.Collect$$rtentry$$0000000A  c_w.l(rtentry2.o)
    0x0800020e   0x00000000   Code   RO         8674    .ARM.Collect$$rtentry$$0000000C  c_w.l(rtentry2.o)
    0x0800020e   0x00000008   Code   RO         8675    .ARM.Collect$$rtentry$$0000000D  c_w.l(rtentry2.o)
    0x08000216   0x00000002   Code   RO         8917    .ARM.Collect$$rtexit$$00000000  c_w.l(rtexit.o)
    0x08000218   0x00000000   Code   RO         8983    .ARM.Collect$$rtexit$$00000002  c_w.l(rtexit2.o)
    0x08000218   0x00000004   Code   RO         8984    .ARM.Collect$$rtexit$$00000003  c_w.l(rtexit2.o)
    0x0800021c   0x00000006   Code   RO         8985    .ARM.Collect$$rtexit$$00000004  c_w.l(rtexit2.o)
    0x08000222   0x00000002   PAD
    0x08000224   0x0000001c   Code   RO            9    .text               stm32f10x_startup.o
    0x08000240   0x000000a8   Code   RO         3833    .text               os_cpu_a.o
    0x080002e8   0x00000016   Code   RO         3836    .text               cpu_a.o
    0x080002fe   0x00000002   PAD
    0x08000300   0x000005f8   Code   RO         6722    .text               uCGUI_DEMO.lib(gui2dlib.o)
    0x080008f8   0x00000024   Code   RO         6779    .text               uCGUI_DEMO.lib(gui_dispstringat.o)
    0x0800091c   0x0000004c   Code   RO         6791    .text               uCGUI_DEMO.lib(gui_goto.o)
    0x08000968   0x0000002c   Code   RO         6810    .text               uCGUI_DEMO.lib(gui_setcolor.o)
    0x08000994   0x0000001c   Code   RO         6822    .text               uCGUI_DEMO.lib(gui_setfont.o)
    0x080009b0   0x00000108   Code   RO         6834    .text               uCGUI_DEMO.lib(guicharp.o)
    0x08000ab8   0x000000fc   Code   RO         6859    .text               uCGUI_DEMO.lib(guicore.o)
    0x08000bb4   0x00000540   Code   RO         6889    .text               uCGUI_DEMO.lib(guicurs.o)
    0x080010f4   0x000000bc   Code   RO         6929    .text               uCGUI_DEMO.lib(guival.o)
    0x080011b0   0x0000010c   Code   RO         6945    .text               uCGUI_DEMO.lib(guivalf.o)
    0x080012bc   0x0000002c   Code   RO         6961    .text               uCGUI_DEMO.lib(lcdinfo0.o)
    0x080012e8   0x00000d8c   Code   RO         7369    .text               uCGUI_DEMO.lib(wm.o)
    0x08002074   0x0000003a   Code   RO         7419    .text               uCGUI_DEMO.lib(gui__intersectrect.o)
    0x080020ae   0x00000052   Code   RO         7431    .text               uCGUI_DEMO.lib(gui__intersectrects.o)
    0x08002100   0x0000001a   Code   RO         7443    .text               uCGUI_DEMO.lib(gui_adddecmin.o)
    0x0800211a   0x00000002   PAD
    0x0800211c   0x000000bc   Code   RO         7455    .text               uCGUI_DEMO.lib(gui_adddecshift.o)
    0x080021d8   0x00000026   Code   RO         7474    .text               uCGUI_DEMO.lib(gui_alloc_alloczero.o)
    0x080021fe   0x00000002   PAD
    0x08002200   0x000000f8   Code   RO         7507    .text               uCGUI_DEMO.lib(gui_dispstring.o)
    0x080022f8   0x0000022c   Code   RO         7519    .text               uCGUI_DEMO.lib(gui_fillpolygon.o)
    0x08002524   0x0000008c   Code   RO         7534    .text               uCGUI_DEMO.lib(gui_getbitmappixelindex.o)
    0x080025b0   0x00000058   Code   RO         7546    .text               uCGUI_DEMO.lib(gui_getcolor.o)
    0x08002608   0x0000005a   Code   RO         7558    .text               uCGUI_DEMO.lib(gui_mergerect.o)
    0x08002662   0x0000001e   Code   RO         7570    .text               uCGUI_DEMO.lib(gui_moverect.o)
    0x08002680   0x00000088   Code   RO         7582    .text               uCGUI_DEMO.lib(gui_onkey.o)
    0x08002708   0x00000038   Code   RO         7607    .text               uCGUI_DEMO.lib(gui_rectsintersect.o)
    0x08002740   0x00000018   Code   RO         7619    .text               uCGUI_DEMO.lib(gui_savecontext.o)
    0x08002758   0x00000050   Code   RO         7631    .text               uCGUI_DEMO.lib(gui_setdefault.o)
    0x080027a8   0x00000030   Code   RO         7643    .text               uCGUI_DEMO.lib(gui_uc_encodenone.o)
    0x080027d8   0x00000324   Code   RO         7662    .text               uCGUI_DEMO.lib(guialloc.o)
    0x08002afc   0x000000c0   Code   RO         7679    .text               uCGUI_DEMO.lib(guichar.o)
    0x08002bbc   0x00000158   Code   RO         7692    .text               uCGUI_DEMO.lib(guicharm.o)
    0x08002d14   0x000003f8   Code   RO         7704    .text               uCGUI_DEMO.lib(guicirc.o)
    0x0800310c   0x000000e8   Code   RO         7716    .text               uCGUI_DEMO.lib(guitask.o)
    0x080031f4   0x0000036c   Code   RO         7731    .text               uCGUI_DEMO.lib(lcd.o)
    0x08003560   0x0000003c   Code   RO         7762    .text               uCGUI_DEMO.lib(lcd_drawvline.o)
    0x0800359c   0x0000001e   Code   RO         7774    .text               uCGUI_DEMO.lib(lcd_l0_generic.o)
    0x080035ba   0x00000002   PAD
    0x080035bc   0x00000020   Code   RO         7786    .text               uCGUI_DEMO.lib(lcd_setcliprectex.o)
    0x080035dc   0x000000f4   Code   RO         7816    .text               uCGUI_DEMO.lib(guidev_banding.o)
    0x080036d0   0x00000048   Code   RO         7838    .text               uCGUI_DEMO.lib(wm_bringtobottom.o)
    0x08003718   0x00000034   Code   RO         7854    .text               uCGUI_DEMO.lib(wm_criticalhandle.o)
    0x0800374c   0x0000000c   Code   RO         7866    .text               uCGUI_DEMO.lib(wm_getdesktopwindow.o)
    0x08003758   0x00000010   Code   RO         7882    .text               uCGUI_DEMO.lib(wm_notifyparent.o)
    0x08003768   0x00000026   Code   RO         7894    .text               uCGUI_DEMO.lib(wm_sendtoparent.o)
    0x0800378e   0x0000001c   Code   RO         7926    .text               uCGUI_DEMO.lib(lcdpm565.o)
    0x080037aa   0x0000004a   Code   RO         7938    .text               uCGUI_DEMO.lib(gui__memset.o)
    0x080037f4   0x00000054   Code   RO         7977    .text               uCGUI_DEMO.lib(gui_pen.o)
    0x08003848   0x00000018   Code   RO         8009    .text               uCGUI_DEMO.lib(gui_setdrawmode.o)
    0x08003860   0x0000001c   Code   RO         8021    .text               uCGUI_DEMO.lib(gui_setlinestyle.o)
    0x0800387c   0x0000001c   Code   RO         8033    .text               uCGUI_DEMO.lib(gui_settextalign.o)
    0x08003898   0x0000001c   Code   RO         8045    .text               uCGUI_DEMO.lib(gui_settextmode.o)
    0x080038b4   0x000000d4   Code   RO         8057    .text               uCGUI_DEMO.lib(gui_uc.o)
    0x08003988   0x00000148   Code   RO         8069    .text               uCGUI_DEMO.lib(guicharline.o)
    0x08003ad0   0x00000010   Code   RO         8081    .text               uCGUI_DEMO.lib(lcd_getcolorindex.o)
    0x08003ae0   0x00000040   Code   RO         8093    .text               uCGUI_DEMO.lib(lcdcolor.o)
    0x08003b20   0x00000034   Code   RO         8112    .text               uCGUI_DEMO.lib(lcdpm565_index2color.o)
    0x08003b54   0x000003b8   Code   RO         8124    .text               uCGUI_DEMO.lib(guidev.o)
    0x08003f0c   0x00000744   Code   RO         8139    .text               uCGUI_DEMO.lib(guidev_16.o)
    0x08004650   0x00000038   Code   RO         8184    .text               uCGUI_DEMO.lib(guidev_clear.o)
    0x08004688   0x0000002c   Code   RO         8196    .text               uCGUI_DEMO.lib(guidev_getysize.o)
    0x080046b4   0x00000034   Code   RO         8208    .text               uCGUI_DEMO.lib(guidev_reduceysize.o)
    0x080046e8   0x00000058   Code   RO         8220    .text               uCGUI_DEMO.lib(guidev_setorg.o)
    0x08004740   0x00000026   Code   RO         8232    .text               uCGUI_DEMO.lib(wm__getprevsibling.o)
    0x08004766   0x0000001c   Code   RO         8269    .text               uCGUI_DEMO.lib(wm_getparent.o)
    0x08004782   0x00000002   PAD
    0x08004784   0x00000038   Code   RO         8293    .text               uCGUI_DEMO.lib(wm_onkey.o)
    0x080047bc   0x0000003a   Code   RO         8330    .text               uCGUI_DEMO.lib(gui__memset16.o)
    0x080047f6   0x0000001a   Code   RO         8342    .text               uCGUI_DEMO.lib(gui_selectlcd.o)
    0x08004810   0x0000006c   Code   RO         8366    .text               uCGUI_DEMO.lib(guidev_usage.o)
    0x0800487c   0x000001b8   Code   RO         8378    .text               uCGUI_DEMO.lib(guidev_usagebm.o)
    0x08004a34   0x00000014   Code   RO         8392    .text               uCGUI_DEMO.lib(wm__getfirstsibling.o)
    0x08004a48   0x00000020   Code   RO         8416    .text               uCGUI_DEMO.lib(wm__sendmessage.o)
    0x08004a68   0x00000020   Code   RO         8428    .text               uCGUI_DEMO.lib(lcd_selectlcd.o)
    0x08004a88   0x00000020   Code   RO         8440    .text               uCGUI_DEMO.lib(lcd_updatecolorindices.o)
    0x08004aa8   0x0000002c   Code   RO         8458    .text               c_w.l(__2sprintf.o)
    0x08004ad4   0x00000078   Code   RO         8466    .text               c_w.l(_printf_dec.o)
    0x08004b4c   0x0000009c   Code   RO         8486    .text               c_w.l(_printf_hex_int_ll_ptr.o)
    0x08004be8   0x0000018c   Code   RO         8506    .text               c_w.l(__printf_flags_ss_wp.o)
    0x08004d74   0x0000008a   Code   RO         8518    .text               c_w.l(rt_memcpy_v6.o)
    0x08004dfe   0x00000084   Code   RO         8520    .text               c_w.l(rt_memmove_v6.o)
    0x08004e82   0x00000064   Code   RO         8522    .text               c_w.l(rt_memcpy_w.o)
    0x08004ee6   0x00000010   Code   RO         8524    .text               c_w.l(aeabi_memset.o)
    0x08004ef6   0x0000004e   Code   RO         8526    .text               c_w.l(rt_memclr_w.o)
    0x08004f44   0x00000006   Code   RO         8528    .text               c_w.l(heapauxi.o)
    0x08004f4a   0x00000016   Code   RO         8585    .text               c_w.l(_rserrno.o)
    0x08004f60   0x000000b8   Code   RO         8593    .text               c_w.l(_printf_intcommon.o)
    0x08005018   0x00000030   Code   RO         8597    .text               c_w.l(_printf_char_common.o)
    0x08005048   0x0000000a   Code   RO         8599    .text               c_w.l(_sputc.o)
    0x08005052   0x00000002   PAD
    0x08005054   0x000000a0   Code   RO         8635    .text               c_w.l(strtod.o)
    0x080050f4   0x0000007a   Code   RO         8643    .text               c_w.l(rt_memmove_w.o)
    0x0800516e   0x00000044   Code   RO         8645    .text               c_w.l(rt_memclr.o)
    0x080051b2   0x00000002   PAD
    0x080051b4   0x00000008   Code   RO         8686    .text               c_w.l(rt_errno_addr_intlibspace.o)
    0x080051bc   0x00000012   Code   RO         8690    .text               c_w.l(isspace.o)
    0x080051ce   0x00000040   Code   RO         8700    .text               c_w.l(_sgetc.o)
    0x0800520e   0x00000002   PAD
    0x08005210   0x00000008   Code   RO         8726    .text               c_w.l(libspace.o)
    0x08005218   0x0000004a   Code   RO         8731    .text               c_w.l(sys_stackheap_outer.o)
    0x08005262   0x00000002   PAD
    0x08005264   0x00000010   Code   RO         8733    .text               c_w.l(rt_ctype_table.o)
    0x08005274   0x00000008   Code   RO         8738    .text               c_w.l(rt_locale_intlibspace.o)
    0x0800527c   0x000004a8   Code   RO         8798    .text               c_w.l(scanf_fp.o)
    0x08005724   0x000000e4   Code   RO         8800    .text               c_w.l(bigflt0.o)
    0x08005808   0x0000000c   Code   RO         8836    .text               c_w.l(exit.o)
    0x08005814   0x00000080   Code   RO         8842    .text               c_w.l(strcmpv7m.o)
    0x08005894   0x00000002   Code   RO         8914    .text               c_w.l(use_no_semi.o)
    0x08005896   0x00000000   Code   RO         8916    .text               c_w.l(indicate_semi.o)
    0x08005896   0x00000002   PAD
    0x08005898   0x0000000c   Code   RO         8980    .text               c_w.l(sys_exit.o)
    0x080058a4   0x00000008   Code   RO         8992    .text               c_w.l(rt_fp_status_addr_intlibspace.o)
    0x080058ac   0x0000031c   Code   RO         9004    .text               c_w.l(scanf_hexfp.o)
    0x08005bc8   0x0000013c   Code   RO         9006    .text               c_w.l(scanf_infnan.o)
    0x08005d04   0x00000026   Code   RO         9041    .text               c_w.l(llshl.o)
    0x08005d2a   0x0000001c   Code   RO         9043    .text               c_w.l(_chval.o)
    0x08005d46   0x00000338   Code   RO         8813    CL$$btod_div_common  c_w.l(btod.o)
    0x0800607e   0x00000002   PAD
    0x08006080   0x00000054   Code   RO         8811    CL$$btod_e2d        c_w.l(btod.o)
    0x080060d4   0x000000c6   Code   RO         8810    CL$$btod_e2e        c_w.l(btod.o)
    0x0800619a   0x00000028   Code   RO         8807    CL$$btod_ediv       c_w.l(btod.o)
    0x080061c2   0x00000028   Code   RO         8809    CL$$btod_edivd      c_w.l(btod.o)
    0x080061ea   0x00000028   Code   RO         8806    CL$$btod_emul       c_w.l(btod.o)
    0x08006212   0x00000028   Code   RO         8808    CL$$btod_emuld      c_w.l(btod.o)
    0x0800623a   0x00000244   Code   RO         8812    CL$$btod_mult_common  c_w.l(btod.o)
    0x0800647e   0x00000002   Code   RO          271    i.ADC_IRQHandler    stm32f10x_it.o
    0x08006480   0x0000000a   Code   RO           14    i.AppTaskUserIF     app.o
    0x0800648a   0x00000002   Code   RO           15    i.App_TCBInitHook   app.o
    0x0800648c   0x00000034   Code   RO           16    i.App_TaskCreate    app.o
    0x080064c0   0x00000002   Code   RO           17    i.App_TaskCreateHook  app.o
    0x080064c2   0x00000002   Code   RO           19    i.App_TaskIdleHook  app.o
    0x080064c4   0x0000001a   Code   RO           20    i.App_TaskStart     app.o
    0x080064de   0x00000002   Code   RO           21    i.App_TaskStatHook  app.o
    0x080064e0   0x00000002   Code   RO           22    i.App_TaskSwHook    app.o
    0x080064e2   0x0000003e   Code   RO          673    i.BSP_Init          bsp.o
    0x08006520   0x00000002   Code   RO          273    i.CAN_RX1_IRQHandler  stm32f10x_it.o
    0x08006522   0x00000002   Code   RO          274    i.CAN_SCE_IRQHandler  stm32f10x_it.o
    0x08006524   0x00000158   Code   RO         6583    i.CAR_display       dashboard.o
    0x0800667c   0x00000002   Code   RO          279    i.DMAChannel1_IRQHandler  stm32f10x_it.o
    0x0800667e   0x00000002   Code   RO          280    i.DMAChannel2_IRQHandler  stm32f10x_it.o
    0x08006680   0x00000002   Code   RO          281    i.DMAChannel3_IRQHandler  stm32f10x_it.o
    0x08006682   0x00000002   Code   RO          282    i.DMAChannel4_IRQHandler  stm32f10x_it.o
    0x08006684   0x00000002   Code   RO          283    i.DMAChannel5_IRQHandler  stm32f10x_it.o
    0x08006686   0x00000002   Code   RO          284    i.DMAChannel6_IRQHandler  stm32f10x_it.o
    0x08006688   0x00000002   Code   RO          285    i.DMAChannel7_IRQHandler  stm32f10x_it.o
    0x0800668a   0x0000000a   Code   RO         5020    i.Delay             lcd_dis24.o
    0x08006694   0x0000004c   Code   RO         5156    i.DrawBitLine16BPP  ili9320_ucgui.o
    0x080066e0   0x00000268   Code   RO         5157    i.DrawBitLine1BPP   ili9320_ucgui.o
    0x08006948   0x000001ec   Code   RO         5158    i.DrawBitLine2BPP   ili9320_ucgui.o
    0x08006b34   0x00000100   Code   RO         5159    i.DrawBitLine4BPP   ili9320_ucgui.o
    0x08006c34   0x00000094   Code   RO         5160    i.DrawBitLine8BPP   ili9320_ucgui.o
    0x08006cc8   0x00000138   Code   RO         6584    i.ECU_Request_param  dashboard.o
    0x08006e00   0x00000040   Code   RO         6585    i.ECU_Send          dashboard.o
    0x08006e40   0x00000002   Code   RO          287    i.EXTI0_IRQHandler  stm32f10x_it.o
    0x08006e42   0x00000002   Code   RO          288    i.EXTI15_10_IRQHandler  stm32f10x_it.o
    0x08006e44   0x00000002   Code   RO          289    i.EXTI1_IRQHandler  stm32f10x_it.o
    0x08006e46   0x00000002   Code   RO          290    i.EXTI2_IRQHandler  stm32f10x_it.o
    0x08006e48   0x00000002   Code   RO          291    i.EXTI3_IRQHandler  stm32f10x_it.o
    0x08006e4a   0x00000002   Code   RO          292    i.EXTI4_IRQHandler  stm32f10x_it.o
    0x08006e4c   0x00000002   Code   RO          293    i.EXTI9_5_IRQHandler  stm32f10x_it.o
    0x08006e4e   0x00000002   Code   RO          294    i.FLASH_IRQHandler  stm32f10x_it.o
    0x08006e50   0x00000018   Code   RO         1627    i.FLASH_PrefetchBufferCmd  stm32f10x_flash.o
    0x08006e68   0x00000014   Code   RO         1632    i.FLASH_SetLatency  stm32f10x_flash.o
    0x08006e7c   0x00000024   Code   RO         5720    i.FM_Configuration  tea5756.o
    0x08006ea0   0x00000088   Code   RO         6586    i.FM_display        dashboard.o
    0x08006f28   0x00000040   Code   RO         5574    i.FM_next_channel   fm.o
    0x08006f68   0x00000040   Code   RO         5575    i.FM_prev_channel   fm.o
    0x08006fa8   0x0000017c   Code   RO         5576    i.FM_scan           fm.o
    0x08007124   0x00000054   Code   RO         5144    i.FSMC_LCD_Init     fsmc_sram.o
    0x08007178   0x00000024   Code   RO         1773    i.FSMC_NORSRAMCmd   stm32f10x_fsmc.o
    0x0800719c   0x000000bc   Code   RO         1775    i.FSMC_NORSRAMInit  stm32f10x_fsmc.o
    0x08007258   0x0000002c   Code   RO         4430    i.FlashWaitBusy     spi_flash.o
    0x08007284   0x0000017c   Code   RO          674    i.GPIO_Configuration  bsp.o
    0x08007400   0x000000a6   Code   RO         1887    i.GPIO_Init         stm32f10x_gpio.o
    0x080074a6   0x00000004   Code   RO         1894    i.GPIO_ResetBits    stm32f10x_gpio.o
    0x080074aa   0x00000004   Code   RO         1895    i.GPIO_SetBits      stm32f10x_gpio.o
    0x080074ae   0x000001dc   Code   RO         4959    i.GUI_Line          ili9320_api.o
    0x0800768a   0x00000002   PAD
    0x0800768c   0x00000010   Code   RO         4582    i.GUI_X_GetTaskId   gui_x_ucos.o
    0x0800769c   0x00000014   Code   RO         4584    i.GUI_X_Init        gui_x_ucos.o
    0x080076b0   0x0000001c   Code   RO         4585    i.GUI_X_InitOS      gui_x_ucos.o
    0x080076cc   0x00000014   Code   RO         4586    i.GUI_X_Lock        gui_x_ucos.o
    0x080076e0   0x0000000c   Code   RO         4590    i.GUI_X_Unlock      gui_x_ucos.o
    0x080076ec   0x00000002   Code   RO          297    i.I2C1_ER_IRQHandler  stm32f10x_it.o
    0x080076ee   0x00000002   Code   RO          298    i.I2C1_EV_IRQHandler  stm32f10x_it.o
    0x080076f0   0x00000002   Code   RO          299    i.I2C2_ER_IRQHandler  stm32f10x_it.o
    0x080076f2   0x00000002   Code   RO          300    i.I2C2_EV_IRQHandler  stm32f10x_it.o
    0x080076f4   0x00000030   Code   RO         5721    i.I2C_Ack           tea5756.o
    0x08007724   0x00000004   Code   RO         5722    i.I2C_FM_Init       tea5756.o
    0x08007728   0x00000030   Code   RO         5723    i.I2C_NoAck         tea5756.o
    0x08007758   0x00000050   Code   RO         5724    i.I2C_ReadByte      tea5756.o
    0x080077a8   0x00000044   Code   RO         5725    i.I2C_ReceiveByte   tea5756.o
    0x080077ec   0x00000040   Code   RO         5726    i.I2C_SendByte      tea5756.o
    0x0800782c   0x0000003c   Code   RO         5727    i.I2C_Start         tea5756.o
    0x08007868   0x00000030   Code   RO         5728    i.I2C_Stop          tea5756.o
    0x08007898   0x0000003c   Code   RO         5729    i.I2C_WaitAck       tea5756.o
    0x080078d4   0x00000046   Code   RO         5730    i.I2C_Write         tea5756.o
    0x0800791a   0x0000000c   Code   RO         5731    i.I2C_delay         tea5756.o
    0x08007926   0x00000002   PAD
    0x08007928   0x000001f0   Code   RO         5021    i.LCD_Init1         lcd_dis24.o
    0x08007b18   0x000000e0   Code   RO         5161    i.LCD_L0_DrawBitmap  ili9320_ucgui.o
    0x08007bf8   0x0000001c   Code   RO         5162    i.LCD_L0_DrawHLine  ili9320_ucgui.o
    0x08007c14   0x0000001c   Code   RO         5163    i.LCD_L0_DrawVLine  ili9320_ucgui.o
    0x08007c30   0x00000022   Code   RO         5164    i.LCD_L0_FillRect   ili9320_ucgui.o
    0x08007c52   0x00000008   Code   RO         5165    i.LCD_L0_GetPixelIndex  ili9320_ucgui.o
    0x08007c5a   0x0000000a   Code   RO         5166    i.LCD_L0_Init       ili9320_ucgui.o
    0x08007c64   0x00000002   Code   RO         5167    i.LCD_L0_On         ili9320_ucgui.o
    0x08007c66   0x00000002   Code   RO         5168    i.LCD_L0_SetLUTEntry  ili9320_ucgui.o
    0x08007c68   0x0000000a   Code   RO         5169    i.LCD_L0_SetPixelIndex  ili9320_ucgui.o
    0x08007c72   0x00000020   Code   RO         5170    i.LCD_L0_XorPixel   ili9320_ucgui.o
    0x08007c92   0x00000002   PAD
    0x08007c94   0x0000000c   Code   RO         5022    i.LCD_RD_data       lcd_dis24.o
    0x08007ca0   0x00000010   Code   RO         5023    i.LCD_WR_CMD        lcd_dis24.o
    0x08007cb0   0x0000000c   Code   RO         5024    i.LCD_WR_Data       lcd_dis24.o
    0x08007cbc   0x00000008   Code   RO         5026    i.LCD_WR_REG        lcd_dis24.o
    0x08007cc4   0x0000005c   Code   RO         4432    i.M25P80_buf_ToRam  spi_flash.o
    0x08007d20   0x00000114   Code   RO         4914    i.M25P80_buf_ToRam_TP  gui_x_touch.o
    0x08007e34   0x00000018   Code   RO          675    i.NVIC_Configuration  bsp.o
    0x08007e4c   0x00000064   Code   RO          826    i.NVIC_Init         misc.o
    0x08007eb0   0x00000014   Code   RO          827    i.NVIC_PriorityGroupConfig  misc.o
    0x08007ec4   0x00000014   Code   RO          828    i.NVIC_SetVectorTable  misc.o
    0x08007ed8   0x0000002a   Code   RO         3841    i.OSInit            os_core.o
    0x08007f02   0x00000002   Code   RO         3690    i.OSInitHookBegin   os_cpu_c.o
    0x08007f04   0x00000002   Code   RO         3691    i.OSInitHookEnd     os_cpu_c.o
    0x08007f06   0x00000002   PAD
    0x08007f08   0x00000058   Code   RO         3843    i.OSIntExit         os_core.o
    0x08007f60   0x00000044   Code   RO         4184    i.OSMboxCreate      os_mbox.o
    0x08007fa4   0x00000044   Code   RO         4256    i.OSSemCreate       os_sem.o
    0x08007fe8   0x000000b8   Code   RO         4258    i.OSSemPend         os_sem.o
    0x080080a0   0x00000054   Code   RO         4260    i.OSSemPost         os_sem.o
    0x080080f4   0x00000030   Code   RO         3846    i.OSStart           os_core.o
    0x08008124   0x00000034   Code   RO         3847    i.OSStatInit        os_core.o
    0x08008158   0x00000004   Code   RO         3692    i.OSTCBInitHook     os_cpu_c.o
    0x0800815c   0x00000088   Code   RO         4310    i.OSTaskCreate      os_task.o
    0x080081e4   0x0000009c   Code   RO         4311    i.OSTaskCreateExt   os_task.o
    0x08008280   0x00000004   Code   RO         3693    i.OSTaskCreateHook  os_cpu_c.o
    0x08008284   0x00000004   Code   RO         3695    i.OSTaskIdleHook    os_cpu_c.o
    0x08008288   0x0000008c   Code   RO         4315    i.OSTaskNameSet     os_task.o
    0x08008314   0x00000004   Code   RO         3696    i.OSTaskStatHook    os_cpu_c.o
    0x08008318   0x00000074   Code   RO         4318    i.OSTaskStkChk      os_task.o
    0x0800838c   0x00000064   Code   RO         3697    i.OSTaskStkInit     os_cpu_c.o
    0x080083f0   0x00000004   Code   RO         3698    i.OSTaskSwHook      os_cpu_c.o
    0x080083f4   0x00000058   Code   RO         4387    i.OSTimeDly         os_time.o
    0x0800844c   0x0000005c   Code   RO         4388    i.OSTimeDlyHMSM     os_time.o
    0x080084a8   0x00000018   Code   RO         4391    i.OSTimeSet         os_time.o
    0x080084c0   0x000000b4   Code   RO         3848    i.OSTimeTick        os_core.o
    0x08008574   0x00000002   Code   RO         3699    i.OSTimeTickHook    os_cpu_c.o
    0x08008576   0x00000002   PAD
    0x08008578   0x0000003c   Code   RO          677    i.OS_CPU_SysTickInit  bsp.o
    0x080085b4   0x00000038   Code   RO         3851    i.OS_EventTOAbort   os_core.o
    0x080085ec   0x0000008c   Code   RO         3852    i.OS_EventTaskRdy   os_core.o
    0x08008678   0x00000048   Code   RO         3853    i.OS_EventTaskWait  os_core.o
    0x080086c0   0x00000016   Code   RO         3854    i.OS_EventWaitListInit  os_core.o
    0x080086d6   0x00000002   PAD
    0x080086d8   0x00000044   Code   RO         4107    i.OS_FlagInit       os_flag.o
    0x0800871c   0x00000044   Code   RO         3855    i.OS_InitEventList  os_core.o
    0x08008760   0x00000020   Code   RO         3856    i.OS_InitMisc       os_core.o
    0x08008780   0x00000028   Code   RO         3857    i.OS_InitRdyList    os_core.o
    0x080087a8   0x00000054   Code   RO         3858    i.OS_InitTCBList    os_core.o
    0x080087fc   0x00000050   Code   RO         3859    i.OS_InitTaskIdle   os_core.o
    0x0800884c   0x00000050   Code   RO         3860    i.OS_InitTaskStat   os_core.o
    0x0800889c   0x00000012   Code   RO         3861    i.OS_MemClr         os_core.o
    0x080088ae   0x00000002   PAD
    0x080088b0   0x00000048   Code   RO         3863    i.OS_Sched          os_core.o
    0x080088f8   0x00000020   Code   RO         3864    i.OS_SchedNew       os_core.o
    0x08008918   0x0000001c   Code   RO         3865    i.OS_StrCopy        os_core.o
    0x08008934   0x00000014   Code   RO         3866    i.OS_StrLen         os_core.o
    0x08008948   0x000000ec   Code   RO         3867    i.OS_TCBInit        os_core.o
    0x08008a34   0x0000001c   Code   RO         3868    i.OS_TaskIdle       os_core.o
    0x08008a50   0x00000060   Code   RO         3869    i.OS_TaskStat       os_core.o
    0x08008ab0   0x00000038   Code   RO         3870    i.OS_TaskStatStkChk  os_core.o
    0x08008ae8   0x00000016   Code   RO         4320    i.OS_TaskStkClr     os_task.o
    0x08008afe   0x00000002   Code   RO          303    i.PVD_IRQHandler    stm32f10x_it.o
    0x08008b00   0x0000001c   Code   RO         6588    i.PutChar           dashboard.o
    0x08008b1c   0x00000014   Code   RO         6589    i.PutString         dashboard.o
    0x08008b30   0x0000006c   Code   RO          678    i.RCC1_Configuration  bsp.o
    0x08008b9c   0x00000018   Code   RO         2291    i.RCC_AHBPeriphClockCmd  stm32f10x_rcc.o
    0x08008bb4   0x00000018   Code   RO         2292    i.RCC_APB1PeriphClockCmd  stm32f10x_rcc.o
    0x08008bcc   0x00000018   Code   RO         2294    i.RCC_APB2PeriphClockCmd  stm32f10x_rcc.o
    0x08008be4   0x0000003c   Code   RO         2301    i.RCC_DeInit        stm32f10x_rcc.o
    0x08008c20   0x000000a8   Code   RO         2302    i.RCC_GetClocksFreq  stm32f10x_rcc.o
    0x08008cc8   0x00000030   Code   RO         2303    i.RCC_GetFlagStatus  stm32f10x_rcc.o
    0x08008cf8   0x00000010   Code   RO         2305    i.RCC_GetSYSCLKSource  stm32f10x_rcc.o
    0x08008d08   0x00000014   Code   RO         2306    i.RCC_HCLKConfig    stm32f10x_rcc.o
    0x08008d1c   0x00000038   Code   RO         2307    i.RCC_HSEConfig     stm32f10x_rcc.o
    0x08008d54   0x00000002   Code   RO          305    i.RCC_IRQHandler    stm32f10x_it.o
    0x08008d56   0x00000002   PAD
    0x08008d58   0x00000014   Code   RO         2313    i.RCC_PCLK1Config   stm32f10x_rcc.o
    0x08008d6c   0x00000014   Code   RO         2314    i.RCC_PCLK2Config   stm32f10x_rcc.o
    0x08008d80   0x0000000c   Code   RO         2315    i.RCC_PLLCmd        stm32f10x_rcc.o
    0x08008d8c   0x00000014   Code   RO         2316    i.RCC_PLLConfig     stm32f10x_rcc.o
    0x08008da0   0x00000014   Code   RO         2319    i.RCC_SYSCLKConfig  stm32f10x_rcc.o
    0x08008db4   0x00000026   Code   RO         2321    i.RCC_WaitForHSEStartUp  stm32f10x_rcc.o
    0x08008dda   0x00000002   Code   RO          306    i.RTCAlarm_IRQHandler  stm32f10x_it.o
    0x08008ddc   0x00000002   Code   RO          307    i.RTC_IRQHandler    stm32f10x_it.o
    0x08008dde   0x00000002   Code   RO          309    i.SPI1_IRQHandler   stm32f10x_it.o
    0x08008de0   0x00000002   Code   RO          310    i.SPI2_IRQHandler   stm32f10x_it.o
    0x08008de2   0x00000016   Code   RO         2771    i.SPI_Cmd           stm32f10x_spi.o
    0x08008df8   0x0000000e   Code   RO         2779    i.SPI_I2S_GetFlagStatus  stm32f10x_spi.o
    0x08008e06   0x00000004   Code   RO         2782    i.SPI_I2S_ReceiveData  stm32f10x_spi.o
    0x08008e0a   0x00000004   Code   RO         2783    i.SPI_I2S_SendData  stm32f10x_spi.o
    0x08008e0e   0x00000038   Code   RO         2784    i.SPI_Init          stm32f10x_spi.o
    0x08008e46   0x00000004   Code   RO         4434    i.SPI_ReadByte      spi_flash.o
    0x08008e4a   0x00000002   PAD
    0x08008e4c   0x00000034   Code   RO         4435    i.SPI_SendByte      spi_flash.o
    0x08008e80   0x00000054   Code   RO         5578    i.SetPLL            fm.o
    0x08008ed4   0x00000024   Code   RO          313    i.SysTickHandler    stm32f10x_it.o
    0x08008ef8   0x00000002   Code   RO          314    i.TAMPER_IRQHandler  stm32f10x_it.o
    0x08008efa   0x00000002   Code   RO          315    i.TIM1_BRK_IRQHandler  stm32f10x_it.o
    0x08008efc   0x00000002   Code   RO          316    i.TIM1_CC_IRQHandler  stm32f10x_it.o
    0x08008efe   0x00000002   Code   RO          317    i.TIM1_TRG_COM_IRQHandler  stm32f10x_it.o
    0x08008f00   0x00000002   Code   RO          318    i.TIM1_UP_IRQHandler  stm32f10x_it.o
    0x08008f02   0x00000002   Code   RO          319    i.TIM2_IRQHandler   stm32f10x_it.o
    0x08008f04   0x00000002   Code   RO          320    i.TIM3_IRQHandler   stm32f10x_it.o
    0x08008f06   0x00000002   Code   RO          321    i.TIM4_IRQHandler   stm32f10x_it.o
    0x08008f08   0x000000b0   Code   RO           23    i.USART1_IRQHandler  app.o
    0x08008fb8   0x00000068   Code   RO         4483    i.USART1_InitConfig  com.o
    0x08009020   0x00000088   Code   RO           24    i.USART2_IRQHandler  app.o
    0x080090a8   0x00000068   Code   RO         4484    i.USART2_InitConfig  com.o
    0x08009110   0x00000064   Code   RO           25    i.USART3_IRQHandler  app.o
    0x08009174   0x00000068   Code   RO         4485    i.USART3_InitConfig  com.o
    0x080091dc   0x0000000c   Code   RO         3459    i.USART_ClearITPendingBit  stm32f10x_usart.o
    0x080091e8   0x00000016   Code   RO         3462    i.USART_Cmd         stm32f10x_usart.o
    0x080091fe   0x0000003c   Code   RO         3466    i.USART_GetITStatus  stm32f10x_usart.o
    0x0800923a   0x00000032   Code   RO         3468    i.USART_ITConfig    stm32f10x_usart.o
    0x0800926c   0x0000008c   Code   RO         3469    i.USART_Init        stm32f10x_usart.o
    0x080092f8   0x00000008   Code   RO         3474    i.USART_ReceiveData  stm32f10x_usart.o
    0x08009300   0x00000008   Code   RO         3477    i.USART_SendData    stm32f10x_usart.o
    0x08009308   0x00000002   Code   RO          331    i.USBWakeUp_IRQHandler  stm32f10x_it.o
    0x0800930a   0x00000002   Code   RO          332    i.USB_HP_CAN_TX_IRQHandler  stm32f10x_it.o
    0x0800930c   0x00000002   Code   RO          333    i.USB_LP_CAN_RX0_IRQHandler  stm32f10x_it.o
    0x0800930e   0x00000002   Code   RO          335    i.WWDG_IRQHandler   stm32f10x_it.o
    0x08009310   0x00000010   Code   RO         9086    i.__mathlib_dbl_underflow  m_ws.l(dunder.o)
    0x08009320   0x00000010   Code   RO         8974    i.__mathlib_narrow  m_ws.l(narrow.o)
    0x08009330   0x00000088   Code   RO         8975    i.__mathlib_tofloat  m_ws.l(narrow.o)
    0x080093b8   0x00000016   Code   RO         9055    i.__support_ldexp   m_ws.l(ldexp.o)
    0x080093ce   0x0000000e   Code   RO         8499    i._is_digit         c_w.l(__printf_wp.o)
    0x080093dc   0x0000002a   Code   RO         8577    i.atof              m_ws.l(atof.o)
    0x08009406   0x00000002   PAD
    0x08009408   0x0000034c   Code   RO         6590    i.dashboard         dashboard.o
    0x08009754   0x000000dc   Code   RO         8581    i.floor             m_ws.l(floor.o)
    0x08009830   0x00000058   Code   RO         9030    i.frexp             m_ws.l(frexp.o)
    0x08009888   0x00000014   Code   RO         5352    i.ili9320_GetPoint  ili9320.o
    0x0800989c   0x0000000e   Code   RO         5353    i.ili9320_Initializtion  ili9320.o
    0x080098aa   0x0000000a   Code   RO         5355    i.ili9320_ReadData  ili9320.o
    0x080098b4   0x0000001a   Code   RO         5358    i.ili9320_SetCursor  ili9320.o
    0x080098ce   0x00000028   Code   RO         5359    i.ili9320_SetPoint  ili9320.o
    0x080098f6   0x0000007e   Code   RO         9056    i.ldexp             m_ws.l(ldexp.o)
    0x08009974   0x0000006c   Code   RO           26    i.main              app.o
    0x080099e0   0x000000e0   Code   RO          685    i.tp_Config         bsp.o
    0x08009ac0   0x0000002c   Code   RO         8713    locale$$code        c_w.l(lc_numeric_c.o)
    0x08009aec   0x0000002c   Code   RO         8953    locale$$code        c_w.l(lc_ctype_c.o)
    0x08009b18   0x00000062   Code   RO         8532    x$fpl$d2f           fz_ws.l(d2f.o)
    0x08009b7a   0x00000002   PAD
    0x08009b7c   0x00000150   Code   RO         8647    x$fpl$dadd          fz_ws.l(daddsub_clz.o)
    0x08009ccc   0x00000010   Code   RO         9084    x$fpl$dcheck1       fz_ws.l(dcheck1.o)
    0x08009cdc   0x00000018   Code   RO         8906    x$fpl$dcmpinf       fz_ws.l(dcmpi.o)
    0x08009cf4   0x00000078   Code   RO         9027    x$fpl$deqf          fz_ws.l(deqf.o)
    0x08009d6c   0x00000078   Code   RO         8715    x$fpl$dleqf         fz_ws.l(dleqf.o)
    0x08009de4   0x00000154   Code   RO         8544    x$fpl$dmul          fz_ws.l(dmul.o)
    0x08009f38   0x0000009c   Code   RO         8653    x$fpl$dnaninf       fz_ws.l(dnaninf.o)
    0x08009fd4   0x0000000c   Code   RO         8655    x$fpl$dretinf       fz_ws.l(dretinf.o)
    0x08009fe0   0x0000006c   Code   RO         8657    x$fpl$drleqf        fz_ws.l(drleqf.o)
    0x0800a04c   0x00000016   Code   RO         8648    x$fpl$drsb          fz_ws.l(daddsub_clz.o)
    0x0800a062   0x00000002   PAD
    0x0800a064   0x000001d4   Code   RO         8649    x$fpl$dsub          fz_ws.l(daddsub_clz.o)
    0x0800a238   0x00000056   Code   RO         8546    x$fpl$f2d           fz_ws.l(f2d.o)
    0x0800a28e   0x00000002   PAD
    0x0800a290   0x000000c4   Code   RO         8548    x$fpl$fadd          fz_ws.l(faddsub_clz.o)
    0x0800a354   0x00000184   Code   RO         8555    x$fpl$fdiv          fz_ws.l(fdiv.o)
    0x0800a4d8   0x00000036   Code   RO         8558    x$fpl$ffix          fz_ws.l(ffix.o)
    0x0800a50e   0x00000002   PAD
    0x0800a510   0x0000003e   Code   RO         8562    x$fpl$ffixu         fz_ws.l(ffixu.o)
    0x0800a54e   0x00000002   PAD
    0x0800a550   0x00000026   Code   RO         8566    x$fpl$ffltu         fz_ws.l(fflt_clz.o)
    0x0800a576   0x00000002   PAD
    0x0800a578   0x00000102   Code   RO         8572    x$fpl$fmul          fz_ws.l(fmul.o)
    0x0800a67a   0x0000008c   Code   RO         8661    x$fpl$fnaninf       fz_ws.l(fnaninf.o)
    0x0800a706   0x0000000e   Code   RO         8966    x$fpl$fpinit        fz_ws.l(fpinit.o)
    0x0800a714   0x0000000a   Code   RO         8663    x$fpl$fretinf       fz_ws.l(fretinf.o)
    0x0800a71e   0x00000002   PAD
    0x0800a720   0x000000ea   Code   RO         8550    x$fpl$fsub          fz_ws.l(faddsub_clz.o)
    0x0800a80a   0x00000064   Code   RO         8717    x$fpl$retnan        fz_ws.l(retnan.o)
    0x0800a86e   0x0000005c   Code   RO         9052    x$fpl$scalbn        fz_ws.l(scalbn.o)
    0x0800a8ca   0x00000004   Code   RO         8719    x$fpl$scanf1        fz_ws.l(scanf1.o)
    0x0800a8ce   0x00000008   Code   RO         8968    x$fpl$scanf2        fz_ws.l(scanf2.o)
    0x0800a8d6   0x00000030   Code   RO         8910    x$fpl$trapveneer    fz_ws.l(trapv.o)
    0x0800a906   0x00000000   Code   RO         8667    x$fpl$usenofp       fz_ws.l(usenofp.o)
    0x0800a906   0x00000100   Data   RO         3873    .constdata          os_core.o
    0x0800aa06   0x00000002   PAD
    0x0800aa08   0x00000042   Data   RO         6592    .constdata          dashboard.o
    0x0800aa4a   0x00000044   Data   RO         6723    .constdata          uCGUI_DEMO.lib(gui2dlib.o)
    0x0800aa8e   0x00000002   PAD
    0x0800aa90   0x00000008   Data   RO         6861    .constdata          uCGUI_DEMO.lib(guicore.o)
    0x0800aa98   0x00000018   Data   RO         6973    .constdata          uCGUI_DEMO.lib(f24b_ascii.o)
    0x0800aab0   0x00000018   Data   RO         6974    .constdata          uCGUI_DEMO.lib(f24b_ascii.o)
    0x0800aac8   0x00000030   Data   RO         6975    .constdata          uCGUI_DEMO.lib(f24b_ascii.o)
    0x0800aaf8   0x00000030   Data   RO         6976    .constdata          uCGUI_DEMO.lib(f24b_ascii.o)
    0x0800ab28   0x00000030   Data   RO         6977    .constdata          uCGUI_DEMO.lib(f24b_ascii.o)
    0x0800ab58   0x00000048   Data   RO         6978    .constdata          uCGUI_DEMO.lib(f24b_ascii.o)
    0x0800aba0   0x00000030   Data   RO         6979    .constdata          uCGUI_DEMO.lib(f24b_ascii.o)
    0x0800abd0   0x00000018   Data   RO         6980    .constdata          uCGUI_DEMO.lib(f24b_ascii.o)
    0x0800abe8   0x00000018   Data   RO         6981    .constdata          uCGUI_DEMO.lib(f24b_ascii.o)
    0x0800ac00   0x00000018   Data   RO         6982    .constdata          uCGUI_DEMO.lib(f24b_ascii.o)
    0x0800ac18   0x00000018   Data   RO         6983    .constdata          uCGUI_DEMO.lib(f24b_ascii.o)
    0x0800ac30   0x00000030   Data   RO         6984    .constdata          uCGUI_DEMO.lib(f24b_ascii.o)
    0x0800ac60   0x00000018   Data   RO         6985    .constdata          uCGUI_DEMO.lib(f24b_ascii.o)
    0x0800ac78   0x00000018   Data   RO         6986    .constdata          uCGUI_DEMO.lib(f24b_ascii.o)
    0x0800ac90   0x00000018   Data   RO         6987    .constdata          uCGUI_DEMO.lib(f24b_ascii.o)
    0x0800aca8   0x00000018   Data   RO         6988    .constdata          uCGUI_DEMO.lib(f24b_ascii.o)
    0x0800acc0   0x00000030   Data   RO         6989    .constdata          uCGUI_DEMO.lib(f24b_ascii.o)
    0x0800acf0   0x00000030   Data   RO         6990    .constdata          uCGUI_DEMO.lib(f24b_ascii.o)
    0x0800ad20   0x00000030   Data   RO         6991    .constdata          uCGUI_DEMO.lib(f24b_ascii.o)
    0x0800ad50   0x00000030   Data   RO         6992    .constdata          uCGUI_DEMO.lib(f24b_ascii.o)
    0x0800ad80   0x00000030   Data   RO         6993    .constdata          uCGUI_DEMO.lib(f24b_ascii.o)
    0x0800adb0   0x00000030   Data   RO         6994    .constdata          uCGUI_DEMO.lib(f24b_ascii.o)
    0x0800ade0   0x00000030   Data   RO         6995    .constdata          uCGUI_DEMO.lib(f24b_ascii.o)
    0x0800ae10   0x00000030   Data   RO         6996    .constdata          uCGUI_DEMO.lib(f24b_ascii.o)
    0x0800ae40   0x00000030   Data   RO         6997    .constdata          uCGUI_DEMO.lib(f24b_ascii.o)
    0x0800ae70   0x00000030   Data   RO         6998    .constdata          uCGUI_DEMO.lib(f24b_ascii.o)
    0x0800aea0   0x00000018   Data   RO         6999    .constdata          uCGUI_DEMO.lib(f24b_ascii.o)
    0x0800aeb8   0x00000018   Data   RO         7000    .constdata          uCGUI_DEMO.lib(f24b_ascii.o)
    0x0800aed0   0x00000030   Data   RO         7001    .constdata          uCGUI_DEMO.lib(f24b_ascii.o)
    0x0800af00   0x00000030   Data   RO         7002    .constdata          uCGUI_DEMO.lib(f24b_ascii.o)
    0x0800af30   0x00000030   Data   RO         7003    .constdata          uCGUI_DEMO.lib(f24b_ascii.o)
    0x0800af60   0x00000030   Data   RO         7004    .constdata          uCGUI_DEMO.lib(f24b_ascii.o)
    0x0800af90   0x00000048   Data   RO         7005    .constdata          uCGUI_DEMO.lib(f24b_ascii.o)
    0x0800afd8   0x00000030   Data   RO         7006    .constdata          uCGUI_DEMO.lib(f24b_ascii.o)
    0x0800b008   0x00000030   Data   RO         7007    .constdata          uCGUI_DEMO.lib(f24b_ascii.o)
    0x0800b038   0x00000030   Data   RO         7008    .constdata          uCGUI_DEMO.lib(f24b_ascii.o)
    0x0800b068   0x00000030   Data   RO         7009    .constdata          uCGUI_DEMO.lib(f24b_ascii.o)
    0x0800b098   0x00000030   Data   RO         7010    .constdata          uCGUI_DEMO.lib(f24b_ascii.o)
    0x0800b0c8   0x00000030   Data   RO         7011    .constdata          uCGUI_DEMO.lib(f24b_ascii.o)
    0x0800b0f8   0x00000030   Data   RO         7012    .constdata          uCGUI_DEMO.lib(f24b_ascii.o)
    0x0800b128   0x00000030   Data   RO         7013    .constdata          uCGUI_DEMO.lib(f24b_ascii.o)
    0x0800b158   0x00000018   Data   RO         7014    .constdata          uCGUI_DEMO.lib(f24b_ascii.o)
    0x0800b170   0x00000030   Data   RO         7015    .constdata          uCGUI_DEMO.lib(f24b_ascii.o)
    0x0800b1a0   0x00000030   Data   RO         7016    .constdata          uCGUI_DEMO.lib(f24b_ascii.o)
    0x0800b1d0   0x00000030   Data   RO         7017    .constdata          uCGUI_DEMO.lib(f24b_ascii.o)
    0x0800b200   0x00000048   Data   RO         7018    .constdata          uCGUI_DEMO.lib(f24b_ascii.o)
    0x0800b248   0x00000030   Data   RO         7019    .constdata          uCGUI_DEMO.lib(f24b_ascii.o)
    0x0800b278   0x00000030   Data   RO         7020    .constdata          uCGUI_DEMO.lib(f24b_ascii.o)
    0x0800b2a8   0x00000030   Data   RO         7021    .constdata          uCGUI_DEMO.lib(f24b_ascii.o)
    0x0800b2d8   0x00000030   Data   RO         7022    .constdata          uCGUI_DEMO.lib(f24b_ascii.o)
    0x0800b308   0x00000030   Data   RO         7023    .constdata          uCGUI_DEMO.lib(f24b_ascii.o)
    0x0800b338   0x00000030   Data   RO         7024    .constdata          uCGUI_DEMO.lib(f24b_ascii.o)
    0x0800b368   0x00000030   Data   RO         7025    .constdata          uCGUI_DEMO.lib(f24b_ascii.o)
    0x0800b398   0x00000030   Data   RO         7026    .constdata          uCGUI_DEMO.lib(f24b_ascii.o)
    0x0800b3c8   0x00000030   Data   RO         7027    .constdata          uCGUI_DEMO.lib(f24b_ascii.o)
    0x0800b3f8   0x00000048   Data   RO         7028    .constdata          uCGUI_DEMO.lib(f24b_ascii.o)
    0x0800b440   0x00000030   Data   RO         7029    .constdata          uCGUI_DEMO.lib(f24b_ascii.o)
    0x0800b470   0x00000030   Data   RO         7030    .constdata          uCGUI_DEMO.lib(f24b_ascii.o)
    0x0800b4a0   0x00000030   Data   RO         7031    .constdata          uCGUI_DEMO.lib(f24b_ascii.o)
    0x0800b4d0   0x00000018   Data   RO         7032    .constdata          uCGUI_DEMO.lib(f24b_ascii.o)
    0x0800b4e8   0x00000018   Data   RO         7033    .constdata          uCGUI_DEMO.lib(f24b_ascii.o)
    0x0800b500   0x00000018   Data   RO         7034    .constdata          uCGUI_DEMO.lib(f24b_ascii.o)
    0x0800b518   0x00000030   Data   RO         7035    .constdata          uCGUI_DEMO.lib(f24b_ascii.o)
    0x0800b548   0x00000030   Data   RO         7036    .constdata          uCGUI_DEMO.lib(f24b_ascii.o)
    0x0800b578   0x00000018   Data   RO         7037    .constdata          uCGUI_DEMO.lib(f24b_ascii.o)
    0x0800b590   0x00000030   Data   RO         7038    .constdata          uCGUI_DEMO.lib(f24b_ascii.o)
    0x0800b5c0   0x00000030   Data   RO         7039    .constdata          uCGUI_DEMO.lib(f24b_ascii.o)
    0x0800b5f0   0x00000030   Data   RO         7040    .constdata          uCGUI_DEMO.lib(f24b_ascii.o)
    0x0800b620   0x00000030   Data   RO         7041    .constdata          uCGUI_DEMO.lib(f24b_ascii.o)
    0x0800b650   0x00000030   Data   RO         7042    .constdata          uCGUI_DEMO.lib(f24b_ascii.o)
    0x0800b680   0x00000018   Data   RO         7043    .constdata          uCGUI_DEMO.lib(f24b_ascii.o)
    0x0800b698   0x00000030   Data   RO         7044    .constdata          uCGUI_DEMO.lib(f24b_ascii.o)
    0x0800b6c8   0x00000030   Data   RO         7045    .constdata          uCGUI_DEMO.lib(f24b_ascii.o)
    0x0800b6f8   0x00000018   Data   RO         7046    .constdata          uCGUI_DEMO.lib(f24b_ascii.o)
    0x0800b710   0x00000018   Data   RO         7047    .constdata          uCGUI_DEMO.lib(f24b_ascii.o)
    0x0800b728   0x00000030   Data   RO         7048    .constdata          uCGUI_DEMO.lib(f24b_ascii.o)
    0x0800b758   0x00000018   Data   RO         7049    .constdata          uCGUI_DEMO.lib(f24b_ascii.o)
    0x0800b770   0x00000048   Data   RO         7050    .constdata          uCGUI_DEMO.lib(f24b_ascii.o)
    0x0800b7b8   0x00000030   Data   RO         7051    .constdata          uCGUI_DEMO.lib(f24b_ascii.o)
    0x0800b7e8   0x00000030   Data   RO         7052    .constdata          uCGUI_DEMO.lib(f24b_ascii.o)
    0x0800b818   0x00000030   Data   RO         7053    .constdata          uCGUI_DEMO.lib(f24b_ascii.o)
    0x0800b848   0x00000030   Data   RO         7054    .constdata          uCGUI_DEMO.lib(f24b_ascii.o)
    0x0800b878   0x00000018   Data   RO         7055    .constdata          uCGUI_DEMO.lib(f24b_ascii.o)
    0x0800b890   0x00000030   Data   RO         7056    .constdata          uCGUI_DEMO.lib(f24b_ascii.o)
    0x0800b8c0   0x00000018   Data   RO         7057    .constdata          uCGUI_DEMO.lib(f24b_ascii.o)
    0x0800b8d8   0x00000030   Data   RO         7058    .constdata          uCGUI_DEMO.lib(f24b_ascii.o)
    0x0800b908   0x00000030   Data   RO         7059    .constdata          uCGUI_DEMO.lib(f24b_ascii.o)
    0x0800b938   0x00000030   Data   RO         7060    .constdata          uCGUI_DEMO.lib(f24b_ascii.o)
    0x0800b968   0x00000030   Data   RO         7061    .constdata          uCGUI_DEMO.lib(f24b_ascii.o)
    0x0800b998   0x00000030   Data   RO         7062    .constdata          uCGUI_DEMO.lib(f24b_ascii.o)
    0x0800b9c8   0x00000030   Data   RO         7063    .constdata          uCGUI_DEMO.lib(f24b_ascii.o)
    0x0800b9f8   0x00000018   Data   RO         7064    .constdata          uCGUI_DEMO.lib(f24b_ascii.o)
    0x0800ba10   0x00000018   Data   RO         7065    .constdata          uCGUI_DEMO.lib(f24b_ascii.o)
    0x0800ba28   0x00000018   Data   RO         7066    .constdata          uCGUI_DEMO.lib(f24b_ascii.o)
    0x0800ba40   0x00000030   Data   RO         7067    .constdata          uCGUI_DEMO.lib(f24b_ascii.o)
    0x0800ba70   0x000002f8   Data   RO         7068    .constdata          uCGUI_DEMO.lib(f24b_ascii.o)
    0x0800bd68   0x0000000c   Data   RO         7069    .constdata          uCGUI_DEMO.lib(f24b_ascii.o)
    0x0800bd74   0x00000020   Data   RO         7070    .constdata          uCGUI_DEMO.lib(f24b_ascii.o)
    0x0800bd94   0x00000020   Data   RO         7101    .constdata          uCGUI_DEMO.lib(f32_ascii.o)
    0x0800bdb4   0x00000020   Data   RO         7102    .constdata          uCGUI_DEMO.lib(f32_ascii.o)
    0x0800bdd4   0x00000040   Data   RO         7103    .constdata          uCGUI_DEMO.lib(f32_ascii.o)
    0x0800be14   0x00000040   Data   RO         7104    .constdata          uCGUI_DEMO.lib(f32_ascii.o)
    0x0800be54   0x00000040   Data   RO         7105    .constdata          uCGUI_DEMO.lib(f32_ascii.o)
    0x0800be94   0x00000060   Data   RO         7106    .constdata          uCGUI_DEMO.lib(f32_ascii.o)
    0x0800bef4   0x00000060   Data   RO         7107    .constdata          uCGUI_DEMO.lib(f32_ascii.o)
    0x0800bf54   0x00000020   Data   RO         7108    .constdata          uCGUI_DEMO.lib(f32_ascii.o)
    0x0800bf74   0x00000040   Data   RO         7109    .constdata          uCGUI_DEMO.lib(f32_ascii.o)
    0x0800bfb4   0x00000040   Data   RO         7110    .constdata          uCGUI_DEMO.lib(f32_ascii.o)
    0x0800bff4   0x00000040   Data   RO         7111    .constdata          uCGUI_DEMO.lib(f32_ascii.o)
    0x0800c034   0x00000040   Data   RO         7112    .constdata          uCGUI_DEMO.lib(f32_ascii.o)
    0x0800c074   0x00000020   Data   RO         7113    .constdata          uCGUI_DEMO.lib(f32_ascii.o)
    0x0800c094   0x00000040   Data   RO         7114    .constdata          uCGUI_DEMO.lib(f32_ascii.o)
    0x0800c0d4   0x00000020   Data   RO         7115    .constdata          uCGUI_DEMO.lib(f32_ascii.o)
    0x0800c0f4   0x00000020   Data   RO         7116    .constdata          uCGUI_DEMO.lib(f32_ascii.o)
    0x0800c114   0x00000040   Data   RO         7117    .constdata          uCGUI_DEMO.lib(f32_ascii.o)
    0x0800c154   0x00000040   Data   RO         7118    .constdata          uCGUI_DEMO.lib(f32_ascii.o)
    0x0800c194   0x00000040   Data   RO         7119    .constdata          uCGUI_DEMO.lib(f32_ascii.o)
    0x0800c1d4   0x00000040   Data   RO         7120    .constdata          uCGUI_DEMO.lib(f32_ascii.o)
    0x0800c214   0x00000040   Data   RO         7121    .constdata          uCGUI_DEMO.lib(f32_ascii.o)
    0x0800c254   0x00000040   Data   RO         7122    .constdata          uCGUI_DEMO.lib(f32_ascii.o)
    0x0800c294   0x00000040   Data   RO         7123    .constdata          uCGUI_DEMO.lib(f32_ascii.o)
    0x0800c2d4   0x00000040   Data   RO         7124    .constdata          uCGUI_DEMO.lib(f32_ascii.o)
    0x0800c314   0x00000040   Data   RO         7125    .constdata          uCGUI_DEMO.lib(f32_ascii.o)
    0x0800c354   0x00000040   Data   RO         7126    .constdata          uCGUI_DEMO.lib(f32_ascii.o)
    0x0800c394   0x00000020   Data   RO         7127    .constdata          uCGUI_DEMO.lib(f32_ascii.o)
    0x0800c3b4   0x00000020   Data   RO         7128    .constdata          uCGUI_DEMO.lib(f32_ascii.o)
    0x0800c3d4   0x00000040   Data   RO         7129    .constdata          uCGUI_DEMO.lib(f32_ascii.o)
    0x0800c414   0x00000040   Data   RO         7130    .constdata          uCGUI_DEMO.lib(f32_ascii.o)
    0x0800c454   0x00000040   Data   RO         7131    .constdata          uCGUI_DEMO.lib(f32_ascii.o)
    0x0800c494   0x00000040   Data   RO         7132    .constdata          uCGUI_DEMO.lib(f32_ascii.o)
    0x0800c4d4   0x00000080   Data   RO         7133    .constdata          uCGUI_DEMO.lib(f32_ascii.o)
    0x0800c554   0x00000060   Data   RO         7134    .constdata          uCGUI_DEMO.lib(f32_ascii.o)
    0x0800c5b4   0x00000060   Data   RO         7135    .constdata          uCGUI_DEMO.lib(f32_ascii.o)
    0x0800c614   0x00000060   Data   RO         7136    .constdata          uCGUI_DEMO.lib(f32_ascii.o)
    0x0800c674   0x00000060   Data   RO         7137    .constdata          uCGUI_DEMO.lib(f32_ascii.o)
    0x0800c6d4   0x00000060   Data   RO         7138    .constdata          uCGUI_DEMO.lib(f32_ascii.o)
    0x0800c734   0x00000060   Data   RO         7139    .constdata          uCGUI_DEMO.lib(f32_ascii.o)
    0x0800c794   0x00000060   Data   RO         7140    .constdata          uCGUI_DEMO.lib(f32_ascii.o)
    0x0800c7f4   0x00000060   Data   RO         7141    .constdata          uCGUI_DEMO.lib(f32_ascii.o)
    0x0800c854   0x00000020   Data   RO         7142    .constdata          uCGUI_DEMO.lib(f32_ascii.o)
    0x0800c874   0x00000040   Data   RO         7143    .constdata          uCGUI_DEMO.lib(f32_ascii.o)
    0x0800c8b4   0x00000060   Data   RO         7144    .constdata          uCGUI_DEMO.lib(f32_ascii.o)
    0x0800c914   0x00000040   Data   RO         7145    .constdata          uCGUI_DEMO.lib(f32_ascii.o)
    0x0800c954   0x00000060   Data   RO         7146    .constdata          uCGUI_DEMO.lib(f32_ascii.o)
    0x0800c9b4   0x00000060   Data   RO         7147    .constdata          uCGUI_DEMO.lib(f32_ascii.o)
    0x0800ca14   0x00000060   Data   RO         7148    .constdata          uCGUI_DEMO.lib(f32_ascii.o)
    0x0800ca74   0x00000060   Data   RO         7149    .constdata          uCGUI_DEMO.lib(f32_ascii.o)
    0x0800cad4   0x00000060   Data   RO         7150    .constdata          uCGUI_DEMO.lib(f32_ascii.o)
    0x0800cb34   0x00000060   Data   RO         7151    .constdata          uCGUI_DEMO.lib(f32_ascii.o)
    0x0800cb94   0x00000060   Data   RO         7152    .constdata          uCGUI_DEMO.lib(f32_ascii.o)
    0x0800cbf4   0x00000040   Data   RO         7153    .constdata          uCGUI_DEMO.lib(f32_ascii.o)
    0x0800cc34   0x00000060   Data   RO         7154    .constdata          uCGUI_DEMO.lib(f32_ascii.o)
    0x0800cc94   0x00000060   Data   RO         7155    .constdata          uCGUI_DEMO.lib(f32_ascii.o)
    0x0800ccf4   0x00000080   Data   RO         7156    .constdata          uCGUI_DEMO.lib(f32_ascii.o)
    0x0800cd74   0x00000060   Data   RO         7157    .constdata          uCGUI_DEMO.lib(f32_ascii.o)
    0x0800cdd4   0x00000060   Data   RO         7158    .constdata          uCGUI_DEMO.lib(f32_ascii.o)
    0x0800ce34   0x00000060   Data   RO         7159    .constdata          uCGUI_DEMO.lib(f32_ascii.o)
    0x0800ce94   0x00000020   Data   RO         7160    .constdata          uCGUI_DEMO.lib(f32_ascii.o)
    0x0800ceb4   0x00000020   Data   RO         7161    .constdata          uCGUI_DEMO.lib(f32_ascii.o)
    0x0800ced4   0x00000020   Data   RO         7162    .constdata          uCGUI_DEMO.lib(f32_ascii.o)
    0x0800cef4   0x00000040   Data   RO         7163    .constdata          uCGUI_DEMO.lib(f32_ascii.o)
    0x0800cf34   0x00000040   Data   RO         7164    .constdata          uCGUI_DEMO.lib(f32_ascii.o)
    0x0800cf74   0x00000040   Data   RO         7165    .constdata          uCGUI_DEMO.lib(f32_ascii.o)
    0x0800cfb4   0x00000040   Data   RO         7166    .constdata          uCGUI_DEMO.lib(f32_ascii.o)
    0x0800cff4   0x00000040   Data   RO         7167    .constdata          uCGUI_DEMO.lib(f32_ascii.o)
    0x0800d034   0x00000040   Data   RO         7168    .constdata          uCGUI_DEMO.lib(f32_ascii.o)
    0x0800d074   0x00000040   Data   RO         7169    .constdata          uCGUI_DEMO.lib(f32_ascii.o)
    0x0800d0b4   0x00000040   Data   RO         7170    .constdata          uCGUI_DEMO.lib(f32_ascii.o)
    0x0800d0f4   0x00000020   Data   RO         7171    .constdata          uCGUI_DEMO.lib(f32_ascii.o)
    0x0800d114   0x00000040   Data   RO         7172    .constdata          uCGUI_DEMO.lib(f32_ascii.o)
    0x0800d154   0x00000040   Data   RO         7173    .constdata          uCGUI_DEMO.lib(f32_ascii.o)
    0x0800d194   0x00000020   Data   RO         7174    .constdata          uCGUI_DEMO.lib(f32_ascii.o)
    0x0800d1b4   0x00000020   Data   RO         7175    .constdata          uCGUI_DEMO.lib(f32_ascii.o)
    0x0800d1d4   0x00000040   Data   RO         7176    .constdata          uCGUI_DEMO.lib(f32_ascii.o)
    0x0800d214   0x00000020   Data   RO         7177    .constdata          uCGUI_DEMO.lib(f32_ascii.o)
    0x0800d234   0x00000060   Data   RO         7178    .constdata          uCGUI_DEMO.lib(f32_ascii.o)
    0x0800d294   0x00000040   Data   RO         7179    .constdata          uCGUI_DEMO.lib(f32_ascii.o)
    0x0800d2d4   0x00000040   Data   RO         7180    .constdata          uCGUI_DEMO.lib(f32_ascii.o)
    0x0800d314   0x00000040   Data   RO         7181    .constdata          uCGUI_DEMO.lib(f32_ascii.o)
    0x0800d354   0x00000040   Data   RO         7182    .constdata          uCGUI_DEMO.lib(f32_ascii.o)
    0x0800d394   0x00000040   Data   RO         7183    .constdata          uCGUI_DEMO.lib(f32_ascii.o)
    0x0800d3d4   0x00000040   Data   RO         7184    .constdata          uCGUI_DEMO.lib(f32_ascii.o)
    0x0800d414   0x00000020   Data   RO         7185    .constdata          uCGUI_DEMO.lib(f32_ascii.o)
    0x0800d434   0x00000040   Data   RO         7186    .constdata          uCGUI_DEMO.lib(f32_ascii.o)
    0x0800d474   0x00000040   Data   RO         7187    .constdata          uCGUI_DEMO.lib(f32_ascii.o)
    0x0800d4b4   0x00000060   Data   RO         7188    .constdata          uCGUI_DEMO.lib(f32_ascii.o)
    0x0800d514   0x00000040   Data   RO         7189    .constdata          uCGUI_DEMO.lib(f32_ascii.o)
    0x0800d554   0x00000040   Data   RO         7190    .constdata          uCGUI_DEMO.lib(f32_ascii.o)
    0x0800d594   0x00000040   Data   RO         7191    .constdata          uCGUI_DEMO.lib(f32_ascii.o)
    0x0800d5d4   0x00000040   Data   RO         7192    .constdata          uCGUI_DEMO.lib(f32_ascii.o)
    0x0800d614   0x00000020   Data   RO         7193    .constdata          uCGUI_DEMO.lib(f32_ascii.o)
    0x0800d634   0x00000040   Data   RO         7194    .constdata          uCGUI_DEMO.lib(f32_ascii.o)
    0x0800d674   0x00000040   Data   RO         7195    .constdata          uCGUI_DEMO.lib(f32_ascii.o)
    0x0800d6b4   0x000002f8   Data   RO         7196    .constdata          uCGUI_DEMO.lib(f32_ascii.o)
    0x0800d9ac   0x0000000c   Data   RO         7197    .constdata          uCGUI_DEMO.lib(f32_ascii.o)
    0x0800d9b8   0x00000020   Data   RO         7198    .constdata          uCGUI_DEMO.lib(f32_ascii.o)
    0x0800d9d8   0x00000020   Data   RO         7215    .constdata          uCGUI_DEMO.lib(f32b_ascii.o)
    0x0800d9f8   0x00000020   Data   RO         7216    .constdata          uCGUI_DEMO.lib(f32b_ascii.o)
    0x0800da18   0x00000040   Data   RO         7217    .constdata          uCGUI_DEMO.lib(f32b_ascii.o)
    0x0800da58   0x00000040   Data   RO         7218    .constdata          uCGUI_DEMO.lib(f32b_ascii.o)
    0x0800da98   0x00000040   Data   RO         7219    .constdata          uCGUI_DEMO.lib(f32b_ascii.o)
    0x0800dad8   0x00000060   Data   RO         7220    .constdata          uCGUI_DEMO.lib(f32b_ascii.o)
    0x0800db38   0x00000060   Data   RO         7221    .constdata          uCGUI_DEMO.lib(f32b_ascii.o)
    0x0800db98   0x00000020   Data   RO         7222    .constdata          uCGUI_DEMO.lib(f32b_ascii.o)
    0x0800dbb8   0x00000040   Data   RO         7223    .constdata          uCGUI_DEMO.lib(f32b_ascii.o)
    0x0800dbf8   0x00000040   Data   RO         7224    .constdata          uCGUI_DEMO.lib(f32b_ascii.o)
    0x0800dc38   0x00000040   Data   RO         7225    .constdata          uCGUI_DEMO.lib(f32b_ascii.o)
    0x0800dc78   0x00000040   Data   RO         7226    .constdata          uCGUI_DEMO.lib(f32b_ascii.o)
    0x0800dcb8   0x00000020   Data   RO         7227    .constdata          uCGUI_DEMO.lib(f32b_ascii.o)
    0x0800dcd8   0x00000040   Data   RO         7228    .constdata          uCGUI_DEMO.lib(f32b_ascii.o)
    0x0800dd18   0x00000020   Data   RO         7229    .constdata          uCGUI_DEMO.lib(f32b_ascii.o)
    0x0800dd38   0x00000020   Data   RO         7230    .constdata          uCGUI_DEMO.lib(f32b_ascii.o)
    0x0800dd58   0x00000040   Data   RO         7231    .constdata          uCGUI_DEMO.lib(f32b_ascii.o)
    0x0800dd98   0x00000040   Data   RO         7232    .constdata          uCGUI_DEMO.lib(f32b_ascii.o)
    0x0800ddd8   0x00000040   Data   RO         7233    .constdata          uCGUI_DEMO.lib(f32b_ascii.o)
    0x0800de18   0x00000040   Data   RO         7234    .constdata          uCGUI_DEMO.lib(f32b_ascii.o)
    0x0800de58   0x00000040   Data   RO         7235    .constdata          uCGUI_DEMO.lib(f32b_ascii.o)
    0x0800de98   0x00000040   Data   RO         7236    .constdata          uCGUI_DEMO.lib(f32b_ascii.o)
    0x0800ded8   0x00000040   Data   RO         7237    .constdata          uCGUI_DEMO.lib(f32b_ascii.o)
    0x0800df18   0x00000040   Data   RO         7238    .constdata          uCGUI_DEMO.lib(f32b_ascii.o)
    0x0800df58   0x00000040   Data   RO         7239    .constdata          uCGUI_DEMO.lib(f32b_ascii.o)
    0x0800df98   0x00000040   Data   RO         7240    .constdata          uCGUI_DEMO.lib(f32b_ascii.o)
    0x0800dfd8   0x00000040   Data   RO         7241    .constdata          uCGUI_DEMO.lib(f32b_ascii.o)
    0x0800e018   0x00000040   Data   RO         7242    .constdata          uCGUI_DEMO.lib(f32b_ascii.o)
    0x0800e058   0x00000040   Data   RO         7243    .constdata          uCGUI_DEMO.lib(f32b_ascii.o)
    0x0800e098   0x00000040   Data   RO         7244    .constdata          uCGUI_DEMO.lib(f32b_ascii.o)
    0x0800e0d8   0x00000040   Data   RO         7245    .constdata          uCGUI_DEMO.lib(f32b_ascii.o)
    0x0800e118   0x00000060   Data   RO         7246    .constdata          uCGUI_DEMO.lib(f32b_ascii.o)
    0x0800e178   0x00000080   Data   RO         7247    .constdata          uCGUI_DEMO.lib(f32b_ascii.o)
    0x0800e1f8   0x00000060   Data   RO         7248    .constdata          uCGUI_DEMO.lib(f32b_ascii.o)
    0x0800e258   0x00000060   Data   RO         7249    .constdata          uCGUI_DEMO.lib(f32b_ascii.o)
    0x0800e2b8   0x00000060   Data   RO         7250    .constdata          uCGUI_DEMO.lib(f32b_ascii.o)
    0x0800e318   0x00000060   Data   RO         7251    .constdata          uCGUI_DEMO.lib(f32b_ascii.o)
    0x0800e378   0x00000060   Data   RO         7252    .constdata          uCGUI_DEMO.lib(f32b_ascii.o)
    0x0800e3d8   0x00000060   Data   RO         7253    .constdata          uCGUI_DEMO.lib(f32b_ascii.o)
    0x0800e438   0x00000060   Data   RO         7254    .constdata          uCGUI_DEMO.lib(f32b_ascii.o)
    0x0800e498   0x00000060   Data   RO         7255    .constdata          uCGUI_DEMO.lib(f32b_ascii.o)
    0x0800e4f8   0x00000020   Data   RO         7256    .constdata          uCGUI_DEMO.lib(f32b_ascii.o)
    0x0800e518   0x00000040   Data   RO         7257    .constdata          uCGUI_DEMO.lib(f32b_ascii.o)
    0x0800e558   0x00000060   Data   RO         7258    .constdata          uCGUI_DEMO.lib(f32b_ascii.o)
    0x0800e5b8   0x00000060   Data   RO         7259    .constdata          uCGUI_DEMO.lib(f32b_ascii.o)
    0x0800e618   0x00000060   Data   RO         7260    .constdata          uCGUI_DEMO.lib(f32b_ascii.o)
    0x0800e678   0x00000060   Data   RO         7261    .constdata          uCGUI_DEMO.lib(f32b_ascii.o)
    0x0800e6d8   0x00000060   Data   RO         7262    .constdata          uCGUI_DEMO.lib(f32b_ascii.o)
    0x0800e738   0x00000060   Data   RO         7263    .constdata          uCGUI_DEMO.lib(f32b_ascii.o)
    0x0800e798   0x00000060   Data   RO         7264    .constdata          uCGUI_DEMO.lib(f32b_ascii.o)
    0x0800e7f8   0x00000060   Data   RO         7265    .constdata          uCGUI_DEMO.lib(f32b_ascii.o)
    0x0800e858   0x00000060   Data   RO         7266    .constdata          uCGUI_DEMO.lib(f32b_ascii.o)
    0x0800e8b8   0x00000060   Data   RO         7267    .constdata          uCGUI_DEMO.lib(f32b_ascii.o)
    0x0800e918   0x00000060   Data   RO         7268    .constdata          uCGUI_DEMO.lib(f32b_ascii.o)
    0x0800e978   0x00000060   Data   RO         7269    .constdata          uCGUI_DEMO.lib(f32b_ascii.o)
    0x0800e9d8   0x00000080   Data   RO         7270    .constdata          uCGUI_DEMO.lib(f32b_ascii.o)
    0x0800ea58   0x00000060   Data   RO         7271    .constdata          uCGUI_DEMO.lib(f32b_ascii.o)
    0x0800eab8   0x00000060   Data   RO         7272    .constdata          uCGUI_DEMO.lib(f32b_ascii.o)
    0x0800eb18   0x00000060   Data   RO         7273    .constdata          uCGUI_DEMO.lib(f32b_ascii.o)
    0x0800eb78   0x00000040   Data   RO         7274    .constdata          uCGUI_DEMO.lib(f32b_ascii.o)
    0x0800ebb8   0x00000020   Data   RO         7275    .constdata          uCGUI_DEMO.lib(f32b_ascii.o)
    0x0800ebd8   0x00000040   Data   RO         7276    .constdata          uCGUI_DEMO.lib(f32b_ascii.o)
    0x0800ec18   0x00000040   Data   RO         7277    .constdata          uCGUI_DEMO.lib(f32b_ascii.o)
    0x0800ec58   0x00000040   Data   RO         7278    .constdata          uCGUI_DEMO.lib(f32b_ascii.o)
    0x0800ec98   0x00000040   Data   RO         7279    .constdata          uCGUI_DEMO.lib(f32b_ascii.o)
    0x0800ecd8   0x00000040   Data   RO         7280    .constdata          uCGUI_DEMO.lib(f32b_ascii.o)
    0x0800ed18   0x00000060   Data   RO         7281    .constdata          uCGUI_DEMO.lib(f32b_ascii.o)
    0x0800ed78   0x00000040   Data   RO         7282    .constdata          uCGUI_DEMO.lib(f32b_ascii.o)
    0x0800edb8   0x00000060   Data   RO         7283    .constdata          uCGUI_DEMO.lib(f32b_ascii.o)
    0x0800ee18   0x00000040   Data   RO         7284    .constdata          uCGUI_DEMO.lib(f32b_ascii.o)
    0x0800ee58   0x00000040   Data   RO         7285    .constdata          uCGUI_DEMO.lib(f32b_ascii.o)
    0x0800ee98   0x00000060   Data   RO         7286    .constdata          uCGUI_DEMO.lib(f32b_ascii.o)
    0x0800eef8   0x00000060   Data   RO         7287    .constdata          uCGUI_DEMO.lib(f32b_ascii.o)
    0x0800ef58   0x00000020   Data   RO         7288    .constdata          uCGUI_DEMO.lib(f32b_ascii.o)
    0x0800ef78   0x00000020   Data   RO         7289    .constdata          uCGUI_DEMO.lib(f32b_ascii.o)
    0x0800ef98   0x00000040   Data   RO         7290    .constdata          uCGUI_DEMO.lib(f32b_ascii.o)
    0x0800efd8   0x00000020   Data   RO         7291    .constdata          uCGUI_DEMO.lib(f32b_ascii.o)
    0x0800eff8   0x00000080   Data   RO         7292    .constdata          uCGUI_DEMO.lib(f32b_ascii.o)
    0x0800f078   0x00000060   Data   RO         7293    .constdata          uCGUI_DEMO.lib(f32b_ascii.o)
    0x0800f0d8   0x00000060   Data   RO         7294    .constdata          uCGUI_DEMO.lib(f32b_ascii.o)
    0x0800f138   0x00000060   Data   RO         7295    .constdata          uCGUI_DEMO.lib(f32b_ascii.o)
    0x0800f198   0x00000060   Data   RO         7296    .constdata          uCGUI_DEMO.lib(f32b_ascii.o)
    0x0800f1f8   0x00000040   Data   RO         7297    .constdata          uCGUI_DEMO.lib(f32b_ascii.o)
    0x0800f238   0x00000040   Data   RO         7298    .constdata          uCGUI_DEMO.lib(f32b_ascii.o)
    0x0800f278   0x00000040   Data   RO         7299    .constdata          uCGUI_DEMO.lib(f32b_ascii.o)
    0x0800f2b8   0x00000060   Data   RO         7300    .constdata          uCGUI_DEMO.lib(f32b_ascii.o)
    0x0800f318   0x00000040   Data   RO         7301    .constdata          uCGUI_DEMO.lib(f32b_ascii.o)
    0x0800f358   0x00000060   Data   RO         7302    .constdata          uCGUI_DEMO.lib(f32b_ascii.o)
    0x0800f3b8   0x00000040   Data   RO         7303    .constdata          uCGUI_DEMO.lib(f32b_ascii.o)
    0x0800f3f8   0x00000040   Data   RO         7304    .constdata          uCGUI_DEMO.lib(f32b_ascii.o)
    0x0800f438   0x00000040   Data   RO         7305    .constdata          uCGUI_DEMO.lib(f32b_ascii.o)
    0x0800f478   0x00000040   Data   RO         7306    .constdata          uCGUI_DEMO.lib(f32b_ascii.o)
    0x0800f4b8   0x00000020   Data   RO         7307    .constdata          uCGUI_DEMO.lib(f32b_ascii.o)
    0x0800f4d8   0x00000040   Data   RO         7308    .constdata          uCGUI_DEMO.lib(f32b_ascii.o)
    0x0800f518   0x00000040   Data   RO         7309    .constdata          uCGUI_DEMO.lib(f32b_ascii.o)
    0x0800f558   0x000002f8   Data   RO         7310    .constdata          uCGUI_DEMO.lib(f32b_ascii.o)
    0x0800f850   0x0000000c   Data   RO         7311    .constdata          uCGUI_DEMO.lib(f32b_ascii.o)
    0x0800f85c   0x00000020   Data   RO         7312    .constdata          uCGUI_DEMO.lib(f32b_ascii.o)
    0x0800f87c   0x000005a0   Data   RO         7329    .constdata          uCGUI_DEMO.lib(fd24x32.o)
    0x0800fe1c   0x0000006c   Data   RO         7330    .constdata          uCGUI_DEMO.lib(fd24x32.o)
    0x0800fe88   0x00000008   Data   RO         7331    .constdata          uCGUI_DEMO.lib(fd24x32.o)
    0x0800fe90   0x00000014   Data   RO         7332    .constdata          uCGUI_DEMO.lib(fd24x32.o)
    0x0800fea4   0x00000020   Data   RO         7333    .constdata          uCGUI_DEMO.lib(fd24x32.o)
    0x0800fec4   0x00000e10   Data   RO         7350    .constdata          uCGUI_DEMO.lib(fd36x48.o)
    0x08010cd4   0x00000078   Data   RO         7351    .constdata          uCGUI_DEMO.lib(fd36x48.o)
    0x08010d4c   0x0000000c   Data   RO         7352    .constdata          uCGUI_DEMO.lib(fd36x48.o)
    0x08010d58   0x0000000c   Data   RO         7353    .constdata          uCGUI_DEMO.lib(fd36x48.o)
    0x08010d64   0x0000000c   Data   RO         7354    .constdata          uCGUI_DEMO.lib(fd36x48.o)
    0x08010d70   0x0000000c   Data   RO         7355    .constdata          uCGUI_DEMO.lib(fd36x48.o)
    0x08010d7c   0x00000020   Data   RO         7356    .constdata          uCGUI_DEMO.lib(fd36x48.o)
    0x08010d9c   0x00000028   Data   RO         7456    .constdata          uCGUI_DEMO.lib(gui_adddecshift.o)
    0x08010dc4   0x00000014   Data   RO         7486    .constdata          uCGUI_DEMO.lib(gui_cursorarrowm.o)
    0x08010dd8   0x0000000c   Data   RO         7487    .constdata          uCGUI_DEMO.lib(gui_cursorarrowm.o)
    0x08010de4   0x00000010   Data   RO         7644    .constdata          uCGUI_DEMO.lib(gui_uc_encodenone.o)
    0x08010df4   0x00000040   Data   RO         7748    .constdata          uCGUI_DEMO.lib(lcd_api.o)
    0x08010e34   0x00000518   Data   RO         7798    .constdata          uCGUI_DEMO.lib(f6x8.o)
    0x0801134c   0x000001c0   Data   RO         7799    .constdata          uCGUI_DEMO.lib(f6x8.o)
    0x0801150c   0x00000008   Data   RO         7800    .constdata          uCGUI_DEMO.lib(f6x8.o)
    0x08011514   0x00000014   Data   RO         7801    .constdata          uCGUI_DEMO.lib(f6x8.o)
    0x08011528   0x00000020   Data   RO         7802    .constdata          uCGUI_DEMO.lib(f6x8.o)
    0x08011548   0x0000003c   Data   RO         7950    .constdata          uCGUI_DEMO.lib(gui_cursorarrowmpx.o)
    0x08011584   0x0000000c   Data   RO         7963    .constdata          uCGUI_DEMO.lib(gui_cursorpal.o)
    0x08011590   0x0000000c   Data   RO         7964    .constdata          uCGUI_DEMO.lib(gui_cursorpal.o)
    0x0801159c   0x00000020   Data   RO         8140    .constdata          uCGUI_DEMO.lib(guidev_16.o)
    0x080115bc   0x00000040   Data   RO         8141    .constdata          uCGUI_DEMO.lib(guidev_16.o)
    0x080115fc   0x00000100   Data   RO         8354    .constdata          uCGUI_DEMO.lib(lcd_mirror.o)
    0x080116fc   0x00000018   Data   RO         8379    .constdata          uCGUI_DEMO.lib(guidev_usagebm.o)
    0x08011714   0x00000028   Data   RO         8487    .constdata          c_w.l(_printf_hex_int_ll_ptr.o)
    0x0801173c   0x00000011   Data   RO         8507    .constdata          c_w.l(__printf_flags_ss_wp.o)
    0x0801174d   0x00000003   PAD
    0x08011750   0x00000094   Data   RO         8801    .constdata          c_w.l(bigflt0.o)
    0x080117e4   0x00000020   Data   RO         9089    Region$$Table       anon$$obj.o
    0x08011804   0x00000008   Data   RO         8963    c$$dinf             fz_ws.l(fpconst.o)
    0x0801180c   0x0000001c   Data   RO         8712    locale$$data        c_w.l(lc_numeric_c.o)
    0x08011828   0x00000110   Data   RO         8952    locale$$data        c_w.l(lc_ctype_c.o)


    Execution Region RW_IRAM1 (Base: 0x20000000, Size: 0x00004bb0, Max: 0x00010000, ABSOLUTE, COMPRESSED[0x00000028])

    Base Addr    Size         Type   Attr      Idx    E Section Name        Object

    0x20000000   0x0000000c   Data   RW           28    .data               app.o
    0x2000000c   0x00000014   Data   RW         2322    .data               stm32f10x_rcc.o
    0x20000020   0x00000038   Data   RW         3874    .data               os_core.o
    0x20000058   0x00000004   Data   RW         3875    .data               os_core.o
    0x2000005c   0x00000004   Data   RW         4487    .data               com.o
    0x20000060   0x00000014   Data   RW         4594    .data               gui_x_ucos.o
    0x20000074   0x00000024   Data   RW         4916    .data               gui_x_touch.o
    0x20000098   0x00000004   Data   RW         5031    .data               lcd_dis24.o
    0x2000009c   0x0000001e   Data   RW         5580    .data               fm.o
    0x200000ba   0x00000002   PAD
    0x200000bc   0x00000020   Data   RW         6593    .data               dashboard.o
    0x200000dc   0x00000001   Data   RW         6862    .data               uCGUI_DEMO.lib(guicore.o)
    0x200000dd   0x00000003   PAD
    0x200000e0   0x00000004   Data   RW         6864    .data               uCGUI_DEMO.lib(guicore.o)
    0x200000e4   0x00000004   Data   RW         6865    .data               uCGUI_DEMO.lib(guicore.o)
    0x200000e8   0x00000004   Data   RW         6866    .data               uCGUI_DEMO.lib(guicore.o)
    0x200000ec   0x00000004   Data   RW         6867    .data               uCGUI_DEMO.lib(guicore.o)
    0x200000f0   0x00000004   Data   RW         6868    .data               uCGUI_DEMO.lib(guicore.o)
    0x200000f4   0x00000030   Data   RW         6890    .data               uCGUI_DEMO.lib(guicurs.o)
    0x20000124   0x00000028   Data   RW         7372    .data               uCGUI_DEMO.lib(wm.o)
    0x2000014c   0x00000004   Data   RW         7521    .data               uCGUI_DEMO.lib(gui_fillpolygon.o)
    0x20000150   0x00000010   Data   RW         7583    .data               uCGUI_DEMO.lib(gui_onkey.o)
    0x20000160   0x00000001   Data   RW         7664    .data               uCGUI_DEMO.lib(guialloc.o)
    0x20000161   0x00000003   PAD
    0x20000164   0x0000000c   Data   RW         7718    .data               uCGUI_DEMO.lib(guitask.o)
    0x20000170   0x00000004   Data   RW         7749    .data               uCGUI_DEMO.lib(lcd_api.o)
    0x20000174   0x00000010   Data   RW         7907    .data               uCGUI_DEMO.lib(wmtouch.o)
    0x20000184   0x00000b00   Zero   RW           27    .bss                app.o
    0x20000c84   0x000009e0   Zero   RW         3871    .bss                os_core.o
    0x20001664   0x0000008c   Zero   RW         3872    .bss                os_core.o
    0x200016f0   0x00000028   Zero   RW         4436    .bss                spi_flash.o
    0x20001718   0x000010c8   Zero   RW         5579    .bss                fm.o
    0x200027e0   0x00000060   Zero   RW         6860    .bss                uCGUI_DEMO.lib(guicore.o)
    0x20002840   0x00000018   Zero   RW         7371    .bss                uCGUI_DEMO.lib(wm.o)
    0x20002858   0x00000018   Zero   RW         7520    .bss                uCGUI_DEMO.lib(gui_fillpolygon.o)
    0x20002870   0x00001750   Zero   RW         7663    .bss                uCGUI_DEMO.lib(guialloc.o)
    0x20003fc0   0x00000190   Zero   RW         7717    .bss                uCGUI_DEMO.lib(guitask.o)
    0x20004150   0x00000200   Zero   RW         8094    .bss                uCGUI_DEMO.lib(lcdcolor.o)
    0x20004350   0x00000060   Zero   RW         8727    .bss                c_w.l(libspace.o)
    0x200043b0   0x00000400   Zero   RW            7    HEAP                stm32f10x_startup.o
    0x200047b0   0x00000400   Zero   RW            6    STACK               stm32f10x_startup.o


==============================================================================

Image component sizes


      Code (inc. data)   RO Data    RW Data    ZI Data      Debug   Object Name

       618         92          0         12       2816     260695   app.o
       858         42          0          0          0       7963   bsp.o
       312         24          0          4          0       1685   com.o
         0          0          0          0          0         32   cortexm3_macro.o
        22          0          0          0          0        204   cpu_a.o
      1748        280         66         32          0     210343   dashboard.o
       592         72          0         30       4296      13406   fm.o
        84          0          0          0          0        496   fsmc_sram.o
       276          8          0         36          0       1091   gui_x_touch.o
        96         26          0         20          0      11443   gui_x_ucos.o
       110          0          0          0          0       2313   ili9320.o
       476          0          0          0          0     199891   ili9320_api.o
      1966         62          0          0          0      10098   ili9320_ucgui.o
       554         22          0          4          0       3385   lcd_dis24.o
       140         28          0          0          0     201497   misc.o
      1670        182        256         60       2668      22189   os_core.o
       168         40          0          0          0        256   os_cpu_a.o
       126          0          0          0          0      13208   os_cpu_c.o
        68         10          0          0          0       9067   os_flag.o
        68          8          0          0          0        635   os_mbox.o
       336         22          0          0          0       2326   os_sem.o
       570         46          0          0          0       4408   os_task.o
       204         26          0          0          0       1764   os_time.o
       192         16          0          0         40       2491   spi_flash.o
        44         12          0          0          0        893   stm32f10x_flash.o
       224          6          0          0          0       1597   stm32f10x_fsmc.o
       174          0          0          0          0       2560   stm32f10x_gpio.o
       116          6          0          0          0      14290   stm32f10x_it.o
       570         90          0         20          0       9826   stm32f10x_rcc.o
       100          0          0          0          0       3162   stm32f10x_spi.o
       308        280          0          0       2048        428   stm32f10x_startup.o
       300          6          0          0          0       5489   stm32f10x_usart.o
         0          0          0          0          0     198168   system_stm32f10x.o
       598         34          0          0          0       6052   tea5756.o

    ----------------------------------------------------------------------
     13708       1440        356        220      11868    1223351   Object Totals
         0          0         32          0          0          0   (incl. Generated)
        20          0          2          2          0          0   (incl. Padding)

    ----------------------------------------------------------------------

      Code (inc. data)   RO Data    RW Data    ZI Data      Debug   Library Member Name

        44          6          0          0          0         84   __2sprintf.o
        90          0          0          0          0          0   __dczerorl2.o
         8          0          0          0          0         68   __main.o
       396          6         17          0          0         92   __printf_flags_ss_wp.o
        14          0          0          0          0         68   __printf_wp.o
        52          8          0          0          0          0   __scatter.o
        28          0          0          0          0          0   __scatter_zi.o
        28          0          0          0          0         68   _chval.o
        48          6          0          0          0         96   _printf_char_common.o
         6          0          0          0          0          0   _printf_d.o
       120         18          0          0          0         92   _printf_dec.o
       156          6         40          0          0        160   _printf_hex_int_ll_ptr.o
       184          0          0          0          0         88   _printf_intcommon.o
         0          0          0          0          0          0   _printf_percent.o
         4          0          0          0          0          0   _printf_percent_end.o
         6          0          0          0          0          0   _printf_x.o
        22          0          0          0          0        100   _rserrno.o
        64          0          0          0          0         84   _sgetc.o
        10          0          0          0          0         68   _sputc.o
        16          0          0          0          0         68   aeabi_memset.o
       228          6        148          0          0         96   bigflt0.o
      1846        132          0          0          0        736   btod.o
        12          0          0          0          0         72   exit.o
         6          0          0          0          0        152   heapauxi.o
         0          0          0          0          0          0   indicate_semi.o
        18          0          0          0          0         76   isspace.o
        44         10        272          0          0         76   lc_ctype_c.o
        44         10         28          0          0         76   lc_numeric_c.o
         6          0          0          0          0          0   libinit.o
        30          0          0          0          0          0   libinit2.o
         2          0          0          0          0          0   libshutdown.o
         2          0          0          0          0          0   libshutdown2.o
         8          4          0          0         96         68   libspace.o
        38          0          0          0          0         68   llshl.o
        16          4          0          0          0         76   rt_ctype_table.o
         8          4          0          0          0         68   rt_errno_addr_intlibspace.o
         8          4          0          0          0         68   rt_fp_status_addr_intlibspace.o
         8          4          0          0          0         68   rt_locale_intlibspace.o
        68          0          0          0          0         68   rt_memclr.o
        78          0          0          0          0         80   rt_memclr_w.o
       138          0          0          0          0         68   rt_memcpy_v6.o
       100          0          0          0          0         80   rt_memcpy_w.o
       132          0          0          0          0         68   rt_memmove_v6.o
       122          0          0          0          0         80   rt_memmove_w.o
         0          0          0          0          0          0   rtentry.o
        12          0          0          0          0          0   rtentry2.o
         6          0          0          0          0          0   rtentry4.o
         2          0          0          0          0          0   rtexit.o
        10          0          0          0          0          0   rtexit2.o
      1192         14          0          0          0        148   scanf_fp.o
       796         14          0          0          0        100   scanf_hexfp.o
       316         18          0          0          0        100   scanf_infnan.o
       128          0          0          0          0         68   strcmpv7m.o
       160         12          0          0          0        120   strtod.o
        12          4          0          0          0         68   sys_exit.o
        74          0          0          0          0         80   sys_stackheap_outer.o
         2          0          0          0          0         68   use_no_semi.o
        98          4          0          0          0         92   d2f.o
       826         16          0          0          0        356   daddsub_clz.o
        16          4          0          0          0         68   dcheck1.o
        24          0          0          0          0         68   dcmpi.o
       120          4          0          0          0         92   deqf.o
       120          4          0          0          0         92   dleqf.o
       340         12          0          0          0        104   dmul.o
       156          4          0          0          0         92   dnaninf.o
        12          0          0          0          0         68   dretinf.o
       108          0          0          0          0         80   drleqf.o
        86          4          0          0          0         84   f2d.o
       430          8          0          0          0        168   faddsub_clz.o
       388         76          0          0          0         96   fdiv.o
        54          4          0          0          0         84   ffix.o
        62          4          0          0          0         84   ffixu.o
        38          0          0          0          0         68   fflt_clz.o
       258          4          0          0          0         84   fmul.o
       140          4          0          0          0         84   fnaninf.o
         0          0          8          0          0          0   fpconst.o
        14          0          0          0          0         76   fpinit.o
        10          0          0          0          0         68   fretinf.o
       100          0          0          0          0         68   retnan.o
        92          0          0          0          0         68   scalbn.o
         4          0          0          0          0         68   scanf1.o
         8          0          0          0          0         84   scanf2.o
        48          0          0          0          0         68   trapv.o
         0          0          0          0          0          0   usenofp.o
        42          0          0          0          0         84   atof.o
        16          6          0          0          0         68   dunder.o
       220         16          0          0          0         84   floor.o
        88          8          0          0          0         76   frexp.o
       148          0          0          0          0        160   ldexp.o
       152          4          0          0          0        160   narrow.o
         0          0       4860          0          0      16403   f24b_ascii.o
         0          0       7236          0          0       7008   f32_ascii.o
         0          0       7844          0          0       7206   f32b_ascii.o
         0          0       1812          0          0       2186   f6x8.o
         0          0       1608          0          0        788   fd24x32.o
         0          0       3800          0          0        954   fd36x48.o
      1528         16         68          0          0      32909   gui2dlib.o
        58          0          0          0          0        921   gui__intersectrect.o
        82          0          0          0          0       1146   gui__intersectrects.o
        74          0          0          0          0        850   gui__memset.o
        58          0          0          0          0        860   gui__memset16.o
        26          0          0          0          0        640   gui_adddecmin.o
       188         10         40          0          0       2203   gui_adddecshift.o
        38          0          0          0          0        614   gui_alloc_alloczero.o
         0          0         32          0          0      15748   gui_cursorarrowm.o
         0          0         60          0          0        628   gui_cursorarrowmpx.o
         0          0         24          0          0        652   gui_cursorpal.o
       248          4          0          0          0       1013   gui_dispstring.o
        36          4          0          0          0        671   gui_dispstringat.o
       556         14          0          4         24       4037   gui_fillpolygon.o
       140          0          0          0          0       1438   gui_getbitmappixelindex.o
        88          0          0          0          0       1032   gui_getcolor.o
        76          6          0          0          0       1605   gui_goto.o
        90          0          0          0          0       1056   gui_mergerect.o
        30          0          0          0          0        903   gui_moverect.o
       136          6          0         16          0      17405   gui_onkey.o
        84          4          0          0          0       1124   gui_pen.o
        56          0          0          0          0       1017   gui_rectsintersect.o
        24          6          0          0          0       1009   gui_savecontext.o
        26          0          0          0          0        512   gui_selectlcd.o
        44          0          0          0          0        742   gui_setcolor.o
        80          6          0          0          0        667   gui_setdefault.o
        24          0          0          0          0        586   gui_setdrawmode.o
        28          4          0          0          0        590   gui_setfont.o
        28          6          0          0          0        603   gui_setlinestyle.o
        28          4          0          0          0        591   gui_settextalign.o
        28          4          0          0          0        586   gui_settextmode.o
       212          4          0          0          0       2212   gui_uc.o
        48         10         16          0          0       1752   gui_uc_encodenone.o
       804         18          0          1       5968       5682   guialloc.o
       192         10          0          0          0       1782   guichar.o
       328         14          0          0          0       2279   guicharline.o
       344          6          0          0          0       2181   guicharm.o
       264          4          0          0          0       2229   guicharp.o
      1016          6          0          0          0       3946   guicirc.o
       252         26          8         21         96       5400   guicore.o
      1344         38          0         48          0       6689   guicurs.o
       952         14          0          0          0       6093   guidev.o
      1860         20         96          0          0      37724   guidev_16.o
       244          0          0          0          0       1834   guidev_banding.o
        56          4          0          0          0       1079   guidev_clear.o
        44          6          0          0          0       1034   guidev_getysize.o
        52          4          0          0          0       1133   guidev_reduceysize.o
        88          4          0          0          0       1208   guidev_setorg.o
       108          4          0          0          0       1561   guidev_usage.o
       440          4         24          0          0       3434   guidev_usagebm.o
       232         14          0         12        400       1967   guitask.o
       188          0          0          0          0       2582   guival.o
       268          6          0          0          0       1986   guivalf.o
       876         10          0          0          0       6530   lcd.o
         0          0         64          4          0        682   lcd_api.o
        60          4          0          0          0        644   lcd_drawvline.o
        16          4          0          0          0        628   lcd_getcolorindex.o
        30          0          0          0          0       1039   lcd_l0_generic.o
         0          0        256          0          0        610   lcd_mirror.o
        32         10          0          0          0        464   lcd_selectlcd.o
        32          6          0          0          0        916   lcd_setcliprectex.o
        32          4          0          0          0        529   lcd_updatecolorindices.o
        64          6          0          0        512       1750   lcdcolor.o
        44          0          0          0          0       1429   lcdinfo0.o
        28          0          0          0          0        777   lcdpm565.o
        52          0          0          0          0        699   lcdpm565_index2color.o
      3468         60          0         40         24      42465   wm.o
        20          0          0          0          0        542   wm__getfirstsibling.o
        38          0          0          0          0        953   wm__getprevsibling.o
        32          0          0          0          0       1042   wm__sendmessage.o
        72          0          0          0          0       3056   wm_bringtobottom.o
        52          4          0          0          0        913   wm_criticalhandle.o
        12          4          0          0          0        498   wm_getdesktopwindow.o
        28          0          0          0          0        555   wm_getparent.o
        16          0          0          0          0        582   wm_notifyparent.o
        56          6          0          0          0        687   wm_onkey.o
        38          0          0          0          0        690   wm_sendtoparent.o
         0          0          0         16          0       2143   wmtouch.o

    ----------------------------------------------------------------------
     29562        906      28366        168       7120     302541   Library Totals
        40          2          5          6          0          0   (incl. Padding)

    ----------------------------------------------------------------------

      Code (inc. data)   RO Data    RW Data    ZI Data      Debug   Library Name

      6968        290        505          0         96       4032   c_w.l
      3552        152          8          0          0       2364   fz_ws.l
       666         34          0          0          0        632   m_ws.l
     18336        428      27848        162       7024     295513   uCGUI_DEMO.lib

    ----------------------------------------------------------------------
     29562        906      28366        168       7120     302541   Library Totals

    ----------------------------------------------------------------------

==============================================================================


      Code (inc. data)   RO Data    RW Data    ZI Data      Debug   

     43270       2346      28722        388      18988    1506652   Grand Totals
     43270       2346      28722         40      18988    1506652   ELF Image Totals (compressed)
     43270       2346      28722         40          0          0   ROM Totals

==============================================================================

    Total RO  Size (Code + RO Data)                71992 (  70.30kB)
    Total RW  Size (RW Data + ZI Data)             19376 (  18.92kB)
    Total ROM Size (Code + RO Data + RW Data)      72032 (  70.34kB)

==============================================================================

