<!doctype html public "-//w3c//dtd html 4.0 transitional//en">
<html><head>
<title>Static Call Graph - [..\ObjFlash\STM32-FD-ucgui.axf]</title></head>
<body><HR>
<H1>Static Call Graph for image ..\ObjFlash\STM32-FD-ucgui.axf</H1><HR>
<BR><P>#&#060CALLGRAPH&#062# ARM Linker, 4.1 [Build 894]: Last Updated: Mon Jan 14 00:56:43 2013
<BR><P>
<H3>Maximum Stack Usage =        280 bytes + Unknown(Functions without stacksize, Cycles, Untraceable Function Pointers)</H3><H3>
Call chain for Maximum Stack Depth:</H3>
EXTI0_IRQHandler &rArr; GUI_DispDecAt &rArr; GUI_DispStringAt &rArr; GUI_DispString &rArr; GUI__DispLine &rArr; WM__InitIVRSearch &rArr; WM__GetNextIVR &rArr; _FindNext_IVR &rArr; _Findx0 &rArr;  _Findx0 (Cycle)
<P>
<H3>
Functions with no stack information
</H3><UL>
 <LI><a href="#[8]">Reset_Handler</a>
 <LI><a href="#[187]">__user_initial_stackheap</a>
 <LI><a href="#[1e3]">OS_CPU_SR_Save</a>
 <LI><a href="#[1e6]">OS_CPU_SR_Restore</a>
 <LI><a href="#[1ed]">OSStartHighRdy</a>
 <LI><a href="#[205]">OSCtxSw</a>
 <LI><a href="#[1e5]">OSIntCtxSw</a>
 <LI><a href="#[10]">OSPendSV</a>
 <LI><a href="#[235]">CPU_IntDis</a>
 <LI><a href="#[25d]">CPU_IntEn</a>
 <LI><a href="#[25e]">CPU_SR_Save</a>
 <LI><a href="#[25f]">CPU_SR_Restore</a>
 <LI><a href="#[9]">NMIException</a>
 <LI><a href="#[a]">HardFaultException</a>
 <LI><a href="#[b]">MemManageException</a>
 <LI><a href="#[c]">BusFaultException</a>
 <LI><a href="#[d]">UsageFaultException</a>
 <LI><a href="#[f]">DebugMonitor</a>
 <LI><a href="#[e]">SVCHandler</a>
</UL>
</UL>
<P>
<H3>
Mutually Recursive functions
</H3> <LI><a href="#[118]">_Findx1</a>&nbsp;&nbsp;&nbsp;&rArr;&nbsp;&nbsp;&nbsp;<a href="#[118]">_Findx1</a><BR>
 <LI><a href="#[117]">_Findx0</a>&nbsp;&nbsp;&nbsp;&rArr;&nbsp;&nbsp;&nbsp;<a href="#[117]">_Findx0</a><BR>
 <LI><a href="#[116]">_Findy1</a>&nbsp;&nbsp;&nbsp;&rArr;&nbsp;&nbsp;&nbsp;<a href="#[116]">_Findy1</a><BR>
 <LI><a href="#[9]">NMIException</a>&nbsp;&nbsp;&nbsp;&rArr;&nbsp;&nbsp;&nbsp;<a href="#[9]">NMIException</a><BR>
 <LI><a href="#[a]">HardFaultException</a>&nbsp;&nbsp;&nbsp;&rArr;&nbsp;&nbsp;&nbsp;<a href="#[a]">HardFaultException</a><BR>
 <LI><a href="#[b]">MemManageException</a>&nbsp;&nbsp;&nbsp;&rArr;&nbsp;&nbsp;&nbsp;<a href="#[b]">MemManageException</a><BR>
 <LI><a href="#[c]">BusFaultException</a>&nbsp;&nbsp;&nbsp;&rArr;&nbsp;&nbsp;&nbsp;<a href="#[c]">BusFaultException</a><BR>
 <LI><a href="#[d]">UsageFaultException</a>&nbsp;&nbsp;&nbsp;&rArr;&nbsp;&nbsp;&nbsp;<a href="#[d]">UsageFaultException</a><BR>
 <LI><a href="#[f]">DebugMonitor</a>&nbsp;&nbsp;&nbsp;&rArr;&nbsp;&nbsp;&nbsp;<a href="#[f]">DebugMonitor</a><BR>
 <LI><a href="#[e]">SVCHandler</a>&nbsp;&nbsp;&nbsp;&rArr;&nbsp;&nbsp;&nbsp;<a href="#[e]">SVCHandler</a><BR>
 <LI><a href="#[123]">_PaintTransChildren</a>&nbsp;&nbsp;&nbsp;&rArr;&nbsp;&nbsp;&nbsp;<a href="#[123]">_PaintTransChildren</a><BR>
</UL>
<P>
<H3>
Function Pointers
</H3><UL>
 <LI><a href="#[24]">ADC_IRQHandler</a> from stm32f10x_it.o(i.ADC_IRQHandler) referenced from stm32f10x_startup.o(RESET)
 <LI><a href="#[48]">AppTaskUserIF</a> from app.o(i.AppTaskUserIF) referenced from app.o(i.App_TaskCreate)
 <LI><a href="#[4b]">App_TaskStart</a> from app.o(i.App_TaskStart) referenced from app.o(i.main)
 <LI><a href="#[c]">BusFaultException</a> from stm32f10x_startup.o(RESET) referenced from stm32f10x_startup.o(RESET)
 <LI><a href="#[27]">CAN_RX1_IRQHandler</a> from stm32f10x_it.o(i.CAN_RX1_IRQHandler) referenced from stm32f10x_startup.o(RESET)
 <LI><a href="#[28]">CAN_SCE_IRQHandler</a> from stm32f10x_it.o(i.CAN_SCE_IRQHandler) referenced from stm32f10x_startup.o(RESET)
 <LI><a href="#[1d]">DMAChannel1_IRQHandler</a> from stm32f10x_it.o(i.DMAChannel1_IRQHandler) referenced from stm32f10x_startup.o(RESET)
 <LI><a href="#[1e]">DMAChannel2_IRQHandler</a> from stm32f10x_it.o(i.DMAChannel2_IRQHandler) referenced from stm32f10x_startup.o(RESET)
 <LI><a href="#[1f]">DMAChannel3_IRQHandler</a> from stm32f10x_it.o(i.DMAChannel3_IRQHandler) referenced from stm32f10x_startup.o(RESET)
 <LI><a href="#[20]">DMAChannel4_IRQHandler</a> from stm32f10x_it.o(i.DMAChannel4_IRQHandler) referenced from stm32f10x_startup.o(RESET)
 <LI><a href="#[21]">DMAChannel5_IRQHandler</a> from stm32f10x_it.o(i.DMAChannel5_IRQHandler) referenced from stm32f10x_startup.o(RESET)
 <LI><a href="#[22]">DMAChannel6_IRQHandler</a> from stm32f10x_it.o(i.DMAChannel6_IRQHandler) referenced from stm32f10x_startup.o(RESET)
 <LI><a href="#[23]">DMAChannel7_IRQHandler</a> from stm32f10x_it.o(i.DMAChannel7_IRQHandler) referenced from stm32f10x_startup.o(RESET)
 <LI><a href="#[f]">DebugMonitor</a> from stm32f10x_startup.o(RESET) referenced from stm32f10x_startup.o(RESET)
 <LI><a href="#[18]">EXTI0_IRQHandler</a> from app.o(i.EXTI0_IRQHandler) referenced from stm32f10x_startup.o(RESET)
 <LI><a href="#[3a]">EXTI15_10_IRQHandler</a> from stm32f10x_it.o(i.EXTI15_10_IRQHandler) referenced from stm32f10x_startup.o(RESET)
 <LI><a href="#[19]">EXTI1_IRQHandler</a> from stm32f10x_it.o(i.EXTI1_IRQHandler) referenced from stm32f10x_startup.o(RESET)
 <LI><a href="#[1a]">EXTI2_IRQHandler</a> from stm32f10x_it.o(i.EXTI2_IRQHandler) referenced from stm32f10x_startup.o(RESET)
 <LI><a href="#[1b]">EXTI3_IRQHandler</a> from stm32f10x_it.o(i.EXTI3_IRQHandler) referenced from stm32f10x_startup.o(RESET)
 <LI><a href="#[1c]">EXTI4_IRQHandler</a> from stm32f10x_it.o(i.EXTI4_IRQHandler) referenced from stm32f10x_startup.o(RESET)
 <LI><a href="#[29]">EXTI9_5_IRQHandler</a> from stm32f10x_it.o(i.EXTI9_5_IRQHandler) referenced from stm32f10x_startup.o(RESET)
 <LI><a href="#[16]">FLASH_IRQHandler</a> from stm32f10x_it.o(i.FLASH_IRQHandler) referenced from stm32f10x_startup.o(RESET)
 <LI><a href="#[62]">GUIMONO_DispChar</a> from guicharm.o(.text) referenced from f6x8.o(.constdata)
 <LI><a href="#[63]">GUIMONO_GetCharDistX</a> from guicharm.o(.text) referenced from f6x8.o(.constdata)
 <LI><a href="#[64]">GUIMONO_GetFontInfo</a> from guicharm.o(.text) referenced from f6x8.o(.constdata)
 <LI><a href="#[65]">GUIMONO_IsInFont</a> from guicharm.o(.text) referenced from f6x8.o(.constdata)
 <LI><a href="#[4e]">GUIPROP_DispChar</a> from guicharp.o(.text) referenced from f08_ascii.o(.constdata)
 <LI><a href="#[4f]">GUIPROP_GetCharDistX</a> from guicharp.o(.text) referenced from f08_ascii.o(.constdata)
 <LI><a href="#[50]">GUIPROP_GetFontInfo</a> from guicharp.o(.text) referenced from f08_ascii.o(.constdata)
 <LI><a href="#[51]">GUIPROP_IsInFont</a> from guicharp.o(.text) referenced from f08_ascii.o(.constdata)
 <LI><a href="#[66]">GUI_MEMDEV__Color2Index</a> from guidev.o(.text) referenced from guidev_16.o(.constdata)
 <LI><a href="#[68]">GUI_MEMDEV__GetIndexMask</a> from guidev.o(.text) referenced from guidev_16.o(.constdata)
 <LI><a href="#[6e]">GUI_MEMDEV__GetRect</a> from guidev.o(.text) referenced from guidev_16.o(.constdata)
 <LI><a href="#[67]">GUI_MEMDEV__Index2Color</a> from guidev.o(.text) referenced from guidev_16.o(.constdata)
 <LI><a href="#[72]">GUI_USAGE_BM_AddHLine</a> from guidev_usagebm.o(.text) referenced from guidev_usagebm.o(.constdata)
 <LI><a href="#[71]">GUI_USAGE_BM_AddPixel</a> from guidev_usagebm.o(.text) referenced from guidev_usagebm.o(.constdata)
 <LI><a href="#[73]">GUI_USAGE_BM_Clear</a> from guidev_usagebm.o(.text) referenced from guidev_usagebm.o(.constdata)
 <LI><a href="#[75]">GUI_USAGE_BM_GetNextDirty</a> from guidev_usagebm.o(.text) referenced from guidev_usagebm.o(.constdata)
 <LI><a href="#[a]">HardFaultException</a> from stm32f10x_startup.o(RESET) referenced from stm32f10x_startup.o(RESET)
 <LI><a href="#[32]">I2C1_ER_IRQHandler</a> from stm32f10x_it.o(i.I2C1_ER_IRQHandler) referenced from stm32f10x_startup.o(RESET)
 <LI><a href="#[31]">I2C1_EV_IRQHandler</a> from stm32f10x_it.o(i.I2C1_EV_IRQHandler) referenced from stm32f10x_startup.o(RESET)
 <LI><a href="#[34]">I2C2_ER_IRQHandler</a> from stm32f10x_it.o(i.I2C2_ER_IRQHandler) referenced from stm32f10x_startup.o(RESET)
 <LI><a href="#[33]">I2C2_EV_IRQHandler</a> from stm32f10x_it.o(i.I2C2_EV_IRQHandler) referenced from stm32f10x_startup.o(RESET)
 <LI><a href="#[4c]">LCD_DrawHLine</a> from lcd.o(.text) referenced from guicore.o(.constdata)
 <LI><a href="#[4d]">LCD_DrawPixel</a> from lcd.o(.text) referenced from guicore.o(.constdata)
 <LI><a href="#[56]">LCD_L0_Color2Index</a> from lcd_l0_generic.o(.text) referenced from lcd_api.o(.constdata)
 <LI><a href="#[59]">LCD_L0_DrawBitmap</a> from ili9320_ucgui.o(i.LCD_L0_DrawBitmap) referenced from lcd_api.o(.constdata)
 <LI><a href="#[5a]">LCD_L0_DrawHLine</a> from ili9320_ucgui.o(i.LCD_L0_DrawHLine) referenced from lcd_api.o(.constdata)
 <LI><a href="#[5b]">LCD_L0_DrawVLine</a> from ili9320_ucgui.o(i.LCD_L0_DrawVLine) referenced from lcd_api.o(.constdata)
 <LI><a href="#[5c]">LCD_L0_FillRect</a> from ili9320_ucgui.o(i.LCD_L0_FillRect) referenced from lcd_api.o(.constdata)
 <LI><a href="#[58]">LCD_L0_GetIndexMask</a> from lcd_l0_generic.o(.text) referenced from lcd_api.o(.constdata)
 <LI><a href="#[5d]">LCD_L0_GetPixelIndex</a> from ili9320_ucgui.o(i.LCD_L0_GetPixelIndex) referenced from lcd_api.o(.constdata)
 <LI><a href="#[5e]">LCD_L0_GetRect</a> from lcd_l0_generic.o(.text) referenced from lcd_api.o(.constdata)
 <LI><a href="#[57]">LCD_L0_Index2Color</a> from lcd_l0_generic.o(.text) referenced from lcd_api.o(.constdata)
 <LI><a href="#[61]">LCD_L0_SetLUTEntry</a> from ili9320_ucgui.o(i.LCD_L0_SetLUTEntry) referenced from lcd_api.o(.constdata)
 <LI><a href="#[5f]">LCD_L0_SetPixelIndex</a> from ili9320_ucgui.o(i.LCD_L0_SetPixelIndex) referenced from lcd_api.o(.constdata)
 <LI><a href="#[60]">LCD_L0_XorPixel</a> from ili9320_ucgui.o(i.LCD_L0_XorPixel) referenced from lcd_api.o(.constdata)
 <LI><a href="#[b]">MemManageException</a> from stm32f10x_startup.o(RESET) referenced from stm32f10x_startup.o(RESET)
 <LI><a href="#[9]">NMIException</a> from stm32f10x_startup.o(RESET) referenced from stm32f10x_startup.o(RESET)
 <LI><a href="#[3f]">OSIntExit</a> from os_core.o(i.OSIntExit) referenced from os_cpu_a.o(.text)
 <LI><a href="#[10]">OSPendSV</a> from os_cpu_a.o(.text) referenced from stm32f10x_startup.o(RESET)
 <LI><a href="#[3e]">OSTaskSwHook</a> from os_cpu_c.o(i.OSTaskSwHook) referenced from os_cpu_a.o(.text)
 <LI><a href="#[49]">OS_TaskIdle</a> from os_core.o(i.OS_TaskIdle) referenced from os_core.o(i.OS_InitTaskIdle)
 <LI><a href="#[4a]">OS_TaskStat</a> from os_core.o(i.OS_TaskStat) referenced from os_core.o(i.OS_InitTaskStat)
 <LI><a href="#[13]">PVD_IRQHandler</a> from stm32f10x_it.o(i.PVD_IRQHandler) referenced from stm32f10x_startup.o(RESET)
 <LI><a href="#[17]">RCC_IRQHandler</a> from stm32f10x_it.o(i.RCC_IRQHandler) referenced from stm32f10x_startup.o(RESET)
 <LI><a href="#[3b]">RTCAlarm_IRQHandler</a> from stm32f10x_it.o(i.RTCAlarm_IRQHandler) referenced from stm32f10x_startup.o(RESET)
 <LI><a href="#[15]">RTC_IRQHandler</a> from stm32f10x_it.o(i.RTC_IRQHandler) referenced from stm32f10x_startup.o(RESET)
 <LI><a href="#[8]">Reset_Handler</a> from stm32f10x_startup.o(RESET) referenced from stm32f10x_startup.o(RESET)
 <LI><a href="#[35]">SPI1_IRQHandler</a> from stm32f10x_it.o(i.SPI1_IRQHandler) referenced from stm32f10x_startup.o(RESET)
 <LI><a href="#[36]">SPI2_IRQHandler</a> from stm32f10x_it.o(i.SPI2_IRQHandler) referenced from stm32f10x_startup.o(RESET)
 <LI><a href="#[e]">SVCHandler</a> from stm32f10x_startup.o(RESET) referenced from stm32f10x_startup.o(RESET)
 <LI><a href="#[11]">SysTickHandler</a> from stm32f10x_it.o(i.SysTickHandler) referenced from stm32f10x_startup.o(RESET)
 <LI><a href="#[14]">TAMPER_IRQHandler</a> from stm32f10x_it.o(i.TAMPER_IRQHandler) referenced from stm32f10x_startup.o(RESET)
 <LI><a href="#[2a]">TIM1_BRK_IRQHandler</a> from stm32f10x_it.o(i.TIM1_BRK_IRQHandler) referenced from stm32f10x_startup.o(RESET)
 <LI><a href="#[2d]">TIM1_CC_IRQHandler</a> from stm32f10x_it.o(i.TIM1_CC_IRQHandler) referenced from stm32f10x_startup.o(RESET)
 <LI><a href="#[2c]">TIM1_TRG_COM_IRQHandler</a> from stm32f10x_it.o(i.TIM1_TRG_COM_IRQHandler) referenced from stm32f10x_startup.o(RESET)
 <LI><a href="#[2b]">TIM1_UP_IRQHandler</a> from stm32f10x_it.o(i.TIM1_UP_IRQHandler) referenced from stm32f10x_startup.o(RESET)
 <LI><a href="#[2e]">TIM2_IRQHandler</a> from stm32f10x_it.o(i.TIM2_IRQHandler) referenced from stm32f10x_startup.o(RESET)
 <LI><a href="#[2f]">TIM3_IRQHandler</a> from stm32f10x_it.o(i.TIM3_IRQHandler) referenced from stm32f10x_startup.o(RESET)
 <LI><a href="#[30]">TIM4_IRQHandler</a> from stm32f10x_it.o(i.TIM4_IRQHandler) referenced from stm32f10x_startup.o(RESET)
 <LI><a href="#[37]">USART1_IRQHandler</a> from app.o(i.USART1_IRQHandler) referenced from stm32f10x_startup.o(RESET)
 <LI><a href="#[38]">USART2_IRQHandler</a> from app.o(i.USART2_IRQHandler) referenced from stm32f10x_startup.o(RESET)
 <LI><a href="#[39]">USART3_IRQHandler</a> from app.o(i.USART3_IRQHandler) referenced from stm32f10x_startup.o(RESET)
 <LI><a href="#[3c]">USBWakeUp_IRQHandler</a> from stm32f10x_it.o(i.USBWakeUp_IRQHandler) referenced from stm32f10x_startup.o(RESET)
 <LI><a href="#[25]">USB_HP_CAN_TX_IRQHandler</a> from stm32f10x_it.o(i.USB_HP_CAN_TX_IRQHandler) referenced from stm32f10x_startup.o(RESET)
 <LI><a href="#[26]">USB_LP_CAN_RX0_IRQHandler</a> from stm32f10x_it.o(i.USB_LP_CAN_RX0_IRQHandler) referenced from stm32f10x_startup.o(RESET)
 <LI><a href="#[d]">UsageFaultException</a> from stm32f10x_startup.o(RESET) referenced from stm32f10x_startup.o(RESET)
 <LI><a href="#[12]">WWDG_IRQHandler</a> from stm32f10x_it.o(i.WWDG_IRQHandler) referenced from stm32f10x_startup.o(RESET)
 <LI><a href="#[54]">_CalcSizeOfChar</a> from gui_uc_encodenone.o(.text) referenced from gui_uc_encodenone.o(.constdata)
 <LI><a href="#[69]">_DrawBitmap</a> from guidev_16.o(.text) referenced from guidev_16.o(.constdata)
 <LI><a href="#[6a]">_DrawHLine</a> from guidev_16.o(.text) referenced from guidev_16.o(.constdata)
 <LI><a href="#[6b]">_DrawVLine</a> from guidev_16.o(.text) referenced from guidev_16.o(.constdata)
 <LI><a href="#[55]">_Encode</a> from gui_uc_encodenone.o(.text) referenced from gui_uc_encodenone.o(.constdata)
 <LI><a href="#[6c]">_FillRect</a> from guidev_16.o(.text) referenced from guidev_16.o(.constdata)
 <LI><a href="#[74]">_GUI_USAGE_BM_Delete</a> from guidev_usagebm.o(.text) referenced from guidev_usagebm.o(.constdata)
 <LI><a href="#[52]">_GetCharCode</a> from gui_uc_encodenone.o(.text) referenced from gui_uc_encodenone.o(.constdata)
 <LI><a href="#[53]">_GetCharSize</a> from gui_uc_encodenone.o(.text) referenced from gui_uc_encodenone.o(.constdata)
 <LI><a href="#[6d]">_GetPixelIndex</a> from guidev_16.o(.text) referenced from guidev_16.o(.constdata)
 <LI><a href="#[6f]">_SetPixelIndex</a> from guidev_16.o(.text) referenced from guidev_16.o(.constdata)
 <LI><a href="#[40]">_TempHide</a> from guicurs.o(.text) referenced from guicurs.o(.text)
 <LI><a href="#[41]">_TempUnhide</a> from guicurs.o(.text) referenced from guicurs.o(.text)
 <LI><a href="#[70]">_XorPixel</a> from guidev_16.o(.text) referenced from guidev_16.o(.constdata)
 <LI><a href="#[76]">__main</a> from __main.o(!!!main) referenced from stm32f10x_startup.o(RESET)
 <LI><a href="#[43]">_cbPaintMemDev</a> from wm.o(.text) referenced from wm.o(.text)
 <LI><a href="#[47]">_get_lc_ctype</a> from lc_ctype_c.o(locale$$code) referenced from rt_ctype_table.o(.text)
 <LI><a href="#[45]">_printf_input_char</a> from _printf_char_common.o(.text) referenced from _printf_char_common.o(.text)
 <LI><a href="#[44]">_sputc</a> from _sputc.o(.text) referenced from noretval__2sprintf.o(.text)
 <LI><a href="#[42]">cbBackWin</a> from wm.o(.text) referenced from wm.o(.text)
 <LI><a href="#[46]">fputc</a> from com.o(i.fputc) referenced from _printf_char_file.o(.text)
</UL>
<P>
<H3>
Global Symbols
</H3>
<P><STRONG><a name="[8]"></a>Reset_Handler</STRONG> (Thumb, 0 bytes, Stack size unknown bytes, stm32f10x_startup.o(RESET))
<BR>[Address Reference Count : 1]<UL><LI> stm32f10x_startup.o(RESET)
</UL>
<P><STRONG><a name="[76]"></a>__main</STRONG> (Thumb, 8 bytes, Stack size 0 bytes, __main.o(!!!main))
<BR><BR>[Calls]<UL><LI><a href="#[78]">&gt;&gt;</a>&nbsp;&nbsp;&nbsp;__rt_entry
<LI><a href="#[77]">&gt;&gt;</a>&nbsp;&nbsp;&nbsp;__scatterload
</UL>

<P><STRONG><a name="[77]"></a>__scatterload</STRONG> (Thumb, 0 bytes, Stack size unknown bytes, __scatter.o(!!!scatter))
<BR><BR>[Called By]<UL><LI><a href="#[76]">&gt;&gt;</a>&nbsp;&nbsp;&nbsp;__main
</UL>

<P><STRONG><a name="[79]"></a>__scatterload_rt2</STRONG> (Thumb, 44 bytes, Stack size unknown bytes, __scatter.o(!!!scatter), UNUSED)
<BR><BR>[Calls]<UL><LI><a href="#[78]">&gt;&gt;</a>&nbsp;&nbsp;&nbsp;__rt_entry
</UL>

<P><STRONG><a name="[239]"></a>__scatterload_rt2_thumb_only</STRONG> (Thumb, 0 bytes, Stack size unknown bytes, __scatter.o(!!!scatter), UNUSED)

<P><STRONG><a name="[23a]"></a>__scatterload_null</STRONG> (Thumb, 0 bytes, Stack size unknown bytes, __scatter.o(!!!scatter), UNUSED)

<P><STRONG><a name="[23b]"></a>__decompress</STRONG> (Thumb, 90 bytes, Stack size unknown bytes, __dczerorl2.o(!!dczerorl2), UNUSED)

<P><STRONG><a name="[23c]"></a>__decompress1</STRONG> (Thumb, 0 bytes, Stack size unknown bytes, __dczerorl2.o(!!dczerorl2), UNUSED)

<P><STRONG><a name="[23d]"></a>__scatterload_zeroinit</STRONG> (Thumb, 28 bytes, Stack size unknown bytes, __scatter_zi.o(!!handler_zi), UNUSED)

<P><STRONG><a name="[7a]"></a>_printf_d</STRONG> (Thumb, 0 bytes, Stack size unknown bytes, _printf_d.o(.ARM.Collect$$_printf_percent$$00000009))
<BR><BR>[Stack]<UL><LI>Max Depth = 56 + Unknown Stack Size
<LI>Call Chain = _printf_d &rArr; _printf_int_dec &rArr; _printf_int_common
</UL>
<BR>[Calls]<UL><LI><a href="#[7b]">&gt;&gt;</a>&nbsp;&nbsp;&nbsp;_printf_int_dec
</UL>

<P><STRONG><a name="[16b]"></a>_printf_percent</STRONG> (Thumb, 0 bytes, Stack size unknown bytes, _printf_percent.o(.ARM.Collect$$_printf_percent$$00000000))
<BR><BR>[Called By]<UL><LI><a href="#[16a]">&gt;&gt;</a>&nbsp;&nbsp;&nbsp;__printf
</UL>

<P><STRONG><a name="[7c]"></a>_printf_c</STRONG> (Thumb, 0 bytes, Stack size unknown bytes, _printf_c.o(.ARM.Collect$$_printf_percent$$00000013))
<BR><BR>[Stack]<UL><LI>Max Depth = 24 + Unknown Stack Size
<LI>Call Chain = _printf_c &rArr; _printf_char &rArr; _printf_cs_common &rArr; _printf_str
</UL>
<BR>[Calls]<UL><LI><a href="#[7d]">&gt;&gt;</a>&nbsp;&nbsp;&nbsp;_printf_char
</UL>

<P><STRONG><a name="[23e]"></a>_printf_percent_end</STRONG> (Thumb, 0 bytes, Stack size unknown bytes, _printf_percent_end.o(.ARM.Collect$$_printf_percent$$00000017))

<P><STRONG><a name="[7e]"></a>__rt_lib_init</STRONG> (Thumb, 0 bytes, Stack size unknown bytes, libinit.o(.ARM.Collect$$libinit$$00000000))
<BR><BR>[Stack]<UL><LI>Max Depth = 8 + Unknown Stack Size
<LI>Call Chain = __rt_lib_init &rArr; _fp_init
</UL>
<BR>[Calls]<UL><LI><a href="#[7f]">&gt;&gt;</a>&nbsp;&nbsp;&nbsp;_fp_init
</UL>
<BR>[Called By]<UL><LI><a href="#[8b]">&gt;&gt;</a>&nbsp;&nbsp;&nbsp;__rt_entry_li
</UL>

<P><STRONG><a name="[80]"></a>__rt_lib_init_heap_2</STRONG> (Thumb, 0 bytes, Stack size unknown bytes, libinit2.o(.ARM.Collect$$libinit$$00000001))
<BR><BR>[Stack]<UL><LI>Max Depth = 64 + Unknown Stack Size
<LI>Call Chain = __rt_lib_init_heap_2 &rArr; _init_alloc &rArr; __rt_SIGRTMEM &rArr; __rt_SIGRTMEM_inner &rArr; __default_signal_display &rArr; _ttywrch
</UL>
<BR>[Calls]<UL><LI><a href="#[81]">&gt;&gt;</a>&nbsp;&nbsp;&nbsp;_init_alloc
</UL>

<P><STRONG><a name="[23f]"></a>__rt_lib_init_heap_1</STRONG> (Thumb, 0 bytes, Stack size unknown bytes, libinit2.o(.ARM.Collect$$libinit$$00000006))

<P><STRONG><a name="[82]"></a>__rt_lib_init_lc_common</STRONG> (Thumb, 0 bytes, Stack size unknown bytes, libinit2.o(.ARM.Collect$$libinit$$0000000B))
<BR><BR>[Calls]<UL><LI><a href="#[83]">&gt;&gt;</a>&nbsp;&nbsp;&nbsp;__rt_locale
</UL>

<P><STRONG><a name="[240]"></a>__rt_lib_init_rand_1</STRONG> (Thumb, 0 bytes, Stack size unknown bytes, libinit2.o(.ARM.Collect$$libinit$$0000000A))

<P><STRONG><a name="[241]"></a>__rt_lib_init_user_alloc_1</STRONG> (Thumb, 0 bytes, Stack size unknown bytes, libinit2.o(.ARM.Collect$$libinit$$00000008))

<P><STRONG><a name="[242]"></a>__rt_lib_init_lc_collate_1</STRONG> (Thumb, 0 bytes, Stack size unknown bytes, libinit2.o(.ARM.Collect$$libinit$$0000000D))

<P><STRONG><a name="[84]"></a>__rt_lib_init_lc_ctype_2</STRONG> (Thumb, 0 bytes, Stack size unknown bytes, libinit2.o(.ARM.Collect$$libinit$$0000000E))
<BR><BR>[Stack]<UL><LI>Max Depth = 8 + Unknown Stack Size
<LI>Call Chain = __rt_lib_init_lc_ctype_2 &rArr; _get_lc_ctype
</UL>
<BR>[Calls]<UL><LI><a href="#[47]">&gt;&gt;</a>&nbsp;&nbsp;&nbsp;_get_lc_ctype
</UL>

<P><STRONG><a name="[243]"></a>__rt_lib_init_atexit_1</STRONG> (Thumb, 0 bytes, Stack size unknown bytes, libinit2.o(.ARM.Collect$$libinit$$00000017))

<P><STRONG><a name="[244]"></a>__rt_lib_init_clock_1</STRONG> (Thumb, 0 bytes, Stack size unknown bytes, libinit2.o(.ARM.Collect$$libinit$$0000001D))

<P><STRONG><a name="[245]"></a>__rt_lib_init_fp_trap_1</STRONG> (Thumb, 0 bytes, Stack size unknown bytes, libinit2.o(.ARM.Collect$$libinit$$0000001B))

<P><STRONG><a name="[246]"></a>__rt_lib_init_getenv_1</STRONG> (Thumb, 0 bytes, Stack size unknown bytes, libinit2.o(.ARM.Collect$$libinit$$0000001F))

<P><STRONG><a name="[247]"></a>__rt_lib_init_lc_ctype_1</STRONG> (Thumb, 0 bytes, Stack size unknown bytes, libinit2.o(.ARM.Collect$$libinit$$0000000F))

<P><STRONG><a name="[248]"></a>__rt_lib_init_lc_monetary_1</STRONG> (Thumb, 0 bytes, Stack size unknown bytes, libinit2.o(.ARM.Collect$$libinit$$00000011))

<P><STRONG><a name="[249]"></a>__rt_lib_init_lc_numeric_1</STRONG> (Thumb, 0 bytes, Stack size unknown bytes, libinit2.o(.ARM.Collect$$libinit$$00000013))

<P><STRONG><a name="[24a]"></a>__rt_lib_init_lc_time_1</STRONG> (Thumb, 0 bytes, Stack size unknown bytes, libinit2.o(.ARM.Collect$$libinit$$00000015))

<P><STRONG><a name="[24b]"></a>__rt_lib_init_signal_1</STRONG> (Thumb, 0 bytes, Stack size unknown bytes, libinit2.o(.ARM.Collect$$libinit$$00000019))

<P><STRONG><a name="[85]"></a>__rt_lib_init_stdio_2</STRONG> (Thumb, 0 bytes, Stack size unknown bytes, libinit2.o(.ARM.Collect$$libinit$$00000020))
<BR><BR>[Stack]<UL><LI>Max Depth = 136 + Unknown Stack Size
<LI>Call Chain = __rt_lib_init_stdio_2 &rArr; _initio &rArr; freopen &rArr; _fclose_internal &rArr; _fflush &rArr; _writebuf &rArr; _sys_write
</UL>
<BR>[Calls]<UL><LI><a href="#[86]">&gt;&gt;</a>&nbsp;&nbsp;&nbsp;_initio
</UL>

<P><STRONG><a name="[24c]"></a>__rt_lib_init_alloca_1</STRONG> (Thumb, 0 bytes, Stack size unknown bytes, libinit2.o(.ARM.Collect$$libinit$$0000002A))

<P><STRONG><a name="[24d]"></a>__rt_lib_init_argv_1</STRONG> (Thumb, 0 bytes, Stack size unknown bytes, libinit2.o(.ARM.Collect$$libinit$$00000028))

<P><STRONG><a name="[24e]"></a>__rt_lib_init_cpp_1</STRONG> (Thumb, 0 bytes, Stack size unknown bytes, libinit2.o(.ARM.Collect$$libinit$$0000002E))

<P><STRONG><a name="[24f]"></a>__rt_lib_init_exceptions_1</STRONG> (Thumb, 0 bytes, Stack size unknown bytes, libinit2.o(.ARM.Collect$$libinit$$0000002C))

<P><STRONG><a name="[250]"></a>__rt_lib_init_return</STRONG> (Thumb, 0 bytes, Stack size unknown bytes, libinit2.o(.ARM.Collect$$libinit$$0000002F))

<P><STRONG><a name="[251]"></a>__rt_lib_init_stdio_1</STRONG> (Thumb, 0 bytes, Stack size unknown bytes, libinit2.o(.ARM.Collect$$libinit$$00000021))

<P><STRONG><a name="[90]"></a>__rt_lib_shutdown</STRONG> (Thumb, 0 bytes, Stack size unknown bytes, libshutdown.o(.ARM.Collect$$libshutdown$$00000000))
<BR><BR>[Called By]<UL><LI><a href="#[8f]">&gt;&gt;</a>&nbsp;&nbsp;&nbsp;__rt_exit_ls
</UL>

<P><STRONG><a name="[87]"></a>__rt_lib_shutdown_stdio_2</STRONG> (Thumb, 0 bytes, Stack size unknown bytes, libshutdown2.o(.ARM.Collect$$libshutdown$$00000002))
<BR><BR>[Stack]<UL><LI>Max Depth = 120 + Unknown Stack Size
<LI>Call Chain = __rt_lib_shutdown_stdio_2 &rArr; _terminateio &rArr; _fclose_internal &rArr; _fflush &rArr; _writebuf &rArr; _sys_write
</UL>
<BR>[Calls]<UL><LI><a href="#[88]">&gt;&gt;</a>&nbsp;&nbsp;&nbsp;_terminateio
</UL>

<P><STRONG><a name="[252]"></a>__rt_lib_shutdown_fp_trap_1</STRONG> (Thumb, 0 bytes, Stack size unknown bytes, libshutdown2.o(.ARM.Collect$$libshutdown$$00000006))

<P><STRONG><a name="[253]"></a>__rt_lib_shutdown_heap_1</STRONG> (Thumb, 0 bytes, Stack size unknown bytes, libshutdown2.o(.ARM.Collect$$libshutdown$$0000000E))

<P><STRONG><a name="[254]"></a>__rt_lib_shutdown_return</STRONG> (Thumb, 0 bytes, Stack size unknown bytes, libshutdown2.o(.ARM.Collect$$libshutdown$$0000000F))

<P><STRONG><a name="[255]"></a>__rt_lib_shutdown_signal_1</STRONG> (Thumb, 0 bytes, Stack size unknown bytes, libshutdown2.o(.ARM.Collect$$libshutdown$$00000009))

<P><STRONG><a name="[256]"></a>__rt_lib_shutdown_stdio_1</STRONG> (Thumb, 0 bytes, Stack size unknown bytes, libshutdown2.o(.ARM.Collect$$libshutdown$$00000003))

<P><STRONG><a name="[257]"></a>__rt_lib_shutdown_user_alloc_1</STRONG> (Thumb, 0 bytes, Stack size unknown bytes, libshutdown2.o(.ARM.Collect$$libshutdown$$0000000B))

<P><STRONG><a name="[78]"></a>__rt_entry</STRONG> (Thumb, 0 bytes, Stack size unknown bytes, rtentry.o(.ARM.Collect$$rtentry$$00000000))
<BR><BR>[Called By]<UL><LI><a href="#[76]">&gt;&gt;</a>&nbsp;&nbsp;&nbsp;__main
<LI><a href="#[79]">&gt;&gt;</a>&nbsp;&nbsp;&nbsp;__scatterload_rt2
</UL>

<P><STRONG><a name="[258]"></a>__rt_entry_presh_1</STRONG> (Thumb, 0 bytes, Stack size unknown bytes, rtentry2.o(.ARM.Collect$$rtentry$$00000002))

<P><STRONG><a name="[89]"></a>__rt_entry_sh</STRONG> (Thumb, 0 bytes, Stack size unknown bytes, rtentry4.o(.ARM.Collect$$rtentry$$00000004))
<BR><BR>[Stack]<UL><LI>Max Depth = 8 + Unknown Stack Size
<LI>Call Chain = __rt_entry_sh &rArr; __user_setup_stackheap
</UL>
<BR>[Calls]<UL><LI><a href="#[8a]">&gt;&gt;</a>&nbsp;&nbsp;&nbsp;__user_setup_stackheap
</UL>

<P><STRONG><a name="[8b]"></a>__rt_entry_li</STRONG> (Thumb, 0 bytes, Stack size unknown bytes, rtentry2.o(.ARM.Collect$$rtentry$$0000000A))
<BR><BR>[Stack]<UL><LI>Max Depth = 8 + Unknown Stack Size
<LI>Call Chain = __rt_entry_li &rArr; __rt_lib_init &rArr; _fp_init
</UL>
<BR>[Calls]<UL><LI><a href="#[7e]">&gt;&gt;</a>&nbsp;&nbsp;&nbsp;__rt_lib_init
</UL>

<P><STRONG><a name="[259]"></a>__rt_entry_postsh_1</STRONG> (Thumb, 0 bytes, Stack size unknown bytes, rtentry2.o(.ARM.Collect$$rtentry$$00000009))

<P><STRONG><a name="[8c]"></a>__rt_entry_main</STRONG> (Thumb, 0 bytes, Stack size unknown bytes, rtentry2.o(.ARM.Collect$$rtentry$$0000000D))
<BR><BR>[Stack]<UL><LI>Max Depth = 168 + Unknown Stack Size
<LI>Call Chain = __rt_entry_main &rArr; main &rArr; OSInit &rArr; OS_InitTaskStat &rArr; OSTaskCreateExt &rArr; OS_TCBInit
</UL>
<BR>[Calls]<UL><LI><a href="#[8d]">&gt;&gt;</a>&nbsp;&nbsp;&nbsp;main
<LI><a href="#[8e]">&gt;&gt;</a>&nbsp;&nbsp;&nbsp;exit
</UL>

<P><STRONG><a name="[25a]"></a>__rt_entry_postli_1</STRONG> (Thumb, 0 bytes, Stack size unknown bytes, rtentry2.o(.ARM.Collect$$rtentry$$0000000C))

<P><STRONG><a name="[18e]"></a>__rt_exit</STRONG> (Thumb, 0 bytes, Stack size unknown bytes, rtexit.o(.ARM.Collect$$rtexit$$00000000))
<BR><BR>[Called By]<UL><LI><a href="#[8e]">&gt;&gt;</a>&nbsp;&nbsp;&nbsp;exit
</UL>

<P><STRONG><a name="[8f]"></a>__rt_exit_ls</STRONG> (Thumb, 0 bytes, Stack size unknown bytes, rtexit2.o(.ARM.Collect$$rtexit$$00000003))
<BR><BR>[Calls]<UL><LI><a href="#[90]">&gt;&gt;</a>&nbsp;&nbsp;&nbsp;__rt_lib_shutdown
</UL>

<P><STRONG><a name="[25b]"></a>__rt_exit_prels_1</STRONG> (Thumb, 0 bytes, Stack size unknown bytes, rtexit2.o(.ARM.Collect$$rtexit$$00000002))

<P><STRONG><a name="[91]"></a>__rt_exit_exit</STRONG> (Thumb, 0 bytes, Stack size unknown bytes, rtexit2.o(.ARM.Collect$$rtexit$$00000004))
<BR><BR>[Calls]<UL><LI><a href="#[92]">&gt;&gt;</a>&nbsp;&nbsp;&nbsp;_sys_exit
</UL>

<P><STRONG><a name="[187]"></a>__user_initial_stackheap</STRONG> (Thumb, 0 bytes, Stack size unknown bytes, stm32f10x_startup.o(.text))
<BR><BR>[Called By]<UL><LI><a href="#[8a]">&gt;&gt;</a>&nbsp;&nbsp;&nbsp;__user_setup_stackheap
</UL>

<P><STRONG><a name="[25c]"></a>_maybe_terminate_alloc</STRONG> (Thumb, 0 bytes, Stack size unknown bytes, maybetermalloc1.o(.emb_text), UNUSED)

<P><STRONG><a name="[1e3]"></a>OS_CPU_SR_Save</STRONG> (Thumb, 0 bytes, Stack size unknown bytes, os_cpu_a.o(.text))
<BR><BR>[Called By]<UL><LI><a href="#[201]">&gt;&gt;</a>&nbsp;&nbsp;&nbsp;OSTimeTick
<LI><a href="#[3f]">&gt;&gt;</a>&nbsp;&nbsp;&nbsp;OSIntExit
<LI><a href="#[200]">&gt;&gt;</a>&nbsp;&nbsp;&nbsp;OSTimeSet
<LI><a href="#[1f9]">&gt;&gt;</a>&nbsp;&nbsp;&nbsp;OSTaskNameSet
<LI><a href="#[1a6]">&gt;&gt;</a>&nbsp;&nbsp;&nbsp;OSTaskCreateExt
<LI><a href="#[1f1]">&gt;&gt;</a>&nbsp;&nbsp;&nbsp;OSTaskCreate
<LI><a href="#[1a8]">&gt;&gt;</a>&nbsp;&nbsp;&nbsp;OSStatInit
<LI><a href="#[11]">&gt;&gt;</a>&nbsp;&nbsp;&nbsp;SysTickHandler
<LI><a href="#[1c9]">&gt;&gt;</a>&nbsp;&nbsp;&nbsp;OSSemPost
<LI><a href="#[1c8]">&gt;&gt;</a>&nbsp;&nbsp;&nbsp;OSSemPend
<LI><a href="#[1c6]">&gt;&gt;</a>&nbsp;&nbsp;&nbsp;OSSemCreate
<LI><a href="#[1c7]">&gt;&gt;</a>&nbsp;&nbsp;&nbsp;OSMboxCreate
<LI><a href="#[1ee]">&gt;&gt;</a>&nbsp;&nbsp;&nbsp;OSTimeDly
<LI><a href="#[1fe]">&gt;&gt;</a>&nbsp;&nbsp;&nbsp;OSTaskStkChk
<LI><a href="#[4a]">&gt;&gt;</a>&nbsp;&nbsp;&nbsp;OS_TaskStat
<LI><a href="#[49]">&gt;&gt;</a>&nbsp;&nbsp;&nbsp;OS_TaskIdle
<LI><a href="#[1f3]">&gt;&gt;</a>&nbsp;&nbsp;&nbsp;OS_TCBInit
<LI><a href="#[1e9]">&gt;&gt;</a>&nbsp;&nbsp;&nbsp;OS_Sched
</UL>

<P><STRONG><a name="[1e6]"></a>OS_CPU_SR_Restore</STRONG> (Thumb, 0 bytes, Stack size unknown bytes, os_cpu_a.o(.text))
<BR><BR>[Called By]<UL><LI><a href="#[201]">&gt;&gt;</a>&nbsp;&nbsp;&nbsp;OSTimeTick
<LI><a href="#[3f]">&gt;&gt;</a>&nbsp;&nbsp;&nbsp;OSIntExit
<LI><a href="#[200]">&gt;&gt;</a>&nbsp;&nbsp;&nbsp;OSTimeSet
<LI><a href="#[1f9]">&gt;&gt;</a>&nbsp;&nbsp;&nbsp;OSTaskNameSet
<LI><a href="#[1a6]">&gt;&gt;</a>&nbsp;&nbsp;&nbsp;OSTaskCreateExt
<LI><a href="#[1f1]">&gt;&gt;</a>&nbsp;&nbsp;&nbsp;OSTaskCreate
<LI><a href="#[1a8]">&gt;&gt;</a>&nbsp;&nbsp;&nbsp;OSStatInit
<LI><a href="#[11]">&gt;&gt;</a>&nbsp;&nbsp;&nbsp;SysTickHandler
<LI><a href="#[1c9]">&gt;&gt;</a>&nbsp;&nbsp;&nbsp;OSSemPost
<LI><a href="#[1c8]">&gt;&gt;</a>&nbsp;&nbsp;&nbsp;OSSemPend
<LI><a href="#[1c6]">&gt;&gt;</a>&nbsp;&nbsp;&nbsp;OSSemCreate
<LI><a href="#[1c7]">&gt;&gt;</a>&nbsp;&nbsp;&nbsp;OSMboxCreate
<LI><a href="#[1ee]">&gt;&gt;</a>&nbsp;&nbsp;&nbsp;OSTimeDly
<LI><a href="#[1fe]">&gt;&gt;</a>&nbsp;&nbsp;&nbsp;OSTaskStkChk
<LI><a href="#[4a]">&gt;&gt;</a>&nbsp;&nbsp;&nbsp;OS_TaskStat
<LI><a href="#[49]">&gt;&gt;</a>&nbsp;&nbsp;&nbsp;OS_TaskIdle
<LI><a href="#[1f3]">&gt;&gt;</a>&nbsp;&nbsp;&nbsp;OS_TCBInit
<LI><a href="#[1e9]">&gt;&gt;</a>&nbsp;&nbsp;&nbsp;OS_Sched
</UL>

<P><STRONG><a name="[1ed]"></a>OSStartHighRdy</STRONG> (Thumb, 0 bytes, Stack size unknown bytes, os_cpu_a.o(.text))
<BR><BR>[Called By]<UL><LI><a href="#[1ec]">&gt;&gt;</a>&nbsp;&nbsp;&nbsp;OSStart
</UL>

<P><STRONG><a name="[205]"></a>OSCtxSw</STRONG> (Thumb, 0 bytes, Stack size unknown bytes, os_cpu_a.o(.text))
<BR><BR>[Called By]<UL><LI><a href="#[1e9]">&gt;&gt;</a>&nbsp;&nbsp;&nbsp;OS_Sched
</UL>

<P><STRONG><a name="[1e5]"></a>OSIntCtxSw</STRONG> (Thumb, 0 bytes, Stack size unknown bytes, os_cpu_a.o(.text))
<BR><BR>[Called By]<UL><LI><a href="#[3f]">&gt;&gt;</a>&nbsp;&nbsp;&nbsp;OSIntExit
</UL>

<P><STRONG><a name="[10]"></a>OSPendSV</STRONG> (Thumb, 0 bytes, Stack size unknown bytes, os_cpu_a.o(.text))
<BR>[Address Reference Count : 1]<UL><LI> stm32f10x_startup.o(RESET)
</UL>
<P><STRONG><a name="[235]"></a>CPU_IntDis</STRONG> (Thumb, 0 bytes, Stack size unknown bytes, cpu_a.o(.text))
<BR><BR>[Called By]<UL><LI><a href="#[8d]">&gt;&gt;</a>&nbsp;&nbsp;&nbsp;main
</UL>

<P><STRONG><a name="[25d]"></a>CPU_IntEn</STRONG> (Thumb, 0 bytes, Stack size unknown bytes, cpu_a.o(.text), UNUSED)

<P><STRONG><a name="[25e]"></a>CPU_SR_Save</STRONG> (Thumb, 0 bytes, Stack size unknown bytes, cpu_a.o(.text), UNUSED)

<P><STRONG><a name="[25f]"></a>CPU_SR_Restore</STRONG> (Thumb, 0 bytes, Stack size unknown bytes, cpu_a.o(.text), UNUSED)

<P><STRONG><a name="[93]"></a>GUI_DispString</STRONG> (Thumb, 244 bytes, Stack size 40 bytes, gui_dispstring.o(.text))
<BR><BR>[Stack]<UL><LI>Max Depth = 208 + Unknown Stack Size
<LI>Call Chain = GUI_DispString &rArr; GUI__DispLine &rArr; WM__InitIVRSearch &rArr; WM__GetNextIVR &rArr; _FindNext_IVR &rArr; _Findx0 &rArr;  _Findx0 (Cycle)
</UL>
<BR>[Calls]<UL><LI><a href="#[97]">&gt;&gt;</a>&nbsp;&nbsp;&nbsp;GUI__GetLineNumChars
<LI><a href="#[98]">&gt;&gt;</a>&nbsp;&nbsp;&nbsp;GUI__GetLineDistX
<LI><a href="#[99]">&gt;&gt;</a>&nbsp;&nbsp;&nbsp;GUI__DispLine
<LI><a href="#[9a]">&gt;&gt;</a>&nbsp;&nbsp;&nbsp;GUI_UC__NumChars2NumBytes
<LI><a href="#[96]">&gt;&gt;</a>&nbsp;&nbsp;&nbsp;GUI_GetYAdjust
<LI><a href="#[95]">&gt;&gt;</a>&nbsp;&nbsp;&nbsp;GUI_GetFontDistY
<LI><a href="#[9b]">&gt;&gt;</a>&nbsp;&nbsp;&nbsp;GUI_Unlock
<LI><a href="#[94]">&gt;&gt;</a>&nbsp;&nbsp;&nbsp;GUI_Lock
</UL>
<BR>[Called By]<UL><LI><a href="#[37]">&gt;&gt;</a>&nbsp;&nbsp;&nbsp;USART1_IRQHandler
<LI><a href="#[ce]">&gt;&gt;</a>&nbsp;&nbsp;&nbsp;GUI_DispDecSpace
<LI><a href="#[cc]">&gt;&gt;</a>&nbsp;&nbsp;&nbsp;GUI_DispDecMin
<LI><a href="#[ca]">&gt;&gt;</a>&nbsp;&nbsp;&nbsp;GUI_DispSDecShift
<LI><a href="#[c8]">&gt;&gt;</a>&nbsp;&nbsp;&nbsp;GUI_DispDecShift
<LI><a href="#[9c]">&gt;&gt;</a>&nbsp;&nbsp;&nbsp;GUI_DispStringAt
</UL>

<P><STRONG><a name="[9c]"></a>GUI_DispStringAt</STRONG> (Thumb, 32 bytes, Stack size 16 bytes, gui_dispstringat.o(.text))
<BR><BR>[Stack]<UL><LI>Max Depth = 224 + Unknown Stack Size
<LI>Call Chain = GUI_DispStringAt &rArr; GUI_DispString &rArr; GUI__DispLine &rArr; WM__InitIVRSearch &rArr; WM__GetNextIVR &rArr; _FindNext_IVR &rArr; _Findx0 &rArr;  _Findx0 (Cycle)
</UL>
<BR>[Calls]<UL><LI><a href="#[93]">&gt;&gt;</a>&nbsp;&nbsp;&nbsp;GUI_DispString
<LI><a href="#[9b]">&gt;&gt;</a>&nbsp;&nbsp;&nbsp;GUI_Unlock
<LI><a href="#[94]">&gt;&gt;</a>&nbsp;&nbsp;&nbsp;GUI_Lock
</UL>
<BR>[Called By]<UL><LI><a href="#[d2]">&gt;&gt;</a>&nbsp;&nbsp;&nbsp;GUI_DispDecAt
</UL>

<P><STRONG><a name="[9d]"></a>GUI_SetBkColor</STRONG> (Thumb, 22 bytes, Stack size 8 bytes, gui_setcolor.o(.text))
<BR><BR>[Stack]<UL><LI>Max Depth = 80 + Unknown Stack Size
<LI>Call Chain = GUI_SetBkColor &rArr; GUI_Lock &rArr; GUI_X_Lock &rArr; OSSemPend &rArr; OS_Sched
</UL>
<BR>[Calls]<UL><LI><a href="#[9e]">&gt;&gt;</a>&nbsp;&nbsp;&nbsp;LCD_SetBkColor
<LI><a href="#[9b]">&gt;&gt;</a>&nbsp;&nbsp;&nbsp;GUI_Unlock
<LI><a href="#[94]">&gt;&gt;</a>&nbsp;&nbsp;&nbsp;GUI_Lock
</UL>
<BR>[Called By]<UL><LI><a href="#[1a4]">&gt;&gt;</a>&nbsp;&nbsp;&nbsp;dashboard
<LI><a href="#[120]">&gt;&gt;</a>&nbsp;&nbsp;&nbsp;GL_SetDefault
<LI><a href="#[42]">&gt;&gt;</a>&nbsp;&nbsp;&nbsp;cbBackWin
</UL>

<P><STRONG><a name="[9f]"></a>GUI_SetColor</STRONG> (Thumb, 22 bytes, Stack size 8 bytes, gui_setcolor.o(.text))
<BR><BR>[Stack]<UL><LI>Max Depth = 80 + Unknown Stack Size
<LI>Call Chain = GUI_SetColor &rArr; GUI_Lock &rArr; GUI_X_Lock &rArr; OSSemPend &rArr; OS_Sched
</UL>
<BR>[Calls]<UL><LI><a href="#[a0]">&gt;&gt;</a>&nbsp;&nbsp;&nbsp;LCD_SetColor
<LI><a href="#[9b]">&gt;&gt;</a>&nbsp;&nbsp;&nbsp;GUI_Unlock
<LI><a href="#[94]">&gt;&gt;</a>&nbsp;&nbsp;&nbsp;GUI_Lock
</UL>
<BR>[Called By]<UL><LI><a href="#[1a4]">&gt;&gt;</a>&nbsp;&nbsp;&nbsp;dashboard
<LI><a href="#[4e]">&gt;&gt;</a>&nbsp;&nbsp;&nbsp;GUIPROP_DispChar
<LI><a href="#[120]">&gt;&gt;</a>&nbsp;&nbsp;&nbsp;GL_SetDefault
</UL>

<P><STRONG><a name="[a1]"></a>GUI_SetFont</STRONG> (Thumb, 24 bytes, Stack size 16 bytes, gui_setfont.o(.text))
<BR><BR>[Stack]<UL><LI>Max Depth = 88 + Unknown Stack Size
<LI>Call Chain = GUI_SetFont &rArr; GUI_Lock &rArr; GUI_X_Lock &rArr; OSSemPend &rArr; OS_Sched
</UL>
<BR>[Calls]<UL><LI><a href="#[9b]">&gt;&gt;</a>&nbsp;&nbsp;&nbsp;GUI_Unlock
<LI><a href="#[94]">&gt;&gt;</a>&nbsp;&nbsp;&nbsp;GUI_Lock
</UL>
<BR>[Called By]<UL><LI><a href="#[1a4]">&gt;&gt;</a>&nbsp;&nbsp;&nbsp;dashboard
<LI><a href="#[120]">&gt;&gt;</a>&nbsp;&nbsp;&nbsp;GL_SetDefault
</UL>

<P><STRONG><a name="[4e]"></a>GUIPROP_DispChar</STRONG> (Thumb, 178 bytes, Stack size 56 bytes, guicharp.o(.text))
<BR><BR>[Stack]<UL><LI>Max Depth = 144 + Unknown Stack Size
<LI>Call Chain = GUIPROP_DispChar &rArr; LCD_DrawBitmap &rArr; LCD_FillRect
</UL>
<BR>[Calls]<UL><LI><a href="#[a3]">&gt;&gt;</a>&nbsp;&nbsp;&nbsp;LCD_SetDrawMode
<LI><a href="#[a7]">&gt;&gt;</a>&nbsp;&nbsp;&nbsp;LCD_FillRect
<LI><a href="#[a4]">&gt;&gt;</a>&nbsp;&nbsp;&nbsp;LCD_DrawBitmap
<LI><a href="#[a5]">&gt;&gt;</a>&nbsp;&nbsp;&nbsp;GUI_GetColor
<LI><a href="#[a6]">&gt;&gt;</a>&nbsp;&nbsp;&nbsp;GUI_GetBkColor
<LI><a href="#[a2]">&gt;&gt;</a>&nbsp;&nbsp;&nbsp;GUIPROP_FindChar
<LI><a href="#[9f]">&gt;&gt;</a>&nbsp;&nbsp;&nbsp;GUI_SetColor
</UL>
<BR>[Address Reference Count : 1]<UL><LI> f08_ascii.o(.constdata)
</UL>
<P><STRONG><a name="[4f]"></a>GUIPROP_GetCharDistX</STRONG> (Thumb, 38 bytes, Stack size 16 bytes, guicharp.o(.text))
<BR><BR>[Stack]<UL><LI>Max Depth = 16<LI>Call Chain = GUIPROP_GetCharDistX
</UL>
<BR>[Calls]<UL><LI><a href="#[a2]">&gt;&gt;</a>&nbsp;&nbsp;&nbsp;GUIPROP_FindChar
</UL>
<BR>[Address Reference Count : 1]<UL><LI> f08_ascii.o(.constdata)
</UL>
<P><STRONG><a name="[50]"></a>GUIPROP_GetFontInfo</STRONG> (Thumb, 6 bytes, Stack size 0 bytes, guicharp.o(.text))
<BR>[Address Reference Count : 1]<UL><LI> f08_ascii.o(.constdata)
</UL>
<P><STRONG><a name="[51]"></a>GUIPROP_IsInFont</STRONG> (Thumb, 16 bytes, Stack size 8 bytes, guicharp.o(.text))
<BR><BR>[Stack]<UL><LI>Max Depth = 8<LI>Call Chain = GUIPROP_IsInFont
</UL>
<BR>[Calls]<UL><LI><a href="#[a2]">&gt;&gt;</a>&nbsp;&nbsp;&nbsp;GUIPROP_FindChar
</UL>
<BR>[Address Reference Count : 1]<UL><LI> f08_ascii.o(.constdata)
</UL>
<P><STRONG><a name="[a8]"></a>GUI_ClearRect</STRONG> (Thumb, 96 bytes, Stack size 32 bytes, guicore.o(.text))
<BR><BR>[Stack]<UL><LI>Max Depth = 176 + Unknown Stack Size
<LI>Call Chain = GUI_ClearRect &rArr; WM__InitIVRSearch &rArr; WM__GetNextIVR &rArr; _FindNext_IVR &rArr; _Findx0 &rArr;  _Findx0 (Cycle)
</UL>
<BR>[Calls]<UL><LI><a href="#[a3]">&gt;&gt;</a>&nbsp;&nbsp;&nbsp;LCD_SetDrawMode
<LI><a href="#[a7]">&gt;&gt;</a>&nbsp;&nbsp;&nbsp;LCD_FillRect
<LI><a href="#[a9]">&gt;&gt;</a>&nbsp;&nbsp;&nbsp;WM__InitIVRSearch
<LI><a href="#[aa]">&gt;&gt;</a>&nbsp;&nbsp;&nbsp;WM__GetNextIVR
<LI><a href="#[9b]">&gt;&gt;</a>&nbsp;&nbsp;&nbsp;GUI_Unlock
<LI><a href="#[94]">&gt;&gt;</a>&nbsp;&nbsp;&nbsp;GUI_Lock
</UL>
<BR>[Called By]<UL><LI><a href="#[ab]">&gt;&gt;</a>&nbsp;&nbsp;&nbsp;GUI_Clear
</UL>

<P><STRONG><a name="[ab]"></a>GUI_Clear</STRONG> (Thumb, 26 bytes, Stack size 8 bytes, guicore.o(.text))
<BR><BR>[Stack]<UL><LI>Max Depth = 184 + Unknown Stack Size
<LI>Call Chain = GUI_Clear &rArr; GUI_ClearRect &rArr; WM__InitIVRSearch &rArr; WM__GetNextIVR &rArr; _FindNext_IVR &rArr; _Findx0 &rArr;  _Findx0 (Cycle)
</UL>
<BR>[Calls]<UL><LI><a href="#[ac]">&gt;&gt;</a>&nbsp;&nbsp;&nbsp;GUI_GotoXY
<LI><a href="#[a8]">&gt;&gt;</a>&nbsp;&nbsp;&nbsp;GUI_ClearRect
</UL>
<BR>[Called By]<UL><LI><a href="#[1a4]">&gt;&gt;</a>&nbsp;&nbsp;&nbsp;dashboard
<LI><a href="#[42]">&gt;&gt;</a>&nbsp;&nbsp;&nbsp;cbBackWin
</UL>

<P><STRONG><a name="[ad]"></a>GUI_Init</STRONG> (Thumb, 104 bytes, Stack size 16 bytes, guicore.o(.text))
<BR><BR>[Stack]<UL><LI>Max Depth = 264 + Unknown Stack Size
<LI>Call Chain = GUI_Init &rArr; WM_Init &rArr; WM_CreateWindow &rArr; WM_CreateWindowAsChild &rArr; WM_BringToBottom &rArr; WM__GetPrevSibling &rArr; WM__GetFirstSibling &rArr; WM_GetParent &rArr; GUI_Lock &rArr; GUI_X_Lock &rArr; OSSemPend &rArr; OS_Sched
</UL>
<BR>[Calls]<UL><LI><a href="#[ae]">&gt;&gt;</a>&nbsp;&nbsp;&nbsp;GUI_X_Init
<LI><a href="#[b2]">&gt;&gt;</a>&nbsp;&nbsp;&nbsp;WM_Init
<LI><a href="#[af]">&gt;&gt;</a>&nbsp;&nbsp;&nbsp;WM_GetDesktopWindow
<LI><a href="#[5e]">&gt;&gt;</a>&nbsp;&nbsp;&nbsp;LCD_L0_GetRect
<LI><a href="#[b1]">&gt;&gt;</a>&nbsp;&nbsp;&nbsp;LCD_Init
<LI><a href="#[b0]">&gt;&gt;</a>&nbsp;&nbsp;&nbsp;GUITASK_Init
<LI><a href="#[b3]">&gt;&gt;</a>&nbsp;&nbsp;&nbsp;GUITASK_CopyContext
<LI><a href="#[a0]">&gt;&gt;</a>&nbsp;&nbsp;&nbsp;LCD_SetColor
<LI><a href="#[9e]">&gt;&gt;</a>&nbsp;&nbsp;&nbsp;LCD_SetBkColor
</UL>
<BR>[Called By]<UL><LI><a href="#[48]">&gt;&gt;</a>&nbsp;&nbsp;&nbsp;AppTaskUserIF
</UL>

<P><STRONG><a name="[b8]"></a>GUI_CURSOR_Activate</STRONG> (Thumb, 34 bytes, Stack size 8 bytes, guicurs.o(.text), UNUSED)
<BR><BR>[Calls]<UL><LI><a href="#[b7]">&gt;&gt;</a>&nbsp;&nbsp;&nbsp;_Show
<LI><a href="#[9b]">&gt;&gt;</a>&nbsp;&nbsp;&nbsp;GUI_Unlock
<LI><a href="#[94]">&gt;&gt;</a>&nbsp;&nbsp;&nbsp;GUI_Lock
</UL>

<P><STRONG><a name="[b9]"></a>GUI_CURSOR_Deactivate</STRONG> (Thumb, 30 bytes, Stack size 8 bytes, guicurs.o(.text), UNUSED)
<BR><BR>[Calls]<UL><LI><a href="#[b6]">&gt;&gt;</a>&nbsp;&nbsp;&nbsp;_Hide
<LI><a href="#[9b]">&gt;&gt;</a>&nbsp;&nbsp;&nbsp;GUI_Unlock
<LI><a href="#[94]">&gt;&gt;</a>&nbsp;&nbsp;&nbsp;GUI_Lock
</UL>

<P><STRONG><a name="[ba]"></a>GUI_CURSOR_Select</STRONG> (Thumb, 128 bytes, Stack size 32 bytes, guicurs.o(.text), UNUSED)
<BR><BR>[Calls]<UL><LI><a href="#[bb]">&gt;&gt;</a>&nbsp;&nbsp;&nbsp;LCD_Color2Index
<LI><a href="#[bc]">&gt;&gt;</a>&nbsp;&nbsp;&nbsp;GUI_ALLOC_Free
<LI><a href="#[bd]">&gt;&gt;</a>&nbsp;&nbsp;&nbsp;GUI_ALLOC_AllocZero
<LI><a href="#[b7]">&gt;&gt;</a>&nbsp;&nbsp;&nbsp;_Show
<LI><a href="#[b6]">&gt;&gt;</a>&nbsp;&nbsp;&nbsp;_Hide
<LI><a href="#[be]">&gt;&gt;</a>&nbsp;&nbsp;&nbsp;_CalcRect
<LI><a href="#[9b]">&gt;&gt;</a>&nbsp;&nbsp;&nbsp;GUI_Unlock
<LI><a href="#[94]">&gt;&gt;</a>&nbsp;&nbsp;&nbsp;GUI_Lock
</UL>
<BR>[Called By]<UL><LI><a href="#[c0]">&gt;&gt;</a>&nbsp;&nbsp;&nbsp;GUI_CURSOR_Show
</UL>

<P><STRONG><a name="[bf]"></a>GUI_CURSOR_Hide</STRONG> (Thumb, 34 bytes, Stack size 8 bytes, guicurs.o(.text))
<BR><BR>[Stack]<UL><LI>Max Depth = 120 + Unknown Stack Size
<LI>Call Chain = GUI_CURSOR_Hide &rArr; _Hide &rArr; _Undraw &rArr; GUI_Lock &rArr; GUI_X_Lock &rArr; OSSemPend &rArr; OS_Sched
</UL>
<BR>[Calls]<UL><LI><a href="#[b6]">&gt;&gt;</a>&nbsp;&nbsp;&nbsp;_Hide
<LI><a href="#[9b]">&gt;&gt;</a>&nbsp;&nbsp;&nbsp;GUI_Unlock
<LI><a href="#[94]">&gt;&gt;</a>&nbsp;&nbsp;&nbsp;GUI_Lock
</UL>
<BR>[Called By]<UL><LI><a href="#[1a4]">&gt;&gt;</a>&nbsp;&nbsp;&nbsp;dashboard
</UL>

<P><STRONG><a name="[c0]"></a>GUI_CURSOR_Show</STRONG> (Thumb, 64 bytes, Stack size 8 bytes, guicurs.o(.text), UNUSED)
<BR><BR>[Calls]<UL><LI><a href="#[ba]">&gt;&gt;</a>&nbsp;&nbsp;&nbsp;GUI_CURSOR_Select
<LI><a href="#[b7]">&gt;&gt;</a>&nbsp;&nbsp;&nbsp;_Show
<LI><a href="#[b6]">&gt;&gt;</a>&nbsp;&nbsp;&nbsp;_Hide
<LI><a href="#[9b]">&gt;&gt;</a>&nbsp;&nbsp;&nbsp;GUI_Unlock
<LI><a href="#[94]">&gt;&gt;</a>&nbsp;&nbsp;&nbsp;GUI_Lock
</UL>

<P><STRONG><a name="[c1]"></a>GUI_CURSOR_SetPosition</STRONG> (Thumb, 480 bytes, Stack size 104 bytes, guicurs.o(.text), UNUSED)
<BR><BR>[Calls]<UL><LI><a href="#[c3]">&gt;&gt;</a>&nbsp;&nbsp;&nbsp;GUI_GetBitmapPixelIndex
<LI><a href="#[c2]">&gt;&gt;</a>&nbsp;&nbsp;&nbsp;GUI_ALLOC_h2p
<LI><a href="#[c5]">&gt;&gt;</a>&nbsp;&nbsp;&nbsp;_Log2Phys
<LI><a href="#[be]">&gt;&gt;</a>&nbsp;&nbsp;&nbsp;_CalcRect
<LI><a href="#[b4]">&gt;&gt;</a>&nbsp;&nbsp;&nbsp;_GetPixelIndex
<LI><a href="#[c4]">&gt;&gt;</a>&nbsp;&nbsp;&nbsp;_SetPixelIndex
<LI><a href="#[9b]">&gt;&gt;</a>&nbsp;&nbsp;&nbsp;GUI_Unlock
<LI><a href="#[94]">&gt;&gt;</a>&nbsp;&nbsp;&nbsp;GUI_Lock
</UL>

<P><STRONG><a name="[c8]"></a>GUI_DispDecShift</STRONG> (Thumb, 20 bytes, Stack size 24 bytes, guival.o(.text))
<BR><BR>[Stack]<UL><LI>Max Depth = 232 + Unknown Stack Size
<LI>Call Chain = GUI_DispDecShift &rArr; GUI_DispString &rArr; GUI__DispLine &rArr; WM__InitIVRSearch &rArr; WM__GetNextIVR &rArr; _FindNext_IVR &rArr; _Findx0 &rArr;  _Findx0 (Cycle)
</UL>
<BR>[Calls]<UL><LI><a href="#[93]">&gt;&gt;</a>&nbsp;&nbsp;&nbsp;GUI_DispString
<LI><a href="#[c9]">&gt;&gt;</a>&nbsp;&nbsp;&nbsp;GUI_AddDecShift
</UL>
<BR>[Called By]<UL><LI><a href="#[d1]">&gt;&gt;</a>&nbsp;&nbsp;&nbsp;GUI_DispDec
</UL>

<P><STRONG><a name="[ca]"></a>GUI_DispSDecShift</STRONG> (Thumb, 36 bytes, Stack size 32 bytes, guival.o(.text), UNUSED)
<BR><BR>[Calls]<UL><LI><a href="#[93]">&gt;&gt;</a>&nbsp;&nbsp;&nbsp;GUI_DispString
<LI><a href="#[cb]">&gt;&gt;</a>&nbsp;&nbsp;&nbsp;GUI_AddSign
<LI><a href="#[c9]">&gt;&gt;</a>&nbsp;&nbsp;&nbsp;GUI_AddDecShift
</UL>
<BR>[Called By]<UL><LI><a href="#[d0]">&gt;&gt;</a>&nbsp;&nbsp;&nbsp;GUI_DispSDec
</UL>

<P><STRONG><a name="[cc]"></a>GUI_DispDecMin</STRONG> (Thumb, 20 bytes, Stack size 24 bytes, guival.o(.text), UNUSED)
<BR><BR>[Calls]<UL><LI><a href="#[93]">&gt;&gt;</a>&nbsp;&nbsp;&nbsp;GUI_DispString
<LI><a href="#[cd]">&gt;&gt;</a>&nbsp;&nbsp;&nbsp;GUI_AddDecMin
</UL>

<P><STRONG><a name="[ce]"></a>GUI_DispDecSpace</STRONG> (Thumb, 72 bytes, Stack size 32 bytes, guival.o(.text), UNUSED)
<BR><BR>[Calls]<UL><LI><a href="#[93]">&gt;&gt;</a>&nbsp;&nbsp;&nbsp;GUI_DispString
<LI><a href="#[cf]">&gt;&gt;</a>&nbsp;&nbsp;&nbsp;GUI_Long2Len
<LI><a href="#[cb]">&gt;&gt;</a>&nbsp;&nbsp;&nbsp;GUI_AddSign
<LI><a href="#[cd]">&gt;&gt;</a>&nbsp;&nbsp;&nbsp;GUI_AddDecMin
</UL>

<P><STRONG><a name="[d0]"></a>GUI_DispSDec</STRONG> (Thumb, 4 bytes, Stack size 0 bytes, guival.o(.text), UNUSED)
<BR><BR>[Calls]<UL><LI><a href="#[ca]">&gt;&gt;</a>&nbsp;&nbsp;&nbsp;GUI_DispSDecShift
</UL>

<P><STRONG><a name="[d1]"></a>GUI_DispDec</STRONG> (Thumb, 4 bytes, Stack size 0 bytes, guival.o(.text))
<BR><BR>[Stack]<UL><LI>Max Depth = 232 + Unknown Stack Size
<LI>Call Chain = GUI_DispDec &rArr; GUI_DispDecShift &rArr; GUI_DispString &rArr; GUI__DispLine &rArr; WM__InitIVRSearch &rArr; WM__GetNextIVR &rArr; _FindNext_IVR &rArr; _Findx0 &rArr;  _Findx0 (Cycle)
</UL>
<BR>[Calls]<UL><LI><a href="#[c8]">&gt;&gt;</a>&nbsp;&nbsp;&nbsp;GUI_DispDecShift
</UL>
<BR>[Called By]<UL><LI><a href="#[37]">&gt;&gt;</a>&nbsp;&nbsp;&nbsp;USART1_IRQHandler
</UL>

<P><STRONG><a name="[d2]"></a>GUI_DispDecAt</STRONG> (Thumb, 32 bytes, Stack size 32 bytes, guival.o(.text))
<BR><BR>[Stack]<UL><LI>Max Depth = 256 + Unknown Stack Size
<LI>Call Chain = GUI_DispDecAt &rArr; GUI_DispStringAt &rArr; GUI_DispString &rArr; GUI__DispLine &rArr; WM__InitIVRSearch &rArr; WM__GetNextIVR &rArr; _FindNext_IVR &rArr; _Findx0 &rArr;  _Findx0 (Cycle)
</UL>
<BR>[Calls]<UL><LI><a href="#[c9]">&gt;&gt;</a>&nbsp;&nbsp;&nbsp;GUI_AddDecShift
<LI><a href="#[9c]">&gt;&gt;</a>&nbsp;&nbsp;&nbsp;GUI_DispStringAt
</UL>
<BR>[Called By]<UL><LI><a href="#[18]">&gt;&gt;</a>&nbsp;&nbsp;&nbsp;EXTI0_IRQHandler
</UL>

<P><STRONG><a name="[cd]"></a>GUI_AddDecMin</STRONG> (Thumb, 26 bytes, Stack size 16 bytes, gui_adddecmin.o(.text), UNUSED)
<BR><BR>[Calls]<UL><LI><a href="#[cf]">&gt;&gt;</a>&nbsp;&nbsp;&nbsp;GUI_Long2Len
<LI><a href="#[c9]">&gt;&gt;</a>&nbsp;&nbsp;&nbsp;GUI_AddDecShift
</UL>
<BR>[Called By]<UL><LI><a href="#[ce]">&gt;&gt;</a>&nbsp;&nbsp;&nbsp;GUI_DispDecSpace
<LI><a href="#[cc]">&gt;&gt;</a>&nbsp;&nbsp;&nbsp;GUI_DispDecMin
</UL>

<P><STRONG><a name="[cf]"></a>GUI_Long2Len</STRONG> (Thumb, 40 bytes, Stack size 8 bytes, gui_adddecshift.o(.text), UNUSED)
<BR><BR>[Called By]<UL><LI><a href="#[cd]">&gt;&gt;</a>&nbsp;&nbsp;&nbsp;GUI_AddDecMin
<LI><a href="#[ce]">&gt;&gt;</a>&nbsp;&nbsp;&nbsp;GUI_DispDecSpace
</UL>

<P><STRONG><a name="[cb]"></a>GUI_AddSign</STRONG> (Thumb, 30 bytes, Stack size 8 bytes, gui_adddecshift.o(.text), UNUSED)
<BR><BR>[Called By]<UL><LI><a href="#[ce]">&gt;&gt;</a>&nbsp;&nbsp;&nbsp;GUI_DispDecSpace
<LI><a href="#[ca]">&gt;&gt;</a>&nbsp;&nbsp;&nbsp;GUI_DispSDecShift
</UL>

<P><STRONG><a name="[c9]"></a>GUI_AddDecShift</STRONG> (Thumb, 108 bytes, Stack size 20 bytes, gui_adddecshift.o(.text))
<BR><BR>[Stack]<UL><LI>Max Depth = 20<LI>Call Chain = GUI_AddDecShift
</UL>
<BR>[Called By]<UL><LI><a href="#[d2]">&gt;&gt;</a>&nbsp;&nbsp;&nbsp;GUI_DispDecAt
<LI><a href="#[cd]">&gt;&gt;</a>&nbsp;&nbsp;&nbsp;GUI_AddDecMin
<LI><a href="#[ca]">&gt;&gt;</a>&nbsp;&nbsp;&nbsp;GUI_DispSDecShift
<LI><a href="#[c8]">&gt;&gt;</a>&nbsp;&nbsp;&nbsp;GUI_DispDecShift
</UL>

<P><STRONG><a name="[bd]"></a>GUI_ALLOC_AllocZero</STRONG> (Thumb, 38 bytes, Stack size 16 bytes, gui_alloc_alloczero.o(.text))
<BR><BR>[Stack]<UL><LI>Max Depth = 96 + Unknown Stack Size
<LI>Call Chain = GUI_ALLOC_AllocZero &rArr; GUI_ALLOC_AllocNoInit &rArr; GUI_Lock &rArr; GUI_X_Lock &rArr; OSSemPend &rArr; OS_Sched
</UL>
<BR>[Calls]<UL><LI><a href="#[c2]">&gt;&gt;</a>&nbsp;&nbsp;&nbsp;GUI_ALLOC_h2p
<LI><a href="#[9b]">&gt;&gt;</a>&nbsp;&nbsp;&nbsp;GUI_Unlock
<LI><a href="#[94]">&gt;&gt;</a>&nbsp;&nbsp;&nbsp;GUI_Lock
<LI><a href="#[d4]">&gt;&gt;</a>&nbsp;&nbsp;&nbsp;GUI__memset
<LI><a href="#[d3]">&gt;&gt;</a>&nbsp;&nbsp;&nbsp;GUI_ALLOC_AllocNoInit
</UL>
<BR>[Called By]<UL><LI><a href="#[ba]">&gt;&gt;</a>&nbsp;&nbsp;&nbsp;GUI_CURSOR_Select
<LI><a href="#[11b]">&gt;&gt;</a>&nbsp;&nbsp;&nbsp;WM_CreateWindowAsChild
<LI><a href="#[159]">&gt;&gt;</a>&nbsp;&nbsp;&nbsp;GUI_USAGE_BM_Create
<LI><a href="#[158]">&gt;&gt;</a>&nbsp;&nbsp;&nbsp;GUI_MEMDEV__CreateFixed
</UL>

<P><STRONG><a name="[c3]"></a>GUI_GetBitmapPixelIndex</STRONG> (Thumb, 140 bytes, Stack size 0 bytes, gui_getbitmappixelindex.o(.text))
<BR><BR>[Called By]<UL><LI><a href="#[c1]">&gt;&gt;</a>&nbsp;&nbsp;&nbsp;GUI_CURSOR_SetPosition
<LI><a href="#[c7]">&gt;&gt;</a>&nbsp;&nbsp;&nbsp;_Draw
</UL>

<P><STRONG><a name="[d5]"></a>GUI_GetBkColorIndex</STRONG> (Thumb, 20 bytes, Stack size 8 bytes, gui_getcolor.o(.text), UNUSED)
<BR><BR>[Calls]<UL><LI><a href="#[9b]">&gt;&gt;</a>&nbsp;&nbsp;&nbsp;GUI_Unlock
<LI><a href="#[94]">&gt;&gt;</a>&nbsp;&nbsp;&nbsp;GUI_Lock
<LI><a href="#[d6]">&gt;&gt;</a>&nbsp;&nbsp;&nbsp;LCD_GetBkColorIndex
</UL>

<P><STRONG><a name="[a6]"></a>GUI_GetBkColor</STRONG> (Thumb, 24 bytes, Stack size 8 bytes, gui_getcolor.o(.text))
<BR><BR>[Stack]<UL><LI>Max Depth = 80 + Unknown Stack Size
<LI>Call Chain = GUI_GetBkColor &rArr; GUI_Lock &rArr; GUI_X_Lock &rArr; OSSemPend &rArr; OS_Sched
</UL>
<BR>[Calls]<UL><LI><a href="#[9b]">&gt;&gt;</a>&nbsp;&nbsp;&nbsp;GUI_Unlock
<LI><a href="#[94]">&gt;&gt;</a>&nbsp;&nbsp;&nbsp;GUI_Lock
<LI><a href="#[d7]">&gt;&gt;</a>&nbsp;&nbsp;&nbsp;LCD_Index2Color
<LI><a href="#[d6]">&gt;&gt;</a>&nbsp;&nbsp;&nbsp;LCD_GetBkColorIndex
</UL>
<BR>[Called By]<UL><LI><a href="#[4e]">&gt;&gt;</a>&nbsp;&nbsp;&nbsp;GUIPROP_DispChar
</UL>

<P><STRONG><a name="[d8]"></a>GUI_GetColorIndex</STRONG> (Thumb, 20 bytes, Stack size 8 bytes, gui_getcolor.o(.text), UNUSED)
<BR><BR>[Calls]<UL><LI><a href="#[9b]">&gt;&gt;</a>&nbsp;&nbsp;&nbsp;GUI_Unlock
<LI><a href="#[94]">&gt;&gt;</a>&nbsp;&nbsp;&nbsp;GUI_Lock
<LI><a href="#[d9]">&gt;&gt;</a>&nbsp;&nbsp;&nbsp;LCD_GetColorIndex
</UL>

<P><STRONG><a name="[a5]"></a>GUI_GetColor</STRONG> (Thumb, 24 bytes, Stack size 8 bytes, gui_getcolor.o(.text))
<BR><BR>[Stack]<UL><LI>Max Depth = 80 + Unknown Stack Size
<LI>Call Chain = GUI_GetColor &rArr; GUI_Lock &rArr; GUI_X_Lock &rArr; OSSemPend &rArr; OS_Sched
</UL>
<BR>[Calls]<UL><LI><a href="#[9b]">&gt;&gt;</a>&nbsp;&nbsp;&nbsp;GUI_Unlock
<LI><a href="#[94]">&gt;&gt;</a>&nbsp;&nbsp;&nbsp;GUI_Lock
<LI><a href="#[d7]">&gt;&gt;</a>&nbsp;&nbsp;&nbsp;LCD_Index2Color
<LI><a href="#[d9]">&gt;&gt;</a>&nbsp;&nbsp;&nbsp;LCD_GetColorIndex
</UL>
<BR>[Called By]<UL><LI><a href="#[4e]">&gt;&gt;</a>&nbsp;&nbsp;&nbsp;GUIPROP_DispChar
</UL>

<P><STRONG><a name="[da]"></a>GUI_GotoY</STRONG> (Thumb, 22 bytes, Stack size 8 bytes, gui_goto.o(.text), UNUSED)
<BR><BR>[Calls]<UL><LI><a href="#[9b]">&gt;&gt;</a>&nbsp;&nbsp;&nbsp;GUI_Unlock
<LI><a href="#[94]">&gt;&gt;</a>&nbsp;&nbsp;&nbsp;GUI_Lock
</UL>

<P><STRONG><a name="[db]"></a>GUI_GotoX</STRONG> (Thumb, 22 bytes, Stack size 8 bytes, gui_goto.o(.text), UNUSED)
<BR><BR>[Calls]<UL><LI><a href="#[9b]">&gt;&gt;</a>&nbsp;&nbsp;&nbsp;GUI_Unlock
<LI><a href="#[94]">&gt;&gt;</a>&nbsp;&nbsp;&nbsp;GUI_Lock
</UL>

<P><STRONG><a name="[ac]"></a>GUI_GotoXY</STRONG> (Thumb, 26 bytes, Stack size 16 bytes, gui_goto.o(.text))
<BR><BR>[Stack]<UL><LI>Max Depth = 88 + Unknown Stack Size
<LI>Call Chain = GUI_GotoXY &rArr; GUI_Lock &rArr; GUI_X_Lock &rArr; OSSemPend &rArr; OS_Sched
</UL>
<BR>[Calls]<UL><LI><a href="#[9b]">&gt;&gt;</a>&nbsp;&nbsp;&nbsp;GUI_Unlock
<LI><a href="#[94]">&gt;&gt;</a>&nbsp;&nbsp;&nbsp;GUI_Lock
</UL>
<BR>[Called By]<UL><LI><a href="#[ab]">&gt;&gt;</a>&nbsp;&nbsp;&nbsp;GUI_Clear
</UL>

<P><STRONG><a name="[b5]"></a>GUI_RectsIntersect</STRONG> (Thumb, 56 bytes, Stack size 0 bytes, gui_rectsintersect.o(.text))
<BR><BR>[Called By]<UL><LI><a href="#[40]">&gt;&gt;</a>&nbsp;&nbsp;&nbsp;_TempHide
<LI><a href="#[123]">&gt;&gt;</a>&nbsp;&nbsp;&nbsp;_PaintTransChildren
<LI><a href="#[122]">&gt;&gt;</a>&nbsp;&nbsp;&nbsp;_Paint1Trans
<LI><a href="#[118]">&gt;&gt;</a>&nbsp;&nbsp;&nbsp;_Findx1
<LI><a href="#[117]">&gt;&gt;</a>&nbsp;&nbsp;&nbsp;_Findx0
<LI><a href="#[116]">&gt;&gt;</a>&nbsp;&nbsp;&nbsp;_Findy1
<LI><a href="#[ed]">&gt;&gt;</a>&nbsp;&nbsp;&nbsp;_DispLine
</UL>

<P><STRONG><a name="[dc]"></a>GUI_UC_GetCharSize</STRONG> (Thumb, 28 bytes, Stack size 8 bytes, gui_uc.o(.text), UNUSED)
<BR><BR>[Calls]<UL><LI><a href="#[9b]">&gt;&gt;</a>&nbsp;&nbsp;&nbsp;GUI_Unlock
<LI><a href="#[94]">&gt;&gt;</a>&nbsp;&nbsp;&nbsp;GUI_Lock
</UL>

<P><STRONG><a name="[dd]"></a>GUI_UC_GetCharCode</STRONG> (Thumb, 28 bytes, Stack size 8 bytes, gui_uc.o(.text), UNUSED)
<BR><BR>[Calls]<UL><LI><a href="#[9b]">&gt;&gt;</a>&nbsp;&nbsp;&nbsp;GUI_Unlock
<LI><a href="#[94]">&gt;&gt;</a>&nbsp;&nbsp;&nbsp;GUI_Lock
</UL>

<P><STRONG><a name="[de]"></a>GUI_UC_Encode</STRONG> (Thumb, 32 bytes, Stack size 16 bytes, gui_uc.o(.text), UNUSED)
<BR><BR>[Calls]<UL><LI><a href="#[9b]">&gt;&gt;</a>&nbsp;&nbsp;&nbsp;GUI_Unlock
<LI><a href="#[94]">&gt;&gt;</a>&nbsp;&nbsp;&nbsp;GUI_Lock
</UL>

<P><STRONG><a name="[260]"></a>GUI_UC__CalcSizeOfChar</STRONG> (Thumb, 8 bytes, Stack size 0 bytes, gui_uc.o(.text), UNUSED)

<P><STRONG><a name="[ee]"></a>GUI_UC__GetCharCodeInc</STRONG> (Thumb, 38 bytes, Stack size 24 bytes, gui_uc.o(.text))
<BR><BR>[Stack]<UL><LI>Max Depth = 24<LI>Call Chain = GUI_UC__GetCharCodeInc
</UL>
<BR>[Called By]<UL><LI><a href="#[97]">&gt;&gt;</a>&nbsp;&nbsp;&nbsp;GUI__GetLineNumChars
<LI><a href="#[98]">&gt;&gt;</a>&nbsp;&nbsp;&nbsp;GUI__GetLineDistX
<LI><a href="#[ed]">&gt;&gt;</a>&nbsp;&nbsp;&nbsp;_DispLine
</UL>

<P><STRONG><a name="[9a]"></a>GUI_UC__NumChars2NumBytes</STRONG> (Thumb, 34 bytes, Stack size 24 bytes, gui_uc.o(.text))
<BR><BR>[Stack]<UL><LI>Max Depth = 24<LI>Call Chain = GUI_UC__NumChars2NumBytes
</UL>
<BR>[Called By]<UL><LI><a href="#[93]">&gt;&gt;</a>&nbsp;&nbsp;&nbsp;GUI_DispString
</UL>

<P><STRONG><a name="[261]"></a>GUI_UC__NumBytes2NumChars</STRONG> (Thumb, 40 bytes, Stack size 24 bytes, gui_uc.o(.text), UNUSED)

<P><STRONG><a name="[df]"></a>GUI_UC_SetEncodeNone</STRONG> (Thumb, 20 bytes, Stack size 8 bytes, gui_uc_encodenone.o(.text), UNUSED)
<BR><BR>[Calls]<UL><LI><a href="#[9b]">&gt;&gt;</a>&nbsp;&nbsp;&nbsp;GUI_Unlock
<LI><a href="#[94]">&gt;&gt;</a>&nbsp;&nbsp;&nbsp;GUI_Lock
</UL>

<P><STRONG><a name="[e9]"></a>GUI_ALLOC_Init</STRONG> (Thumb, 40 bytes, Stack size 0 bytes, guialloc.o(.text))
<BR><BR>[Called By]<UL><LI><a href="#[e3]">&gt;&gt;</a>&nbsp;&nbsp;&nbsp;_CheckInit
</UL>

<P><STRONG><a name="[d3]"></a>GUI_ALLOC_AllocNoInit</STRONG> (Thumb, 30 bytes, Stack size 8 bytes, guialloc.o(.text))
<BR><BR>[Stack]<UL><LI>Max Depth = 80 + Unknown Stack Size
<LI>Call Chain = GUI_ALLOC_AllocNoInit &rArr; GUI_Lock &rArr; GUI_X_Lock &rArr; OSSemPend &rArr; OS_Sched
</UL>
<BR>[Calls]<UL><LI><a href="#[9b]">&gt;&gt;</a>&nbsp;&nbsp;&nbsp;GUI_Unlock
<LI><a href="#[94]">&gt;&gt;</a>&nbsp;&nbsp;&nbsp;GUI_Lock
<LI><a href="#[e2]">&gt;&gt;</a>&nbsp;&nbsp;&nbsp;_Alloc
</UL>
<BR>[Called By]<UL><LI><a href="#[bd]">&gt;&gt;</a>&nbsp;&nbsp;&nbsp;GUI_ALLOC_AllocZero
<LI><a href="#[158]">&gt;&gt;</a>&nbsp;&nbsp;&nbsp;GUI_MEMDEV__CreateFixed
</UL>

<P><STRONG><a name="[c2]"></a>GUI_ALLOC_h2p</STRONG> (Thumb, 20 bytes, Stack size 0 bytes, guialloc.o(.text))
<BR><BR>[Called By]<UL><LI><a href="#[bd]">&gt;&gt;</a>&nbsp;&nbsp;&nbsp;GUI_ALLOC_AllocZero
<LI><a href="#[c1]">&gt;&gt;</a>&nbsp;&nbsp;&nbsp;GUI_CURSOR_SetPosition
<LI><a href="#[c7]">&gt;&gt;</a>&nbsp;&nbsp;&nbsp;_Draw
<LI><a href="#[c6]">&gt;&gt;</a>&nbsp;&nbsp;&nbsp;_Undraw
<LI><a href="#[a9]">&gt;&gt;</a>&nbsp;&nbsp;&nbsp;WM__InitIVRSearch
<LI><a href="#[11c]">&gt;&gt;</a>&nbsp;&nbsp;&nbsp;WM_BringToBottom
<LI><a href="#[12b]">&gt;&gt;</a>&nbsp;&nbsp;&nbsp;WM_DefaultProc
<LI><a href="#[125]">&gt;&gt;</a>&nbsp;&nbsp;&nbsp;WM_Exec1
<LI><a href="#[124]">&gt;&gt;</a>&nbsp;&nbsp;&nbsp;WM__PaintWinAndOverlays
<LI><a href="#[11b]">&gt;&gt;</a>&nbsp;&nbsp;&nbsp;WM_CreateWindowAsChild
<LI><a href="#[119]">&gt;&gt;</a>&nbsp;&nbsp;&nbsp;WM_InvalidateRect
<LI><a href="#[112]">&gt;&gt;</a>&nbsp;&nbsp;&nbsp;WM_DeleteWindow
<LI><a href="#[111]">&gt;&gt;</a>&nbsp;&nbsp;&nbsp;WM__IsWindow
<LI><a href="#[10f]">&gt;&gt;</a>&nbsp;&nbsp;&nbsp;WM_SendMessage
<LI><a href="#[10e]">&gt;&gt;</a>&nbsp;&nbsp;&nbsp;WM__RemoveFromLinList
<LI><a href="#[10d]">&gt;&gt;</a>&nbsp;&nbsp;&nbsp;WM_SelectWindow
<LI><a href="#[10c]">&gt;&gt;</a>&nbsp;&nbsp;&nbsp;WM__DetachWindow
<LI><a href="#[10b]">&gt;&gt;</a>&nbsp;&nbsp;&nbsp;WM_InvalidateArea
<LI><a href="#[10a]">&gt;&gt;</a>&nbsp;&nbsp;&nbsp;WM__RemoveWindowFromList
<LI><a href="#[109]">&gt;&gt;</a>&nbsp;&nbsp;&nbsp;WM__InsertWindowIntoList
<LI><a href="#[108]">&gt;&gt;</a>&nbsp;&nbsp;&nbsp;WM__ActivateClipRect
<LI><a href="#[107]">&gt;&gt;</a>&nbsp;&nbsp;&nbsp;WM__ClipAtParentBorders
<LI><a href="#[43]">&gt;&gt;</a>&nbsp;&nbsp;&nbsp;_cbPaintMemDev
<LI><a href="#[123]">&gt;&gt;</a>&nbsp;&nbsp;&nbsp;_PaintTransChildren
<LI><a href="#[122]">&gt;&gt;</a>&nbsp;&nbsp;&nbsp;_Paint1Trans
<LI><a href="#[11e]">&gt;&gt;</a>&nbsp;&nbsp;&nbsp;_FindNext_IVR
<LI><a href="#[118]">&gt;&gt;</a>&nbsp;&nbsp;&nbsp;_Findx1
<LI><a href="#[117]">&gt;&gt;</a>&nbsp;&nbsp;&nbsp;_Findx0
<LI><a href="#[116]">&gt;&gt;</a>&nbsp;&nbsp;&nbsp;_Findy1
<LI><a href="#[114]">&gt;&gt;</a>&nbsp;&nbsp;&nbsp;_DeleteAllChildren
<LI><a href="#[104]">&gt;&gt;</a>&nbsp;&nbsp;&nbsp;_SetClipRectUserIntersect
<LI><a href="#[fe]">&gt;&gt;</a>&nbsp;&nbsp;&nbsp;_Invalidate1Abs
<LI><a href="#[161]">&gt;&gt;</a>&nbsp;&nbsp;&nbsp;WM__SendMessage
<LI><a href="#[160]">&gt;&gt;</a>&nbsp;&nbsp;&nbsp;WM__GetFirstSibling
<LI><a href="#[15f]">&gt;&gt;</a>&nbsp;&nbsp;&nbsp;GUI_USAGE_Select
<LI><a href="#[157]">&gt;&gt;</a>&nbsp;&nbsp;&nbsp;GUI_USAGE_DecUseCnt
<LI><a href="#[159]">&gt;&gt;</a>&nbsp;&nbsp;&nbsp;GUI_USAGE_BM_Create
<LI><a href="#[15d]">&gt;&gt;</a>&nbsp;&nbsp;&nbsp;GUI_MEMDEV_CopyToLCDAt
<LI><a href="#[15c]">&gt;&gt;</a>&nbsp;&nbsp;&nbsp;GUI_MEMDEV__WriteToActiveAt
<LI><a href="#[158]">&gt;&gt;</a>&nbsp;&nbsp;&nbsp;GUI_MEMDEV__CreateFixed
<LI><a href="#[151]">&gt;&gt;</a>&nbsp;&nbsp;&nbsp;WM__GetPrevSibling
<LI><a href="#[152]">&gt;&gt;</a>&nbsp;&nbsp;&nbsp;WM_GetParent
<LI><a href="#[14d]">&gt;&gt;</a>&nbsp;&nbsp;&nbsp;GUI_MEMDEV_SetOrg
<LI><a href="#[14b]">&gt;&gt;</a>&nbsp;&nbsp;&nbsp;GUI_MEMDEV_Select
<LI><a href="#[14c]">&gt;&gt;</a>&nbsp;&nbsp;&nbsp;GUI_MEMDEV_ReduceYSize
<LI><a href="#[14a]">&gt;&gt;</a>&nbsp;&nbsp;&nbsp;GUI_MEMDEV_GetYSize
<LI><a href="#[150]">&gt;&gt;</a>&nbsp;&nbsp;&nbsp;GUI_MEMDEV_Delete
<LI><a href="#[149]">&gt;&gt;</a>&nbsp;&nbsp;&nbsp;GUI_MEMDEV_CreateEx
<LI><a href="#[14e]">&gt;&gt;</a>&nbsp;&nbsp;&nbsp;GUI_MEMDEV_Clear
<LI><a href="#[67]">&gt;&gt;</a>&nbsp;&nbsp;&nbsp;GUI_MEMDEV__Index2Color
<LI><a href="#[6e]">&gt;&gt;</a>&nbsp;&nbsp;&nbsp;GUI_MEMDEV__GetRect
<LI><a href="#[68]">&gt;&gt;</a>&nbsp;&nbsp;&nbsp;GUI_MEMDEV__GetIndexMask
<LI><a href="#[66]">&gt;&gt;</a>&nbsp;&nbsp;&nbsp;GUI_MEMDEV__Color2Index
<LI><a href="#[140]">&gt;&gt;</a>&nbsp;&nbsp;&nbsp;_XY2PTR
<LI><a href="#[70]">&gt;&gt;</a>&nbsp;&nbsp;&nbsp;_XorPixel
<LI><a href="#[6f]">&gt;&gt;</a>&nbsp;&nbsp;&nbsp;_SetPixelIndex
<LI><a href="#[6b]">&gt;&gt;</a>&nbsp;&nbsp;&nbsp;_DrawVLine
<LI><a href="#[6c]">&gt;&gt;</a>&nbsp;&nbsp;&nbsp;_FillRect
<LI><a href="#[69]">&gt;&gt;</a>&nbsp;&nbsp;&nbsp;_DrawBitmap
</UL>

<P><STRONG><a name="[e5]"></a>GUI_ALLOC_GetNumFreeBytes</STRONG> (Thumb, 14 bytes, Stack size 8 bytes, guialloc.o(.text), UNUSED)
<BR><BR>[Calls]<UL><LI><a href="#[e3]">&gt;&gt;</a>&nbsp;&nbsp;&nbsp;_CheckInit
</UL>

<P><STRONG><a name="[e6]"></a>GUI_ALLOC_GetMaxSize</STRONG> (Thumb, 98 bytes, Stack size 16 bytes, guialloc.o(.text), UNUSED)
<BR><BR>[Calls]<UL><LI><a href="#[9b]">&gt;&gt;</a>&nbsp;&nbsp;&nbsp;GUI_Unlock
<LI><a href="#[94]">&gt;&gt;</a>&nbsp;&nbsp;&nbsp;GUI_Lock
<LI><a href="#[e3]">&gt;&gt;</a>&nbsp;&nbsp;&nbsp;_CheckInit
</UL>
<BR>[Called By]<UL><LI><a href="#[158]">&gt;&gt;</a>&nbsp;&nbsp;&nbsp;GUI_MEMDEV__CreateFixed
</UL>

<P><STRONG><a name="[262]"></a>GUI_ALLOC_GetSize</STRONG> (Thumb, 20 bytes, Stack size 0 bytes, guialloc.o(.text), UNUSED)

<P><STRONG><a name="[bc]"></a>GUI_ALLOC_Free</STRONG> (Thumb, 26 bytes, Stack size 8 bytes, guialloc.o(.text))
<BR><BR>[Stack]<UL><LI>Max Depth = 80 + Unknown Stack Size
<LI>Call Chain = GUI_ALLOC_Free &rArr; GUI_Lock &rArr; GUI_X_Lock &rArr; OSSemPend &rArr; OS_Sched
</UL>
<BR>[Calls]<UL><LI><a href="#[9b]">&gt;&gt;</a>&nbsp;&nbsp;&nbsp;GUI_Unlock
<LI><a href="#[94]">&gt;&gt;</a>&nbsp;&nbsp;&nbsp;GUI_Lock
<LI><a href="#[e7]">&gt;&gt;</a>&nbsp;&nbsp;&nbsp;_Free
</UL>
<BR>[Called By]<UL><LI><a href="#[ba]">&gt;&gt;</a>&nbsp;&nbsp;&nbsp;GUI_CURSOR_Select
<LI><a href="#[112]">&gt;&gt;</a>&nbsp;&nbsp;&nbsp;WM_DeleteWindow
<LI><a href="#[e8]">&gt;&gt;</a>&nbsp;&nbsp;&nbsp;GUI_ALLOC_FreePtr
<LI><a href="#[74]">&gt;&gt;</a>&nbsp;&nbsp;&nbsp;_GUI_USAGE_BM_Delete
<LI><a href="#[157]">&gt;&gt;</a>&nbsp;&nbsp;&nbsp;GUI_USAGE_DecUseCnt
<LI><a href="#[158]">&gt;&gt;</a>&nbsp;&nbsp;&nbsp;GUI_MEMDEV__CreateFixed
<LI><a href="#[150]">&gt;&gt;</a>&nbsp;&nbsp;&nbsp;GUI_MEMDEV_Delete
</UL>

<P><STRONG><a name="[e8]"></a>GUI_ALLOC_FreePtr</STRONG> (Thumb, 28 bytes, Stack size 8 bytes, guialloc.o(.text), UNUSED)
<BR><BR>[Calls]<UL><LI><a href="#[bc]">&gt;&gt;</a>&nbsp;&nbsp;&nbsp;GUI_ALLOC_Free
<LI><a href="#[9b]">&gt;&gt;</a>&nbsp;&nbsp;&nbsp;GUI_Unlock
<LI><a href="#[94]">&gt;&gt;</a>&nbsp;&nbsp;&nbsp;GUI_Lock
</UL>

<P><STRONG><a name="[95]"></a>GUI_GetFontDistY</STRONG> (Thumb, 20 bytes, Stack size 8 bytes, guichar.o(.text))
<BR><BR>[Stack]<UL><LI>Max Depth = 80 + Unknown Stack Size
<LI>Call Chain = GUI_GetFontDistY &rArr; GUI_Lock &rArr; GUI_X_Lock &rArr; OSSemPend &rArr; OS_Sched
</UL>
<BR>[Calls]<UL><LI><a href="#[9b]">&gt;&gt;</a>&nbsp;&nbsp;&nbsp;GUI_Unlock
<LI><a href="#[94]">&gt;&gt;</a>&nbsp;&nbsp;&nbsp;GUI_Lock
</UL>
<BR>[Called By]<UL><LI><a href="#[93]">&gt;&gt;</a>&nbsp;&nbsp;&nbsp;GUI_DispString
<LI><a href="#[ea]">&gt;&gt;</a>&nbsp;&nbsp;&nbsp;GUI_DispNextLine
</UL>

<P><STRONG><a name="[ea]"></a>GUI_DispNextLine</STRONG> (Thumb, 30 bytes, Stack size 8 bytes, guichar.o(.text), UNUSED)
<BR><BR>[Calls]<UL><LI><a href="#[95]">&gt;&gt;</a>&nbsp;&nbsp;&nbsp;GUI_GetFontDistY
<LI><a href="#[9b]">&gt;&gt;</a>&nbsp;&nbsp;&nbsp;GUI_Unlock
<LI><a href="#[94]">&gt;&gt;</a>&nbsp;&nbsp;&nbsp;GUI_Lock
</UL>
<BR>[Called By]<UL><LI><a href="#[eb]">&gt;&gt;</a>&nbsp;&nbsp;&nbsp;GL_DispChar
</UL>

<P><STRONG><a name="[eb]"></a>GL_DispChar</STRONG> (Thumb, 52 bytes, Stack size 8 bytes, guichar.o(.text), UNUSED)
<BR><BR>[Calls]<UL><LI><a href="#[9b]">&gt;&gt;</a>&nbsp;&nbsp;&nbsp;GUI_Unlock
<LI><a href="#[94]">&gt;&gt;</a>&nbsp;&nbsp;&nbsp;GUI_Lock
<LI><a href="#[ea]">&gt;&gt;</a>&nbsp;&nbsp;&nbsp;GUI_DispNextLine
</UL>

<P><STRONG><a name="[96]"></a>GUI_GetYAdjust</STRONG> (Thumb, 52 bytes, Stack size 8 bytes, guichar.o(.text))
<BR><BR>[Stack]<UL><LI>Max Depth = 80 + Unknown Stack Size
<LI>Call Chain = GUI_GetYAdjust &rArr; GUI_Lock &rArr; GUI_X_Lock &rArr; OSSemPend &rArr; OS_Sched
</UL>
<BR>[Calls]<UL><LI><a href="#[9b]">&gt;&gt;</a>&nbsp;&nbsp;&nbsp;GUI_Unlock
<LI><a href="#[94]">&gt;&gt;</a>&nbsp;&nbsp;&nbsp;GUI_Lock
</UL>
<BR>[Called By]<UL><LI><a href="#[93]">&gt;&gt;</a>&nbsp;&nbsp;&nbsp;GUI_DispString
</UL>

<P><STRONG><a name="[ec]"></a>GUI_GetCharDistX</STRONG> (Thumb, 28 bytes, Stack size 8 bytes, guichar.o(.text))
<BR><BR>[Stack]<UL><LI>Max Depth = 80 + Unknown Stack Size
<LI>Call Chain = GUI_GetCharDistX &rArr; GUI_Lock &rArr; GUI_X_Lock &rArr; OSSemPend &rArr; OS_Sched
</UL>
<BR>[Calls]<UL><LI><a href="#[9b]">&gt;&gt;</a>&nbsp;&nbsp;&nbsp;GUI_Unlock
<LI><a href="#[94]">&gt;&gt;</a>&nbsp;&nbsp;&nbsp;GUI_Lock
</UL>
<BR>[Called By]<UL><LI><a href="#[98]">&gt;&gt;</a>&nbsp;&nbsp;&nbsp;GUI__GetLineDistX
</UL>

<P><STRONG><a name="[97]"></a>GUI__GetLineNumChars</STRONG> (Thumb, 48 bytes, Stack size 24 bytes, guicharline.o(.text))
<BR><BR>[Stack]<UL><LI>Max Depth = 48<LI>Call Chain = GUI__GetLineNumChars &rArr; GUI_UC__GetCharCodeInc
</UL>
<BR>[Calls]<UL><LI><a href="#[ee]">&gt;&gt;</a>&nbsp;&nbsp;&nbsp;GUI_UC__GetCharCodeInc
</UL>
<BR>[Called By]<UL><LI><a href="#[93]">&gt;&gt;</a>&nbsp;&nbsp;&nbsp;GUI_DispString
</UL>

<P><STRONG><a name="[98]"></a>GUI__GetLineDistX</STRONG> (Thumb, 46 bytes, Stack size 24 bytes, guicharline.o(.text))
<BR><BR>[Stack]<UL><LI>Max Depth = 104 + Unknown Stack Size
<LI>Call Chain = GUI__GetLineDistX &rArr; GUI_GetCharDistX &rArr; GUI_Lock &rArr; GUI_X_Lock &rArr; OSSemPend &rArr; OS_Sched
</UL>
<BR>[Calls]<UL><LI><a href="#[ec]">&gt;&gt;</a>&nbsp;&nbsp;&nbsp;GUI_GetCharDistX
<LI><a href="#[ee]">&gt;&gt;</a>&nbsp;&nbsp;&nbsp;GUI_UC__GetCharCodeInc
</UL>
<BR>[Called By]<UL><LI><a href="#[93]">&gt;&gt;</a>&nbsp;&nbsp;&nbsp;GUI_DispString
</UL>

<P><STRONG><a name="[99]"></a>GUI__DispLine</STRONG> (Thumb, 150 bytes, Stack size 24 bytes, guicharline.o(.text))
<BR><BR>[Stack]<UL><LI>Max Depth = 168<LI>Call Chain = GUI__DispLine &rArr; WM__InitIVRSearch &rArr; WM__GetNextIVR &rArr; _FindNext_IVR &rArr; _Findx0 &rArr;  _Findx0 (Cycle)
</UL>
<BR>[Calls]<UL><LI><a href="#[a9]">&gt;&gt;</a>&nbsp;&nbsp;&nbsp;WM__InitIVRSearch
<LI><a href="#[aa]">&gt;&gt;</a>&nbsp;&nbsp;&nbsp;WM__GetNextIVR
<LI><a href="#[ed]">&gt;&gt;</a>&nbsp;&nbsp;&nbsp;_DispLine
</UL>
<BR>[Called By]<UL><LI><a href="#[93]">&gt;&gt;</a>&nbsp;&nbsp;&nbsp;GUI_DispString
</UL>

<P><STRONG><a name="[62]"></a>GUIMONO_DispChar</STRONG> (Thumb, 284 bytes, Stack size 80 bytes, guicharm.o(.text))
<BR><BR>[Stack]<UL><LI>Max Depth = 168<LI>Call Chain = GUIMONO_DispChar &rArr; LCD_DrawBitmap &rArr; LCD_FillRect
</UL>
<BR>[Calls]<UL><LI><a href="#[a3]">&gt;&gt;</a>&nbsp;&nbsp;&nbsp;LCD_SetDrawMode
<LI><a href="#[a7]">&gt;&gt;</a>&nbsp;&nbsp;&nbsp;LCD_FillRect
<LI><a href="#[a4]">&gt;&gt;</a>&nbsp;&nbsp;&nbsp;LCD_DrawBitmap
</UL>
<BR>[Address Reference Count : 1]<UL><LI> f6x8.o(.constdata)
</UL>
<P><STRONG><a name="[63]"></a>GUIMONO_GetCharDistX</STRONG> (Thumb, 10 bytes, Stack size 0 bytes, guicharm.o(.text))
<BR>[Address Reference Count : 1]<UL><LI> f6x8.o(.constdata)
</UL>
<P><STRONG><a name="[64]"></a>GUIMONO_GetFontInfo</STRONG> (Thumb, 6 bytes, Stack size 0 bytes, guicharm.o(.text))
<BR>[Address Reference Count : 1]<UL><LI> f6x8.o(.constdata)
</UL>
<P><STRONG><a name="[65]"></a>GUIMONO_IsInFont</STRONG> (Thumb, 38 bytes, Stack size 0 bytes, guicharm.o(.text))
<BR>[Address Reference Count : 1]<UL><LI> f6x8.o(.constdata)
</UL>
<P><STRONG><a name="[9b]"></a>GUI_Unlock</STRONG> (Thumb, 16 bytes, Stack size 0 bytes, guitask.o(.text))
<BR><BR>[Stack]<UL><LI>Max Depth = 40 + Unknown Stack Size
<LI>Call Chain = GUI_Unlock &rArr; GUI_X_Unlock &rArr; OSSemPost &rArr; OS_EventTaskRdy
</UL>
<BR>[Calls]<UL><LI><a href="#[ef]">&gt;&gt;</a>&nbsp;&nbsp;&nbsp;GUI_X_Unlock
</UL>
<BR>[Called By]<UL><LI><a href="#[93]">&gt;&gt;</a>&nbsp;&nbsp;&nbsp;GUI_DispString
<LI><a href="#[ec]">&gt;&gt;</a>&nbsp;&nbsp;&nbsp;GUI_GetCharDistX
<LI><a href="#[eb]">&gt;&gt;</a>&nbsp;&nbsp;&nbsp;GL_DispChar
<LI><a href="#[bc]">&gt;&gt;</a>&nbsp;&nbsp;&nbsp;GUI_ALLOC_Free
<LI><a href="#[bd]">&gt;&gt;</a>&nbsp;&nbsp;&nbsp;GUI_ALLOC_AllocZero
<LI><a href="#[c1]">&gt;&gt;</a>&nbsp;&nbsp;&nbsp;GUI_CURSOR_SetPosition
<LI><a href="#[c0]">&gt;&gt;</a>&nbsp;&nbsp;&nbsp;GUI_CURSOR_Show
<LI><a href="#[ba]">&gt;&gt;</a>&nbsp;&nbsp;&nbsp;GUI_CURSOR_Select
<LI><a href="#[b9]">&gt;&gt;</a>&nbsp;&nbsp;&nbsp;GUI_CURSOR_Deactivate
<LI><a href="#[b8]">&gt;&gt;</a>&nbsp;&nbsp;&nbsp;GUI_CURSOR_Activate
<LI><a href="#[c7]">&gt;&gt;</a>&nbsp;&nbsp;&nbsp;_Draw
<LI><a href="#[c6]">&gt;&gt;</a>&nbsp;&nbsp;&nbsp;_Undraw
<LI><a href="#[ac]">&gt;&gt;</a>&nbsp;&nbsp;&nbsp;GUI_GotoXY
<LI><a href="#[a8]">&gt;&gt;</a>&nbsp;&nbsp;&nbsp;GUI_ClearRect
<LI><a href="#[a5]">&gt;&gt;</a>&nbsp;&nbsp;&nbsp;GUI_GetColor
<LI><a href="#[a6]">&gt;&gt;</a>&nbsp;&nbsp;&nbsp;GUI_GetBkColor
<LI><a href="#[96]">&gt;&gt;</a>&nbsp;&nbsp;&nbsp;GUI_GetYAdjust
<LI><a href="#[95]">&gt;&gt;</a>&nbsp;&nbsp;&nbsp;GUI_GetFontDistY
<LI><a href="#[a1]">&gt;&gt;</a>&nbsp;&nbsp;&nbsp;GUI_SetFont
<LI><a href="#[9f]">&gt;&gt;</a>&nbsp;&nbsp;&nbsp;GUI_SetColor
<LI><a href="#[9d]">&gt;&gt;</a>&nbsp;&nbsp;&nbsp;GUI_SetBkColor
<LI><a href="#[9c]">&gt;&gt;</a>&nbsp;&nbsp;&nbsp;GUI_DispStringAt
<LI><a href="#[bf]">&gt;&gt;</a>&nbsp;&nbsp;&nbsp;GUI_CURSOR_Hide
<LI><a href="#[12d]">&gt;&gt;</a>&nbsp;&nbsp;&nbsp;WM_SendToParent
<LI><a href="#[11c]">&gt;&gt;</a>&nbsp;&nbsp;&nbsp;WM_BringToBottom
<LI><a href="#[126]">&gt;&gt;</a>&nbsp;&nbsp;&nbsp;GUI_PollKeyMsg
<LI><a href="#[12f]">&gt;&gt;</a>&nbsp;&nbsp;&nbsp;WM_Deactivate
<LI><a href="#[125]">&gt;&gt;</a>&nbsp;&nbsp;&nbsp;WM_Exec1
<LI><a href="#[11b]">&gt;&gt;</a>&nbsp;&nbsp;&nbsp;WM_CreateWindowAsChild
<LI><a href="#[119]">&gt;&gt;</a>&nbsp;&nbsp;&nbsp;WM_InvalidateRect
<LI><a href="#[112]">&gt;&gt;</a>&nbsp;&nbsp;&nbsp;WM_DeleteWindow
<LI><a href="#[10f]">&gt;&gt;</a>&nbsp;&nbsp;&nbsp;WM_SendMessage
<LI><a href="#[10d]">&gt;&gt;</a>&nbsp;&nbsp;&nbsp;WM_SelectWindow
<LI><a href="#[10b]">&gt;&gt;</a>&nbsp;&nbsp;&nbsp;WM_InvalidateArea
<LI><a href="#[ea]">&gt;&gt;</a>&nbsp;&nbsp;&nbsp;GUI_DispNextLine
<LI><a href="#[e8]">&gt;&gt;</a>&nbsp;&nbsp;&nbsp;GUI_ALLOC_FreePtr
<LI><a href="#[e6]">&gt;&gt;</a>&nbsp;&nbsp;&nbsp;GUI_ALLOC_GetMaxSize
<LI><a href="#[df]">&gt;&gt;</a>&nbsp;&nbsp;&nbsp;GUI_UC_SetEncodeNone
<LI><a href="#[de]">&gt;&gt;</a>&nbsp;&nbsp;&nbsp;GUI_UC_Encode
<LI><a href="#[dd]">&gt;&gt;</a>&nbsp;&nbsp;&nbsp;GUI_UC_GetCharCode
<LI><a href="#[dc]">&gt;&gt;</a>&nbsp;&nbsp;&nbsp;GUI_UC_GetCharSize
<LI><a href="#[db]">&gt;&gt;</a>&nbsp;&nbsp;&nbsp;GUI_GotoX
<LI><a href="#[da]">&gt;&gt;</a>&nbsp;&nbsp;&nbsp;GUI_GotoY
<LI><a href="#[d8]">&gt;&gt;</a>&nbsp;&nbsp;&nbsp;GUI_GetColorIndex
<LI><a href="#[d5]">&gt;&gt;</a>&nbsp;&nbsp;&nbsp;GUI_GetBkColorIndex
<LI><a href="#[d3]">&gt;&gt;</a>&nbsp;&nbsp;&nbsp;GUI_ALLOC_AllocNoInit
<LI><a href="#[15f]">&gt;&gt;</a>&nbsp;&nbsp;&nbsp;GUI_USAGE_Select
<LI><a href="#[157]">&gt;&gt;</a>&nbsp;&nbsp;&nbsp;GUI_USAGE_DecUseCnt
<LI><a href="#[159]">&gt;&gt;</a>&nbsp;&nbsp;&nbsp;GUI_USAGE_BM_Create
<LI><a href="#[156]">&gt;&gt;</a>&nbsp;&nbsp;&nbsp;GUI_SelectLCD
<LI><a href="#[15d]">&gt;&gt;</a>&nbsp;&nbsp;&nbsp;GUI_MEMDEV_CopyToLCDAt
<LI><a href="#[158]">&gt;&gt;</a>&nbsp;&nbsp;&nbsp;GUI_MEMDEV__CreateFixed
<LI><a href="#[155]">&gt;&gt;</a>&nbsp;&nbsp;&nbsp;GUI_SetPenShape
<LI><a href="#[154]">&gt;&gt;</a>&nbsp;&nbsp;&nbsp;GUI_GetPenShape
<LI><a href="#[153]">&gt;&gt;</a>&nbsp;&nbsp;&nbsp;GUI_GetPenSize
<LI><a href="#[152]">&gt;&gt;</a>&nbsp;&nbsp;&nbsp;WM_GetParent
<LI><a href="#[14d]">&gt;&gt;</a>&nbsp;&nbsp;&nbsp;GUI_MEMDEV_SetOrg
<LI><a href="#[14b]">&gt;&gt;</a>&nbsp;&nbsp;&nbsp;GUI_MEMDEV_Select
<LI><a href="#[14c]">&gt;&gt;</a>&nbsp;&nbsp;&nbsp;GUI_MEMDEV_ReduceYSize
<LI><a href="#[14a]">&gt;&gt;</a>&nbsp;&nbsp;&nbsp;GUI_MEMDEV_GetYSize
<LI><a href="#[150]">&gt;&gt;</a>&nbsp;&nbsp;&nbsp;GUI_MEMDEV_Delete
<LI><a href="#[149]">&gt;&gt;</a>&nbsp;&nbsp;&nbsp;GUI_MEMDEV_CreateEx
<LI><a href="#[14e]">&gt;&gt;</a>&nbsp;&nbsp;&nbsp;GUI_MEMDEV_Clear
<LI><a href="#[139]">&gt;&gt;</a>&nbsp;&nbsp;&nbsp;GUI_SetTextMode
<LI><a href="#[138]">&gt;&gt;</a>&nbsp;&nbsp;&nbsp;GUI_SetTextAlign
<LI><a href="#[137]">&gt;&gt;</a>&nbsp;&nbsp;&nbsp;GUI_SetPenSize
<LI><a href="#[13b]">&gt;&gt;</a>&nbsp;&nbsp;&nbsp;GUI_SetLineStyle
<LI><a href="#[13a]">&gt;&gt;</a>&nbsp;&nbsp;&nbsp;GUI_SetDrawMode
<LI><a href="#[13c]">&gt;&gt;</a>&nbsp;&nbsp;&nbsp;GUI_SetDefault
<LI><a href="#[134]">&gt;&gt;</a>&nbsp;&nbsp;&nbsp;WM_OnKey
</UL>

<P><STRONG><a name="[94]"></a>GUI_Lock</STRONG> (Thumb, 144 bytes, Stack size 16 bytes, guitask.o(.text))
<BR><BR>[Stack]<UL><LI>Max Depth = 72 + Unknown Stack Size
<LI>Call Chain = GUI_Lock &rArr; GUI_X_Lock &rArr; OSSemPend &rArr; OS_Sched
</UL>
<BR>[Calls]<UL><LI><a href="#[f1]">&gt;&gt;</a>&nbsp;&nbsp;&nbsp;GUI_X_Lock
<LI><a href="#[f0]">&gt;&gt;</a>&nbsp;&nbsp;&nbsp;GUI_X_GetTaskId
<LI><a href="#[f2]">&gt;&gt;</a>&nbsp;&nbsp;&nbsp;__aeabi_memcpy4
</UL>
<BR>[Called By]<UL><LI><a href="#[93]">&gt;&gt;</a>&nbsp;&nbsp;&nbsp;GUI_DispString
<LI><a href="#[ec]">&gt;&gt;</a>&nbsp;&nbsp;&nbsp;GUI_GetCharDistX
<LI><a href="#[eb]">&gt;&gt;</a>&nbsp;&nbsp;&nbsp;GL_DispChar
<LI><a href="#[bc]">&gt;&gt;</a>&nbsp;&nbsp;&nbsp;GUI_ALLOC_Free
<LI><a href="#[bd]">&gt;&gt;</a>&nbsp;&nbsp;&nbsp;GUI_ALLOC_AllocZero
<LI><a href="#[c1]">&gt;&gt;</a>&nbsp;&nbsp;&nbsp;GUI_CURSOR_SetPosition
<LI><a href="#[c0]">&gt;&gt;</a>&nbsp;&nbsp;&nbsp;GUI_CURSOR_Show
<LI><a href="#[ba]">&gt;&gt;</a>&nbsp;&nbsp;&nbsp;GUI_CURSOR_Select
<LI><a href="#[b9]">&gt;&gt;</a>&nbsp;&nbsp;&nbsp;GUI_CURSOR_Deactivate
<LI><a href="#[b8]">&gt;&gt;</a>&nbsp;&nbsp;&nbsp;GUI_CURSOR_Activate
<LI><a href="#[c7]">&gt;&gt;</a>&nbsp;&nbsp;&nbsp;_Draw
<LI><a href="#[c6]">&gt;&gt;</a>&nbsp;&nbsp;&nbsp;_Undraw
<LI><a href="#[ac]">&gt;&gt;</a>&nbsp;&nbsp;&nbsp;GUI_GotoXY
<LI><a href="#[a8]">&gt;&gt;</a>&nbsp;&nbsp;&nbsp;GUI_ClearRect
<LI><a href="#[a5]">&gt;&gt;</a>&nbsp;&nbsp;&nbsp;GUI_GetColor
<LI><a href="#[a6]">&gt;&gt;</a>&nbsp;&nbsp;&nbsp;GUI_GetBkColor
<LI><a href="#[96]">&gt;&gt;</a>&nbsp;&nbsp;&nbsp;GUI_GetYAdjust
<LI><a href="#[95]">&gt;&gt;</a>&nbsp;&nbsp;&nbsp;GUI_GetFontDistY
<LI><a href="#[a1]">&gt;&gt;</a>&nbsp;&nbsp;&nbsp;GUI_SetFont
<LI><a href="#[9f]">&gt;&gt;</a>&nbsp;&nbsp;&nbsp;GUI_SetColor
<LI><a href="#[9d]">&gt;&gt;</a>&nbsp;&nbsp;&nbsp;GUI_SetBkColor
<LI><a href="#[9c]">&gt;&gt;</a>&nbsp;&nbsp;&nbsp;GUI_DispStringAt
<LI><a href="#[bf]">&gt;&gt;</a>&nbsp;&nbsp;&nbsp;GUI_CURSOR_Hide
<LI><a href="#[12d]">&gt;&gt;</a>&nbsp;&nbsp;&nbsp;WM_SendToParent
<LI><a href="#[11c]">&gt;&gt;</a>&nbsp;&nbsp;&nbsp;WM_BringToBottom
<LI><a href="#[126]">&gt;&gt;</a>&nbsp;&nbsp;&nbsp;GUI_PollKeyMsg
<LI><a href="#[12f]">&gt;&gt;</a>&nbsp;&nbsp;&nbsp;WM_Deactivate
<LI><a href="#[125]">&gt;&gt;</a>&nbsp;&nbsp;&nbsp;WM_Exec1
<LI><a href="#[11b]">&gt;&gt;</a>&nbsp;&nbsp;&nbsp;WM_CreateWindowAsChild
<LI><a href="#[119]">&gt;&gt;</a>&nbsp;&nbsp;&nbsp;WM_InvalidateRect
<LI><a href="#[112]">&gt;&gt;</a>&nbsp;&nbsp;&nbsp;WM_DeleteWindow
<LI><a href="#[10f]">&gt;&gt;</a>&nbsp;&nbsp;&nbsp;WM_SendMessage
<LI><a href="#[10d]">&gt;&gt;</a>&nbsp;&nbsp;&nbsp;WM_SelectWindow
<LI><a href="#[10b]">&gt;&gt;</a>&nbsp;&nbsp;&nbsp;WM_InvalidateArea
<LI><a href="#[ea]">&gt;&gt;</a>&nbsp;&nbsp;&nbsp;GUI_DispNextLine
<LI><a href="#[e8]">&gt;&gt;</a>&nbsp;&nbsp;&nbsp;GUI_ALLOC_FreePtr
<LI><a href="#[e6]">&gt;&gt;</a>&nbsp;&nbsp;&nbsp;GUI_ALLOC_GetMaxSize
<LI><a href="#[df]">&gt;&gt;</a>&nbsp;&nbsp;&nbsp;GUI_UC_SetEncodeNone
<LI><a href="#[de]">&gt;&gt;</a>&nbsp;&nbsp;&nbsp;GUI_UC_Encode
<LI><a href="#[dd]">&gt;&gt;</a>&nbsp;&nbsp;&nbsp;GUI_UC_GetCharCode
<LI><a href="#[dc]">&gt;&gt;</a>&nbsp;&nbsp;&nbsp;GUI_UC_GetCharSize
<LI><a href="#[db]">&gt;&gt;</a>&nbsp;&nbsp;&nbsp;GUI_GotoX
<LI><a href="#[da]">&gt;&gt;</a>&nbsp;&nbsp;&nbsp;GUI_GotoY
<LI><a href="#[d8]">&gt;&gt;</a>&nbsp;&nbsp;&nbsp;GUI_GetColorIndex
<LI><a href="#[d5]">&gt;&gt;</a>&nbsp;&nbsp;&nbsp;GUI_GetBkColorIndex
<LI><a href="#[d3]">&gt;&gt;</a>&nbsp;&nbsp;&nbsp;GUI_ALLOC_AllocNoInit
<LI><a href="#[15f]">&gt;&gt;</a>&nbsp;&nbsp;&nbsp;GUI_USAGE_Select
<LI><a href="#[157]">&gt;&gt;</a>&nbsp;&nbsp;&nbsp;GUI_USAGE_DecUseCnt
<LI><a href="#[159]">&gt;&gt;</a>&nbsp;&nbsp;&nbsp;GUI_USAGE_BM_Create
<LI><a href="#[156]">&gt;&gt;</a>&nbsp;&nbsp;&nbsp;GUI_SelectLCD
<LI><a href="#[15d]">&gt;&gt;</a>&nbsp;&nbsp;&nbsp;GUI_MEMDEV_CopyToLCDAt
<LI><a href="#[155]">&gt;&gt;</a>&nbsp;&nbsp;&nbsp;GUI_SetPenShape
<LI><a href="#[154]">&gt;&gt;</a>&nbsp;&nbsp;&nbsp;GUI_GetPenShape
<LI><a href="#[153]">&gt;&gt;</a>&nbsp;&nbsp;&nbsp;GUI_GetPenSize
<LI><a href="#[152]">&gt;&gt;</a>&nbsp;&nbsp;&nbsp;WM_GetParent
<LI><a href="#[14d]">&gt;&gt;</a>&nbsp;&nbsp;&nbsp;GUI_MEMDEV_SetOrg
<LI><a href="#[14b]">&gt;&gt;</a>&nbsp;&nbsp;&nbsp;GUI_MEMDEV_Select
<LI><a href="#[14c]">&gt;&gt;</a>&nbsp;&nbsp;&nbsp;GUI_MEMDEV_ReduceYSize
<LI><a href="#[14a]">&gt;&gt;</a>&nbsp;&nbsp;&nbsp;GUI_MEMDEV_GetYSize
<LI><a href="#[150]">&gt;&gt;</a>&nbsp;&nbsp;&nbsp;GUI_MEMDEV_Delete
<LI><a href="#[149]">&gt;&gt;</a>&nbsp;&nbsp;&nbsp;GUI_MEMDEV_CreateEx
<LI><a href="#[14e]">&gt;&gt;</a>&nbsp;&nbsp;&nbsp;GUI_MEMDEV_Clear
<LI><a href="#[139]">&gt;&gt;</a>&nbsp;&nbsp;&nbsp;GUI_SetTextMode
<LI><a href="#[138]">&gt;&gt;</a>&nbsp;&nbsp;&nbsp;GUI_SetTextAlign
<LI><a href="#[137]">&gt;&gt;</a>&nbsp;&nbsp;&nbsp;GUI_SetPenSize
<LI><a href="#[13b]">&gt;&gt;</a>&nbsp;&nbsp;&nbsp;GUI_SetLineStyle
<LI><a href="#[13a]">&gt;&gt;</a>&nbsp;&nbsp;&nbsp;GUI_SetDrawMode
<LI><a href="#[13c]">&gt;&gt;</a>&nbsp;&nbsp;&nbsp;GUI_SetDefault
<LI><a href="#[134]">&gt;&gt;</a>&nbsp;&nbsp;&nbsp;WM_OnKey
</UL>

<P><STRONG><a name="[b0]"></a>GUITASK_Init</STRONG> (Thumb, 12 bytes, Stack size 0 bytes, guitask.o(.text))
<BR><BR>[Stack]<UL><LI>Max Depth = 24 + Unknown Stack Size
<LI>Call Chain = GUITASK_Init &rArr; GUI_X_InitOS &rArr; OSSemCreate
</UL>
<BR>[Calls]<UL><LI><a href="#[f3]">&gt;&gt;</a>&nbsp;&nbsp;&nbsp;GUI_X_InitOS
</UL>
<BR>[Called By]<UL><LI><a href="#[ad]">&gt;&gt;</a>&nbsp;&nbsp;&nbsp;GUI_Init
</UL>

<P><STRONG><a name="[b3]"></a>GUITASK_CopyContext</STRONG> (Thumb, 46 bytes, Stack size 24 bytes, guitask.o(.text))
<BR><BR>[Stack]<UL><LI>Max Depth = 32<LI>Call Chain = GUITASK_CopyContext &rArr; __aeabi_memcpy4
</UL>
<BR>[Calls]<UL><LI><a href="#[f2]">&gt;&gt;</a>&nbsp;&nbsp;&nbsp;__aeabi_memcpy4
</UL>
<BR>[Called By]<UL><LI><a href="#[ad]">&gt;&gt;</a>&nbsp;&nbsp;&nbsp;GUI_Init
</UL>

<P><STRONG><a name="[f4]"></a>LCD_SetColorIndex</STRONG> (Thumb, 18 bytes, Stack size 8 bytes, lcd.o(.text))
<BR><BR>[Stack]<UL><LI>Max Depth = 8<LI>Call Chain = LCD_SetColorIndex
</UL>
<BR>[Calls]<UL><LI><a href="#[f5]">&gt;&gt;</a>&nbsp;&nbsp;&nbsp;_GetColorIndex
</UL>
<BR>[Called By]<UL><LI><a href="#[a0]">&gt;&gt;</a>&nbsp;&nbsp;&nbsp;LCD_SetColor
<LI><a href="#[163]">&gt;&gt;</a>&nbsp;&nbsp;&nbsp;LCD_UpdateColorIndices
</UL>

<P><STRONG><a name="[f6]"></a>LCD_SetBkColorIndex</STRONG> (Thumb, 18 bytes, Stack size 8 bytes, lcd.o(.text))
<BR><BR>[Stack]<UL><LI>Max Depth = 8<LI>Call Chain = LCD_SetBkColorIndex
</UL>
<BR>[Calls]<UL><LI><a href="#[f5]">&gt;&gt;</a>&nbsp;&nbsp;&nbsp;_GetColorIndex
</UL>
<BR>[Called By]<UL><LI><a href="#[9e]">&gt;&gt;</a>&nbsp;&nbsp;&nbsp;LCD_SetBkColor
<LI><a href="#[163]">&gt;&gt;</a>&nbsp;&nbsp;&nbsp;LCD_UpdateColorIndices
</UL>

<P><STRONG><a name="[a3]"></a>LCD_SetDrawMode</STRONG> (Thumb, 28 bytes, Stack size 8 bytes, lcd.o(.text))
<BR><BR>[Stack]<UL><LI>Max Depth = 8<LI>Call Chain = LCD_SetDrawMode
</UL>
<BR>[Called By]<UL><LI><a href="#[4e]">&gt;&gt;</a>&nbsp;&nbsp;&nbsp;GUIPROP_DispChar
<LI><a href="#[b1]">&gt;&gt;</a>&nbsp;&nbsp;&nbsp;LCD_Init
<LI><a href="#[a8]">&gt;&gt;</a>&nbsp;&nbsp;&nbsp;GUI_ClearRect
<LI><a href="#[62]">&gt;&gt;</a>&nbsp;&nbsp;&nbsp;GUIMONO_DispChar
<LI><a href="#[13a]">&gt;&gt;</a>&nbsp;&nbsp;&nbsp;GUI_SetDrawMode
</UL>

<P><STRONG><a name="[4d]"></a>LCD_DrawPixel</STRONG> (Thumb, 64 bytes, Stack size 8 bytes, lcd.o(.text))
<BR><BR>[Stack]<UL><LI>Max Depth = 8<LI>Call Chain = LCD_DrawPixel
</UL>
<BR>[Address Reference Count : 1]<UL><LI> guicore.o(.constdata)
</UL>
<P><STRONG><a name="[4c]"></a>LCD_DrawHLine</STRONG> (Thumb, 54 bytes, Stack size 8 bytes, lcd.o(.text))
<BR><BR>[Stack]<UL><LI>Max Depth = 8<LI>Call Chain = LCD_DrawHLine
</UL>
<BR>[Address Reference Count : 1]<UL><LI> guicore.o(.constdata)
</UL>
<P><STRONG><a name="[a7]"></a>LCD_FillRect</STRONG> (Thumb, 64 bytes, Stack size 8 bytes, lcd.o(.text))
<BR><BR>[Stack]<UL><LI>Max Depth = 8<LI>Call Chain = LCD_FillRect
</UL>
[...]
<BR><BR>[Stack]<UL><LI>Max Depth = 104 + Unknown Stack Size
<LI>Call Chain = _Undraw &rArr; GUI_Lock &rArr; GUI_X_Lock &rArr; OSSemPend &rArr; OS_Sched
</UL>
<BR>[Calls]<UL><LI><a href="#[c2]">&gt;&gt;</a>&nbsp;&nbsp;&nbsp;GUI_ALLOC_h2p
<LI><a href="#[c4]">&gt;&gt;</a>&nbsp;&nbsp;&nbsp;_SetPixelIndex
<LI><a href="#[9b]">&gt;&gt;</a>&nbsp;&nbsp;&nbsp;GUI_Unlock
<LI><a href="#[94]">&gt;&gt;</a>&nbsp;&nbsp;&nbsp;GUI_Lock
</UL>
<BR>[Called By]<UL><LI><a href="#[b6]">&gt;&gt;</a>&nbsp;&nbsp;&nbsp;_Hide
</UL>

<P><STRONG><a name="[c7]"></a>_Draw</STRONG> (Thumb, 154 bytes, Stack size 32 bytes, guicurs.o(.text))
<BR><BR>[Stack]<UL><LI>Max Depth = 104 + Unknown Stack Size
<LI>Call Chain = _Draw &rArr; GUI_Lock &rArr; GUI_X_Lock &rArr; OSSemPend &rArr; OS_Sched
</UL>
<BR>[Calls]<UL><LI><a href="#[c3]">&gt;&gt;</a>&nbsp;&nbsp;&nbsp;GUI_GetBitmapPixelIndex
<LI><a href="#[c2]">&gt;&gt;</a>&nbsp;&nbsp;&nbsp;GUI_ALLOC_h2p
<LI><a href="#[c5]">&gt;&gt;</a>&nbsp;&nbsp;&nbsp;_Log2Phys
<LI><a href="#[b4]">&gt;&gt;</a>&nbsp;&nbsp;&nbsp;_GetPixelIndex
<LI><a href="#[c4]">&gt;&gt;</a>&nbsp;&nbsp;&nbsp;_SetPixelIndex
<LI><a href="#[9b]">&gt;&gt;</a>&nbsp;&nbsp;&nbsp;GUI_Unlock
<LI><a href="#[94]">&gt;&gt;</a>&nbsp;&nbsp;&nbsp;GUI_Lock
</UL>
<BR>[Called By]<UL><LI><a href="#[b7]">&gt;&gt;</a>&nbsp;&nbsp;&nbsp;_Show
</UL>

<P><STRONG><a name="[52]"></a>_GetCharCode</STRONG> (Thumb, 4 bytes, Stack size 0 bytes, gui_uc_encodenone.o(.text))
<BR>[Address Reference Count : 1]<UL><LI> gui_uc_encodenone.o(.constdata)
</UL>
<P><STRONG><a name="[53]"></a>_GetCharSize</STRONG> (Thumb, 4 bytes, Stack size 0 bytes, gui_uc_encodenone.o(.text))
<BR>[Address Reference Count : 1]<UL><LI> gui_uc_encodenone.o(.constdata)
</UL>
<P><STRONG><a name="[54]"></a>_CalcSizeOfChar</STRONG> (Thumb, 4 bytes, Stack size 0 bytes, gui_uc_encodenone.o(.text))
<BR>[Address Reference Count : 1]<UL><LI> gui_uc_encodenone.o(.constdata)
</UL>
<P><STRONG><a name="[55]"></a>_Encode</STRONG> (Thumb, 6 bytes, Stack size 0 bytes, gui_uc_encodenone.o(.text))
<BR>[Address Reference Count : 1]<UL><LI> gui_uc_encodenone.o(.constdata)
</UL>
<P><STRONG><a name="[e0]"></a>_CreateHole</STRONG> (Thumb, 124 bytes, Stack size 32 bytes, guialloc.o(.text))
<BR><BR>[Stack]<UL><LI>Max Depth = 32<LI>Call Chain = _CreateHole
</UL>
<BR>[Calls]<UL><LI><a href="#[e1]">&gt;&gt;</a>&nbsp;&nbsp;&nbsp;__aeabi_memmove
</UL>
<BR>[Called By]<UL><LI><a href="#[e2]">&gt;&gt;</a>&nbsp;&nbsp;&nbsp;_Alloc
</UL>

<P><STRONG><a name="[e2]"></a>_Alloc</STRONG> (Thumb, 210 bytes, Stack size 24 bytes, guialloc.o(.text))
<BR><BR>[Stack]<UL><LI>Max Depth = 56<LI>Call Chain = _Alloc &rArr; _CreateHole
</UL>
<BR>[Calls]<UL><LI><a href="#[e3]">&gt;&gt;</a>&nbsp;&nbsp;&nbsp;_CheckInit
<LI><a href="#[e4]">&gt;&gt;</a>&nbsp;&nbsp;&nbsp;_FindHole
<LI><a href="#[e0]">&gt;&gt;</a>&nbsp;&nbsp;&nbsp;_CreateHole
</UL>
<BR>[Called By]<UL><LI><a href="#[d3]">&gt;&gt;</a>&nbsp;&nbsp;&nbsp;GUI_ALLOC_AllocNoInit
</UL>

<P><STRONG><a name="[e7]"></a>_Free</STRONG> (Thumb, 78 bytes, Stack size 8 bytes, guialloc.o(.text))
<BR><BR>[Stack]<UL><LI>Max Depth = 8<LI>Call Chain = _Free
</UL>
<BR>[Called By]<UL><LI><a href="#[bc]">&gt;&gt;</a>&nbsp;&nbsp;&nbsp;GUI_ALLOC_Free
</UL>

<P><STRONG><a name="[e4]"></a>_FindHole</STRONG> (Thumb, 86 bytes, Stack size 12 bytes, guialloc.o(.text))
<BR><BR>[Stack]<UL><LI>Max Depth = 12<LI>Call Chain = _FindHole
</UL>
<BR>[Called By]<UL><LI><a href="#[e2]">&gt;&gt;</a>&nbsp;&nbsp;&nbsp;_Alloc
</UL>

<P><STRONG><a name="[e3]"></a>_CheckInit</STRONG> (Thumb, 12 bytes, Stack size 0 bytes, guialloc.o(.text))
<BR><BR>[Calls]<UL><LI><a href="#[e9]">&gt;&gt;</a>&nbsp;&nbsp;&nbsp;GUI_ALLOC_Init
</UL>
<BR>[Called By]<UL><LI><a href="#[e6]">&gt;&gt;</a>&nbsp;&nbsp;&nbsp;GUI_ALLOC_GetMaxSize
<LI><a href="#[e5]">&gt;&gt;</a>&nbsp;&nbsp;&nbsp;GUI_ALLOC_GetNumFreeBytes
<LI><a href="#[e2]">&gt;&gt;</a>&nbsp;&nbsp;&nbsp;_Alloc
</UL>

<P><STRONG><a name="[ed]"></a>_DispLine</STRONG> (Thumb, 70 bytes, Stack size 32 bytes, guicharline.o(.text))
<BR><BR>[Stack]<UL><LI>Max Depth = 56<LI>Call Chain = _DispLine &rArr; GUI_UC__GetCharCodeInc
</UL>
<BR>[Calls]<UL><LI><a href="#[b5]">&gt;&gt;</a>&nbsp;&nbsp;&nbsp;GUI_RectsIntersect
<LI><a href="#[ee]">&gt;&gt;</a>&nbsp;&nbsp;&nbsp;GUI_UC__GetCharCodeInc
</UL>
<BR>[Called By]<UL><LI><a href="#[99]">&gt;&gt;</a>&nbsp;&nbsp;&nbsp;GUI__DispLine
</UL>

<P><STRONG><a name="[f5]"></a>_GetColorIndex</STRONG> (Thumb, 18 bytes, Stack size 0 bytes, lcd.o(.text))
<BR><BR>[Called By]<UL><LI><a href="#[f6]">&gt;&gt;</a>&nbsp;&nbsp;&nbsp;LCD_SetBkColorIndex
<LI><a href="#[f4]">&gt;&gt;</a>&nbsp;&nbsp;&nbsp;LCD_SetColorIndex
</UL>

<P><STRONG><a name="[fe]"></a>_Invalidate1Abs</STRONG> (Thumb, 100 bytes, Stack size 24 bytes, wm.o(.text))
<BR><BR>[Stack]<UL><LI>Max Depth = 40<LI>Call Chain = _Invalidate1Abs &rArr; GUI__IntersectRects
</UL>
<BR>[Calls]<UL><LI><a href="#[c2]">&gt;&gt;</a>&nbsp;&nbsp;&nbsp;GUI_ALLOC_h2p
<LI><a href="#[100]">&gt;&gt;</a>&nbsp;&nbsp;&nbsp;GUI__IntersectRects
<LI><a href="#[101]">&gt;&gt;</a>&nbsp;&nbsp;&nbsp;GUI_MergeRect
<LI><a href="#[ff]">&gt;&gt;</a>&nbsp;&nbsp;&nbsp;WM__RectIsNZ
</UL>
<BR>[Called By]<UL><LI><a href="#[119]">&gt;&gt;</a>&nbsp;&nbsp;&nbsp;WM_InvalidateRect
<LI><a href="#[10b]">&gt;&gt;</a>&nbsp;&nbsp;&nbsp;WM_InvalidateArea
</UL>

<P><STRONG><a name="[104]"></a>_SetClipRectUserIntersect</STRONG> (Thumb, 68 bytes, Stack size 16 bytes, wm.o(.text))
<BR><BR>[Stack]<UL><LI>Max Depth = 56<LI>Call Chain = _SetClipRectUserIntersect &rArr; LCD_SetClipRectEx &rArr; GUI__IntersectRects
</UL>
<BR>[Calls]<UL><LI><a href="#[c2]">&gt;&gt;</a>&nbsp;&nbsp;&nbsp;GUI_ALLOC_h2p
<LI><a href="#[105]">&gt;&gt;</a>&nbsp;&nbsp;&nbsp;LCD_SetClipRectEx
<LI><a href="#[106]">&gt;&gt;</a>&nbsp;&nbsp;&nbsp;GUI__IntersectRect
<LI><a href="#[102]">&gt;&gt;</a>&nbsp;&nbsp;&nbsp;WM__Client2Screen
</UL>
<BR>[Called By]<UL><LI><a href="#[108]">&gt;&gt;</a>&nbsp;&nbsp;&nbsp;WM__ActivateClipRect
</UL>

<P><STRONG><a name="[114]"></a>_DeleteAllChildren</STRONG> (Thumb, 30 bytes, Stack size 16 bytes, wm.o(.text), UNUSED)
<BR><BR>[Calls]<UL><LI><a href="#[c2]">&gt;&gt;</a>&nbsp;&nbsp;&nbsp;GUI_ALLOC_h2p
<LI><a href="#[112]">&gt;&gt;</a>&nbsp;&nbsp;&nbsp;WM_DeleteWindow
</UL>
<BR>[Called By]<UL><LI><a href="#[112]">&gt;&gt;</a>&nbsp;&nbsp;&nbsp;WM_DeleteWindow
</UL>

<P><STRONG><a name="[116]"></a>_Findy1</STRONG> (Thumb, 156 bytes, Stack size 32 bytes, wm.o(.text))
<BR><BR>[Stack]<UL><LI>Max Depth = 48 + In Cycle
<LI>Call Chain = _Findy1 &rArr;  _Findy1 (Cycle)
</UL>
<BR>[Calls]<UL><LI><a href="#[b5]">&gt;&gt;</a>&nbsp;&nbsp;&nbsp;GUI_RectsIntersect
<LI><a href="#[c2]">&gt;&gt;</a>&nbsp;&nbsp;&nbsp;GUI_ALLOC_h2p
<LI><a href="#[100]">&gt;&gt;</a>&nbsp;&nbsp;&nbsp;GUI__IntersectRects
<LI><a href="#[116]">&gt;&gt;</a>&nbsp;&nbsp;&nbsp;_Findy1
</UL>
<BR>[Called By]<UL><LI><a href="#[11e]">&gt;&gt;</a>&nbsp;&nbsp;&nbsp;_FindNext_IVR
<LI><a href="#[116]">&gt;&gt;</a>&nbsp;&nbsp;&nbsp;_Findy1
</UL>

<P><STRONG><a name="[117]"></a>_Findx0</STRONG> (Thumb, 128 bytes, Stack size 40 bytes, wm.o(.text))
<BR><BR>[Stack]<UL><LI>Max Depth = 56 + In Cycle
<LI>Call Chain = _Findx0 &rArr;  _Findx0 (Cycle)
</UL>
<BR>[Calls]<UL><LI><a href="#[b5]">&gt;&gt;</a>&nbsp;&nbsp;&nbsp;GUI_RectsIntersect
<LI><a href="#[c2]">&gt;&gt;</a>&nbsp;&nbsp;&nbsp;GUI_ALLOC_h2p
<LI><a href="#[100]">&gt;&gt;</a>&nbsp;&nbsp;&nbsp;GUI__IntersectRects
<LI><a href="#[117]">&gt;&gt;</a>&nbsp;&nbsp;&nbsp;_Findx0
</UL>
<BR>[Called By]<UL><LI><a href="#[11e]">&gt;&gt;</a>&nbsp;&nbsp;&nbsp;_FindNext_IVR
<LI><a href="#[117]">&gt;&gt;</a>&nbsp;&nbsp;&nbsp;_Findx0
</UL>

<P><STRONG><a name="[118]"></a>_Findx1</STRONG> (Thumb, 114 bytes, Stack size 32 bytes, wm.o(.text))
<BR><BR>[Stack]<UL><LI>Max Depth = 48 + In Cycle
<LI>Call Chain = _Findx1 &rArr;  _Findx1 (Cycle)
</UL>
<BR>[Calls]<UL><LI><a href="#[b5]">&gt;&gt;</a>&nbsp;&nbsp;&nbsp;GUI_RectsIntersect
<LI><a href="#[c2]">&gt;&gt;</a>&nbsp;&nbsp;&nbsp;GUI_ALLOC_h2p
<LI><a href="#[100]">&gt;&gt;</a>&nbsp;&nbsp;&nbsp;GUI__IntersectRects
<LI><a href="#[118]">&gt;&gt;</a>&nbsp;&nbsp;&nbsp;_Findx1
</UL>
<BR>[Called By]<UL><LI><a href="#[11e]">&gt;&gt;</a>&nbsp;&nbsp;&nbsp;_FindNext_IVR
<LI><a href="#[118]">&gt;&gt;</a>&nbsp;&nbsp;&nbsp;_Findx1
</UL>

<P><STRONG><a name="[11e]"></a>_FindNext_IVR</STRONG> (Thumb, 310 bytes, Stack size 32 bytes, wm.o(.text))
<BR><BR>[Stack]<UL><LI>Max Depth = 88<LI>Call Chain = _FindNext_IVR &rArr; _Findx0 &rArr;  _Findx0 (Cycle)
</UL>
<BR>[Calls]<UL><LI><a href="#[c2]">&gt;&gt;</a>&nbsp;&nbsp;&nbsp;GUI_ALLOC_h2p
<LI><a href="#[118]">&gt;&gt;</a>&nbsp;&nbsp;&nbsp;_Findx1
<LI><a href="#[117]">&gt;&gt;</a>&nbsp;&nbsp;&nbsp;_Findx0
<LI><a href="#[116]">&gt;&gt;</a>&nbsp;&nbsp;&nbsp;_Findy1
</UL>
<BR>[Called By]<UL><LI><a href="#[aa]">&gt;&gt;</a>&nbsp;&nbsp;&nbsp;WM__GetNextIVR
</UL>

<P><STRONG><a name="[121]"></a>_Paint1</STRONG> (Thumb, 124 bytes, Stack size 32 bytes, wm.o(.text))
<BR><BR>[Stack]<UL><LI>Max Depth = 176 + Unknown Stack Size
<LI>Call Chain = _Paint1 &rArr; WM__InitIVRSearch &rArr; WM__GetNextIVR &rArr; _FindNext_IVR &rArr; _Findx0 &rArr;  _Findx0 (Cycle)
</UL>
<BR>[Calls]<UL><LI><a href="#[a9]">&gt;&gt;</a>&nbsp;&nbsp;&nbsp;WM__InitIVRSearch
<LI><a href="#[aa]">&gt;&gt;</a>&nbsp;&nbsp;&nbsp;WM__GetNextIVR
<LI><a href="#[11f]">&gt;&gt;</a>&nbsp;&nbsp;&nbsp;WM_SetDefault
<LI><a href="#[10f]">&gt;&gt;</a>&nbsp;&nbsp;&nbsp;WM_SendMessage
</UL>
<BR>[Called By]<UL><LI><a href="#[124]">&gt;&gt;</a>&nbsp;&nbsp;&nbsp;WM__PaintWinAndOverlays
<LI><a href="#[122]">&gt;&gt;</a>&nbsp;&nbsp;&nbsp;_Paint1Trans
</UL>

<P><STRONG><a name="[122]"></a>_Paint1Trans</STRONG> (Thumb, 92 bytes, Stack size 32 bytes, wm.o(.text))
<BR><BR>[Stack]<UL><LI>Max Depth = 208 + Unknown Stack Size
<LI>Call Chain = _Paint1Trans &rArr; _Paint1 &rArr; WM__InitIVRSearch &rArr; WM__GetNextIVR &rArr; _FindNext_IVR &rArr; _Findx0 &rArr;  _Findx0 (Cycle)
</UL>
<BR>[Calls]<UL><LI><a href="#[b5]">&gt;&gt;</a>&nbsp;&nbsp;&nbsp;GUI_RectsIntersect
<LI><a href="#[c2]">&gt;&gt;</a>&nbsp;&nbsp;&nbsp;GUI_ALLOC_h2p
<LI><a href="#[100]">&gt;&gt;</a>&nbsp;&nbsp;&nbsp;GUI__IntersectRects
<LI><a href="#[121]">&gt;&gt;</a>&nbsp;&nbsp;&nbsp;_Paint1
</UL>
<BR>[Called By]<UL><LI><a href="#[124]">&gt;&gt;</a>&nbsp;&nbsp;&nbsp;WM__PaintWinAndOverlays
<LI><a href="#[123]">&gt;&gt;</a>&nbsp;&nbsp;&nbsp;_PaintTransChildren
</UL>

<P><STRONG><a name="[123]"></a>_PaintTransChildren</STRONG> (Thumb, 84 bytes, Stack size 32 bytes, wm.o(.text))
<BR><BR>[Stack]<UL><LI>Max Depth = 240 + Unknown Stack Size
 + In Cycle
<LI>Call Chain = _PaintTransChildren &rArr;  _PaintTransChildren (Cycle)
</UL>
<BR>[Calls]<UL><LI><a href="#[b5]">&gt;&gt;</a>&nbsp;&nbsp;&nbsp;GUI_RectsIntersect
<LI><a href="#[c2]">&gt;&gt;</a>&nbsp;&nbsp;&nbsp;GUI_ALLOC_h2p
<LI><a href="#[123]">&gt;&gt;</a>&nbsp;&nbsp;&nbsp;_PaintTransChildren
<LI><a href="#[122]">&gt;&gt;</a>&nbsp;&nbsp;&nbsp;_Paint1Trans
</UL>
<BR>[Called By]<UL><LI><a href="#[124]">&gt;&gt;</a>&nbsp;&nbsp;&nbsp;WM__PaintWinAndOverlays
<LI><a href="#[123]">&gt;&gt;</a>&nbsp;&nbsp;&nbsp;_PaintTransChildren
</UL>

<P><STRONG><a name="[43]"></a>_cbPaintMemDev</STRONG> (Thumb, 44 bytes, Stack size 24 bytes, wm.o(.text))
<BR><BR>[Stack]<UL><LI>Max Depth = 280 + Unknown Stack Size
<LI>Call Chain = _cbPaintMemDev &rArr; WM__PaintWinAndOverlays &rArr; _PaintTransChildren &rArr;  _PaintTransChildren (Cycle)
</UL>
<BR>[Calls]<UL><LI><a href="#[c2]">&gt;&gt;</a>&nbsp;&nbsp;&nbsp;GUI_ALLOC_h2p
<LI><a href="#[124]">&gt;&gt;</a>&nbsp;&nbsp;&nbsp;WM__PaintWinAndOverlays
</UL>
<BR>[Address Reference Count : 1]<UL><LI> wm.o(.text)
</UL>
<P><STRONG><a name="[42]"></a>cbBackWin</STRONG> (Thumb, 66 bytes, Stack size 8 bytes, wm.o(.text))
<BR><BR>[Stack]<UL><LI>Max Depth = 192 + Unknown Stack Size
<LI>Call Chain = cbBackWin &rArr; GUI_Clear &rArr; GUI_ClearRect &rArr; WM__InitIVRSearch &rArr; WM__GetNextIVR &rArr; _FindNext_IVR &rArr; _Findx0 &rArr;  _Findx0 (Cycle)
</UL>
<BR>[Calls]<UL><LI><a href="#[9d]">&gt;&gt;</a>&nbsp;&nbsp;&nbsp;GUI_SetBkColor
<LI><a href="#[ab]">&gt;&gt;</a>&nbsp;&nbsp;&nbsp;GUI_Clear
<LI><a href="#[12e]">&gt;&gt;</a>&nbsp;&nbsp;&nbsp;GUI_StoreKey
<LI><a href="#[12b]">&gt;&gt;</a>&nbsp;&nbsp;&nbsp;WM_DefaultProc
</UL>
<BR>[Address Reference Count : 1]<UL><LI> wm.o(.text)
</UL>
<P><STRONG><a name="[128]"></a>_Paint</STRONG> (Thumb, 128 bytes, Stack size 40 bytes, wm.o(.text), UNUSED)
<BR><BR>[Calls]<UL><LI><a href="#[131]">&gt;&gt;</a>&nbsp;&nbsp;&nbsp;GUI_MEMDEV_Draw
<LI><a href="#[124]">&gt;&gt;</a>&nbsp;&nbsp;&nbsp;WM__PaintWinAndOverlays
<LI><a href="#[10d]">&gt;&gt;</a>&nbsp;&nbsp;&nbsp;WM_SelectWindow
<LI><a href="#[107]">&gt;&gt;</a>&nbsp;&nbsp;&nbsp;WM__ClipAtParentBorders
</UL>
<BR>[Called By]<UL><LI><a href="#[125]">&gt;&gt;</a>&nbsp;&nbsp;&nbsp;WM_Exec1
</UL>

<P><STRONG><a name="[142]"></a>_DrawBitLine1BPP</STRONG> (Thumb, 248 bytes, Stack size 56 bytes, guidev_16.o(.text))
<BR><BR>[Stack]<UL><LI>Max Depth = 56<LI>Call Chain = _DrawBitLine1BPP
</UL>
<BR>[Called By]<UL><LI><a href="#[69]">&gt;&gt;</a>&nbsp;&nbsp;&nbsp;_DrawBitmap
</UL>

<P><STRONG><a name="[144]"></a>_DrawBitLine4BPP</STRONG> (Thumb, 338 bytes, Stack size 40 bytes, guidev_16.o(.text))
<BR><BR>[Stack]<UL><LI>Max Depth = 40<LI>Call Chain = _DrawBitLine4BPP
</UL>
<BR>[Called By]<UL><LI><a href="#[69]">&gt;&gt;</a>&nbsp;&nbsp;&nbsp;_DrawBitmap
</UL>

<P><STRONG><a name="[69]"></a>_DrawBitmap</STRONG> (Thumb, 552 bytes, Stack size 80 bytes, guidev_16.o(.text))
<BR><BR>[Stack]<UL><LI>Max Depth = 136<LI>Call Chain = _DrawBitmap &rArr; _DrawBitLine2BPP
</UL>
<BR>[Calls]<UL><LI><a href="#[c2]">&gt;&gt;</a>&nbsp;&nbsp;&nbsp;GUI_ALLOC_h2p
<LI><a href="#[141]">&gt;&gt;</a>&nbsp;&nbsp;&nbsp;__aeabi_memcpy
<LI><a href="#[13f]">&gt;&gt;</a>&nbsp;&nbsp;&nbsp;GUI_USAGE_AddRect
<LI><a href="#[143]">&gt;&gt;</a>&nbsp;&nbsp;&nbsp;_DrawBitLine2BPP
<LI><a href="#[140]">&gt;&gt;</a>&nbsp;&nbsp;&nbsp;_XY2PTR
<LI><a href="#[144]">&gt;&gt;</a>&nbsp;&nbsp;&nbsp;_DrawBitLine4BPP
<LI><a href="#[142]">&gt;&gt;</a>&nbsp;&nbsp;&nbsp;_DrawBitLine1BPP
</UL>
<BR>[Address Reference Count : 1]<UL><LI> guidev_16.o(.constdata)
</UL>
<P><STRONG><a name="[6c]"></a>_FillRect</STRONG> (Thumb, 130 bytes, Stack size 40 bytes, guidev_16.o(.text))
<BR><BR>[Stack]<UL><LI>Max Depth = 72<LI>Call Chain = _FillRect &rArr; GUI_USAGE_AddRect
</UL>
<BR>[Calls]<UL><LI><a href="#[c2]">&gt;&gt;</a>&nbsp;&nbsp;&nbsp;GUI_ALLOC_h2p
<LI><a href="#[145]">&gt;&gt;</a>&nbsp;&nbsp;&nbsp;GUI__memset16
<LI><a href="#[13f]">&gt;&gt;</a>&nbsp;&nbsp;&nbsp;GUI_USAGE_AddRect
<LI><a href="#[140]">&gt;&gt;</a>&nbsp;&nbsp;&nbsp;_XY2PTR
</UL>
<BR>[Called By]<UL><LI><a href="#[6a]">&gt;&gt;</a>&nbsp;&nbsp;&nbsp;_DrawHLine
</UL>
<BR>[Address Reference Count : 1]<UL><LI> guidev_16.o(.constdata)
</UL>
<P><STRONG><a name="[6a]"></a>_DrawHLine</STRONG> (Thumb, 4 bytes, Stack size 0 bytes, guidev_16.o(.text))
<BR><BR>[Stack]<UL><LI>Max Depth = 72<LI>Call Chain = _DrawHLine &rArr; _FillRect &rArr; GUI_USAGE_AddRect
</UL>
<BR>[Calls]<UL><LI><a href="#[6c]">&gt;&gt;</a>&nbsp;&nbsp;&nbsp;_FillRect
</UL>
<BR>[Address Reference Count : 1]<UL><LI> guidev_16.o(.constdata)
</UL>
<P><STRONG><a name="[6b]"></a>_DrawVLine</STRONG> (Thumb, 160 bytes, Stack size 48 bytes, guidev_16.o(.text))
<BR><BR>[Stack]<UL><LI>Max Depth = 64<LI>Call Chain = _DrawVLine &rArr; _XY2PTR
</UL>
<BR>[Calls]<UL><LI><a href="#[c2]">&gt;&gt;</a>&nbsp;&nbsp;&nbsp;GUI_ALLOC_h2p
<LI><a href="#[140]">&gt;&gt;</a>&nbsp;&nbsp;&nbsp;_XY2PTR
</UL>
<BR>[Address Reference Count : 1]<UL><LI> guidev_16.o(.constdata)
</UL>
<P><STRONG><a name="[6f]"></a>_SetPixelIndex</STRONG> (Thumb, 72 bytes, Stack size 24 bytes, guidev_16.o(.text))
<BR><BR>[Stack]<UL><LI>Max Depth = 40<LI>Call Chain = _SetPixelIndex &rArr; _XY2PTR
</UL>
<BR>[Calls]<UL><LI><a href="#[c2]">&gt;&gt;</a>&nbsp;&nbsp;&nbsp;GUI_ALLOC_h2p
<LI><a href="#[140]">&gt;&gt;</a>&nbsp;&nbsp;&nbsp;_XY2PTR
</UL>
<BR>[Address Reference Count : 1]<UL><LI> guidev_16.o(.constdata)
</UL>
<P><STRONG><a name="[70]"></a>_XorPixel</STRONG> (Thumb, 80 bytes, Stack size 24 bytes, guidev_16.o(.text))
<BR><BR>[Stack]<UL><LI>Max Depth = 40<LI>Call Chain = _XorPixel &rArr; _XY2PTR
</UL>
<BR>[Calls]<UL><LI><a href="#[c2]">&gt;&gt;</a>&nbsp;&nbsp;&nbsp;GUI_ALLOC_h2p
<LI><a href="#[140]">&gt;&gt;</a>&nbsp;&nbsp;&nbsp;_XY2PTR
</UL>
<BR>[Address Reference Count : 1]<UL><LI> guidev_16.o(.constdata)
</UL>
<P><STRONG><a name="[6d]"></a>_GetPixelIndex</STRONG> (Thumb, 10 bytes, Stack size 8 bytes, guidev_16.o(.text))
<BR><BR>[Stack]<UL><LI>Max Depth = 24<LI>Call Chain = _GetPixelIndex &rArr; _XY2PTR
</UL>
<BR>[Calls]<UL><LI><a href="#[140]">&gt;&gt;</a>&nbsp;&nbsp;&nbsp;_XY2PTR
</UL>
<BR>[Address Reference Count : 1]<UL><LI> guidev_16.o(.constdata)
</UL>
<P><STRONG><a name="[140]"></a>_XY2PTR</STRONG> (Thumb, 48 bytes, Stack size 16 bytes, guidev_16.o(.text))
<BR><BR>[Stack]<UL><LI>Max Depth = 16<LI>Call Chain = _XY2PTR
</UL>
<BR>[Calls]<UL><LI><a href="#[c2]">&gt;&gt;</a>&nbsp;&nbsp;&nbsp;GUI_ALLOC_h2p
</UL>
<BR>[Called By]<UL><LI><a href="#[6d]">&gt;&gt;</a>&nbsp;&nbsp;&nbsp;_GetPixelIndex
<LI><a href="#[70]">&gt;&gt;</a>&nbsp;&nbsp;&nbsp;_XorPixel
<LI><a href="#[6f]">&gt;&gt;</a>&nbsp;&nbsp;&nbsp;_SetPixelIndex
<LI><a href="#[6b]">&gt;&gt;</a>&nbsp;&nbsp;&nbsp;_DrawVLine
<LI><a href="#[6c]">&gt;&gt;</a>&nbsp;&nbsp;&nbsp;_FillRect
<LI><a href="#[69]">&gt;&gt;</a>&nbsp;&nbsp;&nbsp;_DrawBitmap
</UL>

<P><STRONG><a name="[143]"></a>_DrawBitLine2BPP</STRONG> (Thumb, 212 bytes, Stack size 56 bytes, guidev_16.o(.text))
<BR><BR>[Stack]<UL><LI>Max Depth = 56<LI>Call Chain = _DrawBitLine2BPP
</UL>
<BR>[Called By]<UL><LI><a href="#[69]">&gt;&gt;</a>&nbsp;&nbsp;&nbsp;_DrawBitmap
</UL>

<P><STRONG><a name="[147]"></a>_Min</STRONG> (Thumb, 12 bytes, Stack size 0 bytes, guidev_banding.o(.text), UNUSED)
<BR><BR>[Called By]<UL><LI><a href="#[131]">&gt;&gt;</a>&nbsp;&nbsp;&nbsp;GUI_MEMDEV_Draw
</UL>

<P><STRONG><a name="[71]"></a>GUI_USAGE_BM_AddPixel</STRONG> (Thumb, 44 bytes, Stack size 8 bytes, guidev_usagebm.o(.text))
<BR><BR>[Stack]<UL><LI>Max Depth = 8<LI>Call Chain = GUI_USAGE_BM_AddPixel
</UL>
<BR>[Address Reference Count : 1]<UL><LI> guidev_usagebm.o(.constdata)
</UL>
<P><STRONG><a name="[72]"></a>GUI_USAGE_BM_AddHLine</STRONG> (Thumb, 108 bytes, Stack size 16 bytes, guidev_usagebm.o(.text))
<BR><BR>[Stack]<UL><LI>Max Depth = 16 + Unknown Stack Size
<LI>Call Chain = GUI_USAGE_BM_AddHLine
</UL>
<BR>[Calls]<UL><LI><a href="#[164]">&gt;&gt;</a>&nbsp;&nbsp;&nbsp;__aeabi_memset
</UL>
<BR>[Address Reference Count : 1]<UL><LI> guidev_usagebm.o(.constdata)
</UL>
<P><STRONG><a name="[73]"></a>GUI_USAGE_BM_Clear</STRONG> (Thumb, 14 bytes, Stack size 0 bytes, guidev_usagebm.o(.text))
<BR><BR>[Stack]<UL><LI>Max Depth = 4<LI>Call Chain = GUI_USAGE_BM_Clear &rArr; __aeabi_memclr4
</UL>
<BR>[Calls]<UL><LI><a href="#[165]">&gt;&gt;</a>&nbsp;&nbsp;&nbsp;__aeabi_memclr4
</UL>
<BR>[Address Reference Count : 1]<UL><LI> guidev_usagebm.o(.constdata)
</UL>
<P><STRONG><a name="[75]"></a>GUI_USAGE_BM_GetNextDirty</STRONG> (Thumb, 188 bytes, Stack size 16 bytes, guidev_usagebm.o(.text))
<BR><BR>[Stack]<UL><LI>Max Depth = 16<LI>Call Chain = GUI_USAGE_BM_GetNextDirty
</UL>
<BR>[Address Reference Count : 1]<UL><LI> guidev_usagebm.o(.constdata)
</UL>
<P><STRONG><a name="[74]"></a>_GUI_USAGE_BM_Delete</STRONG> (Thumb, 4 bytes, Stack size 0 bytes, guidev_usagebm.o(.text))
<BR><BR>[Stack]<UL><LI>Max Depth = 80 + Unknown Stack Size
<LI>Call Chain = _GUI_USAGE_BM_Delete &rArr; GUI_ALLOC_Free &rArr; GUI_Lock &rArr; GUI_X_Lock &rArr; OSSemPend &rArr; OS_Sched
</UL>
<BR>[Calls]<UL><LI><a href="#[bc]">&gt;&gt;</a>&nbsp;&nbsp;&nbsp;GUI_ALLOC_Free
</UL>
<BR>[Address Reference Count : 1]<UL><LI> guidev_usagebm.o(.constdata)
</UL>
<P><STRONG><a name="[45]"></a>_printf_input_char</STRONG> (Thumb, 10 bytes, Stack size 0 bytes, _printf_char_common.o(.text))
<BR>[Address Reference Count : 1]<UL><LI> _printf_char_common.o(.text)
</UL><P>
<H3>
Undefined Global Symbols
</H3><HR></body></html>
