<html>
<body>
<pre>
<h1>µVision Build Log</h1>
<h2>Project:</h2>
C:\RipZ\Projects\Car MCU\APP\STM32-FD-ucgui.uvproj
Project File Date:  06/30/2012

<h2>Output:</h2>
Load "..\\ObjFlash\\STM32-FD-ucgui.AXF" 
* JLink Info: Device "STM32F103VE" selected (512 KB flash, 64 KB RAM).
Set JLink Project File to "C:\RipZ\Projects\Car MCU\APP\JLinkSettings.ini"
 
JLink info:
------------
DLL: V4.40c, compiled Jan 24 2012 09:30:33
Firmware: J-Link ARM V8 compiled May  3 2012 18:36:22
Hardware: V8.00
S/N : 20100214 
Feature(s) : RDI,FlashDL,FlashBP,JFlash,GDBFull 
 
* JLink Info: TotalIRLen = 9, IRPrint = 0x0011
* JLink Info: Found Cortex-M3 r1p1, Little endian.
* JLink Info: TPIU fitted.
* JLink Info: ETM fitted.
* JLink Info:   FPUnit: 6 code (BP) slots and 2 literal slots
ROMTableAddr = 0xE00FF003
* JLink Info: TotalIRLen = 9, IRPrint = 0x0011
* JLink Info: Found Cortex-M3 r1p1, Little endian.
* JLink Info: TPIU fitted.
* JLink Info: ETM fitted.
* JLink Info:   FPUnit: 6 code (BP) slots and 2 literal slots
* JLink Info: Found Cortex-M3 r1p1, Little endian.
* JLink Info: TPIU fitted.
* JLink Info: ETM fitted.
* JLink Info:   FPUnit: 6 code (BP) slots and 2 literal slots
 
Target info:
------------
Device: STM32F103VE
VTarget = 3.371V
State of Pins: 
TCK: 1, TDI: 0, TDO: 0, TMS: 0, TRES: 1, TRST: 1
Hardware-Breakpoints: 6
Software-Breakpoints: 8192
Watchpoints:          4
JTAG speed: 2000 kHz
 
Full Chip Erase Done.
Programming Done.
Verify OK.
* JLink Info: TotalIRLen = 9, IRPrint = 0x0011
* JLink Info: Found Cortex-M3 r1p1, Little endian.
* JLink Info: TPIU fitted.
* JLink Info: ETM fitted.
* JLink Info:   FPUnit: 6 code (BP) slots and 2 literal slots
* JLink Info: Found Cortex-M3 r1p1, Little endian.
* JLink Info: TPIU fitted.
* JLink Info: ETM fitted.
* JLink Info:   FPUnit: 6 code (BP) slots and 2 literal slots
Application running ...
Build target 'Flash'
compiling bsp.c...
..\BSP\bsp.c(98): warning:  #177-D: variable "USART_InitStructure" was declared but never referenced
..\BSP\bsp.c(278): warning:  #223-D: function "USART1_InitConfig" declared implicitly
..\BSP\bsp.c(279): warning:  #223-D: function "USART2_InitConfig" declared implicitly
..\BSP\bsp.c(280): warning:  #223-D: function "USART3_InitConfig" declared implicitly
..\BSP\bsp.c(285): warning:  #223-D: function "FSMC_LCD_Init" declared implicitly
compiling dashboard.c...
..\dashboard\dashboard.c(86): warning:  #177-D: variable "fdst" was declared but never referenced
..\dashboard\dashboard.c(88): warning:  #550-D: variable "res" was set but never used
..\dashboard\dashboard.c(89): warning:  #177-D: variable "br" was declared but never referenced
..\dashboard\dashboard.c(89): warning:  #177-D: variable "bw" was declared but never referenced
..\dashboard\dashboard.c(272): warning:  #167-D: argument of type "unsigned char *" is incompatible with parameter of type "char *restrict"
..\dashboard\dashboard.c(286): warning:  #167-D: argument of type "unsigned char *" is incompatible with parameter of type "char *restrict"
linking...
Program Size: Code=52774 RO-data=28786 RW-data=444 ZI-data=20196  
FromELF: creating hex file...
"..\ObjFlash\STM32-FD-ucgui.axf" - 0 Error(s), 11 Warning(s).
Build target 'Flash'
compiling dashboard.c...
..\dashboard\dashboard.c(85): warning:  #177-D: variable "fs" was declared but never referenced
..\dashboard\dashboard.c(86): warning:  #177-D: variable "fsrc" was declared but never referenced
..\dashboard\dashboard.c(86): warning:  #177-D: variable "fdst" was declared but never referenced
..\dashboard\dashboard.c(88): warning:  #177-D: variable "res" was declared but never referenced
..\dashboard\dashboard.c(89): warning:  #177-D: variable "br" was declared but never referenced
..\dashboard\dashboard.c(89): warning:  #177-D: variable "bw" was declared but never referenced
..\dashboard\dashboard.c(90): warning:  #177-D: variable "finfo" was declared but never referenced
..\dashboard\dashboard.c(91): warning:  #177-D: variable "dirs" was declared but never referenced
..\dashboard\dashboard.c(273): warning:  #167-D: argument of type "unsigned char *" is incompatible with parameter of type "char *restrict"
..\dashboard\dashboard.c(287): warning:  #167-D: argument of type "unsigned char *" is incompatible with parameter of type "char *restrict"
linking...
Program Size: Code=43082 RO-data=28654 RW-data=388 ZI-data=18988  
FromELF: creating hex file...
"..\ObjFlash\STM32-FD-ucgui.axf" - 0 Error(s), 10 Warning(s).
Load "..\\ObjFlash\\STM32-FD-ucgui.AXF" 
* JLink Info: Device "STM32F103VE" selected (512 KB flash, 64 KB RAM).
Set JLink Project File to "C:\RipZ\Projects\Car MCU\APP\JLinkSettings.ini"
 
JLink info:
------------
DLL: V4.40c, compiled Jan 24 2012 09:30:33
Firmware: J-Link ARM V8 compiled May  3 2012 18:36:22
Hardware: V8.00
S/N : 20100214 
Feature(s) : RDI,FlashDL,FlashBP,JFlash,GDBFull 
 
* JLink Info: TotalIRLen = 9, IRPrint = 0x0011
* JLink Info: Found Cortex-M3 r1p1, Little endian.
* JLink Info: TPIU fitted.
* JLink Info: ETM fitted.
* JLink Info:   FPUnit: 6 code (BP) slots and 2 literal slots
ROMTableAddr = 0xE00FF003
* JLink Info: TotalIRLen = 9, IRPrint = 0x0011
* JLink Info: Found Cortex-M3 r1p1, Little endian.
* JLink Info: TPIU fitted.
* JLink Info: ETM fitted.
* JLink Info:   FPUnit: 6 code (BP) slots and 2 literal slots
* JLink Info: Found Cortex-M3 r1p1, Little endian.
* JLink Info: TPIU fitted.
* JLink Info: ETM fitted.
* JLink Info:   FPUnit: 6 code (BP) slots and 2 literal slots
 
Target info:
------------
Device: STM32F103VE
VTarget = 3.371V
State of Pins: 
TCK: 1, TDI: 0, TDO: 0, TMS: 0, TRES: 1, TRST: 1
Hardware-Breakpoints: 6
Software-Breakpoints: 8192
Watchpoints:          4
JTAG speed: 2000 kHz
 
Full Chip Erase Done.
Programming Done.
Verify OK.
* JLink Info: TotalIRLen = 9, IRPrint = 0x0011
* JLink Info: Found Cortex-M3 r1p1, Little endian.
* JLink Info: TPIU fitted.
* JLink Info: ETM fitted.
* JLink Info:   FPUnit: 6 code (BP) slots and 2 literal slots
* JLink Info: Found Cortex-M3 r1p1, Little endian.
* JLink Info: TPIU fitted.
* JLink Info: ETM fitted.
* JLink Info:   FPUnit: 6 code (BP) slots and 2 literal slots
Application running ...
Build target 'Flash'
compiling app.c...
app.c(110): warning:  #177-D: variable "os_err" was declared but never referenced
app.c(145): warning:  #223-D: function "dashboard" declared implicitly
app.c(158): warning:  #188-D: enumerated type mixed with another type
app.c(161): warning:  #188-D: enumerated type mixed with another type
app.c(162): warning:  #223-D: function "FM_prev_channel" declared implicitly
app.c(165): warning:  #188-D: enumerated type mixed with another type
app.c(166): warning:  #223-D: function "FM_next_channel" declared implicitly
app.c(169): warning:  #188-D: enumerated type mixed with another type
app.c(172): warning:  #188-D: enumerated type mixed with another type
app.c(175): warning:  #188-D: enumerated type mixed with another type
app.c(178): warning:  #223-D: function "FM_scan" declared implicitly
app.c(181): warning:  #188-D: enumerated type mixed with another type
app.c(186): warning:  #188-D: enumerated type mixed with another type
app.c(201): warning:  #223-D: function "PutString" declared implicitly
app.c(202): warning:  #167-D: argument of type "unsigned char *" is incompatible with parameter of type "char *restrict"
app.c(216): warning:  #188-D: enumerated type mixed with another type
app.c(232): warning:  #188-D: enumerated type mixed with another type
app.c(5): warning:  #177-D: variable "AppTaskControllerStk" was declared but never referenced
app.c(12): warning:  #177-D: function "AppTaskController" was declared but never referenced
linking...
Program Size: Code=43082 RO-data=28654 RW-data=388 ZI-data=18988  
FromELF: creating hex file...
"..\ObjFlash\STM32-FD-ucgui.axf" - 0 Error(s), 19 Warning(s).
Load "..\\ObjFlash\\STM32-FD-ucgui.AXF" 
* JLink Info: Device "STM32F103VE" selected (512 KB flash, 64 KB RAM).
Set JLink Project File to "C:\RipZ\Projects\Car MCU\APP\JLinkSettings.ini"
 
JLink info:
------------
DLL: V4.40c, compiled Jan 24 2012 09:30:33
Firmware: J-Link ARM V8 compiled May  3 2012 18:36:22
Hardware: V8.00
S/N : 20100214 
Feature(s) : RDI,FlashDL,FlashBP,JFlash,GDBFull 
 
* JLink Info: TotalIRLen = 9, IRPrint = 0x0011
* JLink Info: Found Cortex-M3 r1p1, Little endian.
* JLink Info: TPIU fitted.
* JLink Info: ETM fitted.
* JLink Info:   FPUnit: 6 code (BP) slots and 2 literal slots
ROMTableAddr = 0xE00FF003
* JLink Info: TotalIRLen = 9, IRPrint = 0x0011
* JLink Info: Found Cortex-M3 r1p1, Little endian.
* JLink Info: TPIU fitted.
* JLink Info: ETM fitted.
* JLink Info:   FPUnit: 6 code (BP) slots and 2 literal slots
* JLink Info: Found Cortex-M3 r1p1, Little endian.
* JLink Info: TPIU fitted.
* JLink Info: ETM fitted.
* JLink Info:   FPUnit: 6 code (BP) slots and 2 literal slots
 
Target info:
------------
Device: STM32F103VE
VTarget = 3.377V
State of Pins: 
TCK: 1, TDI: 0, TDO: 0, TMS: 0, TRES: 1, TRST: 1
Hardware-Breakpoints: 6
Software-Breakpoints: 8192
Watchpoints:          4
JTAG speed: 2000 kHz
 
Full Chip Erase Done.
Programming Done.
Verify OK.
* JLink Info: TotalIRLen = 9, IRPrint = 0x0011
* JLink Info: Found Cortex-M3 r1p1, Little endian.
* JLink Info: TPIU fitted.
* JLink Info: ETM fitted.
* JLink Info:   FPUnit: 6 code (BP) slots and 2 literal slots
* JLink Info: Found Cortex-M3 r1p1, Little endian.
* JLink Info: TPIU fitted.
* JLink Info: ETM fitted.
* JLink Info:   FPUnit: 6 code (BP) slots and 2 literal slots
Application running ...
Build target 'Flash'
compiling app.c...
app.c(110): warning:  #177-D: variable "os_err" was declared but never referenced
app.c(145): warning:  #223-D: function "dashboard" declared implicitly
app.c(158): warning:  #188-D: enumerated type mixed with another type
app.c(161): warning:  #188-D: enumerated type mixed with another type
app.c(162): warning:  #223-D: function "FM_prev_channel" declared implicitly
app.c(165): warning:  #188-D: enumerated type mixed with another type
app.c(166): warning:  #223-D: function "FM_next_channel" declared implicitly
app.c(169): warning:  #188-D: enumerated type mixed with another type
app.c(172): warning:  #188-D: enumerated type mixed with another type
app.c(175): warning:  #188-D: enumerated type mixed with another type
app.c(178): warning:  #223-D: function "FM_scan" declared implicitly
app.c(181): warning:  #188-D: enumerated type mixed with another type
app.c(186): warning:  #188-D: enumerated type mixed with another type
app.c(201): warning:  #223-D: function "PutString" declared implicitly
app.c(201): warning:  #192-D: unrecognized character escape sequence
app.c(202): warning:  #167-D: argument of type "unsigned char *" is incompatible with parameter of type "char *restrict"
app.c(215): warning:  #188-D: enumerated type mixed with another type
app.c(231): warning:  #188-D: enumerated type mixed with another type
app.c(5): warning:  #177-D: variable "AppTaskControllerStk" was declared but never referenced
app.c(12): warning:  #177-D: function "AppTaskController" was declared but never referenced
compiling dashboard.c...
..\dashboard\dashboard.c(85): warning:  #177-D: variable "fs" was declared but never referenced
..\dashboard\dashboard.c(86): warning:  #177-D: variable "fsrc" was declared but never referenced
..\dashboard\dashboard.c(86): warning:  #177-D: variable "fdst" was declared but never referenced
..\dashboard\dashboard.c(88): warning:  #177-D: variable "res" was declared but never referenced
..\dashboard\dashboard.c(89): warning:  #177-D: variable "br" was declared but never referenced
..\dashboard\dashboard.c(89): warning:  #177-D: variable "bw" was declared but never referenced
..\dashboard\dashboard.c(90): warning:  #177-D: variable "finfo" was declared but never referenced
..\dashboard\dashboard.c(91): warning:  #177-D: variable "dirs" was declared but never referenced
..\dashboard\dashboard.c(273): warning:  #167-D: argument of type "unsigned char *" is incompatible with parameter of type "char *restrict"
..\dashboard\dashboard.c(287): warning:  #167-D: argument of type "unsigned char *" is incompatible with parameter of type "char *restrict"
linking...
Program Size: Code=43086 RO-data=28654 RW-data=388 ZI-data=18988  
FromELF: creating hex file...
"..\ObjFlash\STM32-FD-ucgui.axf" - 0 Error(s), 30 Warning(s).
Load "..\\ObjFlash\\STM32-FD-ucgui.AXF" 
* JLink Info: Device "STM32F103VE" selected (512 KB flash, 64 KB RAM).
Set JLink Project File to "C:\RipZ\Projects\Car MCU\APP\JLinkSettings.ini"
 
JLink info:
------------
DLL: V4.40c, compiled Jan 24 2012 09:30:33
Firmware: J-Link ARM V8 compiled May  3 2012 18:36:22
Hardware: V8.00
S/N : 20100214 
Feature(s) : RDI,FlashDL,FlashBP,JFlash,GDBFull 
 
* JLink Info: TotalIRLen = 9, IRPrint = 0x0011
* JLink Info: Found Cortex-M3 r1p1, Little endian.
* JLink Info: TPIU fitted.
* JLink Info: ETM fitted.
* JLink Info:   FPUnit: 6 code (BP) slots and 2 literal slots
ROMTableAddr = 0xE00FF003
* JLink Info: TotalIRLen = 9, IRPrint = 0x0011
* JLink Info: Found Cortex-M3 r1p1, Little endian.
* JLink Info: TPIU fitted.
* JLink Info: ETM fitted.
* JLink Info:   FPUnit: 6 code (BP) slots and 2 literal slots
* JLink Info: Found Cortex-M3 r1p1, Little endian.
* JLink Info: TPIU fitted.
* JLink Info: ETM fitted.
* JLink Info:   FPUnit: 6 code (BP) slots and 2 literal slots
 
Target info:
------------
Device: STM32F103VE
VTarget = 3.377V
State of Pins: 
TCK: 1, TDI: 0, TDO: 0, TMS: 0, TRES: 1, TRST: 1
Hardware-Breakpoints: 6
Software-Breakpoints: 8192
Watchpoints:          4
JTAG speed: 2000 kHz
 
Full Chip Erase Done.
Programming Done.
Verify OK.
* JLink Info: TotalIRLen = 9, IRPrint = 0x0011
* JLink Info: Found Cortex-M3 r1p1, Little endian.
* JLink Info: TPIU fitted.
* JLink Info: ETM fitted.
* JLink Info:   FPUnit: 6 code (BP) slots and 2 literal slots
* JLink Info: Found Cortex-M3 r1p1, Little endian.
* JLink Info: TPIU fitted.
* JLink Info: ETM fitted.
* JLink Info:   FPUnit: 6 code (BP) slots and 2 literal slots
Application running ...
Build target 'Flash'
compiling dashboard.c...
..\dashboard\dashboard.c(85): warning:  #177-D: variable "fs" was declared but never referenced
..\dashboard\dashboard.c(86): warning:  #177-D: variable "fsrc" was declared but never referenced
..\dashboard\dashboard.c(86): warning:  #177-D: variable "fdst" was declared but never referenced
..\dashboard\dashboard.c(88): warning:  #177-D: variable "res" was declared but never referenced
..\dashboard\dashboard.c(89): warning:  #177-D: variable "br" was declared but never referenced
..\dashboard\dashboard.c(89): warning:  #177-D: variable "bw" was declared but never referenced
..\dashboard\dashboard.c(90): warning:  #177-D: variable "finfo" was declared but never referenced
..\dashboard\dashboard.c(91): warning:  #177-D: variable "dirs" was declared but never referenced
..\dashboard\dashboard.c(273): warning:  #167-D: argument of type "unsigned char *" is incompatible with parameter of type "char *restrict"
..\dashboard\dashboard.c(287): warning:  #167-D: argument of type "unsigned char *" is incompatible with parameter of type "char *restrict"
linking...
Program Size: Code=43086 RO-data=28654 RW-data=388 ZI-data=18988  
FromELF: creating hex file...
"..\ObjFlash\STM32-FD-ucgui.axf" - 0 Error(s), 10 Warning(s).
Build target 'Flash'
compiling dashboard.c...
..\dashboard\dashboard.c(85): warning:  #177-D: variable "fs" was declared but never referenced
..\dashboard\dashboard.c(86): warning:  #177-D: variable "fsrc" was declared but never referenced
..\dashboard\dashboard.c(86): warning:  #177-D: variable "fdst" was declared but never referenced
..\dashboard\dashboard.c(88): warning:  #177-D: variable "res" was declared but never referenced
..\dashboard\dashboard.c(89): warning:  #177-D: variable "br" was declared but never referenced
..\dashboard\dashboard.c(89): warning:  #177-D: variable "bw" was declared but never referenced
..\dashboard\dashboard.c(90): warning:  #177-D: variable "finfo" was declared but never referenced
..\dashboard\dashboard.c(91): warning:  #177-D: variable "dirs" was declared but never referenced
..\dashboard\dashboard.c(273): warning:  #167-D: argument of type "unsigned char *" is incompatible with parameter of type "char *restrict"
..\dashboard\dashboard.c(287): warning:  #167-D: argument of type "unsigned char *" is incompatible with parameter of type "char *restrict"
linking...
Program Size: Code=43086 RO-data=28654 RW-data=388 ZI-data=18988  
FromELF: creating hex file...
"..\ObjFlash\STM32-FD-ucgui.axf" - 0 Error(s), 10 Warning(s).
Load "..\\ObjFlash\\STM32-FD-ucgui.AXF" 
* JLink Info: Device "STM32F103VE" selected (512 KB flash, 64 KB RAM).
Set JLink Project File to "C:\RipZ\Projects\Car MCU\APP\JLinkSettings.ini"
 
JLink info:
------------
DLL: V4.40c, compiled Jan 24 2012 09:30:33
Firmware: J-Link ARM V8 compiled May  3 2012 18:36:22
Hardware: V8.00
S/N : 20100214 
Feature(s) : RDI,FlashDL,FlashBP,JFlash,GDBFull 
 
* JLink Info: TotalIRLen = 9, IRPrint = 0x0011
* JLink Info: Found Cortex-M3 r1p1, Little endian.
* JLink Info: TPIU fitted.
* JLink Info: ETM fitted.
* JLink Info:   FPUnit: 6 code (BP) slots and 2 literal slots
ROMTableAddr = 0xE00FF003
* JLink Info: TotalIRLen = 9, IRPrint = 0x0011
* JLink Info: Found Cortex-M3 r1p1, Little endian.
* JLink Info: TPIU fitted.
* JLink Info: ETM fitted.
* JLink Info:   FPUnit: 6 code (BP) slots and 2 literal slots
* JLink Info: Found Cortex-M3 r1p1, Little endian.
* JLink Info: TPIU fitted.
* JLink Info: ETM fitted.
* JLink Info:   FPUnit: 6 code (BP) slots and 2 literal slots
 
Target info:
------------
Device: STM32F103VE
VTarget = 3.377V
State of Pins: 
TCK: 1, TDI: 0, TDO: 0, TMS: 0, TRES: 1, TRST: 1
Hardware-Breakpoints: 6
Software-Breakpoints: 8192
Watchpoints:          4
JTAG speed: 2000 kHz
 
Full Chip Erase Done.
Programming Done.
Verify OK.
* JLink Info: TotalIRLen = 9, IRPrint = 0x0011
* JLink Info: Found Cortex-M3 r1p1, Little endian.
* JLink Info: TPIU fitted.
* JLink Info: ETM fitted.
* JLink Info:   FPUnit: 6 code (BP) slots and 2 literal slots
* JLink Info: Found Cortex-M3 r1p1, Little endian.
* JLink Info: TPIU fitted.
* JLink Info: ETM fitted.
* JLink Info:   FPUnit: 6 code (BP) slots and 2 literal slots
Application running ...
Build target 'Flash'
compiling bsp.c...
..\BSP\bsp.c(98): warning:  #177-D: variable "USART_InitStructure" was declared but never referenced
..\BSP\bsp.c(278): warning:  #223-D: function "USART1_InitConfig" declared implicitly
..\BSP\bsp.c(279): warning:  #223-D: function "USART2_InitConfig" declared implicitly
..\BSP\bsp.c(280): warning:  #223-D: function "USART3_InitConfig" declared implicitly
..\BSP\bsp.c(285): warning:  #223-D: function "FSMC_LCD_Init" declared implicitly
linking...
Program Size: Code=43086 RO-data=28654 RW-data=388 ZI-data=18988  
FromELF: creating hex file...
"..\ObjFlash\STM32-FD-ucgui.axf" - 0 Error(s), 5 Warning(s).
Load "..\\ObjFlash\\STM32-FD-ucgui.AXF" 
* JLink Info: Device "STM32F103VE" selected (512 KB flash, 64 KB RAM).
Set JLink Project File to "C:\RipZ\Projects\Car MCU\APP\JLinkSettings.ini"
 
JLink info:
------------
DLL: V4.40c, compiled Jan 24 2012 09:30:33
Firmware: J-Link ARM V8 compiled May  3 2012 18:36:22
Hardware: V8.00
S/N : 20100214 
Feature(s) : RDI,FlashDL,FlashBP,JFlash,GDBFull 
 
* JLink Info: TotalIRLen = 9, IRPrint = 0x0011
* JLink Info: Found Cortex-M3 r1p1, Little endian.
* JLink Info: TPIU fitted.
* JLink Info: ETM fitted.
* JLink Info:   FPUnit: 6 code (BP) slots and 2 literal slots
ROMTableAddr = 0xE00FF003
* JLink Info: TotalIRLen = 9, IRPrint = 0x0011
* JLink Info: Found Cortex-M3 r1p1, Little endian.
* JLink Info: TPIU fitted.
* JLink Info: ETM fitted.
* JLink Info:   FPUnit: 6 code (BP) slots and 2 literal slots
* JLink Info: Found Cortex-M3 r1p1, Little endian.
* JLink Info: TPIU fitted.
* JLink Info: ETM fitted.
* JLink Info:   FPUnit: 6 code (BP) slots and 2 literal slots
 
Target info:
------------
Device: STM32F103VE
VTarget = 3.371V
State of Pins: 
TCK: 1, TDI: 0, TDO: 0, TMS: 0, TRES: 1, TRST: 1
Hardware-Breakpoints: 6
Software-Breakpoints: 8192
Watchpoints:          4
JTAG speed: 2000 kHz
 
Full Chip Erase Done.
Programming Done.
Verify OK.
* JLink Info: TotalIRLen = 9, IRPrint = 0x0011
* JLink Info: Found Cortex-M3 r1p1, Little endian.
* JLink Info: TPIU fitted.
* JLink Info: ETM fitted.
* JLink Info:   FPUnit: 6 code (BP) slots and 2 literal slots
* JLink Info: Found Cortex-M3 r1p1, Little endian.
* JLink Info: TPIU fitted.
* JLink Info: ETM fitted.
* JLink Info:   FPUnit: 6 code (BP) slots and 2 literal slots
Application running ...
Build target 'Flash'
compiling app.c...
app.c(110): warning:  #177-D: variable "os_err" was declared but never referenced
app.c(145): warning:  #223-D: function "dashboard" declared implicitly
app.c(158): warning:  #188-D: enumerated type mixed with another type
app.c(161): warning:  #188-D: enumerated type mixed with another type
app.c(162): warning:  #223-D: function "FM_prev_channel" declared implicitly
app.c(165): warning:  #188-D: enumerated type mixed with another type
app.c(166): warning:  #223-D: function "FM_next_channel" declared implicitly
app.c(169): warning:  #188-D: enumerated type mixed with another type
app.c(172): warning:  #188-D: enumerated type mixed with another type
app.c(175): warning:  #188-D: enumerated type mixed with another type
app.c(178): warning:  #223-D: function "FM_scan" declared implicitly
app.c(181): warning:  #188-D: enumerated type mixed with another type
app.c(186): warning:  #188-D: enumerated type mixed with another type
app.c(201): warning:  #223-D: function "PutString" declared implicitly
app.c(202): warning:  #167-D: argument of type "unsigned char *" is incompatible with parameter of type "char *restrict"
app.c(215): warning:  #188-D: enumerated type mixed with another type
app.c(231): warning:  #188-D: enumerated type mixed with another type
app.c(5): warning:  #177-D: variable "AppTaskControllerStk" was declared but never referenced
app.c(12): warning:  #177-D: function "AppTaskController" was declared but never referenced
compiling dashboard.c...
..\dashboard\dashboard.c(62): error:  #65: expected a ";"
..\dashboard\dashboard.c(65): error:  #20: identifier "tmp" is undefined
..\dashboard\dashboard.c(62): warning:  #177-D: variable "chat" was declared but never referenced
..\dashboard\dashboard.c(90): warning:  #177-D: variable "fs" was declared but never referenced
..\dashboard\dashboard.c(91): warning:  #177-D: variable "fsrc" was declared but never referenced
..\dashboard\dashboard.c(91): warning:  #177-D: variable "fdst" was declared but never referenced
..\dashboard\dashboard.c(93): warning:  #177-D: variable "res" was declared but never referenced
..\dashboard\dashboard.c(94): warning:  #177-D: variable "br" was declared but never referenced
..\dashboard\dashboard.c(94): warning:  #177-D: variable "bw" was declared but never referenced
..\dashboard\dashboard.c(95): warning:  #177-D: variable "finfo" was declared but never referenced
..\dashboard\dashboard.c(96): warning:  #177-D: variable "dirs" was declared but never referenced
..\dashboard\dashboard.c(273): warning:  #177-D: variable "tmp" was declared but never referenced
Target not created
Load "..\\ObjFlash\\STM32-FD-ucgui.AXF" 
_____^
*** error 56: cannot open file
Build target 'Flash'
compiling dashboard.c...
..\dashboard\dashboard.c(65): warning:  #167-D: argument of type "unsigned char *" is incompatible with parameter of type "char *restrict"
..\dashboard\dashboard.c(90): warning:  #177-D: variable "fs" was declared but never referenced
..\dashboard\dashboard.c(91): warning:  #177-D: variable "fsrc" was declared but never referenced
..\dashboard\dashboard.c(91): warning:  #177-D: variable "fdst" was declared but never referenced
..\dashboard\dashboard.c(93): warning:  #177-D: variable "res" was declared but never referenced
..\dashboard\dashboard.c(94): warning:  #177-D: variable "br" was declared but never referenced
..\dashboard\dashboard.c(94): warning:  #177-D: variable "bw" was declared but never referenced
..\dashboard\dashboard.c(95): warning:  #177-D: variable "finfo" was declared but never referenced
..\dashboard\dashboard.c(96): warning:  #177-D: variable "dirs" was declared but never referenced
..\dashboard\dashboard.c(273): warning:  #177-D: variable "tmp" was declared but never referenced
linking...
Program Size: Code=43050 RO-data=28654 RW-data=388 ZI-data=18988  
FromELF: creating hex file...
"..\ObjFlash\STM32-FD-ucgui.axf" - 0 Error(s), 10 Warning(s).
Load "..\\ObjFlash\\STM32-FD-ucgui.AXF" 
* JLink Info: Device "STM32F103VE" selected (512 KB flash, 64 KB RAM).
Set JLink Project File to "C:\RipZ\Projects\Car MCU\APP\JLinkSettings.ini"
 
JLink info:
------------
DLL: V4.40c, compiled Jan 24 2012 09:30:33
Firmware: J-Link ARM V8 compiled May  3 2012 18:36:22
Hardware: V8.00
S/N : 20100214 
Feature(s) : RDI,FlashDL,FlashBP,JFlash,GDBFull 
 
* JLink Info: TotalIRLen = 9, IRPrint = 0x0011
* JLink Info: Found Cortex-M3 r1p1, Little endian.
* JLink Info: TPIU fitted.
* JLink Info: ETM fitted.
* JLink Info:   FPUnit: 6 code (BP) slots and 2 literal slots
ROMTableAddr = 0xE00FF003
* JLink Info: TotalIRLen = 9, IRPrint = 0x0011
* JLink Info: Found Cortex-M3 r1p1, Little endian.
* JLink Info: TPIU fitted.
* JLink Info: ETM fitted.
* JLink Info:   FPUnit: 6 code (BP) slots and 2 literal slots
* JLink Info: Found Cortex-M3 r1p1, Little endian.
* JLink Info: TPIU fitted.
* JLink Info: ETM fitted.
* JLink Info:   FPUnit: 6 code (BP) slots and 2 literal slots
 
Target info:
------------
Device: STM32F103VE
VTarget = 3.371V
State of Pins: 
TCK: 1, TDI: 0, TDO: 0, TMS: 0, TRES: 1, TRST: 1
Hardware-Breakpoints: 6
Software-Breakpoints: 8192
Watchpoints:          4
JTAG speed: 2000 kHz
 
Full Chip Erase Done.
Programming Done.
Verify OK.
* JLink Info: TotalIRLen = 9, IRPrint = 0x0011
* JLink Info: Found Cortex-M3 r1p1, Little endian.
* JLink Info: TPIU fitted.
* JLink Info: ETM fitted.
* JLink Info:   FPUnit: 6 code (BP) slots and 2 literal slots
* JLink Info: Found Cortex-M3 r1p1, Little endian.
* JLink Info: TPIU fitted.
* JLink Info: ETM fitted.
* JLink Info:   FPUnit: 6 code (BP) slots and 2 literal slots
Application running ...
Build target 'Flash'
compiling dashboard.c...
..\dashboard\dashboard.c(65): warning:  #167-D: argument of type "unsigned char *" is incompatible with parameter of type "char *restrict"
..\dashboard\dashboard.c(90): warning:  #177-D: variable "fs" was declared but never referenced
..\dashboard\dashboard.c(91): warning:  #177-D: variable "fsrc" was declared but never referenced
..\dashboard\dashboard.c(91): warning:  #177-D: variable "fdst" was declared but never referenced
..\dashboard\dashboard.c(93): warning:  #177-D: variable "res" was declared but never referenced
..\dashboard\dashboard.c(94): warning:  #177-D: variable "br" was declared but never referenced
..\dashboard\dashboard.c(94): warning:  #177-D: variable "bw" was declared but never referenced
..\dashboard\dashboard.c(95): warning:  #177-D: variable "finfo" was declared but never referenced
..\dashboard\dashboard.c(96): warning:  #177-D: variable "dirs" was declared but never referenced
..\dashboard\dashboard.c(273): warning:  #177-D: variable "tmp" was declared but never referenced
linking...
Program Size: Code=43046 RO-data=28654 RW-data=388 ZI-data=18988  
FromELF: creating hex file...
"..\ObjFlash\STM32-FD-ucgui.axf" - 0 Error(s), 10 Warning(s).
Load "..\\ObjFlash\\STM32-FD-ucgui.AXF" 
* JLink Info: Device "STM32F103VE" selected (512 KB flash, 64 KB RAM).
Set JLink Project File to "C:\RipZ\Projects\Car MCU\APP\JLinkSettings.ini"
 
JLink info:
------------
DLL: V4.40c, compiled Jan 24 2012 09:30:33
Firmware: J-Link ARM V8 compiled May  3 2012 18:36:22
Hardware: V8.00
S/N : 20100214 
Feature(s) : RDI,FlashDL,FlashBP,JFlash,GDBFull 
 
* JLink Info: TotalIRLen = 9, IRPrint = 0x0011
* JLink Info: Found Cortex-M3 r1p1, Little endian.
* JLink Info: TPIU fitted.
* JLink Info: ETM fitted.
* JLink Info:   FPUnit: 6 code (BP) slots and 2 literal slots
ROMTableAddr = 0xE00FF003
* JLink Info: TotalIRLen = 9, IRPrint = 0x0011
* JLink Info: Found Cortex-M3 r1p1, Little endian.
* JLink Info: TPIU fitted.
* JLink Info: ETM fitted.
* JLink Info:   FPUnit: 6 code (BP) slots and 2 literal slots
* JLink Info: Found Cortex-M3 r1p1, Little endian.
* JLink Info: TPIU fitted.
* JLink Info: ETM fitted.
* JLink Info:   FPUnit: 6 code (BP) slots and 2 literal slots
 
Target info:
------------
Device: STM32F103VE
VTarget = 3.371V
State of Pins: 
TCK: 1, TDI: 0, TDO: 0, TMS: 0, TRES: 1, TRST: 1
Hardware-Breakpoints: 6
Software-Breakpoints: 8192
Watchpoints:          4
JTAG speed: 2000 kHz
 
Full Chip Erase Done.
Programming Done.
Verify OK.
* JLink Info: TotalIRLen = 9, IRPrint = 0x0011
* JLink Info: Found Cortex-M3 r1p1, Little endian.
* JLink Info: TPIU fitted.
* JLink Info: ETM fitted.
* JLink Info:   FPUnit: 6 code (BP) slots and 2 literal slots
* JLink Info: Found Cortex-M3 r1p1, Little endian.
* JLink Info: TPIU fitted.
* JLink Info: ETM fitted.
* JLink Info:   FPUnit: 6 code (BP) slots and 2 literal slots
Application running ...
Build target 'Flash'
compiling dashboard.c...
..\dashboard\dashboard.c(65): warning:  #167-D: argument of type "unsigned char *" is incompatible with parameter of type "char *restrict"
..\dashboard\dashboard.c(90): warning:  #177-D: variable "fs" was declared but never referenced
..\dashboard\dashboard.c(91): warning:  #177-D: variable "fsrc" was declared but never referenced
..\dashboard\dashboard.c(91): warning:  #177-D: variable "fdst" was declared but never referenced
..\dashboard\dashboard.c(93): warning:  #177-D: variable "res" was declared but never referenced
..\dashboard\dashboard.c(94): warning:  #177-D: variable "br" was declared but never referenced
..\dashboard\dashboard.c(94): warning:  #177-D: variable "bw" was declared but never referenced
..\dashboard\dashboard.c(95): warning:  #177-D: variable "finfo" was declared but never referenced
..\dashboard\dashboard.c(96): warning:  #177-D: variable "dirs" was declared but never referenced
..\dashboard\dashboard.c(273): warning:  #177-D: variable "tmp" was declared but never referenced
linking...
Program Size: Code=43046 RO-data=28654 RW-data=388 ZI-data=18988  
FromELF: creating hex file...
"..\ObjFlash\STM32-FD-ucgui.axf" - 0 Error(s), 10 Warning(s).
Load "..\\ObjFlash\\STM32-FD-ucgui.AXF" 
* JLink Info: Device "STM32F103VE" selected (512 KB flash, 64 KB RAM).
Set JLink Project File to "C:\RipZ\Projects\Car MCU\APP\JLinkSettings.ini"
 
JLink info:
------------
DLL: V4.40c, compiled Jan 24 2012 09:30:33
Firmware: J-Link ARM V8 compiled May  3 2012 18:36:22
Hardware: V8.00
S/N : 20100214 
Feature(s) : RDI,FlashDL,FlashBP,JFlash,GDBFull 
 
* JLink Info: TotalIRLen = 9, IRPrint = 0x0011
* JLink Info: Found Cortex-M3 r1p1, Little endian.
* JLink Info: TPIU fitted.
* JLink Info: ETM fitted.
* JLink Info:   FPUnit: 6 code (BP) slots and 2 literal slots
ROMTableAddr = 0xE00FF003
* JLink Info: TotalIRLen = 9, IRPrint = 0x0011
* JLink Info: Found Cortex-M3 r1p1, Little endian.
* JLink Info: TPIU fitted.
* JLink Info: ETM fitted.
* JLink Info:   FPUnit: 6 code (BP) slots and 2 literal slots
* JLink Info: Found Cortex-M3 r1p1, Little endian.
* JLink Info: TPIU fitted.
* JLink Info: ETM fitted.
* JLink Info:   FPUnit: 6 code (BP) slots and 2 literal slots
 
Target info:
------------
Device: STM32F103VE
VTarget = 3.371V
State of Pins: 
TCK: 1, TDI: 0, TDO: 0, TMS: 0, TRES: 1, TRST: 1
Hardware-Breakpoints: 6
Software-Breakpoints: 8192
Watchpoints:          4
JTAG speed: 2000 kHz
 
Full Chip Erase Done.
Programming Done.
Verify OK.
* JLink Info: TotalIRLen = 9, IRPrint = 0x0011
* JLink Info: Found Cortex-M3 r1p1, Little endian.
* JLink Info: TPIU fitted.
* JLink Info: ETM fitted.
* JLink Info:   FPUnit: 6 code (BP) slots and 2 literal slots
* JLink Info: Found Cortex-M3 r1p1, Little endian.
* JLink Info: TPIU fitted.
* JLink Info: ETM fitted.
* JLink Info:   FPUnit: 6 code (BP) slots and 2 literal slots
Application running ...
Build target 'Flash'
compiling bsp.c...
..\BSP\bsp.c(98): warning:  #177-D: variable "USART_InitStructure" was declared but never referenced
..\BSP\bsp.c(278): warning:  #223-D: function "USART1_InitConfig" declared implicitly
..\BSP\bsp.c(279): warning:  #223-D: function "USART2_InitConfig" declared implicitly
..\BSP\bsp.c(280): warning:  #223-D: function "USART3_InitConfig" declared implicitly
..\BSP\bsp.c(285): warning:  #223-D: function "FSMC_LCD_Init" declared implicitly
linking...
Program Size: Code=43046 RO-data=28654 RW-data=388 ZI-data=18988  
FromELF: creating hex file...
"..\ObjFlash\STM32-FD-ucgui.axf" - 0 Error(s), 5 Warning(s).
Load "..\\ObjFlash\\STM32-FD-ucgui.AXF" 
* JLink Info: Device "STM32F103VE" selected (512 KB flash, 64 KB RAM).
Set JLink Project File to "C:\RipZ\Projects\Car MCU\APP\JLinkSettings.ini"
 
JLink info:
------------
DLL: V4.40c, compiled Jan 24 2012 09:30:33
Firmware: J-Link ARM V8 compiled May  3 2012 18:36:22
Hardware: V8.00
S/N : 20100214 
Feature(s) : RDI,FlashDL,FlashBP,JFlash,GDBFull 
 
* JLink Info: TotalIRLen = 9, IRPrint = 0x0011
* JLink Info: Found Cortex-M3 r1p1, Little endian.
* JLink Info: TPIU fitted.
* JLink Info: ETM fitted.
* JLink Info:   FPUnit: 6 code (BP) slots and 2 literal slots
ROMTableAddr = 0xE00FF003
* JLink Info: TotalIRLen = 9, IRPrint = 0x0011
* JLink Info: Found Cortex-M3 r1p1, Little endian.
* JLink Info: TPIU fitted.
* JLink Info: ETM fitted.
* JLink Info:   FPUnit: 6 code (BP) slots and 2 literal slots
* JLink Info: Found Cortex-M3 r1p1, Little endian.
* JLink Info: TPIU fitted.
* JLink Info: ETM fitted.
* JLink Info:   FPUnit: 6 code (BP) slots and 2 literal slots
 
Target info:
------------
Device: STM32F103VE
VTarget = 3.371V
State of Pins: 
TCK: 1, TDI: 0, TDO: 0, TMS: 0, TRES: 1, TRST: 1
Hardware-Breakpoints: 6
Software-Breakpoints: 8192
Watchpoints:          4
JTAG speed: 2000 kHz
 
Full Chip Erase Done.
Programming Done.
Verify OK.
* JLink Info: TotalIRLen = 9, IRPrint = 0x0011
* JLink Info: Found Cortex-M3 r1p1, Little endian.
* JLink Info: TPIU fitted.
* JLink Info: ETM fitted.
* JLink Info:   FPUnit: 6 code (BP) slots and 2 literal slots
* JLink Info: Found Cortex-M3 r1p1, Little endian.
* JLink Info: TPIU fitted.
* JLink Info: ETM fitted.
* JLink Info:   FPUnit: 6 code (BP) slots and 2 literal slots
Application running ...
Build target 'Flash'
compiling dashboard.c...
..\dashboard\dashboard.c(65): warning:  #167-D: argument of type "unsigned char *" is incompatible with parameter of type "char *restrict"
..\dashboard\dashboard.c(90): warning:  #177-D: variable "fs" was declared but never referenced
..\dashboard\dashboard.c(91): warning:  #177-D: variable "fsrc" was declared but never referenced
..\dashboard\dashboard.c(91): warning:  #177-D: variable "fdst" was declared but never referenced
..\dashboard\dashboard.c(93): warning:  #177-D: variable "res" was declared but never referenced
..\dashboard\dashboard.c(94): warning:  #177-D: variable "br" was declared but never referenced
..\dashboard\dashboard.c(94): warning:  #177-D: variable "bw" was declared but never referenced
..\dashboard\dashboard.c(95): warning:  #177-D: variable "finfo" was declared but never referenced
..\dashboard\dashboard.c(96): warning:  #177-D: variable "dirs" was declared but never referenced
..\dashboard\dashboard.c(285): warning:  #111-D: statement is unreachable
..\dashboard\dashboard.c(273): warning:  #177-D: variable "tmp" was declared but never referenced
linking...
Program Size: Code=43042 RO-data=28654 RW-data=388 ZI-data=18988  
FromELF: creating hex file...
"..\ObjFlash\STM32-FD-ucgui.axf" - 0 Error(s), 11 Warning(s).
Load "..\\ObjFlash\\STM32-FD-ucgui.AXF" 
* JLink Info: Device "STM32F103VE" selected (512 KB flash, 64 KB RAM).
Set JLink Project File to "C:\RipZ\Projects\Car MCU\APP\JLinkSettings.ini"
 
JLink info:
------------
DLL: V4.40c, compiled Jan 24 2012 09:30:33
Firmware: J-Link ARM V8 compiled May  3 2012 18:36:22
Hardware: V8.00
S/N : 20100214 
Feature(s) : RDI,FlashDL,FlashBP,JFlash,GDBFull 
 
* JLink Info: TotalIRLen = 9, IRPrint = 0x0011
* JLink Info: Found Cortex-M3 r1p1, Little endian.
* JLink Info: TPIU fitted.
* JLink Info: ETM fitted.
* JLink Info:   FPUnit: 6 code (BP) slots and 2 literal slots
ROMTableAddr = 0xE00FF003
* JLink Info: TotalIRLen = 9, IRPrint = 0x0011
* JLink Info: Found Cortex-M3 r1p1, Little endian.
* JLink Info: TPIU fitted.
* JLink Info: ETM fitted.
* JLink Info:   FPUnit: 6 code (BP) slots and 2 literal slots
* JLink Info: Found Cortex-M3 r1p1, Little endian.
* JLink Info: TPIU fitted.
* JLink Info: ETM fitted.
* JLink Info:   FPUnit: 6 code (BP) slots and 2 literal slots
 
Target info:
------------
Device: STM32F103VE
VTarget = 3.371V
State of Pins: 
TCK: 1, TDI: 0, TDO: 0, TMS: 0, TRES: 1, TRST: 1
Hardware-Breakpoints: 6
Software-Breakpoints: 8192
Watchpoints:          4
JTAG speed: 2000 kHz
 
Full Chip Erase Done.
Programming Done.
Verify OK.
* JLink Info: TotalIRLen = 9, IRPrint = 0x0011
* JLink Info: Found Cortex-M3 r1p1, Little endian.
* JLink Info: TPIU fitted.
* JLink Info: ETM fitted.
* JLink Info:   FPUnit: 6 code (BP) slots and 2 literal slots
* JLink Info: Found Cortex-M3 r1p1, Little endian.
* JLink Info: TPIU fitted.
* JLink Info: ETM fitted.
* JLink Info:   FPUnit: 6 code (BP) slots and 2 literal slots
Application running ...
Build target 'Flash'
compiling app.c...
app.c(110): warning:  #177-D: variable "os_err" was declared but never referenced
app.c(145): warning:  #223-D: function "dashboard" declared implicitly
app.c(158): warning:  #188-D: enumerated type mixed with another type
app.c(161): warning:  #188-D: enumerated type mixed with another type
app.c(162): warning:  #223-D: function "FM_prev_channel" declared implicitly
app.c(165): warning:  #188-D: enumerated type mixed with another type
app.c(166): warning:  #223-D: function "FM_next_channel" declared implicitly
app.c(169): warning:  #188-D: enumerated type mixed with another type
app.c(172): warning:  #188-D: enumerated type mixed with another type
app.c(175): warning:  #188-D: enumerated type mixed with another type
app.c(178): warning:  #223-D: function "FM_scan" declared implicitly
app.c(181): warning:  #188-D: enumerated type mixed with another type
app.c(186): warning:  #188-D: enumerated type mixed with another type
app.c(201): warning:  #223-D: function "PutString" declared implicitly
app.c(202): warning:  #167-D: argument of type "unsigned char *" is incompatible with parameter of type "char *restrict"
app.c(215): warning:  #188-D: enumerated type mixed with another type
app.c(231): warning:  #188-D: enumerated type mixed with another type
app.c(5): warning:  #177-D: variable "AppTaskControllerStk" was declared but never referenced
app.c(12): warning:  #177-D: function "AppTaskController" was declared but never referenced
linking...
Program Size: Code=43046 RO-data=28654 RW-data=388 ZI-data=18988  
FromELF: creating hex file...
"..\ObjFlash\STM32-FD-ucgui.axf" - 0 Error(s), 19 Warning(s).
Load "..\\ObjFlash\\STM32-FD-ucgui.AXF" 
* JLink Info: Device "STM32F103VE" selected (512 KB flash, 64 KB RAM).
Set JLink Project File to "C:\RipZ\Projects\Car MCU\APP\JLinkSettings.ini"
 
JLink info:
------------
DLL: V4.40c, compiled Jan 24 2012 09:30:33
Firmware: J-Link ARM V8 compiled May  3 2012 18:36:22
Hardware: V8.00
S/N : 20100214 
Feature(s) : RDI,FlashDL,FlashBP,JFlash,GDBFull 
 
* JLink Info: TotalIRLen = 9, IRPrint = 0x0011
* JLink Info: Found Cortex-M3 r1p1, Little endian.
* JLink Info: TPIU fitted.
* JLink Info: ETM fitted.
* JLink Info:   FPUnit: 6 code (BP) slots and 2 literal slots
ROMTableAddr = 0xE00FF003
* JLink Info: TotalIRLen = 9, IRPrint = 0x0011
* JLink Info: Found Cortex-M3 r1p1, Little endian.
* JLink Info: TPIU fitted.
* JLink Info: ETM fitted.
* JLink Info:   FPUnit: 6 code (BP) slots and 2 literal slots
* JLink Info: Found Cortex-M3 r1p1, Little endian.
* JLink Info: TPIU fitted.
* JLink Info: ETM fitted.
* JLink Info:   FPUnit: 6 code (BP) slots and 2 literal slots
 
Target info:
------------
Device: STM32F103VE
VTarget = 3.371V
State of Pins: 
TCK: 1, TDI: 0, TDO: 0, TMS: 0, TRES: 1, TRST: 1
Hardware-Breakpoints: 6
Software-Breakpoints: 8192
Watchpoints:          4
JTAG speed: 2000 kHz
 
Full Chip Erase Done.
Programming Done.
Verify OK.
* JLink Info: TotalIRLen = 9, IRPrint = 0x0011
* JLink Info: Found Cortex-M3 r1p1, Little endian.
* JLink Info: TPIU fitted.
* JLink Info: ETM fitted.
* JLink Info:   FPUnit: 6 code (BP) slots and 2 literal slots
* JLink Info: Found Cortex-M3 r1p1, Little endian.
* JLink Info: TPIU fitted.
* JLink Info: ETM fitted.
* JLink Info:   FPUnit: 6 code (BP) slots and 2 literal slots
Application running ...
Build target 'Flash'
compiling app.c...
app.c(110): warning:  #177-D: variable "os_err" was declared but never referenced
app.c(145): warning:  #223-D: function "dashboard" declared implicitly
app.c(158): warning:  #188-D: enumerated type mixed with another type
app.c(161): warning:  #188-D: enumerated type mixed with another type
app.c(162): warning:  #223-D: function "FM_prev_channel" declared implicitly
app.c(165): warning:  #188-D: enumerated type mixed with another type
app.c(166): warning:  #223-D: function "FM_next_channel" declared implicitly
app.c(169): warning:  #188-D: enumerated type mixed with another type
app.c(172): warning:  #188-D: enumerated type mixed with another type
app.c(175): warning:  #188-D: enumerated type mixed with another type
app.c(178): warning:  #223-D: function "FM_scan" declared implicitly
app.c(181): warning:  #188-D: enumerated type mixed with another type
app.c(186): warning:  #188-D: enumerated type mixed with another type
app.c(201): warning:  #223-D: function "PutString" declared implicitly
app.c(202): warning:  #167-D: argument of type "unsigned char *" is incompatible with parameter of type "char *restrict"
app.c(215): warning:  #188-D: enumerated type mixed with another type
app.c(231): warning:  #188-D: enumerated type mixed with another type
app.c(5): warning:  #177-D: variable "AppTaskControllerStk" was declared but never referenced
app.c(12): warning:  #177-D: function "AppTaskController" was declared but never referenced
compiling dashboard.c...
..\dashboard\dashboard.c(65): warning:  #167-D: argument of type "unsigned char *" is incompatible with parameter of type "char *restrict"
..\dashboard\dashboard.c(90): warning:  #177-D: variable "fs" was declared but never referenced
..\dashboard\dashboard.c(91): warning:  #177-D: variable "fsrc" was declared but never referenced
..\dashboard\dashboard.c(91): warning:  #177-D: variable "fdst" was declared but never referenced
..\dashboard\dashboard.c(93): warning:  #177-D: variable "res" was declared but never referenced
..\dashboard\dashboard.c(94): warning:  #177-D: variable "br" was declared but never referenced
..\dashboard\dashboard.c(94): warning:  #177-D: variable "bw" was declared but never referenced
..\dashboard\dashboard.c(95): warning:  #177-D: variable "finfo" was declared but never referenced
..\dashboard\dashboard.c(96): warning:  #177-D: variable "dirs" was declared but never referenced
..\dashboard\dashboard.c(285): warning:  #111-D: statement is unreachable
..\dashboard\dashboard.c(273): warning:  #177-D: variable "tmp" was declared but never referenced
linking...
Program Size: Code=43130 RO-data=28654 RW-data=388 ZI-data=18988  
FromELF: creating hex file...
"..\ObjFlash\STM32-FD-ucgui.axf" - 0 Error(s), 30 Warning(s).
Load "..\\ObjFlash\\STM32-FD-ucgui.AXF" 
* JLink Info: Device "STM32F103VE" selected (512 KB flash, 64 KB RAM).
Set JLink Project File to "C:\RipZ\Projects\Car MCU\APP\JLinkSettings.ini"
 
JLink info:
------------
DLL: V4.40c, compiled Jan 24 2012 09:30:33
Firmware: J-Link ARM V8 compiled May  3 2012 18:36:22
Hardware: V8.00
S/N : 20100214 
Feature(s) : RDI,FlashDL,FlashBP,JFlash,GDBFull 
 
* JLink Info: TotalIRLen = 9, IRPrint = 0x0011
* JLink Info: Found Cortex-M3 r1p1, Little endian.
* JLink Info: TPIU fitted.
* JLink Info: ETM fitted.
* JLink Info:   FPUnit: 6 code (BP) slots and 2 literal slots
ROMTableAddr = 0xE00FF003
* JLink Info: TotalIRLen = 9, IRPrint = 0x0011
* JLink Info: Found Cortex-M3 r1p1, Little endian.
* JLink Info: TPIU fitted.
* JLink Info: ETM fitted.
* JLink Info:   FPUnit: 6 code (BP) slots and 2 literal slots
* JLink Info: Found Cortex-M3 r1p1, Little endian.
* JLink Info: TPIU fitted.
* JLink Info: ETM fitted.
* JLink Info:   FPUnit: 6 code (BP) slots and 2 literal slots
 
Target info:
------------
Device: STM32F103VE
VTarget = 3.371V
State of Pins: 
TCK: 1, TDI: 0, TDO: 0, TMS: 0, TRES: 1, TRST: 1
Hardware-Breakpoints: 6
Software-Breakpoints: 8192
Watchpoints:          4
JTAG speed: 2000 kHz
 
Full Chip Erase Done.
Programming Done.
Verify OK.
* JLink Info: TotalIRLen = 9, IRPrint = 0x0011
* JLink Info: Found Cortex-M3 r1p1, Little endian.
* JLink Info: TPIU fitted.
* JLink Info: ETM fitted.
* JLink Info:   FPUnit: 6 code (BP) slots and 2 literal slots
* JLink Info: Found Cortex-M3 r1p1, Little endian.
* JLink Info: TPIU fitted.
* JLink Info: ETM fitted.
* JLink Info:   FPUnit: 6 code (BP) slots and 2 literal slots
Application running ...
Build target 'Flash'
compiling app.c...
app.c(110): warning:  #177-D: variable "os_err" was declared but never referenced
app.c(145): warning:  #223-D: function "dashboard" declared implicitly
app.c(158): warning:  #188-D: enumerated type mixed with another type
app.c(161): warning:  #188-D: enumerated type mixed with another type
app.c(162): warning:  #223-D: function "FM_prev_channel" declared implicitly
app.c(165): warning:  #188-D: enumerated type mixed with another type
app.c(166): warning:  #223-D: function "FM_next_channel" declared implicitly
app.c(169): warning:  #188-D: enumerated type mixed with another type
app.c(172): warning:  #188-D: enumerated type mixed with another type
app.c(175): warning:  #188-D: enumerated type mixed with another type
app.c(178): warning:  #223-D: function "FM_scan" declared implicitly
app.c(181): warning:  #188-D: enumerated type mixed with another type
app.c(186): warning:  #188-D: enumerated type mixed with another type
app.c(201): warning:  #223-D: function "PutString" declared implicitly
app.c(202): warning:  #167-D: argument of type "unsigned char *" is incompatible with parameter of type "char *restrict"
app.c(215): warning:  #188-D: enumerated type mixed with another type
app.c(231): warning:  #188-D: enumerated type mixed with another type
app.c(5): warning:  #177-D: variable "AppTaskControllerStk" was declared but never referenced
app.c(12): warning:  #177-D: function "AppTaskController" was declared but never referenced
compiling dashboard.c...
..\dashboard\dashboard.c(65): warning:  #167-D: argument of type "unsigned char *" is incompatible with parameter of type "char *restrict"
..\dashboard\dashboard.c(90): warning:  #177-D: variable "fs" was declared but never referenced
..\dashboard\dashboard.c(91): warning:  #177-D: variable "fsrc" was declared but never referenced
..\dashboard\dashboard.c(91): warning:  #177-D: variable "fdst" was declared but never referenced
..\dashboard\dashboard.c(93): warning:  #177-D: variable "res" was declared but never referenced
..\dashboard\dashboard.c(94): warning:  #177-D: variable "br" was declared but never referenced
..\dashboard\dashboard.c(94): warning:  #177-D: variable "bw" was declared but never referenced
..\dashboard\dashboard.c(95): warning:  #177-D: variable "finfo" was declared but never referenced
..\dashboard\dashboard.c(96): warning:  #177-D: variable "dirs" was declared but never referenced
..\dashboard\dashboard.c(285): warning:  #111-D: statement is unreachable
..\dashboard\dashboard.c(273): warning:  #177-D: variable "tmp" was declared but never referenced
linking...
Program Size: Code=43046 RO-data=28654 RW-data=388 ZI-data=18988  
FromELF: creating hex file...
"..\ObjFlash\STM32-FD-ucgui.axf" - 0 Error(s), 30 Warning(s).
Load "..\\ObjFlash\\STM32-FD-ucgui.AXF" 
* JLink Info: Device "STM32F103VE" selected (512 KB flash, 64 KB RAM).
Set JLink Project File to "C:\RipZ\Projects\Car MCU\APP\JLinkSettings.ini"
 
JLink info:
------------
DLL: V4.40c, compiled Jan 24 2012 09:30:33
Firmware: J-Link ARM V8 compiled May  3 2012 18:36:22
Hardware: V8.00
S/N : 20100214 
Feature(s) : RDI,FlashDL,FlashBP,JFlash,GDBFull 
 
* JLink Info: TotalIRLen = 9, IRPrint = 0x0011
* JLink Info: Found Cortex-M3 r1p1, Little endian.
* JLink Info: TPIU fitted.
* JLink Info: ETM fitted.
* JLink Info:   FPUnit: 6 code (BP) slots and 2 literal slots
ROMTableAddr = 0xE00FF003
* JLink Info: TotalIRLen = 9, IRPrint = 0x0011
* JLink Info: Found Cortex-M3 r1p1, Little endian.
* JLink Info: TPIU fitted.
* JLink Info: ETM fitted.
* JLink Info:   FPUnit: 6 code (BP) slots and 2 literal slots
* JLink Info: Found Cortex-M3 r1p1, Little endian.
* JLink Info: TPIU fitted.
* JLink Info: ETM fitted.
* JLink Info:   FPUnit: 6 code (BP) slots and 2 literal slots
 
Target info:
------------
Device: STM32F103VE
VTarget = 3.371V
State of Pins: 
TCK: 1, TDI: 0, TDO: 0, TMS: 0, TRES: 1, TRST: 1
Hardware-Breakpoints: 6
Software-Breakpoints: 8192
Watchpoints:          4
JTAG speed: 2000 kHz
 
Full Chip Erase Done.
Programming Done.
Verify OK.
* JLink Info: TotalIRLen = 9, IRPrint = 0x0011
* JLink Info: Found Cortex-M3 r1p1, Little endian.
* JLink Info: TPIU fitted.
* JLink Info: ETM fitted.
* JLink Info:   FPUnit: 6 code (BP) slots and 2 literal slots
* JLink Info: Found Cortex-M3 r1p1, Little endian.
* JLink Info: TPIU fitted.
* JLink Info: ETM fitted.
* JLink Info:   FPUnit: 6 code (BP) slots and 2 literal slots
Application running ...
Build target 'Flash'
compiling dashboard.c...
..\dashboard\dashboard.c(65): warning:  #167-D: argument of type "unsigned char *" is incompatible with parameter of type "char *restrict"
..\dashboard\dashboard.c(90): warning:  #177-D: variable "fs" was declared but never referenced
..\dashboard\dashboard.c(91): warning:  #177-D: variable "fsrc" was declared but never referenced
..\dashboard\dashboard.c(91): warning:  #177-D: variable "fdst" was declared but never referenced
..\dashboard\dashboard.c(93): warning:  #177-D: variable "res" was declared but never referenced
..\dashboard\dashboard.c(94): warning:  #177-D: variable "br" was declared but never referenced
..\dashboard\dashboard.c(94): warning:  #177-D: variable "bw" was declared but never referenced
..\dashboard\dashboard.c(95): warning:  #177-D: variable "finfo" was declared but never referenced
..\dashboard\dashboard.c(96): warning:  #177-D: variable "dirs" was declared but never referenced
..\dashboard\dashboard.c(285): warning:  #111-D: statement is unreachable
..\dashboard\dashboard.c(273): warning:  #177-D: variable "tmp" was declared but never referenced
linking...
Program Size: Code=43046 RO-data=28654 RW-data=388 ZI-data=18988  
FromELF: creating hex file...
"..\ObjFlash\STM32-FD-ucgui.axf" - 0 Error(s), 11 Warning(s).
Load "..\\ObjFlash\\STM32-FD-ucgui.AXF" 
* JLink Info: Device "STM32F103VE" selected (512 KB flash, 64 KB RAM).
Set JLink Project File to "C:\RipZ\Projects\Car MCU\APP\JLinkSettings.ini"
 
JLink info:
------------
DLL: V4.40c, compiled Jan 24 2012 09:30:33
Firmware: J-Link ARM V8 compiled May  3 2012 18:36:22
Hardware: V8.00
S/N : 20100214 
Feature(s) : RDI,FlashDL,FlashBP,JFlash,GDBFull 
 
* JLink Info: TotalIRLen = 9, IRPrint = 0x0011
* JLink Info: Found Cortex-M3 r1p1, Little endian.
* JLink Info: TPIU fitted.
* JLink Info: ETM fitted.
* JLink Info:   FPUnit: 6 code (BP) slots and 2 literal slots
ROMTableAddr = 0xE00FF003
* JLink Info: TotalIRLen = 9, IRPrint = 0x0011
* JLink Info: Found Cortex-M3 r1p1, Little endian.
* JLink Info: TPIU fitted.
* JLink Info: ETM fitted.
* JLink Info:   FPUnit: 6 code (BP) slots and 2 literal slots
* JLink Info: Found Cortex-M3 r1p1, Little endian.
* JLink Info: TPIU fitted.
* JLink Info: ETM fitted.
* JLink Info:   FPUnit: 6 code (BP) slots and 2 literal slots
 
Target info:
------------
Device: STM32F103VE
VTarget = 3.371V
State of Pins: 
TCK: 1, TDI: 0, TDO: 0, TMS: 0, TRES: 1, TRST: 1
Hardware-Breakpoints: 6
Software-Breakpoints: 8192
Watchpoints:          4
JTAG speed: 2000 kHz
 
Full Chip Erase Done.
Programming Done.
Verify OK.
* JLink Info: TotalIRLen = 9, IRPrint = 0x0011
* JLink Info: Found Cortex-M3 r1p1, Little endian.
* JLink Info: TPIU fitted.
* JLink Info: ETM fitted.
* JLink Info:   FPUnit: 6 code (BP) slots and 2 literal slots
* JLink Info: Found Cortex-M3 r1p1, Little endian.
* JLink Info: TPIU fitted.
* JLink Info: ETM fitted.
* JLink Info:   FPUnit: 6 code (BP) slots and 2 literal slots
Application running ...
Build target 'Flash'
compiling dashboard.c...
..\dashboard\dashboard.c(65): warning:  #167-D: argument of type "unsigned char *" is incompatible with parameter of type "char *restrict"
..\dashboard\dashboard.c(90): warning:  #177-D: variable "fs" was declared but never referenced
..\dashboard\dashboard.c(91): warning:  #177-D: variable "fsrc" was declared but never referenced
..\dashboard\dashboard.c(91): warning:  #177-D: variable "fdst" was declared but never referenced
..\dashboard\dashboard.c(93): warning:  #177-D: variable "res" was declared but never referenced
..\dashboard\dashboard.c(94): warning:  #177-D: variable "br" was declared but never referenced
..\dashboard\dashboard.c(94): warning:  #177-D: variable "bw" was declared but never referenced
..\dashboard\dashboard.c(95): warning:  #177-D: variable "finfo" was declared but never referenced
..\dashboard\dashboard.c(96): warning:  #177-D: variable "dirs" was declared but never referenced
..\dashboard\dashboard.c(273): warning:  #177-D: variable "tmp" was declared but never referenced
linking...
Program Size: Code=43050 RO-data=28654 RW-data=388 ZI-data=18988  
FromELF: creating hex file...
"..\ObjFlash\STM32-FD-ucgui.axf" - 0 Error(s), 10 Warning(s).
Load "..\\ObjFlash\\STM32-FD-ucgui.AXF" 
* JLink Info: Device "STM32F103VE" selected (512 KB flash, 64 KB RAM).
Set JLink Project File to "C:\RipZ\Projects\Car MCU\APP\JLinkSettings.ini"
 
JLink info:
------------
DLL: V4.40c, compiled Jan 24 2012 09:30:33
Firmware: J-Link ARM V8 compiled May  3 2012 18:36:22
Hardware: V8.00
S/N : 20100214 
Feature(s) : RDI,FlashDL,FlashBP,JFlash,GDBFull 
 
* JLink Info: TotalIRLen = 9, IRPrint = 0x0011
* JLink Info: Found Cortex-M3 r1p1, Little endian.
* JLink Info: TPIU fitted.
* JLink Info: ETM fitted.
* JLink Info:   FPUnit: 6 code (BP) slots and 2 literal slots
ROMTableAddr = 0xE00FF003
* JLink Info: TotalIRLen = 9, IRPrint = 0x0011
* JLink Info: Found Cortex-M3 r1p1, Little endian.
* JLink Info: TPIU fitted.
* JLink Info: ETM fitted.
* JLink Info:   FPUnit: 6 code (BP) slots and 2 literal slots
* JLink Info: Found Cortex-M3 r1p1, Little endian.
* JLink Info: TPIU fitted.
* JLink Info: ETM fitted.
* JLink Info:   FPUnit: 6 code (BP) slots and 2 literal slots
 
Target info:
------------
Device: STM32F103VE
VTarget = 3.371V
State of Pins: 
TCK: 1, TDI: 0, TDO: 0, TMS: 0, TRES: 1, TRST: 1
Hardware-Breakpoints: 6
Software-Breakpoints: 8192
Watchpoints:          4
JTAG speed: 2000 kHz
 
Full Chip Erase Done.
Programming Done.
Verify OK.
* JLink Info: TotalIRLen = 9, IRPrint = 0x0011
* JLink Info: Found Cortex-M3 r1p1, Little endian.
* JLink Info: TPIU fitted.
* JLink Info: ETM fitted.
* JLink Info:   FPUnit: 6 code (BP) slots and 2 literal slots
* JLink Info: Found Cortex-M3 r1p1, Little endian.
* JLink Info: TPIU fitted.
* JLink Info: ETM fitted.
* JLink Info:   FPUnit: 6 code (BP) slots and 2 literal slots
Application running ...
Build target 'Flash'
compiling dashboard.c...
..\dashboard\dashboard.c(65): warning:  #167-D: argument of type "unsigned char *" is incompatible with parameter of type "char *restrict"
..\dashboard\dashboard.c(90): warning:  #177-D: variable "fs" was declared but never referenced
..\dashboard\dashboard.c(91): warning:  #177-D: variable "fsrc" was declared but never referenced
..\dashboard\dashboard.c(91): warning:  #177-D: variable "fdst" was declared but never referenced
..\dashboard\dashboard.c(93): warning:  #177-D: variable "res" was declared but never referenced
..\dashboard\dashboard.c(94): warning:  #177-D: variable "br" was declared but never referenced
..\dashboard\dashboard.c(94): warning:  #177-D: variable "bw" was declared but never referenced
..\dashboard\dashboard.c(95): warning:  #177-D: variable "finfo" was declared but never referenced
..\dashboard\dashboard.c(96): warning:  #177-D: variable "dirs" was declared but never referenced
..\dashboard\dashboard.c(285): warning:  #111-D: statement is unreachable
..\dashboard\dashboard.c(273): warning:  #177-D: variable "tmp" was declared but never referenced
linking...
Program Size: Code=43046 RO-data=28654 RW-data=388 ZI-data=18988  
FromELF: creating hex file...
"..\ObjFlash\STM32-FD-ucgui.axf" - 0 Error(s), 11 Warning(s).
Load "..\\ObjFlash\\STM32-FD-ucgui.AXF" 
* JLink Info: Device "STM32F103VE" selected (512 KB flash, 64 KB RAM).
Set JLink Project File to "C:\RipZ\Projects\Car MCU\APP\JLinkSettings.ini"
 
JLink info:
------------
DLL: V4.40c, compiled Jan 24 2012 09:30:33
Firmware: J-Link ARM V8 compiled May  3 2012 18:36:22
Hardware: V8.00
S/N : 20100214 
Feature(s) : RDI,FlashDL,FlashBP,JFlash,GDBFull 
 
* JLink Info: TotalIRLen = 9, IRPrint = 0x0011
* JLink Info: Found Cortex-M3 r1p1, Little endian.
* JLink Info: TPIU fitted.
* JLink Info: ETM fitted.
* JLink Info:   FPUnit: 6 code (BP) slots and 2 literal slots
ROMTableAddr = 0xE00FF003
* JLink Info: TotalIRLen = 9, IRPrint = 0x0011
* JLink Info: Found Cortex-M3 r1p1, Little endian.
* JLink Info: TPIU fitted.
* JLink Info: ETM fitted.
* JLink Info:   FPUnit: 6 code (BP) slots and 2 literal slots
* JLink Info: Found Cortex-M3 r1p1, Little endian.
* JLink Info: TPIU fitted.
* JLink Info: ETM fitted.
* JLink Info:   FPUnit: 6 code (BP) slots and 2 literal slots
 
Target info:
------------
Device: STM32F103VE
VTarget = 3.371V
State of Pins: 
TCK: 1, TDI: 0, TDO: 0, TMS: 0, TRES: 1, TRST: 1
Hardware-Breakpoints: 6
Software-Breakpoints: 8192
Watchpoints:          4
JTAG speed: 2000 kHz
 
Full Chip Erase Done.
Programming Done.
Verify OK.
* JLink Info: TotalIRLen = 9, IRPrint = 0x0011
* JLink Info: Found Cortex-M3 r1p1, Little endian.
* JLink Info: TPIU fitted.
* JLink Info: ETM fitted.
* JLink Info:   FPUnit: 6 code (BP) slots and 2 literal slots
* JLink Info: Found Cortex-M3 r1p1, Little endian.
* JLink Info: TPIU fitted.
* JLink Info: ETM fitted.
* JLink Info:   FPUnit: 6 code (BP) slots and 2 literal slots
Application running ...
Build target 'Flash'
compiling dashboard.c...
..\dashboard\dashboard.c(65): warning:  #167-D: argument of type "unsigned char *" is incompatible with parameter of type "char *restrict"
..\dashboard\dashboard.c(90): warning:  #177-D: variable "fs" was declared but never referenced
..\dashboard\dashboard.c(91): warning:  #177-D: variable "fsrc" was declared but never referenced
..\dashboard\dashboard.c(91): warning:  #177-D: variable "fdst" was declared but never referenced
..\dashboard\dashboard.c(93): warning:  #177-D: variable "res" was declared but never referenced
..\dashboard\dashboard.c(94): warning:  #177-D: variable "br" was declared but never referenced
..\dashboard\dashboard.c(94): warning:  #177-D: variable "bw" was declared but never referenced
..\dashboard\dashboard.c(95): warning:  #177-D: variable "finfo" was declared but never referenced
..\dashboard\dashboard.c(96): warning:  #177-D: variable "dirs" was declared but never referenced
..\dashboard\dashboard.c(285): warning:  #111-D: statement is unreachable
..\dashboard\dashboard.c(273): warning:  #177-D: variable "tmp" was declared but never referenced
linking...
Program Size: Code=43046 RO-data=28654 RW-data=388 ZI-data=18988  
FromELF: creating hex file...
"..\ObjFlash\STM32-FD-ucgui.axf" - 0 Error(s), 11 Warning(s).
Build target 'Flash'
compiling dashboard.c...
..\dashboard\dashboard.c(65): warning:  #167-D: argument of type "unsigned char *" is incompatible with parameter of type "char *restrict"
..\dashboard\dashboard.c(90): warning:  #177-D: variable "fs" was declared but never referenced
..\dashboard\dashboard.c(91): warning:  #177-D: variable "fsrc" was declared but never referenced
..\dashboard\dashboard.c(91): warning:  #177-D: variable "fdst" was declared but never referenced
..\dashboard\dashboard.c(93): warning:  #177-D: variable "res" was declared but never referenced
..\dashboard\dashboard.c(94): warning:  #177-D: variable "br" was declared but never referenced
..\dashboard\dashboard.c(94): warning:  #177-D: variable "bw" was declared but never referenced
..\dashboard\dashboard.c(95): warning:  #177-D: variable "finfo" was declared but never referenced
..\dashboard\dashboard.c(96): warning:  #177-D: variable "dirs" was declared but never referenced
..\dashboard\dashboard.c(273): warning:  #177-D: variable "tmp" was declared but never referenced
linking...
Program Size: Code=43050 RO-data=28654 RW-data=388 ZI-data=18988  
FromELF: creating hex file...
"..\ObjFlash\STM32-FD-ucgui.axf" - 0 Error(s), 10 Warning(s).
Load "..\\ObjFlash\\STM32-FD-ucgui.AXF" 
* JLink Info: Device "STM32F103VE" selected (512 KB flash, 64 KB RAM).
Set JLink Project File to "C:\RipZ\Projects\Car MCU\APP\JLinkSettings.ini"
 
JLink info:
------------
DLL: V4.40c, compiled Jan 24 2012 09:30:33
Firmware: J-Link ARM V8 compiled May  3 2012 18:36:22
Hardware: V8.00
S/N : 20100214 
Feature(s) : RDI,FlashDL,FlashBP,JFlash,GDBFull 
 
* JLink Info: TotalIRLen = 9, IRPrint = 0x0011
* JLink Info: Found Cortex-M3 r1p1, Little endian.
* JLink Info: TPIU fitted.
* JLink Info: ETM fitted.
* JLink Info:   FPUnit: 6 code (BP) slots and 2 literal slots
ROMTableAddr = 0xE00FF003
* JLink Info: TotalIRLen = 9, IRPrint = 0x0011
* JLink Info: Found Cortex-M3 r1p1, Little endian.
* JLink Info: TPIU fitted.
* JLink Info: ETM fitted.
* JLink Info:   FPUnit: 6 code (BP) slots and 2 literal slots
* JLink Info: Found Cortex-M3 r1p1, Little endian.
* JLink Info: TPIU fitted.
* JLink Info: ETM fitted.
* JLink Info:   FPUnit: 6 code (BP) slots and 2 literal slots
 
Target info:
------------
Device: STM32F103VE
VTarget = 3.371V
State of Pins: 
TCK: 1, TDI: 0, TDO: 0, TMS: 0, TRES: 1, TRST: 1
Hardware-Breakpoints: 6
Software-Breakpoints: 8192
Watchpoints:          4
JTAG speed: 2000 kHz
 
Full Chip Erase Done.
Programming Done.
Verify OK.
* JLink Info: TotalIRLen = 9, IRPrint = 0x0011
* JLink Info: Found Cortex-M3 r1p1, Little endian.
* JLink Info: TPIU fitted.
* JLink Info: ETM fitted.
* JLink Info:   FPUnit: 6 code (BP) slots and 2 literal slots
* JLink Info: Found Cortex-M3 r1p1, Little endian.
* JLink Info: TPIU fitted.
* JLink Info: ETM fitted.
* JLink Info:   FPUnit: 6 code (BP) slots and 2 literal slots
Application running ...
Load "..\\ObjFlash\\STM32-FD-ucgui.AXF" 
* JLink Info: Device "STM32F103VE" selected (512 KB flash, 64 KB RAM).
Set JLink Project File to "C:\RipZ\Projects\Car MCU\APP\JLinkSettings.ini"
 
JLink info:
------------
DLL: V4.40c, compiled Jan 24 2012 09:30:33
Firmware: J-Link ARM V8 compiled May  3 2012 18:36:22
Hardware: V8.00
S/N : 20100214 
Feature(s) : RDI,FlashDL,FlashBP,JFlash,GDBFull 
 
* JLink Info: TotalIRLen = 9, IRPrint = 0x0011
* JLink Info: Found Cortex-M3 r1p1, Little endian.
* JLink Info: TPIU fitted.
* JLink Info: ETM fitted.
* JLink Info:   FPUnit: 6 code (BP) slots and 2 literal slots
ROMTableAddr = 0xE00FF003
* JLink Info: TotalIRLen = 9, IRPrint = 0x0011
* JLink Info: Found Cortex-M3 r1p1, Little endian.
* JLink Info: TPIU fitted.
* JLink Info: ETM fitted.
* JLink Info:   FPUnit: 6 code (BP) slots and 2 literal slots
* JLink Info: Found Cortex-M3 r1p1, Little endian.
* JLink Info: TPIU fitted.
* JLink Info: ETM fitted.
* JLink Info:   FPUnit: 6 code (BP) slots and 2 literal slots
 
Target info:
------------
Device: STM32F103VE
VTarget = 3.371V
State of Pins: 
TCK: 1, TDI: 0, TDO: 0, TMS: 0, TRES: 1, TRST: 1
Hardware-Breakpoints: 6
Software-Breakpoints: 8192
Watchpoints:          4
JTAG speed: 2000 kHz
 
Full Chip Erase Done.
Programming Done.
Verify OK.
* JLink Info: TotalIRLen = 9, IRPrint = 0x0011
* JLink Info: Found Cortex-M3 r1p1, Little endian.
* JLink Info: TPIU fitted.
* JLink Info: ETM fitted.
* JLink Info:   FPUnit: 6 code (BP) slots and 2 literal slots
* JLink Info: Found Cortex-M3 r1p1, Little endian.
* JLink Info: TPIU fitted.
* JLink Info: ETM fitted.
* JLink Info:   FPUnit: 6 code (BP) slots and 2 literal slots
Application running ...
Build target 'Flash'
compiling dashboard.c...
..\dashboard\dashboard.c(65): warning:  #167-D: argument of type "unsigned char *" is incompatible with parameter of type "char *restrict"
..\dashboard\dashboard.c(90): warning:  #177-D: variable "fs" was declared but never referenced
..\dashboard\dashboard.c(91): warning:  #177-D: variable "fsrc" was declared but never referenced
..\dashboard\dashboard.c(91): warning:  #177-D: variable "fdst" was declared but never referenced
..\dashboard\dashboard.c(93): warning:  #177-D: variable "res" was declared but never referenced
..\dashboard\dashboard.c(94): warning:  #177-D: variable "br" was declared but never referenced
..\dashboard\dashboard.c(94): warning:  #177-D: variable "bw" was declared but never referenced
..\dashboard\dashboard.c(95): warning:  #177-D: variable "finfo" was declared but never referenced
..\dashboard\dashboard.c(96): warning:  #177-D: variable "dirs" was declared but never referenced
..\dashboard\dashboard.c(285): warning:  #111-D: statement is unreachable
..\dashboard\dashboard.c(273): warning:  #177-D: variable "tmp" was declared but never referenced
linking...
Program Size: Code=43066 RO-data=28654 RW-data=388 ZI-data=18988  
FromELF: creating hex file...
"..\ObjFlash\STM32-FD-ucgui.axf" - 0 Error(s), 11 Warning(s).
Load "..\\ObjFlash\\STM32-FD-ucgui.AXF" 
* JLink Info: Device "STM32F103VE" selected (512 KB flash, 64 KB RAM).
Set JLink Project File to "C:\RipZ\Projects\Car MCU\APP\JLinkSettings.ini"
 
JLink info:
------------
DLL: V4.40c, compiled Jan 24 2012 09:30:33
Firmware: J-Link ARM V8 compiled May  3 2012 18:36:22
Hardware: V8.00
S/N : 20100214 
Feature(s) : RDI,FlashDL,FlashBP,JFlash,GDBFull 
 
* JLink Info: TotalIRLen = 9, IRPrint = 0x0011
* JLink Info: Found Cortex-M3 r1p1, Little endian.
* JLink Info: TPIU fitted.
* JLink Info: ETM fitted.
* JLink Info:   FPUnit: 6 code (BP) slots and 2 literal slots
ROMTableAddr = 0xE00FF003
* JLink Info: TotalIRLen = 9, IRPrint = 0x0011
* JLink Info: Found Cortex-M3 r1p1, Little endian.
* JLink Info: TPIU fitted.
* JLink Info: ETM fitted.
* JLink Info:   FPUnit: 6 code (BP) slots and 2 literal slots
* JLink Info: Found Cortex-M3 r1p1, Little endian.
* JLink Info: TPIU fitted.
* JLink Info: ETM fitted.
* JLink Info:   FPUnit: 6 code (BP) slots and 2 literal slots
 
Target info:
------------
Device: STM32F103VE
VTarget = 3.377V
State of Pins: 
TCK: 1, TDI: 0, TDO: 0, TMS: 0, TRES: 1, TRST: 1
Hardware-Breakpoints: 6
Software-Breakpoints: 8192
Watchpoints:          4
JTAG speed: 2000 kHz
 
Full Chip Erase Done.
Programming Done.
Verify OK.
* JLink Info: TotalIRLen = 9, IRPrint = 0x0011
* JLink Info: Found Cortex-M3 r1p1, Little endian.
* JLink Info: TPIU fitted.
* JLink Info: ETM fitted.
* JLink Info:   FPUnit: 6 code (BP) slots and 2 literal slots
* JLink Info: Found Cortex-M3 r1p1, Little endian.
* JLink Info: TPIU fitted.
* JLink Info: ETM fitted.
* JLink Info:   FPUnit: 6 code (BP) slots and 2 literal slots
Application running ...
Build target 'Flash'
compiling dashboard.c...
..\dashboard\dashboard.c(65): warning:  #167-D: argument of type "unsigned char *" is incompatible with parameter of type "char *restrict"
..\dashboard\dashboard.c(90): warning:  #177-D: variable "fs" was declared but never referenced
..\dashboard\dashboard.c(91): warning:  #177-D: variable "fsrc" was declared but never referenced
..\dashboard\dashboard.c(91): warning:  #177-D: variable "fdst" was declared but never referenced
..\dashboard\dashboard.c(93): warning:  #177-D: variable "res" was declared but never referenced
..\dashboard\dashboard.c(94): warning:  #177-D: variable "br" was declared but never referenced
..\dashboard\dashboard.c(94): warning:  #177-D: variable "bw" was declared but never referenced
..\dashboard\dashboard.c(95): warning:  #177-D: variable "finfo" was declared but never referenced
..\dashboard\dashboard.c(96): warning:  #177-D: variable "dirs" was declared but never referenced
..\dashboard\dashboard.c(273): warning:  #177-D: variable "tmp" was declared but never referenced
linking...
Program Size: Code=43066 RO-data=28654 RW-data=388 ZI-data=18988  
FromELF: creating hex file...
"..\ObjFlash\STM32-FD-ucgui.axf" - 0 Error(s), 10 Warning(s).
Load "..\\ObjFlash\\STM32-FD-ucgui.AXF" 
* JLink Info: Device "STM32F103VE" selected (512 KB flash, 64 KB RAM).
Set JLink Project File to "C:\RipZ\Projects\Car MCU\APP\JLinkSettings.ini"
 
JLink info:
------------
DLL: V4.40c, compiled Jan 24 2012 09:30:33
Firmware: J-Link ARM V8 compiled May  3 2012 18:36:22
Hardware: V8.00
S/N : 20100214 
Feature(s) : RDI,FlashDL,FlashBP,JFlash,GDBFull 
 
* JLink Info: TotalIRLen = 9, IRPrint = 0x0011
* JLink Info: Found Cortex-M3 r1p1, Little endian.
* JLink Info: TPIU fitted.
* JLink Info: ETM fitted.
* JLink Info:   FPUnit: 6 code (BP) slots and 2 literal slots
ROMTableAddr = 0xE00FF003
* JLink Info: TotalIRLen = 9, IRPrint = 0x0011
* JLink Info: Found Cortex-M3 r1p1, Little endian.
* JLink Info: TPIU fitted.
* JLink Info: ETM fitted.
* JLink Info:   FPUnit: 6 code (BP) slots and 2 literal slots
* JLink Info: Found Cortex-M3 r1p1, Little endian.
* JLink Info: TPIU fitted.
* JLink Info: ETM fitted.
* JLink Info:   FPUnit: 6 code (BP) slots and 2 literal slots
 
Target info:
------------
Device: STM32F103VE
VTarget = 3.377V
State of Pins: 
TCK: 1, TDI: 0, TDO: 0, TMS: 0, TRES: 1, TRST: 1
Hardware-Breakpoints: 6
Software-Breakpoints: 8192
Watchpoints:          4
JTAG speed: 2000 kHz
 
Full Chip Erase Done.
Programming Done.
Verify OK.
* JLink Info: TotalIRLen = 9, IRPrint = 0x0011
* JLink Info: Found Cortex-M3 r1p1, Little endian.
* JLink Info: TPIU fitted.
* JLink Info: ETM fitted.
* JLink Info:   FPUnit: 6 code (BP) slots and 2 literal slots
* JLink Info: Found Cortex-M3 r1p1, Little endian.
* JLink Info: TPIU fitted.
* JLink Info: ETM fitted.
* JLink Info:   FPUnit: 6 code (BP) slots and 2 literal slots
Application running ...
Build target 'Flash'
compiling dashboard.c...
..\dashboard\dashboard.c(65): warning:  #167-D: argument of type "unsigned char *" is incompatible with parameter of type "char *restrict"
..\dashboard\dashboard.c(90): warning:  #177-D: variable "fs" was declared but never referenced
..\dashboard\dashboard.c(91): warning:  #177-D: variable "fsrc" was declared but never referenced
..\dashboard\dashboard.c(91): warning:  #177-D: variable "fdst" was declared but never referenced
..\dashboard\dashboard.c(93): warning:  #177-D: variable "res" was declared but never referenced
..\dashboard\dashboard.c(94): warning:  #177-D: variable "br" was declared but never referenced
..\dashboard\dashboard.c(94): warning:  #177-D: variable "bw" was declared but never referenced
..\dashboard\dashboard.c(95): warning:  #177-D: variable "finfo" was declared but never referenced
..\dashboard\dashboard.c(96): warning:  #177-D: variable "dirs" was declared but never referenced
..\dashboard\dashboard.c(273): warning:  #177-D: variable "tmp" was declared but never referenced
linking...
Program Size: Code=43086 RO-data=28654 RW-data=388 ZI-data=18988  
FromELF: creating hex file...
"..\ObjFlash\STM32-FD-ucgui.axf" - 0 Error(s), 10 Warning(s).
Load "..\\ObjFlash\\STM32-FD-ucgui.AXF" 
* JLink Info: Device "STM32F103VE" selected (512 KB flash, 64 KB RAM).
Set JLink Project File to "C:\RipZ\Projects\Car MCU\APP\JLinkSettings.ini"
 
JLink info:
------------
DLL: V4.40c, compiled Jan 24 2012 09:30:33
Firmware: J-Link ARM V8 compiled May  3 2012 18:36:22
Hardware: V8.00
S/N : 20100214 
Feature(s) : RDI,FlashDL,FlashBP,JFlash,GDBFull 
 
* JLink Info: TotalIRLen = 9, IRPrint = 0x0011
* JLink Info: Found Cortex-M3 r1p1, Little endian.
* JLink Info: TPIU fitted.
* JLink Info: ETM fitted.
* JLink Info:   FPUnit: 6 code (BP) slots and 2 literal slots
ROMTableAddr = 0xE00FF003
* JLink Info: TotalIRLen = 9, IRPrint = 0x0011
* JLink Info: Found Cortex-M3 r1p1, Little endian.
* JLink Info: TPIU fitted.
* JLink Info: ETM fitted.
* JLink Info:   FPUnit: 6 code (BP) slots and 2 literal slots
* JLink Info: Found Cortex-M3 r1p1, Little endian.
* JLink Info: TPIU fitted.
* JLink Info: ETM fitted.
* JLink Info:   FPUnit: 6 code (BP) slots and 2 literal slots
 
Target info:
------------
Device: STM32F103VE
VTarget = 3.377V
State of Pins: 
TCK: 1, TDI: 0, TDO: 0, TMS: 0, TRES: 1, TRST: 1
Hardware-Breakpoints: 6
Software-Breakpoints: 8192
Watchpoints:          4
JTAG speed: 2000 kHz
 
Full Chip Erase Done.
Programming Done.
Verify OK.
* JLink Info: TotalIRLen = 9, IRPrint = 0x0011
* JLink Info: Found Cortex-M3 r1p1, Little endian.
* JLink Info: TPIU fitted.
* JLink Info: ETM fitted.
* JLink Info:   FPUnit: 6 code (BP) slots and 2 literal slots
* JLink Info: Found Cortex-M3 r1p1, Little endian.
* JLink Info: TPIU fitted.
* JLink Info: ETM fitted.
* JLink Info:   FPUnit: 6 code (BP) slots and 2 literal slots
Application running ...
Build target 'Flash'
compiling dashboard.c...
..\dashboard\dashboard.c(65): warning:  #167-D: argument of type "unsigned char *" is incompatible with parameter of type "char *restrict"
..\dashboard\dashboard.c(90): warning:  #177-D: variable "fs" was declared but never referenced
..\dashboard\dashboard.c(91): warning:  #177-D: variable "fsrc" was declared but never referenced
..\dashboard\dashboard.c(91): warning:  #177-D: variable "fdst" was declared but never referenced
..\dashboard\dashboard.c(93): warning:  #177-D: variable "res" was declared but never referenced
..\dashboard\dashboard.c(94): warning:  #177-D: variable "br" was declared but never referenced
..\dashboard\dashboard.c(94): warning:  #177-D: variable "bw" was declared but never referenced
..\dashboard\dashboard.c(95): warning:  #177-D: variable "finfo" was declared but never referenced
..\dashboard\dashboard.c(96): warning:  #177-D: variable "dirs" was declared but never referenced
..\dashboard\dashboard.c(293): warning:  #167-D: argument of type "unsigned char *" is incompatible with parameter of type "char *restrict"
linking...
Program Size: Code=43174 RO-data=28654 RW-data=388 ZI-data=18988  
FromELF: creating hex file...
"..\ObjFlash\STM32-FD-ucgui.axf" - 0 Error(s), 10 Warning(s).
Load "..\\ObjFlash\\STM32-FD-ucgui.AXF" 
* JLink Info: Device "STM32F103VE" selected (512 KB flash, 64 KB RAM).
Set JLink Project File to "C:\RipZ\Projects\Car MCU\APP\JLinkSettings.ini"
 
JLink info:
------------
DLL: V4.40c, compiled Jan 24 2012 09:30:33
Firmware: J-Link ARM V8 compiled May  3 2012 18:36:22
Hardware: V8.00
S/N : 20100214 
Feature(s) : RDI,FlashDL,FlashBP,JFlash,GDBFull 
 
* JLink Info: TotalIRLen = 9, IRPrint = 0x0011
* JLink Info: Found Cortex-M3 r1p1, Little endian.
* JLink Info: TPIU fitted.
* JLink Info: ETM fitted.
* JLink Info:   FPUnit: 6 code (BP) slots and 2 literal slots
ROMTableAddr = 0xE00FF003
* JLink Info: TotalIRLen = 9, IRPrint = 0x0011
* JLink Info: Found Cortex-M3 r1p1, Little endian.
* JLink Info: TPIU fitted.
* JLink Info: ETM fitted.
* JLink Info:   FPUnit: 6 code (BP) slots and 2 literal slots
* JLink Info: Found Cortex-M3 r1p1, Little endian.
* JLink Info: TPIU fitted.
* JLink Info: ETM fitted.
* JLink Info:   FPUnit: 6 code (BP) slots and 2 literal slots
 
Target info:
------------
Device: STM32F103VE
VTarget = 3.377V
State of Pins: 
TCK: 1, TDI: 0, TDO: 0, TMS: 0, TRES: 1, TRST: 1
Hardware-Breakpoints: 6
Software-Breakpoints: 8192
Watchpoints:          4
JTAG speed: 2000 kHz
 
Full Chip Erase Done.
Programming Done.
Verify OK.
* JLink Info: TotalIRLen = 9, IRPrint = 0x0011
* JLink Info: Found Cortex-M3 r1p1, Little endian.
* JLink Info: TPIU fitted.
* JLink Info: ETM fitted.
* JLink Info:   FPUnit: 6 code (BP) slots and 2 literal slots
* JLink Info: Found Cortex-M3 r1p1, Little endian.
* JLink Info: TPIU fitted.
* JLink Info: ETM fitted.
* JLink Info:   FPUnit: 6 code (BP) slots and 2 literal slots
Application running ...
Build target 'Flash'
compiling dashboard.c...
..\dashboard\dashboard.c(65): warning:  #167-D: argument of type "unsigned char *" is incompatible with parameter of type "char *restrict"
..\dashboard\dashboard.c(88): warning:  #177-D: variable "fs" was declared but never referenced
..\dashboard\dashboard.c(89): warning:  #177-D: variable "fsrc" was declared but never referenced
..\dashboard\dashboard.c(89): warning:  #177-D: variable "fdst" was declared but never referenced
..\dashboard\dashboard.c(91): warning:  #177-D: variable "res" was declared but never referenced
..\dashboard\dashboard.c(92): warning:  #177-D: variable "br" was declared but never referenced
..\dashboard\dashboard.c(92): warning:  #177-D: variable "bw" was declared but never referenced
..\dashboard\dashboard.c(93): warning:  #177-D: variable "finfo" was declared but never referenced
..\dashboard\dashboard.c(94): warning:  #177-D: variable "dirs" was declared but never referenced
..\dashboard\dashboard.c(288): warning:  #167-D: argument of type "unsigned char *" is incompatible with parameter of type "char *restrict"
linking...
Program Size: Code=43066 RO-data=28726 RW-data=388 ZI-data=18988  
FromELF: creating hex file...
"..\ObjFlash\STM32-FD-ucgui.axf" - 0 Error(s), 10 Warning(s).
Build target 'Flash'
compiling app.c...
app.c(110): warning:  #177-D: variable "os_err" was declared but never referenced
app.c(145): warning:  #223-D: function "dashboard" declared implicitly
app.c(158): warning:  #188-D: enumerated type mixed with another type
app.c(161): warning:  #188-D: enumerated type mixed with another type
app.c(162): warning:  #223-D: function "FM_prev_channel" declared implicitly
app.c(165): warning:  #188-D: enumerated type mixed with another type
app.c(166): warning:  #223-D: function "FM_next_channel" declared implicitly
app.c(169): warning:  #188-D: enumerated type mixed with another type
app.c(172): warning:  #188-D: enumerated type mixed with another type
app.c(175): warning:  #188-D: enumerated type mixed with another type
app.c(178): warning:  #223-D: function "FM_scan" declared implicitly
app.c(181): warning:  #188-D: enumerated type mixed with another type
app.c(186): warning:  #188-D: enumerated type mixed with another type
app.c(201): warning:  #223-D: function "PutString" declared implicitly
app.c(202): warning:  #167-D: argument of type "unsigned char *" is incompatible with parameter of type "char *restrict"
app.c(215): warning:  #188-D: enumerated type mixed with another type
app.c(231): warning:  #188-D: enumerated type mixed with another type
app.c(5): warning:  #177-D: variable "AppTaskControllerStk" was declared but never referenced
app.c(12): warning:  #177-D: function "AppTaskController" was declared but never referenced
linking...
Program Size: Code=43074 RO-data=28726 RW-data=388 ZI-data=18988  
FromELF: creating hex file...
"..\ObjFlash\STM32-FD-ucgui.axf" - 0 Error(s), 19 Warning(s).
Build target 'Flash'
compiling app.c...
app.c(110): warning:  #177-D: variable "os_err" was declared but never referenced
app.c(145): warning:  #223-D: function "dashboard" declared implicitly
app.c(158): warning:  #188-D: enumerated type mixed with another type
app.c(161): warning:  #188-D: enumerated type mixed with another type
app.c(162): warning:  #223-D: function "FM_prev_channel" declared implicitly
app.c(165): warning:  #188-D: enumerated type mixed with another type
app.c(166): warning:  #223-D: function "FM_next_channel" declared implicitly
app.c(169): warning:  #188-D: enumerated type mixed with another type
[...]
 
Target info:
------------
Device: STM32F103VE
VTarget = 3.371V
State of Pins: 
TCK: 1, TDI: 0, TDO: 0, TMS: 0, TRES: 1, TRST: 1
Hardware-Breakpoints: 6
Software-Breakpoints: 8192
Watchpoints:          4
JTAG speed: 2000 kHz
 
Full Chip Erase Done.
Programming Done.
Verify OK.
* JLink Info: TotalIRLen = 9, IRPrint = 0x0011
* JLink Info: Found Cortex-M3 r1p1, Little endian.
* JLink Info: TPIU fitted.
* JLink Info: ETM fitted.
* JLink Info:   FPUnit: 6 code (BP) slots and 2 literal slots
* JLink Info: Found Cortex-M3 r1p1, Little endian.
* JLink Info: TPIU fitted.
* JLink Info: ETM fitted.
* JLink Info:   FPUnit: 6 code (BP) slots and 2 literal slots
Application running ...
Build target 'Flash'
compiling dashboard.c...
..\dashboard\dashboard.c(65): warning:  #167-D: argument of type "unsigned char *" is incompatible with parameter of type "char *restrict"
..\dashboard\dashboard.c(88): warning:  #177-D: variable "fs" was declared but never referenced
..\dashboard\dashboard.c(89): warning:  #177-D: variable "fsrc" was declared but never referenced
..\dashboard\dashboard.c(89): warning:  #177-D: variable "fdst" was declared but never referenced
..\dashboard\dashboard.c(91): warning:  #177-D: variable "res" was declared but never referenced
..\dashboard\dashboard.c(92): warning:  #177-D: variable "br" was declared but never referenced
..\dashboard\dashboard.c(92): warning:  #177-D: variable "bw" was declared but never referenced
..\dashboard\dashboard.c(93): warning:  #177-D: variable "finfo" was declared but never referenced
..\dashboard\dashboard.c(94): warning:  #177-D: variable "dirs" was declared but never referenced
..\dashboard\dashboard.c(288): warning:  #167-D: argument of type "unsigned char *" is incompatible with parameter of type "char *restrict"
linking...
Program Size: Code=43054 RO-data=28722 RW-data=388 ZI-data=18988  
FromELF: creating hex file...
"..\ObjFlash\STM32-FD-ucgui.axf" - 0 Error(s), 10 Warning(s).
Load "..\\ObjFlash\\STM32-FD-ucgui.AXF" 
* JLink Info: Device "STM32F103VE" selected (512 KB flash, 64 KB RAM).
Set JLink Project File to "C:\RipZ\Projects\Car MCU\APP\JLinkSettings.ini"
 
JLink info:
------------
DLL: V4.40c, compiled Jan 24 2012 09:30:33
Firmware: J-Link ARM V8 compiled May  3 2012 18:36:22
Hardware: V8.00
S/N : 20100214 
Feature(s) : RDI,FlashDL,FlashBP,JFlash,GDBFull 
 
* JLink Info: TotalIRLen = 9, IRPrint = 0x0011
* JLink Info: Found Cortex-M3 r1p1, Little endian.
* JLink Info: TPIU fitted.
* JLink Info: ETM fitted.
* JLink Info:   FPUnit: 6 code (BP) slots and 2 literal slots
ROMTableAddr = 0xE00FF003
* JLink Info: TotalIRLen = 9, IRPrint = 0x0011
* JLink Info: Found Cortex-M3 r1p1, Little endian.
* JLink Info: TPIU fitted.
* JLink Info: ETM fitted.
* JLink Info:   FPUnit: 6 code (BP) slots and 2 literal slots
* JLink Info: Found Cortex-M3 r1p1, Little endian.
* JLink Info: TPIU fitted.
* JLink Info: ETM fitted.
* JLink Info:   FPUnit: 6 code (BP) slots and 2 literal slots
 
Target info:
------------
Device: STM32F103VE
VTarget = 3.371V
State of Pins: 
TCK: 1, TDI: 0, TDO: 0, TMS: 0, TRES: 1, TRST: 1
Hardware-Breakpoints: 6
Software-Breakpoints: 8192
Watchpoints:          4
JTAG speed: 2000 kHz
 
Full Chip Erase Done.
Programming Done.
Verify OK.
* JLink Info: TotalIRLen = 9, IRPrint = 0x0011
* JLink Info: Found Cortex-M3 r1p1, Little endian.
* JLink Info: TPIU fitted.
* JLink Info: ETM fitted.
* JLink Info:   FPUnit: 6 code (BP) slots and 2 literal slots
* JLink Info: Found Cortex-M3 r1p1, Little endian.
* JLink Info: TPIU fitted.
* JLink Info: ETM fitted.
* JLink Info:   FPUnit: 6 code (BP) slots and 2 literal slots
Application running ...
Build target 'Flash'
compiling dashboard.c...
..\dashboard\dashboard.c(65): warning:  #167-D: argument of type "unsigned char *" is incompatible with parameter of type "char *restrict"
..\dashboard\dashboard.c(88): warning:  #177-D: variable "fs" was declared but never referenced
..\dashboard\dashboard.c(89): warning:  #177-D: variable "fsrc" was declared but never referenced
..\dashboard\dashboard.c(89): warning:  #177-D: variable "fdst" was declared but never referenced
..\dashboard\dashboard.c(91): warning:  #177-D: variable "res" was declared but never referenced
..\dashboard\dashboard.c(92): warning:  #177-D: variable "br" was declared but never referenced
..\dashboard\dashboard.c(92): warning:  #177-D: variable "bw" was declared but never referenced
..\dashboard\dashboard.c(93): warning:  #177-D: variable "finfo" was declared but never referenced
..\dashboard\dashboard.c(94): warning:  #177-D: variable "dirs" was declared but never referenced
..\dashboard\dashboard.c(288): warning:  #167-D: argument of type "unsigned char *" is incompatible with parameter of type "char *restrict"
..\dashboard\dashboard.c(290): warning:  #167-D: argument of type "unsigned char *" is incompatible with parameter of type "char *restrict"
..\dashboard\dashboard.c(292): warning:  #167-D: argument of type "unsigned char *" is incompatible with parameter of type "char *restrict"
linking...
Program Size: Code=43354 RO-data=28654 RW-data=388 ZI-data=18988  
FromELF: creating hex file...
"..\ObjFlash\STM32-FD-ucgui.axf" - 0 Error(s), 12 Warning(s).
Load "..\\ObjFlash\\STM32-FD-ucgui.AXF" 
* JLink Info: Device "STM32F103VE" selected (512 KB flash, 64 KB RAM).
Set JLink Project File to "C:\RipZ\Projects\Car MCU\APP\JLinkSettings.ini"
 
JLink info:
------------
DLL: V4.40c, compiled Jan 24 2012 09:30:33
Firmware: J-Link ARM V8 compiled May  3 2012 18:36:22
Hardware: V8.00
S/N : 20100214 
Feature(s) : RDI,FlashDL,FlashBP,JFlash,GDBFull 
 
* JLink Info: TotalIRLen = 9, IRPrint = 0x0011
* JLink Info: Found Cortex-M3 r1p1, Little endian.
* JLink Info: TPIU fitted.
* JLink Info: ETM fitted.
* JLink Info:   FPUnit: 6 code (BP) slots and 2 literal slots
ROMTableAddr = 0xE00FF003
* JLink Info: TotalIRLen = 9, IRPrint = 0x0011
* JLink Info: Found Cortex-M3 r1p1, Little endian.
* JLink Info: TPIU fitted.
* JLink Info: ETM fitted.
* JLink Info:   FPUnit: 6 code (BP) slots and 2 literal slots
* JLink Info: Found Cortex-M3 r1p1, Little endian.
* JLink Info: TPIU fitted.
* JLink Info: ETM fitted.
* JLink Info:   FPUnit: 6 code (BP) slots and 2 literal slots
 
Target info:
------------
Device: STM32F103VE
VTarget = 3.371V
State of Pins: 
TCK: 1, TDI: 0, TDO: 0, TMS: 0, TRES: 1, TRST: 1
Hardware-Breakpoints: 6
Software-Breakpoints: 8192
Watchpoints:          4
JTAG speed: 2000 kHz
 
Full Chip Erase Done.
Programming Done.
Verify OK.
* JLink Info: TotalIRLen = 9, IRPrint = 0x0011
* JLink Info: Found Cortex-M3 r1p1, Little endian.
* JLink Info: TPIU fitted.
* JLink Info: ETM fitted.
* JLink Info:   FPUnit: 6 code (BP) slots and 2 literal slots
* JLink Info: Found Cortex-M3 r1p1, Little endian.
* JLink Info: TPIU fitted.
* JLink Info: ETM fitted.
* JLink Info:   FPUnit: 6 code (BP) slots and 2 literal slots
Application running ...
Build target 'Flash'
compiling app.c...
app.c(110): warning:  #177-D: variable "os_err" was declared but never referenced
app.c(145): warning:  #223-D: function "dashboard" declared implicitly
app.c(158): warning:  #188-D: enumerated type mixed with another type
app.c(161): warning:  #188-D: enumerated type mixed with another type
app.c(162): warning:  #223-D: function "FM_prev_channel" declared implicitly
app.c(165): warning:  #188-D: enumerated type mixed with another type
app.c(166): warning:  #223-D: function "FM_next_channel" declared implicitly
app.c(169): warning:  #188-D: enumerated type mixed with another type
app.c(172): warning:  #188-D: enumerated type mixed with another type
app.c(175): warning:  #188-D: enumerated type mixed with another type
app.c(178): warning:  #223-D: function "FM_scan" declared implicitly
app.c(181): warning:  #188-D: enumerated type mixed with another type
app.c(186): warning:  #188-D: enumerated type mixed with another type
app.c(201): warning:  #167-D: argument of type "unsigned char *" is incompatible with parameter of type "char *restrict"
app.c(202): warning:  #223-D: function "PutString" declared implicitly
app.c(214): warning:  #188-D: enumerated type mixed with another type
app.c(230): warning:  #188-D: enumerated type mixed with another type
app.c(5): warning:  #177-D: variable "AppTaskControllerStk" was declared but never referenced
app.c(12): warning:  #177-D: function "AppTaskController" was declared but never referenced
linking...
Program Size: Code=43358 RO-data=28654 RW-data=388 ZI-data=18988  
FromELF: creating hex file...
"..\ObjFlash\STM32-FD-ucgui.axf" - 0 Error(s), 19 Warning(s).
Load "..\\ObjFlash\\STM32-FD-ucgui.AXF" 
* JLink Info: Device "STM32F103VE" selected (512 KB flash, 64 KB RAM).
Set JLink Project File to "C:\RipZ\Projects\Car MCU\APP\JLinkSettings.ini"
 
JLink info:
------------
DLL: V4.40c, compiled Jan 24 2012 09:30:33
Firmware: J-Link ARM V8 compiled May  3 2012 18:36:22
Hardware: V8.00
S/N : 20100214 
Feature(s) : RDI,FlashDL,FlashBP,JFlash,GDBFull 
 
* JLink Info: TotalIRLen = 9, IRPrint = 0x0011
* JLink Info: Found Cortex-M3 r1p1, Little endian.
* JLink Info: TPIU fitted.
* JLink Info: ETM fitted.
* JLink Info:   FPUnit: 6 code (BP) slots and 2 literal slots
ROMTableAddr = 0xE00FF003
* JLink Info: TotalIRLen = 9, IRPrint = 0x0011
* JLink Info: Found Cortex-M3 r1p1, Little endian.
* JLink Info: TPIU fitted.
* JLink Info: ETM fitted.
* JLink Info:   FPUnit: 6 code (BP) slots and 2 literal slots
* JLink Info: Found Cortex-M3 r1p1, Little endian.
* JLink Info: TPIU fitted.
* JLink Info: ETM fitted.
* JLink Info:   FPUnit: 6 code (BP) slots and 2 literal slots
 
Target info:
------------
Device: STM32F103VE
VTarget = 3.377V
State of Pins: 
TCK: 1, TDI: 0, TDO: 0, TMS: 0, TRES: 1, TRST: 1
Hardware-Breakpoints: 6
Software-Breakpoints: 8192
Watchpoints:          4
JTAG speed: 2000 kHz
 
Full Chip Erase Done.
Programming Done.
Verify OK.
* JLink Info: TotalIRLen = 9, IRPrint = 0x0011
* JLink Info: Found Cortex-M3 r1p1, Little endian.
* JLink Info: TPIU fitted.
* JLink Info: ETM fitted.
* JLink Info:   FPUnit: 6 code (BP) slots and 2 literal slots
* JLink Info: Found Cortex-M3 r1p1, Little endian.
* JLink Info: TPIU fitted.
* JLink Info: ETM fitted.
* JLink Info:   FPUnit: 6 code (BP) slots and 2 literal slots
Application running ...
Build target 'Flash'
compiling app.c...
app.c(110): warning:  #177-D: variable "os_err" was declared but never referenced
app.c(145): warning:  #223-D: function "dashboard" declared implicitly
app.c(158): warning:  #188-D: enumerated type mixed with another type
app.c(161): warning:  #188-D: enumerated type mixed with another type
app.c(162): warning:  #223-D: function "FM_prev_channel" declared implicitly
app.c(165): warning:  #188-D: enumerated type mixed with another type
app.c(166): warning:  #223-D: function "FM_next_channel" declared implicitly
app.c(169): warning:  #188-D: enumerated type mixed with another type
app.c(172): warning:  #188-D: enumerated type mixed with another type
app.c(175): warning:  #188-D: enumerated type mixed with another type
app.c(178): warning:  #223-D: function "FM_scan" declared implicitly
app.c(181): warning:  #188-D: enumerated type mixed with another type
app.c(186): warning:  #188-D: enumerated type mixed with another type
app.c(214): warning:  #188-D: enumerated type mixed with another type
app.c(194): warning:  #177-D: variable "tmp" was declared but never referenced
app.c(230): warning:  #188-D: enumerated type mixed with another type
app.c(5): warning:  #177-D: variable "AppTaskControllerStk" was declared but never referenced
app.c(12): warning:  #177-D: function "AppTaskController" was declared but never referenced
linking...
Program Size: Code=43318 RO-data=28654 RW-data=388 ZI-data=18988  
FromELF: creating hex file...
"..\ObjFlash\STM32-FD-ucgui.axf" - 0 Error(s), 18 Warning(s).
Load "..\\ObjFlash\\STM32-FD-ucgui.AXF" 
* JLink Info: Device "STM32F103VE" selected (512 KB flash, 64 KB RAM).
Set JLink Project File to "C:\RipZ\Projects\Car MCU\APP\JLinkSettings.ini"
 
JLink info:
------------
DLL: V4.40c, compiled Jan 24 2012 09:30:33
Firmware: J-Link ARM V8 compiled May  3 2012 18:36:22
Hardware: V8.00
S/N : 20100214 
Feature(s) : RDI,FlashDL,FlashBP,JFlash,GDBFull 
 
* JLink Info: TotalIRLen = 9, IRPrint = 0x0011
* JLink Info: Found Cortex-M3 r1p1, Little endian.
* JLink Info: TPIU fitted.
* JLink Info: ETM fitted.
* JLink Info:   FPUnit: 6 code (BP) slots and 2 literal slots
ROMTableAddr = 0xE00FF003
* JLink Info: TotalIRLen = 9, IRPrint = 0x0011
* JLink Info: Found Cortex-M3 r1p1, Little endian.
* JLink Info: TPIU fitted.
* JLink Info: ETM fitted.
* JLink Info:   FPUnit: 6 code (BP) slots and 2 literal slots
* JLink Info: Found Cortex-M3 r1p1, Little endian.
* JLink Info: TPIU fitted.
* JLink Info: ETM fitted.
* JLink Info:   FPUnit: 6 code (BP) slots and 2 literal slots
 
Target info:
------------
Device: STM32F103VE
VTarget = 3.377V
State of Pins: 
TCK: 1, TDI: 0, TDO: 0, TMS: 0, TRES: 1, TRST: 1
Hardware-Breakpoints: 6
Software-Breakpoints: 8192
Watchpoints:          4
JTAG speed: 2000 kHz
 
Full Chip Erase Done.
Programming Done.
Verify OK.
* JLink Info: TotalIRLen = 9, IRPrint = 0x0011
* JLink Info: Found Cortex-M3 r1p1, Little endian.
* JLink Info: TPIU fitted.
* JLink Info: ETM fitted.
* JLink Info:   FPUnit: 6 code (BP) slots and 2 literal slots
* JLink Info: Found Cortex-M3 r1p1, Little endian.
* JLink Info: TPIU fitted.
* JLink Info: ETM fitted.
* JLink Info:   FPUnit: 6 code (BP) slots and 2 literal slots
Application running ...
Build target 'Flash'
compiling dashboard.c...
..\dashboard\dashboard.c(65): warning:  #167-D: argument of type "unsigned char *" is incompatible with parameter of type "char *restrict"
..\dashboard\dashboard.c(88): warning:  #177-D: variable "fs" was declared but never referenced
..\dashboard\dashboard.c(89): warning:  #177-D: variable "fsrc" was declared but never referenced
..\dashboard\dashboard.c(89): warning:  #177-D: variable "fdst" was declared but never referenced
..\dashboard\dashboard.c(91): warning:  #177-D: variable "res" was declared but never referenced
..\dashboard\dashboard.c(92): warning:  #177-D: variable "br" was declared but never referenced
..\dashboard\dashboard.c(92): warning:  #177-D: variable "bw" was declared but never referenced
..\dashboard\dashboard.c(93): warning:  #177-D: variable "finfo" was declared but never referenced
..\dashboard\dashboard.c(94): warning:  #177-D: variable "dirs" was declared but never referenced
..\dashboard\dashboard.c(288): warning:  #167-D: argument of type "unsigned char *" is incompatible with parameter of type "char *restrict"
..\dashboard\dashboard.c(290): warning:  #167-D: argument of type "unsigned char *" is incompatible with parameter of type "char *restrict"
..\dashboard\dashboard.c(292): warning:  #167-D: argument of type "unsigned char *" is incompatible with parameter of type "char *restrict"
linking...
Program Size: Code=43318 RO-data=28654 RW-data=388 ZI-data=18988  
FromELF: creating hex file...
"..\ObjFlash\STM32-FD-ucgui.axf" - 0 Error(s), 12 Warning(s).
Load "..\\ObjFlash\\STM32-FD-ucgui.AXF" 
* JLink Info: Device "STM32F103VE" selected (512 KB flash, 64 KB RAM).
Set JLink Project File to "C:\RipZ\Projects\Car MCU\APP\JLinkSettings.ini"
 
JLink info:
------------
DLL: V4.40c, compiled Jan 24 2012 09:30:33
Firmware: J-Link ARM V8 compiled May  3 2012 18:36:22
Hardware: V8.00
S/N : 20100214 
Feature(s) : RDI,FlashDL,FlashBP,JFlash,GDBFull 
 
* JLink Info: TotalIRLen = 9, IRPrint = 0x0011
* JLink Info: Found Cortex-M3 r1p1, Little endian.
* JLink Info: TPIU fitted.
* JLink Info: ETM fitted.
* JLink Info:   FPUnit: 6 code (BP) slots and 2 literal slots
ROMTableAddr = 0xE00FF003
* JLink Info: TotalIRLen = 9, IRPrint = 0x0011
* JLink Info: Found Cortex-M3 r1p1, Little endian.
* JLink Info: TPIU fitted.
* JLink Info: ETM fitted.
* JLink Info:   FPUnit: 6 code (BP) slots and 2 literal slots
* JLink Info: Found Cortex-M3 r1p1, Little endian.
* JLink Info: TPIU fitted.
* JLink Info: ETM fitted.
* JLink Info:   FPUnit: 6 code (BP) slots and 2 literal slots
 
Target info:
------------
Device: STM32F103VE
VTarget = 3.377V
State of Pins: 
TCK: 1, TDI: 0, TDO: 0, TMS: 0, TRES: 1, TRST: 1
Hardware-Breakpoints: 6
Software-Breakpoints: 8192
Watchpoints:          4
JTAG speed: 2000 kHz
 
Full Chip Erase Done.
Programming Done.
Verify OK.
* JLink Info: TotalIRLen = 9, IRPrint = 0x0011
* JLink Info: Found Cortex-M3 r1p1, Little endian.
* JLink Info: TPIU fitted.
* JLink Info: ETM fitted.
* JLink Info:   FPUnit: 6 code (BP) slots and 2 literal slots
* JLink Info: Found Cortex-M3 r1p1, Little endian.
* JLink Info: TPIU fitted.
* JLink Info: ETM fitted.
* JLink Info:   FPUnit: 6 code (BP) slots and 2 literal slots
Application running ...
Build target 'Flash'
compiling dashboard.c...
..\dashboard\dashboard.c(65): warning:  #167-D: argument of type "unsigned char *" is incompatible with parameter of type "char *restrict"
..\dashboard\dashboard.c(88): warning:  #177-D: variable "fs" was declared but never referenced
..\dashboard\dashboard.c(89): warning:  #177-D: variable "fsrc" was declared but never referenced
..\dashboard\dashboard.c(89): warning:  #177-D: variable "fdst" was declared but never referenced
..\dashboard\dashboard.c(91): warning:  #177-D: variable "res" was declared but never referenced
..\dashboard\dashboard.c(92): warning:  #177-D: variable "br" was declared but never referenced
..\dashboard\dashboard.c(92): warning:  #177-D: variable "bw" was declared but never referenced
..\dashboard\dashboard.c(93): warning:  #177-D: variable "finfo" was declared but never referenced
..\dashboard\dashboard.c(94): warning:  #177-D: variable "dirs" was declared but never referenced
..\dashboard\dashboard.c(288): warning:  #167-D: argument of type "unsigned char *" is incompatible with parameter of type "char *restrict"
..\dashboard\dashboard.c(290): warning:  #167-D: argument of type "unsigned char *" is incompatible with parameter of type "char *restrict"
..\dashboard\dashboard.c(292): warning:  #167-D: argument of type "unsigned char *" is incompatible with parameter of type "char *restrict"
linking...
Program Size: Code=43270 RO-data=28722 RW-data=388 ZI-data=18988  
FromELF: creating hex file...
"..\ObjFlash\STM32-FD-ucgui.axf" - 0 Error(s), 12 Warning(s).
Load "..\\ObjFlash\\STM32-FD-ucgui.AXF" 
* JLink Info: Device "STM32F103VE" selected (512 KB flash, 64 KB RAM).
Set JLink Project File to "C:\RipZ\Projects\Car MCU\APP\JLinkSettings.ini"
 
JLink info:
------------
DLL: V4.40c, compiled Jan 24 2012 09:30:33
Firmware: J-Link ARM V8 compiled May  3 2012 18:36:22
Hardware: V8.00
S/N : 20100214 
Feature(s) : RDI,FlashDL,FlashBP,JFlash,GDBFull 
 
* JLink Info: TotalIRLen = 9, IRPrint = 0x0011
* JLink Info: Found Cortex-M3 r1p1, Little endian.
* JLink Info: TPIU fitted.
* JLink Info: ETM fitted.
* JLink Info:   FPUnit: 6 code (BP) slots and 2 literal slots
ROMTableAddr = 0xE00FF003
* JLink Info: TotalIRLen = 9, IRPrint = 0x0011
* JLink Info: Found Cortex-M3 r1p1, Little endian.
* JLink Info: TPIU fitted.
* JLink Info: ETM fitted.
* JLink Info:   FPUnit: 6 code (BP) slots and 2 literal slots
* JLink Info: Found Cortex-M3 r1p1, Little endian.
* JLink Info: TPIU fitted.
* JLink Info: ETM fitted.
* JLink Info:   FPUnit: 6 code (BP) slots and 2 literal slots
 
Target info:
------------
Device: STM32F103VE
VTarget = 3.377V
State of Pins: 
TCK: 1, TDI: 0, TDO: 0, TMS: 0, TRES: 1, TRST: 1
Hardware-Breakpoints: 6
Software-Breakpoints: 8192
Watchpoints:          4
JTAG speed: 2000 kHz
 
Full Chip Erase Done.
Programming Done.
Verify OK.
* JLink Info: TotalIRLen = 9, IRPrint = 0x0011
* JLink Info: Found Cortex-M3 r1p1, Little endian.
* JLink Info: TPIU fitted.
* JLink Info: ETM fitted.
* JLink Info:   FPUnit: 6 code (BP) slots and 2 literal slots
* JLink Info: Found Cortex-M3 r1p1, Little endian.
* JLink Info: TPIU fitted.
* JLink Info: ETM fitted.
* JLink Info:   FPUnit: 6 code (BP) slots and 2 literal slots
Application running ...
