<!doctype html public "-//w3c//dtd html 4.0 transitional//en">
<html><head>
<title>Static Call Graph - [..\ObjFlash\STM32-FD-ucgui.axf]</title></head>
<body><HR>
<H1>Static Call Graph for image ..\ObjFlash\STM32-FD-ucgui.axf</H1><HR>
<BR><P>#&#060CALLGRAPH&#062# ARM Linker, 4.1 [Build 894]: Last Updated: Mon Jan 14 13:54:12 2013
<BR><P>
<H3>Maximum Stack Usage =        280 bytes + Unknown(Functions without stacksize, Cycles, Untraceable Function Pointers)</H3><H3>
Call chain for Maximum Stack Depth:</H3>
_cbPaintMemDev &rArr; WM__PaintWinAndOverlays &rArr; _PaintTransChildren &rArr;  _PaintTransChildren (Cycle)
<P>
<H3>
Functions with no stack information
</H3><UL>
 <LI><a href="#[2]">Reset_Handler</a>
 <LI><a href="#[170]">__user_initial_stackheap</a>
 <LI><a href="#[1b4]">OS_CPU_SR_Save</a>
 <LI><a href="#[1b7]">OS_CPU_SR_Restore</a>
 <LI><a href="#[1be]">OSStartHighRdy</a>
 <LI><a href="#[1d6]">OSCtxSw</a>
 <LI><a href="#[1b6]">OSIntCtxSw</a>
 <LI><a href="#[a]">OSPendSV</a>
 <LI><a href="#[205]">CPU_IntDis</a>
 <LI><a href="#[22c]">CPU_IntEn</a>
 <LI><a href="#[22d]">CPU_SR_Save</a>
 <LI><a href="#[22e]">CPU_SR_Restore</a>
 <LI><a href="#[3]">NMIException</a>
 <LI><a href="#[4]">HardFaultException</a>
 <LI><a href="#[5]">MemManageException</a>
 <LI><a href="#[6]">BusFaultException</a>
 <LI><a href="#[7]">UsageFaultException</a>
 <LI><a href="#[9]">DebugMonitor</a>
 <LI><a href="#[8]">SVCHandler</a>
</UL>
</UL>
<P>
<H3>
Mutually Recursive functions
</H3> <LI><a href="#[10b]">_Findx1</a>&nbsp;&nbsp;&nbsp;&rArr;&nbsp;&nbsp;&nbsp;<a href="#[10b]">_Findx1</a><BR>
 <LI><a href="#[10a]">_Findx0</a>&nbsp;&nbsp;&nbsp;&rArr;&nbsp;&nbsp;&nbsp;<a href="#[10a]">_Findx0</a><BR>
 <LI><a href="#[109]">_Findy1</a>&nbsp;&nbsp;&nbsp;&rArr;&nbsp;&nbsp;&nbsp;<a href="#[109]">_Findy1</a><BR>
 <LI><a href="#[3]">NMIException</a>&nbsp;&nbsp;&nbsp;&rArr;&nbsp;&nbsp;&nbsp;<a href="#[3]">NMIException</a><BR>
 <LI><a href="#[4]">HardFaultException</a>&nbsp;&nbsp;&nbsp;&rArr;&nbsp;&nbsp;&nbsp;<a href="#[4]">HardFaultException</a><BR>
 <LI><a href="#[5]">MemManageException</a>&nbsp;&nbsp;&nbsp;&rArr;&nbsp;&nbsp;&nbsp;<a href="#[5]">MemManageException</a><BR>
 <LI><a href="#[6]">BusFaultException</a>&nbsp;&nbsp;&nbsp;&rArr;&nbsp;&nbsp;&nbsp;<a href="#[6]">BusFaultException</a><BR>
 <LI><a href="#[7]">UsageFaultException</a>&nbsp;&nbsp;&nbsp;&rArr;&nbsp;&nbsp;&nbsp;<a href="#[7]">UsageFaultException</a><BR>
 <LI><a href="#[9]">DebugMonitor</a>&nbsp;&nbsp;&nbsp;&rArr;&nbsp;&nbsp;&nbsp;<a href="#[9]">DebugMonitor</a><BR>
 <LI><a href="#[8]">SVCHandler</a>&nbsp;&nbsp;&nbsp;&rArr;&nbsp;&nbsp;&nbsp;<a href="#[8]">SVCHandler</a><BR>
 <LI><a href="#[116]">_PaintTransChildren</a>&nbsp;&nbsp;&nbsp;&rArr;&nbsp;&nbsp;&nbsp;<a href="#[116]">_PaintTransChildren</a><BR>
</UL>
<P>
<H3>
Function Pointers
</H3><UL>
 <LI><a href="#[1e]">ADC_IRQHandler</a> from stm32f10x_it.o(i.ADC_IRQHandler) referenced from stm32f10x_startup.o(RESET)
 <LI><a href="#[41]">AppTaskUserIF</a> from app.o(i.AppTaskUserIF) referenced from app.o(i.App_TaskCreate)
 <LI><a href="#[44]">App_TaskStart</a> from app.o(i.App_TaskStart) referenced from app.o(i.main)
 <LI><a href="#[6]">BusFaultException</a> from stm32f10x_startup.o(RESET) referenced from stm32f10x_startup.o(RESET)
 <LI><a href="#[21]">CAN_RX1_IRQHandler</a> from stm32f10x_it.o(i.CAN_RX1_IRQHandler) referenced from stm32f10x_startup.o(RESET)
 <LI><a href="#[22]">CAN_SCE_IRQHandler</a> from stm32f10x_it.o(i.CAN_SCE_IRQHandler) referenced from stm32f10x_startup.o(RESET)
 <LI><a href="#[17]">DMAChannel1_IRQHandler</a> from stm32f10x_it.o(i.DMAChannel1_IRQHandler) referenced from stm32f10x_startup.o(RESET)
 <LI><a href="#[18]">DMAChannel2_IRQHandler</a> from stm32f10x_it.o(i.DMAChannel2_IRQHandler) referenced from stm32f10x_startup.o(RESET)
 <LI><a href="#[19]">DMAChannel3_IRQHandler</a> from stm32f10x_it.o(i.DMAChannel3_IRQHandler) referenced from stm32f10x_startup.o(RESET)
 <LI><a href="#[1a]">DMAChannel4_IRQHandler</a> from stm32f10x_it.o(i.DMAChannel4_IRQHandler) referenced from stm32f10x_startup.o(RESET)
 <LI><a href="#[1b]">DMAChannel5_IRQHandler</a> from stm32f10x_it.o(i.DMAChannel5_IRQHandler) referenced from stm32f10x_startup.o(RESET)
 <LI><a href="#[1c]">DMAChannel6_IRQHandler</a> from stm32f10x_it.o(i.DMAChannel6_IRQHandler) referenced from stm32f10x_startup.o(RESET)
 <LI><a href="#[1d]">DMAChannel7_IRQHandler</a> from stm32f10x_it.o(i.DMAChannel7_IRQHandler) referenced from stm32f10x_startup.o(RESET)
 <LI><a href="#[9]">DebugMonitor</a> from stm32f10x_startup.o(RESET) referenced from stm32f10x_startup.o(RESET)
 <LI><a href="#[12]">EXTI0_IRQHandler</a> from app.o(i.EXTI0_IRQHandler) referenced from stm32f10x_startup.o(RESET)
 <LI><a href="#[34]">EXTI15_10_IRQHandler</a> from stm32f10x_it.o(i.EXTI15_10_IRQHandler) referenced from stm32f10x_startup.o(RESET)
 <LI><a href="#[13]">EXTI1_IRQHandler</a> from stm32f10x_it.o(i.EXTI1_IRQHandler) referenced from stm32f10x_startup.o(RESET)
 <LI><a href="#[14]">EXTI2_IRQHandler</a> from stm32f10x_it.o(i.EXTI2_IRQHandler) referenced from stm32f10x_startup.o(RESET)
 <LI><a href="#[15]">EXTI3_IRQHandler</a> from stm32f10x_it.o(i.EXTI3_IRQHandler) referenced from stm32f10x_startup.o(RESET)
 <LI><a href="#[16]">EXTI4_IRQHandler</a> from stm32f10x_it.o(i.EXTI4_IRQHandler) referenced from stm32f10x_startup.o(RESET)
 <LI><a href="#[23]">EXTI9_5_IRQHandler</a> from stm32f10x_it.o(i.EXTI9_5_IRQHandler) referenced from stm32f10x_startup.o(RESET)
 <LI><a href="#[10]">FLASH_IRQHandler</a> from stm32f10x_it.o(i.FLASH_IRQHandler) referenced from stm32f10x_startup.o(RESET)
 <LI><a href="#[5b]">GUIMONO_DispChar</a> from guicharm.o(.text) referenced from f6x8.o(.constdata)
 <LI><a href="#[5c]">GUIMONO_GetCharDistX</a> from guicharm.o(.text) referenced from f6x8.o(.constdata)
 <LI><a href="#[5d]">GUIMONO_GetFontInfo</a> from guicharm.o(.text) referenced from f6x8.o(.constdata)
 <LI><a href="#[5e]">GUIMONO_IsInFont</a> from guicharm.o(.text) referenced from f6x8.o(.constdata)
 <LI><a href="#[47]">GUIPROP_DispChar</a> from guicharp.o(.text) referenced from f08_ascii.o(.constdata)
 <LI><a href="#[48]">GUIPROP_GetCharDistX</a> from guicharp.o(.text) referenced from f08_ascii.o(.constdata)
 <LI><a href="#[49]">GUIPROP_GetFontInfo</a> from guicharp.o(.text) referenced from f08_ascii.o(.constdata)
 <LI><a href="#[4a]">GUIPROP_IsInFont</a> from guicharp.o(.text) referenced from f08_ascii.o(.constdata)
 <LI><a href="#[5f]">GUI_MEMDEV__Color2Index</a> from guidev.o(.text) referenced from guidev_16.o(.constdata)
 <LI><a href="#[61]">GUI_MEMDEV__GetIndexMask</a> from guidev.o(.text) referenced from guidev_16.o(.constdata)
 <LI><a href="#[67]">GUI_MEMDEV__GetRect</a> from guidev.o(.text) referenced from guidev_16.o(.constdata)
 <LI><a href="#[60]">GUI_MEMDEV__Index2Color</a> from guidev.o(.text) referenced from guidev_16.o(.constdata)
 <LI><a href="#[6b]">GUI_USAGE_BM_AddHLine</a> from guidev_usagebm.o(.text) referenced from guidev_usagebm.o(.constdata)
 <LI><a href="#[6a]">GUI_USAGE_BM_AddPixel</a> from guidev_usagebm.o(.text) referenced from guidev_usagebm.o(.constdata)
 <LI><a href="#[6c]">GUI_USAGE_BM_Clear</a> from guidev_usagebm.o(.text) referenced from guidev_usagebm.o(.constdata)
 <LI><a href="#[6e]">GUI_USAGE_BM_GetNextDirty</a> from guidev_usagebm.o(.text) referenced from guidev_usagebm.o(.constdata)
 <LI><a href="#[4]">HardFaultException</a> from stm32f10x_startup.o(RESET) referenced from stm32f10x_startup.o(RESET)
 <LI><a href="#[2c]">I2C1_ER_IRQHandler</a> from stm32f10x_it.o(i.I2C1_ER_IRQHandler) referenced from stm32f10x_startup.o(RESET)
 <LI><a href="#[2b]">I2C1_EV_IRQHandler</a> from stm32f10x_it.o(i.I2C1_EV_IRQHandler) referenced from stm32f10x_startup.o(RESET)
 <LI><a href="#[2e]">I2C2_ER_IRQHandler</a> from stm32f10x_it.o(i.I2C2_ER_IRQHandler) referenced from stm32f10x_startup.o(RESET)
 <LI><a href="#[2d]">I2C2_EV_IRQHandler</a> from stm32f10x_it.o(i.I2C2_EV_IRQHandler) referenced from stm32f10x_startup.o(RESET)
 <LI><a href="#[45]">LCD_DrawHLine</a> from lcd.o(.text) referenced from guicore.o(.constdata)
 <LI><a href="#[46]">LCD_DrawPixel</a> from lcd.o(.text) referenced from guicore.o(.constdata)
 <LI><a href="#[4f]">LCD_L0_Color2Index</a> from lcd_l0_generic.o(.text) referenced from lcd_api.o(.constdata)
 <LI><a href="#[52]">LCD_L0_DrawBitmap</a> from ili9320_ucgui.o(i.LCD_L0_DrawBitmap) referenced from lcd_api.o(.constdata)
 <LI><a href="#[53]">LCD_L0_DrawHLine</a> from ili9320_ucgui.o(i.LCD_L0_DrawHLine) referenced from lcd_api.o(.constdata)
 <LI><a href="#[54]">LCD_L0_DrawVLine</a> from ili9320_ucgui.o(i.LCD_L0_DrawVLine) referenced from lcd_api.o(.constdata)
 <LI><a href="#[55]">LCD_L0_FillRect</a> from ili9320_ucgui.o(i.LCD_L0_FillRect) referenced from lcd_api.o(.constdata)
 <LI><a href="#[51]">LCD_L0_GetIndexMask</a> from lcd_l0_generic.o(.text) referenced from lcd_api.o(.constdata)
 <LI><a href="#[56]">LCD_L0_GetPixelIndex</a> from ili9320_ucgui.o(i.LCD_L0_GetPixelIndex) referenced from lcd_api.o(.constdata)
 <LI><a href="#[57]">LCD_L0_GetRect</a> from lcd_l0_generic.o(.text) referenced from lcd_api.o(.constdata)
 <LI><a href="#[50]">LCD_L0_Index2Color</a> from lcd_l0_generic.o(.text) referenced from lcd_api.o(.constdata)
 <LI><a href="#[5a]">LCD_L0_SetLUTEntry</a> from ili9320_ucgui.o(i.LCD_L0_SetLUTEntry) referenced from lcd_api.o(.constdata)
 <LI><a href="#[58]">LCD_L0_SetPixelIndex</a> from ili9320_ucgui.o(i.LCD_L0_SetPixelIndex) referenced from lcd_api.o(.constdata)
 <LI><a href="#[59]">LCD_L0_XorPixel</a> from ili9320_ucgui.o(i.LCD_L0_XorPixel) referenced from lcd_api.o(.constdata)
 <LI><a href="#[5]">MemManageException</a> from stm32f10x_startup.o(RESET) referenced from stm32f10x_startup.o(RESET)
 <LI><a href="#[3]">NMIException</a> from stm32f10x_startup.o(RESET) referenced from stm32f10x_startup.o(RESET)
 <LI><a href="#[39]">OSIntExit</a> from os_core.o(i.OSIntExit) referenced from os_cpu_a.o(.text)
 <LI><a href="#[a]">OSPendSV</a> from os_cpu_a.o(.text) referenced from stm32f10x_startup.o(RESET)
 <LI><a href="#[38]">OSTaskSwHook</a> from os_cpu_c.o(i.OSTaskSwHook) referenced from os_cpu_a.o(.text)
 <LI><a href="#[42]">OS_TaskIdle</a> from os_core.o(i.OS_TaskIdle) referenced from os_core.o(i.OS_InitTaskIdle)
 <LI><a href="#[43]">OS_TaskStat</a> from os_core.o(i.OS_TaskStat) referenced from os_core.o(i.OS_InitTaskStat)
 <LI><a href="#[d]">PVD_IRQHandler</a> from stm32f10x_it.o(i.PVD_IRQHandler) referenced from stm32f10x_startup.o(RESET)
 <LI><a href="#[11]">RCC_IRQHandler</a> from stm32f10x_it.o(i.RCC_IRQHandler) referenced from stm32f10x_startup.o(RESET)
 <LI><a href="#[35]">RTCAlarm_IRQHandler</a> from stm32f10x_it.o(i.RTCAlarm_IRQHandler) referenced from stm32f10x_startup.o(RESET)
 <LI><a href="#[f]">RTC_IRQHandler</a> from stm32f10x_it.o(i.RTC_IRQHandler) referenced from stm32f10x_startup.o(RESET)
 <LI><a href="#[2]">Reset_Handler</a> from stm32f10x_startup.o(RESET) referenced from stm32f10x_startup.o(RESET)
 <LI><a href="#[2f]">SPI1_IRQHandler</a> from stm32f10x_it.o(i.SPI1_IRQHandler) referenced from stm32f10x_startup.o(RESET)
 <LI><a href="#[30]">SPI2_IRQHandler</a> from stm32f10x_it.o(i.SPI2_IRQHandler) referenced from stm32f10x_startup.o(RESET)
 <LI><a href="#[8]">SVCHandler</a> from stm32f10x_startup.o(RESET) referenced from stm32f10x_startup.o(RESET)
 <LI><a href="#[b]">SysTickHandler</a> from stm32f10x_it.o(i.SysTickHandler) referenced from stm32f10x_startup.o(RESET)
 <LI><a href="#[e]">TAMPER_IRQHandler</a> from stm32f10x_it.o(i.TAMPER_IRQHandler) referenced from stm32f10x_startup.o(RESET)
 <LI><a href="#[24]">TIM1_BRK_IRQHandler</a> from stm32f10x_it.o(i.TIM1_BRK_IRQHandler) referenced from stm32f10x_startup.o(RESET)
 <LI><a href="#[27]">TIM1_CC_IRQHandler</a> from stm32f10x_it.o(i.TIM1_CC_IRQHandler) referenced from stm32f10x_startup.o(RESET)
 <LI><a href="#[26]">TIM1_TRG_COM_IRQHandler</a> from stm32f10x_it.o(i.TIM1_TRG_COM_IRQHandler) referenced from stm32f10x_startup.o(RESET)
 <LI><a href="#[25]">TIM1_UP_IRQHandler</a> from stm32f10x_it.o(i.TIM1_UP_IRQHandler) referenced from stm32f10x_startup.o(RESET)
 <LI><a href="#[28]">TIM2_IRQHandler</a> from stm32f10x_it.o(i.TIM2_IRQHandler) referenced from stm32f10x_startup.o(RESET)
 <LI><a href="#[29]">TIM3_IRQHandler</a> from stm32f10x_it.o(i.TIM3_IRQHandler) referenced from stm32f10x_startup.o(RESET)
 <LI><a href="#[2a]">TIM4_IRQHandler</a> from stm32f10x_it.o(i.TIM4_IRQHandler) referenced from stm32f10x_startup.o(RESET)
 <LI><a href="#[31]">USART1_IRQHandler</a> from app.o(i.USART1_IRQHandler) referenced from stm32f10x_startup.o(RESET)
 <LI><a href="#[32]">USART2_IRQHandler</a> from app.o(i.USART2_IRQHandler) referenced from stm32f10x_startup.o(RESET)
 <LI><a href="#[33]">USART3_IRQHandler</a> from app.o(i.USART3_IRQHandler) referenced from stm32f10x_startup.o(RESET)
 <LI><a href="#[36]">USBWakeUp_IRQHandler</a> from stm32f10x_it.o(i.USBWakeUp_IRQHandler) referenced from stm32f10x_startup.o(RESET)
 <LI><a href="#[1f]">USB_HP_CAN_TX_IRQHandler</a> from stm32f10x_it.o(i.USB_HP_CAN_TX_IRQHandler) referenced from stm32f10x_startup.o(RESET)
 <LI><a href="#[20]">USB_LP_CAN_RX0_IRQHandler</a> from stm32f10x_it.o(i.USB_LP_CAN_RX0_IRQHandler) referenced from stm32f10x_startup.o(RESET)
 <LI><a href="#[7]">UsageFaultException</a> from stm32f10x_startup.o(RESET) referenced from stm32f10x_startup.o(RESET)
 <LI><a href="#[c]">WWDG_IRQHandler</a> from stm32f10x_it.o(i.WWDG_IRQHandler) referenced from stm32f10x_startup.o(RESET)
 <LI><a href="#[4d]">_CalcSizeOfChar</a> from gui_uc_encodenone.o(.text) referenced from gui_uc_encodenone.o(.constdata)
 <LI><a href="#[62]">_DrawBitmap</a> from guidev_16.o(.text) referenced from guidev_16.o(.constdata)
 <LI><a href="#[63]">_DrawHLine</a> from guidev_16.o(.text) referenced from guidev_16.o(.constdata)
 <LI><a href="#[64]">_DrawVLine</a> from guidev_16.o(.text) referenced from guidev_16.o(.constdata)
 <LI><a href="#[4e]">_Encode</a> from gui_uc_encodenone.o(.text) referenced from gui_uc_encodenone.o(.constdata)
 <LI><a href="#[65]">_FillRect</a> from guidev_16.o(.text) referenced from guidev_16.o(.constdata)
 <LI><a href="#[6d]">_GUI_USAGE_BM_Delete</a> from guidev_usagebm.o(.text) referenced from guidev_usagebm.o(.constdata)
 <LI><a href="#[4b]">_GetCharCode</a> from gui_uc_encodenone.o(.text) referenced from gui_uc_encodenone.o(.constdata)
 <LI><a href="#[4c]">_GetCharSize</a> from gui_uc_encodenone.o(.text) referenced from gui_uc_encodenone.o(.constdata)
 <LI><a href="#[66]">_GetPixelIndex</a> from guidev_16.o(.text) referenced from guidev_16.o(.constdata)
 <LI><a href="#[68]">_SetPixelIndex</a> from guidev_16.o(.text) referenced from guidev_16.o(.constdata)
 <LI><a href="#[3a]">_TempHide</a> from guicurs.o(.text) referenced from guicurs.o(.text)
 <LI><a href="#[3b]">_TempUnhide</a> from guicurs.o(.text) referenced from guicurs.o(.text)
 <LI><a href="#[69]">_XorPixel</a> from guidev_16.o(.text) referenced from guidev_16.o(.constdata)
 <LI><a href="#[6f]">__main</a> from __main.o(!!!main) referenced from stm32f10x_startup.o(RESET)
 <LI><a href="#[3d]">_cbPaintMemDev</a> from wm.o(.text) referenced from wm.o(.text)
 <LI><a href="#[40]">_get_lc_ctype</a> from lc_ctype_c.o(locale$$code) referenced from rt_ctype_table.o(.text)
 <LI><a href="#[3f]">_printf_input_char</a> from _printf_char_common.o(.text) referenced from _printf_char_common.o(.text)
 <LI><a href="#[3e]">_sputc</a> from _sputc.o(.text) referenced from noretval__2sprintf.o(.text)
 <LI><a href="#[3c]">cbBackWin</a> from wm.o(.text) referenced from wm.o(.text)
</UL>
<P>
<H3>
Global Symbols
</H3>
<P><STRONG><a name="[2]"></a>Reset_Handler</STRONG> (Thumb, 0 bytes, Stack size unknown bytes, stm32f10x_startup.o(RESET))
<BR>[Address Reference Count : 1]<UL><LI> stm32f10x_startup.o(RESET)
</UL>
<P><STRONG><a name="[6f]"></a>__main</STRONG> (Thumb, 8 bytes, Stack size 0 bytes, __main.o(!!!main))
<BR><BR>[Calls]<UL><LI><a href="#[70]">&gt;&gt;</a>&nbsp;&nbsp;&nbsp;__scatterload
<LI><a href="#[71]">&gt;&gt;</a>&nbsp;&nbsp;&nbsp;__rt_entry
</UL>

<P><STRONG><a name="[70]"></a>__scatterload</STRONG> (Thumb, 0 bytes, Stack size unknown bytes, __scatter.o(!!!scatter))
<BR><BR>[Called By]<UL><LI><a href="#[6f]">&gt;&gt;</a>&nbsp;&nbsp;&nbsp;__main
</UL>

<P><STRONG><a name="[72]"></a>__scatterload_rt2</STRONG> (Thumb, 44 bytes, Stack size unknown bytes, __scatter.o(!!!scatter), UNUSED)
<BR><BR>[Calls]<UL><LI><a href="#[71]">&gt;&gt;</a>&nbsp;&nbsp;&nbsp;__rt_entry
</UL>

<P><STRONG><a name="[209]"></a>__scatterload_rt2_thumb_only</STRONG> (Thumb, 0 bytes, Stack size unknown bytes, __scatter.o(!!!scatter), UNUSED)

<P><STRONG><a name="[20a]"></a>__scatterload_null</STRONG> (Thumb, 0 bytes, Stack size unknown bytes, __scatter.o(!!!scatter), UNUSED)

<P><STRONG><a name="[20b]"></a>__decompress</STRONG> (Thumb, 90 bytes, Stack size unknown bytes, __dczerorl2.o(!!dczerorl2), UNUSED)

<P><STRONG><a name="[20c]"></a>__decompress1</STRONG> (Thumb, 0 bytes, Stack size unknown bytes, __dczerorl2.o(!!dczerorl2), UNUSED)

<P><STRONG><a name="[20d]"></a>__scatterload_zeroinit</STRONG> (Thumb, 28 bytes, Stack size unknown bytes, __scatter_zi.o(!!handler_zi), UNUSED)

<P><STRONG><a name="[73]"></a>_printf_d</STRONG> (Thumb, 0 bytes, Stack size unknown bytes, _printf_d.o(.ARM.Collect$$_printf_percent$$00000009))
<BR><BR>[Stack]<UL><LI>Max Depth = 56 + Unknown Stack Size
<LI>Call Chain = _printf_d &rArr; _printf_int_dec &rArr; _printf_int_common
</UL>
<BR>[Calls]<UL><LI><a href="#[74]">&gt;&gt;</a>&nbsp;&nbsp;&nbsp;_printf_int_dec
</UL>

<P><STRONG><a name="[15c]"></a>_printf_percent</STRONG> (Thumb, 0 bytes, Stack size unknown bytes, _printf_percent.o(.ARM.Collect$$_printf_percent$$00000000))
<BR><BR>[Called By]<UL><LI><a href="#[15b]">&gt;&gt;</a>&nbsp;&nbsp;&nbsp;__printf
</UL>

<P><STRONG><a name="[75]"></a>_printf_c</STRONG> (Thumb, 0 bytes, Stack size unknown bytes, _printf_c.o(.ARM.Collect$$_printf_percent$$00000013))
<BR><BR>[Stack]<UL><LI>Max Depth = 24 + Unknown Stack Size
<LI>Call Chain = _printf_c &rArr; _printf_char &rArr; _printf_cs_common &rArr; _printf_str
</UL>
<BR>[Calls]<UL><LI><a href="#[76]">&gt;&gt;</a>&nbsp;&nbsp;&nbsp;_printf_char
</UL>

<P><STRONG><a name="[20e]"></a>_printf_percent_end</STRONG> (Thumb, 0 bytes, Stack size unknown bytes, _printf_percent_end.o(.ARM.Collect$$_printf_percent$$00000017))

<P><STRONG><a name="[77]"></a>__rt_lib_init</STRONG> (Thumb, 0 bytes, Stack size unknown bytes, libinit.o(.ARM.Collect$$libinit$$00000000))
<BR><BR>[Stack]<UL><LI>Max Depth = 8 + Unknown Stack Size
<LI>Call Chain = __rt_lib_init &rArr; _fp_init
</UL>
<BR>[Calls]<UL><LI><a href="#[78]">&gt;&gt;</a>&nbsp;&nbsp;&nbsp;_fp_init
</UL>
<BR>[Called By]<UL><LI><a href="#[7e]">&gt;&gt;</a>&nbsp;&nbsp;&nbsp;__rt_entry_li
</UL>

<P><STRONG><a name="[20f]"></a>__rt_lib_init_heap_1</STRONG> (Thumb, 0 bytes, Stack size unknown bytes, libinit2.o(.ARM.Collect$$libinit$$00000006))

<P><STRONG><a name="[79]"></a>__rt_lib_init_lc_common</STRONG> (Thumb, 0 bytes, Stack size unknown bytes, libinit2.o(.ARM.Collect$$libinit$$0000000B))
<BR><BR>[Calls]<UL><LI><a href="#[7a]">&gt;&gt;</a>&nbsp;&nbsp;&nbsp;__rt_locale
</UL>

<P><STRONG><a name="[210]"></a>__rt_lib_init_rand_1</STRONG> (Thumb, 0 bytes, Stack size unknown bytes, libinit2.o(.ARM.Collect$$libinit$$0000000A))

<P><STRONG><a name="[211]"></a>__rt_lib_init_user_alloc_1</STRONG> (Thumb, 0 bytes, Stack size unknown bytes, libinit2.o(.ARM.Collect$$libinit$$00000008))

<P><STRONG><a name="[212]"></a>__rt_lib_init_lc_collate_1</STRONG> (Thumb, 0 bytes, Stack size unknown bytes, libinit2.o(.ARM.Collect$$libinit$$0000000D))

<P><STRONG><a name="[7b]"></a>__rt_lib_init_lc_ctype_2</STRONG> (Thumb, 0 bytes, Stack size unknown bytes, libinit2.o(.ARM.Collect$$libinit$$0000000E))
<BR><BR>[Stack]<UL><LI>Max Depth = 8 + Unknown Stack Size
<LI>Call Chain = __rt_lib_init_lc_ctype_2 &rArr; _get_lc_ctype
</UL>
<BR>[Calls]<UL><LI><a href="#[40]">&gt;&gt;</a>&nbsp;&nbsp;&nbsp;_get_lc_ctype
</UL>

<P><STRONG><a name="[213]"></a>__rt_lib_init_alloca_1</STRONG> (Thumb, 0 bytes, Stack size unknown bytes, libinit2.o(.ARM.Collect$$libinit$$0000002A))

<P><STRONG><a name="[214]"></a>__rt_lib_init_argv_1</STRONG> (Thumb, 0 bytes, Stack size unknown bytes, libinit2.o(.ARM.Collect$$libinit$$00000028))

<P><STRONG><a name="[215]"></a>__rt_lib_init_atexit_1</STRONG> (Thumb, 0 bytes, Stack size unknown bytes, libinit2.o(.ARM.Collect$$libinit$$00000017))

<P><STRONG><a name="[216]"></a>__rt_lib_init_clock_1</STRONG> (Thumb, 0 bytes, Stack size unknown bytes, libinit2.o(.ARM.Collect$$libinit$$0000001D))

<P><STRONG><a name="[217]"></a>__rt_lib_init_cpp_1</STRONG> (Thumb, 0 bytes, Stack size unknown bytes, libinit2.o(.ARM.Collect$$libinit$$0000002E))

<P><STRONG><a name="[218]"></a>__rt_lib_init_exceptions_1</STRONG> (Thumb, 0 bytes, Stack size unknown bytes, libinit2.o(.ARM.Collect$$libinit$$0000002C))

<P><STRONG><a name="[219]"></a>__rt_lib_init_fp_trap_1</STRONG> (Thumb, 0 bytes, Stack size unknown bytes, libinit2.o(.ARM.Collect$$libinit$$0000001B))

<P><STRONG><a name="[21a]"></a>__rt_lib_init_getenv_1</STRONG> (Thumb, 0 bytes, Stack size unknown bytes, libinit2.o(.ARM.Collect$$libinit$$0000001F))

<P><STRONG><a name="[21b]"></a>__rt_lib_init_lc_ctype_1</STRONG> (Thumb, 0 bytes, Stack size unknown bytes, libinit2.o(.ARM.Collect$$libinit$$0000000F))

<P><STRONG><a name="[21c]"></a>__rt_lib_init_lc_monetary_1</STRONG> (Thumb, 0 bytes, Stack size unknown bytes, libinit2.o(.ARM.Collect$$libinit$$00000011))

<P><STRONG><a name="[21d]"></a>__rt_lib_init_lc_numeric_1</STRONG> (Thumb, 0 bytes, Stack size unknown bytes, libinit2.o(.ARM.Collect$$libinit$$00000013))

<P><STRONG><a name="[21e]"></a>__rt_lib_init_lc_time_1</STRONG> (Thumb, 0 bytes, Stack size unknown bytes, libinit2.o(.ARM.Collect$$libinit$$00000015))

<P><STRONG><a name="[21f]"></a>__rt_lib_init_return</STRONG> (Thumb, 0 bytes, Stack size unknown bytes, libinit2.o(.ARM.Collect$$libinit$$0000002F))

<P><STRONG><a name="[220]"></a>__rt_lib_init_signal_1</STRONG> (Thumb, 0 bytes, Stack size unknown bytes, libinit2.o(.ARM.Collect$$libinit$$00000019))

<P><STRONG><a name="[221]"></a>__rt_lib_init_stdio_1</STRONG> (Thumb, 0 bytes, Stack size unknown bytes, libinit2.o(.ARM.Collect$$libinit$$00000021))

<P><STRONG><a name="[83]"></a>__rt_lib_shutdown</STRONG> (Thumb, 0 bytes, Stack size unknown bytes, libshutdown.o(.ARM.Collect$$libshutdown$$00000000))
<BR><BR>[Called By]<UL><LI><a href="#[82]">&gt;&gt;</a>&nbsp;&nbsp;&nbsp;__rt_exit_ls
</UL>

<P><STRONG><a name="[222]"></a>__rt_lib_shutdown_fp_trap_1</STRONG> (Thumb, 0 bytes, Stack size unknown bytes, libshutdown2.o(.ARM.Collect$$libshutdown$$00000006))

<P><STRONG><a name="[223]"></a>__rt_lib_shutdown_heap_1</STRONG> (Thumb, 0 bytes, Stack size unknown bytes, libshutdown2.o(.ARM.Collect$$libshutdown$$0000000E))

<P><STRONG><a name="[224]"></a>__rt_lib_shutdown_return</STRONG> (Thumb, 0 bytes, Stack size unknown bytes, libshutdown2.o(.ARM.Collect$$libshutdown$$0000000F))

<P><STRONG><a name="[225]"></a>__rt_lib_shutdown_signal_1</STRONG> (Thumb, 0 bytes, Stack size unknown bytes, libshutdown2.o(.ARM.Collect$$libshutdown$$00000009))

<P><STRONG><a name="[226]"></a>__rt_lib_shutdown_stdio_1</STRONG> (Thumb, 0 bytes, Stack size unknown bytes, libshutdown2.o(.ARM.Collect$$libshutdown$$00000003))

<P><STRONG><a name="[227]"></a>__rt_lib_shutdown_user_alloc_1</STRONG> (Thumb, 0 bytes, Stack size unknown bytes, libshutdown2.o(.ARM.Collect$$libshutdown$$0000000B))

<P><STRONG><a name="[71]"></a>__rt_entry</STRONG> (Thumb, 0 bytes, Stack size unknown bytes, rtentry.o(.ARM.Collect$$rtentry$$00000000))
<BR><BR>[Called By]<UL><LI><a href="#[6f]">&gt;&gt;</a>&nbsp;&nbsp;&nbsp;__main
<LI><a href="#[72]">&gt;&gt;</a>&nbsp;&nbsp;&nbsp;__scatterload_rt2
</UL>

<P><STRONG><a name="[228]"></a>__rt_entry_presh_1</STRONG> (Thumb, 0 bytes, Stack size unknown bytes, rtentry2.o(.ARM.Collect$$rtentry$$00000002))

<P><STRONG><a name="[7c]"></a>__rt_entry_sh</STRONG> (Thumb, 0 bytes, Stack size unknown bytes, rtentry4.o(.ARM.Collect$$rtentry$$00000004))
<BR><BR>[Stack]<UL><LI>Max Depth = 8 + Unknown Stack Size
<LI>Call Chain = __rt_entry_sh &rArr; __user_setup_stackheap
</UL>
<BR>[Calls]<UL><LI><a href="#[7d]">&gt;&gt;</a>&nbsp;&nbsp;&nbsp;__user_setup_stackheap
</UL>

<P><STRONG><a name="[7e]"></a>__rt_entry_li</STRONG> (Thumb, 0 bytes, Stack size unknown bytes, rtentry2.o(.ARM.Collect$$rtentry$$0000000A))
<BR><BR>[Stack]<UL><LI>Max Depth = 8 + Unknown Stack Size
<LI>Call Chain = __rt_entry_li &rArr; __rt_lib_init &rArr; _fp_init
</UL>
<BR>[Calls]<UL><LI><a href="#[77]">&gt;&gt;</a>&nbsp;&nbsp;&nbsp;__rt_lib_init
</UL>

<P><STRONG><a name="[229]"></a>__rt_entry_postsh_1</STRONG> (Thumb, 0 bytes, Stack size unknown bytes, rtentry2.o(.ARM.Collect$$rtentry$$00000009))

<P><STRONG><a name="[7f]"></a>__rt_entry_main</STRONG> (Thumb, 0 bytes, Stack size unknown bytes, rtentry2.o(.ARM.Collect$$rtentry$$0000000D))
<BR><BR>[Stack]<UL><LI>Max Depth = 168 + Unknown Stack Size
<LI>Call Chain = __rt_entry_main &rArr; main &rArr; OSInit &rArr; OS_InitTaskStat &rArr; OSTaskCreateExt &rArr; OS_TCBInit
</UL>
<BR>[Calls]<UL><LI><a href="#[80]">&gt;&gt;</a>&nbsp;&nbsp;&nbsp;main
<LI><a href="#[81]">&gt;&gt;</a>&nbsp;&nbsp;&nbsp;exit
</UL>

<P><STRONG><a name="[22a]"></a>__rt_entry_postli_1</STRONG> (Thumb, 0 bytes, Stack size unknown bytes, rtentry2.o(.ARM.Collect$$rtentry$$0000000C))

<P><STRONG><a name="[171]"></a>__rt_exit</STRONG> (Thumb, 0 bytes, Stack size unknown bytes, rtexit.o(.ARM.Collect$$rtexit$$00000000))
<BR><BR>[Called By]<UL><LI><a href="#[81]">&gt;&gt;</a>&nbsp;&nbsp;&nbsp;exit
</UL>

<P><STRONG><a name="[82]"></a>__rt_exit_ls</STRONG> (Thumb, 0 bytes, Stack size unknown bytes, rtexit2.o(.ARM.Collect$$rtexit$$00000003))
<BR><BR>[Calls]<UL><LI><a href="#[83]">&gt;&gt;</a>&nbsp;&nbsp;&nbsp;__rt_lib_shutdown
</UL>

<P><STRONG><a name="[22b]"></a>__rt_exit_prels_1</STRONG> (Thumb, 0 bytes, Stack size unknown bytes, rtexit2.o(.ARM.Collect$$rtexit$$00000002))

<P><STRONG><a name="[84]"></a>__rt_exit_exit</STRONG> (Thumb, 0 bytes, Stack size unknown bytes, rtexit2.o(.ARM.Collect$$rtexit$$00000004))
<BR><BR>[Calls]<UL><LI><a href="#[85]">&gt;&gt;</a>&nbsp;&nbsp;&nbsp;_sys_exit
</UL>

<P><STRONG><a name="[170]"></a>__user_initial_stackheap</STRONG> (Thumb, 0 bytes, Stack size unknown bytes, stm32f10x_startup.o(.text))
<BR><BR>[Called By]<UL><LI><a href="#[7d]">&gt;&gt;</a>&nbsp;&nbsp;&nbsp;__user_setup_stackheap
</UL>

<P><STRONG><a name="[1b4]"></a>OS_CPU_SR_Save</STRONG> (Thumb, 0 bytes, Stack size unknown bytes, os_cpu_a.o(.text))
<BR><BR>[Called By]<UL><LI><a href="#[1d2]">&gt;&gt;</a>&nbsp;&nbsp;&nbsp;OSTimeTick
<LI><a href="#[39]">&gt;&gt;</a>&nbsp;&nbsp;&nbsp;OSIntExit
<LI><a href="#[1d1]">&gt;&gt;</a>&nbsp;&nbsp;&nbsp;OSTimeSet
<LI><a href="#[1ca]">&gt;&gt;</a>&nbsp;&nbsp;&nbsp;OSTaskNameSet
<LI><a href="#[177]">&gt;&gt;</a>&nbsp;&nbsp;&nbsp;OSTaskCreateExt
<LI><a href="#[1c2]">&gt;&gt;</a>&nbsp;&nbsp;&nbsp;OSTaskCreate
<LI><a href="#[179]">&gt;&gt;</a>&nbsp;&nbsp;&nbsp;OSStatInit
<LI><a href="#[b]">&gt;&gt;</a>&nbsp;&nbsp;&nbsp;SysTickHandler
<LI><a href="#[19a]">&gt;&gt;</a>&nbsp;&nbsp;&nbsp;OSSemPost
<LI><a href="#[199]">&gt;&gt;</a>&nbsp;&nbsp;&nbsp;OSSemPend
<LI><a href="#[197]">&gt;&gt;</a>&nbsp;&nbsp;&nbsp;OSSemCreate
<LI><a href="#[198]">&gt;&gt;</a>&nbsp;&nbsp;&nbsp;OSMboxCreate
<LI><a href="#[1bf]">&gt;&gt;</a>&nbsp;&nbsp;&nbsp;OSTimeDly
<LI><a href="#[1cf]">&gt;&gt;</a>&nbsp;&nbsp;&nbsp;OSTaskStkChk
<LI><a href="#[43]">&gt;&gt;</a>&nbsp;&nbsp;&nbsp;OS_TaskStat
<LI><a href="#[42]">&gt;&gt;</a>&nbsp;&nbsp;&nbsp;OS_TaskIdle
<LI><a href="#[1c4]">&gt;&gt;</a>&nbsp;&nbsp;&nbsp;OS_TCBInit
<LI><a href="#[1ba]">&gt;&gt;</a>&nbsp;&nbsp;&nbsp;OS_Sched
</UL>

<P><STRONG><a name="[1b7]"></a>OS_CPU_SR_Restore</STRONG> (Thumb, 0 bytes, Stack size unknown bytes, os_cpu_a.o(.text))
<BR><BR>[Called By]<UL><LI><a href="#[1d2]">&gt;&gt;</a>&nbsp;&nbsp;&nbsp;OSTimeTick
<LI><a href="#[39]">&gt;&gt;</a>&nbsp;&nbsp;&nbsp;OSIntExit
<LI><a href="#[1d1]">&gt;&gt;</a>&nbsp;&nbsp;&nbsp;OSTimeSet
<LI><a href="#[1ca]">&gt;&gt;</a>&nbsp;&nbsp;&nbsp;OSTaskNameSet
<LI><a href="#[177]">&gt;&gt;</a>&nbsp;&nbsp;&nbsp;OSTaskCreateExt
<LI><a href="#[1c2]">&gt;&gt;</a>&nbsp;&nbsp;&nbsp;OSTaskCreate
<LI><a href="#[179]">&gt;&gt;</a>&nbsp;&nbsp;&nbsp;OSStatInit
<LI><a href="#[b]">&gt;&gt;</a>&nbsp;&nbsp;&nbsp;SysTickHandler
<LI><a href="#[19a]">&gt;&gt;</a>&nbsp;&nbsp;&nbsp;OSSemPost
<LI><a href="#[199]">&gt;&gt;</a>&nbsp;&nbsp;&nbsp;OSSemPend
<LI><a href="#[197]">&gt;&gt;</a>&nbsp;&nbsp;&nbsp;OSSemCreate
<LI><a href="#[198]">&gt;&gt;</a>&nbsp;&nbsp;&nbsp;OSMboxCreate
<LI><a href="#[1bf]">&gt;&gt;</a>&nbsp;&nbsp;&nbsp;OSTimeDly
<LI><a href="#[1cf]">&gt;&gt;</a>&nbsp;&nbsp;&nbsp;OSTaskStkChk
<LI><a href="#[43]">&gt;&gt;</a>&nbsp;&nbsp;&nbsp;OS_TaskStat
<LI><a href="#[42]">&gt;&gt;</a>&nbsp;&nbsp;&nbsp;OS_TaskIdle
<LI><a href="#[1c4]">&gt;&gt;</a>&nbsp;&nbsp;&nbsp;OS_TCBInit
<LI><a href="#[1ba]">&gt;&gt;</a>&nbsp;&nbsp;&nbsp;OS_Sched
</UL>

<P><STRONG><a name="[1be]"></a>OSStartHighRdy</STRONG> (Thumb, 0 bytes, Stack size unknown bytes, os_cpu_a.o(.text))
<BR><BR>[Called By]<UL><LI><a href="#[1bd]">&gt;&gt;</a>&nbsp;&nbsp;&nbsp;OSStart
</UL>

<P><STRONG><a name="[1d6]"></a>OSCtxSw</STRONG> (Thumb, 0 bytes, Stack size unknown bytes, os_cpu_a.o(.text))
<BR><BR>[Called By]<UL><LI><a href="#[1ba]">&gt;&gt;</a>&nbsp;&nbsp;&nbsp;OS_Sched
</UL>

<P><STRONG><a name="[1b6]"></a>OSIntCtxSw</STRONG> (Thumb, 0 bytes, Stack size unknown bytes, os_cpu_a.o(.text))
<BR><BR>[Called By]<UL><LI><a href="#[39]">&gt;&gt;</a>&nbsp;&nbsp;&nbsp;OSIntExit
</UL>

<P><STRONG><a name="[a]"></a>OSPendSV</STRONG> (Thumb, 0 bytes, Stack size unknown bytes, os_cpu_a.o(.text))
<BR>[Address Reference Count : 1]<UL><LI> stm32f10x_startup.o(RESET)
</UL>
<P><STRONG><a name="[205]"></a>CPU_IntDis</STRONG> (Thumb, 0 bytes, Stack size unknown bytes, cpu_a.o(.text))
<BR><BR>[Called By]<UL><LI><a href="#[80]">&gt;&gt;</a>&nbsp;&nbsp;&nbsp;main
</UL>

<P><STRONG><a name="[22c]"></a>CPU_IntEn</STRONG> (Thumb, 0 bytes, Stack size unknown bytes, cpu_a.o(.text), UNUSED)

<P><STRONG><a name="[22d]"></a>CPU_SR_Save</STRONG> (Thumb, 0 bytes, Stack size unknown bytes, cpu_a.o(.text), UNUSED)

<P><STRONG><a name="[22e]"></a>CPU_SR_Restore</STRONG> (Thumb, 0 bytes, Stack size unknown bytes, cpu_a.o(.text), UNUSED)

<P><STRONG><a name="[86]"></a>GUI_DispString</STRONG> (Thumb, 244 bytes, Stack size 40 bytes, gui_dispstring.o(.text))
<BR><BR>[Stack]<UL><LI>Max Depth = 208 + Unknown Stack Size
<LI>Call Chain = GUI_DispString &rArr; GUI__DispLine &rArr; WM__InitIVRSearch &rArr; WM__GetNextIVR &rArr; _FindNext_IVR &rArr; _Findx0 &rArr;  _Findx0 (Cycle)
</UL>
<BR>[Calls]<UL><LI><a href="#[8a]">&gt;&gt;</a>&nbsp;&nbsp;&nbsp;GUI__GetLineNumChars
<LI><a href="#[8b]">&gt;&gt;</a>&nbsp;&nbsp;&nbsp;GUI__GetLineDistX
<LI><a href="#[8c]">&gt;&gt;</a>&nbsp;&nbsp;&nbsp;GUI__DispLine
<LI><a href="#[8d]">&gt;&gt;</a>&nbsp;&nbsp;&nbsp;GUI_UC__NumChars2NumBytes
<LI><a href="#[89]">&gt;&gt;</a>&nbsp;&nbsp;&nbsp;GUI_GetYAdjust
<LI><a href="#[88]">&gt;&gt;</a>&nbsp;&nbsp;&nbsp;GUI_GetFontDistY
<LI><a href="#[8e]">&gt;&gt;</a>&nbsp;&nbsp;&nbsp;GUI_Unlock
<LI><a href="#[87]">&gt;&gt;</a>&nbsp;&nbsp;&nbsp;GUI_Lock
</UL>
<BR>[Called By]<UL><LI><a href="#[31]">&gt;&gt;</a>&nbsp;&nbsp;&nbsp;USART1_IRQHandler
<LI><a href="#[c1]">&gt;&gt;</a>&nbsp;&nbsp;&nbsp;GUI_DispDecSpace
<LI><a href="#[bf]">&gt;&gt;</a>&nbsp;&nbsp;&nbsp;GUI_DispDecMin
<LI><a href="#[bd]">&gt;&gt;</a>&nbsp;&nbsp;&nbsp;GUI_DispSDecShift
<LI><a href="#[bb]">&gt;&gt;</a>&nbsp;&nbsp;&nbsp;GUI_DispDecShift
<LI><a href="#[8f]">&gt;&gt;</a>&nbsp;&nbsp;&nbsp;GUI_DispStringAt
</UL>

<P><STRONG><a name="[8f]"></a>GUI_DispStringAt</STRONG> (Thumb, 32 bytes, Stack size 16 bytes, gui_dispstringat.o(.text), UNUSED)
<BR><BR>[Calls]<UL><LI><a href="#[86]">&gt;&gt;</a>&nbsp;&nbsp;&nbsp;GUI_DispString
<LI><a href="#[8e]">&gt;&gt;</a>&nbsp;&nbsp;&nbsp;GUI_Unlock
<LI><a href="#[87]">&gt;&gt;</a>&nbsp;&nbsp;&nbsp;GUI_Lock
</UL>
<BR>[Called By]<UL><LI><a href="#[c5]">&gt;&gt;</a>&nbsp;&nbsp;&nbsp;GUI_DispDecAt
</UL>

<P><STRONG><a name="[90]"></a>GUI_SetBkColor</STRONG> (Thumb, 22 bytes, Stack size 8 bytes, gui_setcolor.o(.text))
<BR><BR>[Stack]<UL><LI>Max Depth = 80 + Unknown Stack Size
<LI>Call Chain = GUI_SetBkColor &rArr; GUI_Lock &rArr; GUI_X_Lock &rArr; OSSemPend &rArr; OS_Sched
</UL>
<BR>[Calls]<UL><LI><a href="#[91]">&gt;&gt;</a>&nbsp;&nbsp;&nbsp;LCD_SetBkColor
<LI><a href="#[8e]">&gt;&gt;</a>&nbsp;&nbsp;&nbsp;GUI_Unlock
<LI><a href="#[87]">&gt;&gt;</a>&nbsp;&nbsp;&nbsp;GUI_Lock
</UL>
<BR>[Called By]<UL><LI><a href="#[175]">&gt;&gt;</a>&nbsp;&nbsp;&nbsp;dashboard
<LI><a href="#[113]">&gt;&gt;</a>&nbsp;&nbsp;&nbsp;GL_SetDefault
<LI><a href="#[3c]">&gt;&gt;</a>&nbsp;&nbsp;&nbsp;cbBackWin
</UL>

<P><STRONG><a name="[92]"></a>GUI_SetColor</STRONG> (Thumb, 22 bytes, Stack size 8 bytes, gui_setcolor.o(.text))
<BR><BR>[Stack]<UL><LI>Max Depth = 80 + Unknown Stack Size
<LI>Call Chain = GUI_SetColor &rArr; GUI_Lock &rArr; GUI_X_Lock &rArr; OSSemPend &rArr; OS_Sched
</UL>
<BR>[Calls]<UL><LI><a href="#[93]">&gt;&gt;</a>&nbsp;&nbsp;&nbsp;LCD_SetColor
<LI><a href="#[8e]">&gt;&gt;</a>&nbsp;&nbsp;&nbsp;GUI_Unlock
<LI><a href="#[87]">&gt;&gt;</a>&nbsp;&nbsp;&nbsp;GUI_Lock
</UL>
<BR>[Called By]<UL><LI><a href="#[175]">&gt;&gt;</a>&nbsp;&nbsp;&nbsp;dashboard
<LI><a href="#[47]">&gt;&gt;</a>&nbsp;&nbsp;&nbsp;GUIPROP_DispChar
<LI><a href="#[113]">&gt;&gt;</a>&nbsp;&nbsp;&nbsp;GL_SetDefault
</UL>

<P><STRONG><a name="[94]"></a>GUI_SetFont</STRONG> (Thumb, 24 bytes, Stack size 16 bytes, gui_setfont.o(.text))
<BR><BR>[Stack]<UL><LI>Max Depth = 88 + Unknown Stack Size
<LI>Call Chain = GUI_SetFont &rArr; GUI_Lock &rArr; GUI_X_Lock &rArr; OSSemPend &rArr; OS_Sched
</UL>
<BR>[Calls]<UL><LI><a href="#[8e]">&gt;&gt;</a>&nbsp;&nbsp;&nbsp;GUI_Unlock
<LI><a href="#[87]">&gt;&gt;</a>&nbsp;&nbsp;&nbsp;GUI_Lock
</UL>
<BR>[Called By]<UL><LI><a href="#[175]">&gt;&gt;</a>&nbsp;&nbsp;&nbsp;dashboard
<LI><a href="#[113]">&gt;&gt;</a>&nbsp;&nbsp;&nbsp;GL_SetDefault
</UL>

<P><STRONG><a name="[47]"></a>GUIPROP_DispChar</STRONG> (Thumb, 178 bytes, Stack size 56 bytes, guicharp.o(.text))
<BR><BR>[Stack]<UL><LI>Max Depth = 144 + Unknown Stack Size
<LI>Call Chain = GUIPROP_DispChar &rArr; LCD_DrawBitmap &rArr; LCD_FillRect
</UL>
<BR>[Calls]<UL><LI><a href="#[96]">&gt;&gt;</a>&nbsp;&nbsp;&nbsp;LCD_SetDrawMode
<LI><a href="#[9a]">&gt;&gt;</a>&nbsp;&nbsp;&nbsp;LCD_FillRect
<LI><a href="#[97]">&gt;&gt;</a>&nbsp;&nbsp;&nbsp;LCD_DrawBitmap
<LI><a href="#[98]">&gt;&gt;</a>&nbsp;&nbsp;&nbsp;GUI_GetColor
<LI><a href="#[99]">&gt;&gt;</a>&nbsp;&nbsp;&nbsp;GUI_GetBkColor
<LI><a href="#[95]">&gt;&gt;</a>&nbsp;&nbsp;&nbsp;GUIPROP_FindChar
<LI><a href="#[92]">&gt;&gt;</a>&nbsp;&nbsp;&nbsp;GUI_SetColor
</UL>
<BR>[Address Reference Count : 1]<UL><LI> f08_ascii.o(.constdata)
</UL>
<P><STRONG><a name="[48]"></a>GUIPROP_GetCharDistX</STRONG> (Thumb, 38 bytes, Stack size 16 bytes, guicharp.o(.text))
<BR><BR>[Stack]<UL><LI>Max Depth = 16<LI>Call Chain = GUIPROP_GetCharDistX
</UL>
<BR>[Calls]<UL><LI><a href="#[95]">&gt;&gt;</a>&nbsp;&nbsp;&nbsp;GUIPROP_FindChar
</UL>
<BR>[Address Reference Count : 1]<UL><LI> f08_ascii.o(.constdata)
</UL>
<P><STRONG><a name="[49]"></a>GUIPROP_GetFontInfo</STRONG> (Thumb, 6 bytes, Stack size 0 bytes, guicharp.o(.text))
<BR>[Address Reference Count : 1]<UL><LI> f08_ascii.o(.constdata)
</UL>
<P><STRONG><a name="[4a]"></a>GUIPROP_IsInFont</STRONG> (Thumb, 16 bytes, Stack size 8 bytes, guicharp.o(.text))
<BR><BR>[Stack]<UL><LI>Max Depth = 8<LI>Call Chain = GUIPROP_IsInFont
</UL>
<BR>[Calls]<UL><LI><a href="#[95]">&gt;&gt;</a>&nbsp;&nbsp;&nbsp;GUIPROP_FindChar
</UL>
<BR>[Address Reference Count : 1]<UL><LI> f08_ascii.o(.constdata)
</UL>
<P><STRONG><a name="[9b]"></a>GUI_ClearRect</STRONG> (Thumb, 96 bytes, Stack size 32 bytes, guicore.o(.text))
<BR><BR>[Stack]<UL><LI>Max Depth = 176 + Unknown Stack Size
<LI>Call Chain = GUI_ClearRect &rArr; WM__InitIVRSearch &rArr; WM__GetNextIVR &rArr; _FindNext_IVR &rArr; _Findx0 &rArr;  _Findx0 (Cycle)
</UL>
<BR>[Calls]<UL><LI><a href="#[96]">&gt;&gt;</a>&nbsp;&nbsp;&nbsp;LCD_SetDrawMode
<LI><a href="#[9a]">&gt;&gt;</a>&nbsp;&nbsp;&nbsp;LCD_FillRect
<LI><a href="#[9c]">&gt;&gt;</a>&nbsp;&nbsp;&nbsp;WM__InitIVRSearch
<LI><a href="#[9d]">&gt;&gt;</a>&nbsp;&nbsp;&nbsp;WM__GetNextIVR
<LI><a href="#[8e]">&gt;&gt;</a>&nbsp;&nbsp;&nbsp;GUI_Unlock
<LI><a href="#[87]">&gt;&gt;</a>&nbsp;&nbsp;&nbsp;GUI_Lock
</UL>
<BR>[Called By]<UL><LI><a href="#[9e]">&gt;&gt;</a>&nbsp;&nbsp;&nbsp;GUI_Clear
</UL>

<P><STRONG><a name="[9e]"></a>GUI_Clear</STRONG> (Thumb, 26 bytes, Stack size 8 bytes, guicore.o(.text))
<BR><BR>[Stack]<UL><LI>Max Depth = 184 + Unknown Stack Size
<LI>Call Chain = GUI_Clear &rArr; GUI_ClearRect &rArr; WM__InitIVRSearch &rArr; WM__GetNextIVR &rArr; _FindNext_IVR &rArr; _Findx0 &rArr;  _Findx0 (Cycle)
</UL>
<BR>[Calls]<UL><LI><a href="#[9f]">&gt;&gt;</a>&nbsp;&nbsp;&nbsp;GUI_GotoXY
<LI><a href="#[9b]">&gt;&gt;</a>&nbsp;&nbsp;&nbsp;GUI_ClearRect
</UL>
<BR>[Called By]<UL><LI><a href="#[175]">&gt;&gt;</a>&nbsp;&nbsp;&nbsp;dashboard
<LI><a href="#[3c]">&gt;&gt;</a>&nbsp;&nbsp;&nbsp;cbBackWin
</UL>

<P><STRONG><a name="[a0]"></a>GUI_Init</STRONG> (Thumb, 104 bytes, Stack size 16 bytes, guicore.o(.text))
<BR><BR>[Stack]<UL><LI>Max Depth = 264 + Unknown Stack Size
<LI>Call Chain = GUI_Init &rArr; WM_Init &rArr; WM_CreateWindow &rArr; WM_CreateWindowAsChild &rArr; WM_BringToBottom &rArr; WM__GetPrevSibling &rArr; WM__GetFirstSibling &rArr; WM_GetParent &rArr; GUI_Lock &rArr; GUI_X_Lock &rArr; OSSemPend &rArr; OS_Sched
</UL>
<BR>[Calls]<UL><LI><a href="#[a1]">&gt;&gt;</a>&nbsp;&nbsp;&nbsp;GUI_X_Init
<LI><a href="#[a5]">&gt;&gt;</a>&nbsp;&nbsp;&nbsp;WM_Init
<LI><a href="#[a2]">&gt;&gt;</a>&nbsp;&nbsp;&nbsp;WM_GetDesktopWindow
<LI><a href="#[57]">&gt;&gt;</a>&nbsp;&nbsp;&nbsp;LCD_L0_GetRect
<LI><a href="#[a4]">&gt;&gt;</a>&nbsp;&nbsp;&nbsp;LCD_Init
<LI><a href="#[a3]">&gt;&gt;</a>&nbsp;&nbsp;&nbsp;GUITASK_Init
<LI><a href="#[a6]">&gt;&gt;</a>&nbsp;&nbsp;&nbsp;GUITASK_CopyContext
<LI><a href="#[93]">&gt;&gt;</a>&nbsp;&nbsp;&nbsp;LCD_SetColor
<LI><a href="#[91]">&gt;&gt;</a>&nbsp;&nbsp;&nbsp;LCD_SetBkColor
</UL>
<BR>[Called By]<UL><LI><a href="#[41]">&gt;&gt;</a>&nbsp;&nbsp;&nbsp;AppTaskUserIF
</UL>

<P><STRONG><a name="[ab]"></a>GUI_CURSOR_Activate</STRONG> (Thumb, 34 bytes, Stack size 8 bytes, guicurs.o(.text), UNUSED)
<BR><BR>[Calls]<UL><LI><a href="#[aa]">&gt;&gt;</a>&nbsp;&nbsp;&nbsp;_Show
<LI><a href="#[8e]">&gt;&gt;</a>&nbsp;&nbsp;&nbsp;GUI_Unlock
<LI><a href="#[87]">&gt;&gt;</a>&nbsp;&nbsp;&nbsp;GUI_Lock
</UL>

<P><STRONG><a name="[ac]"></a>GUI_CURSOR_Deactivate</STRONG> (Thumb, 30 bytes, Stack size 8 bytes, guicurs.o(.text), UNUSED)
<BR><BR>[Calls]<UL><LI><a href="#[a9]">&gt;&gt;</a>&nbsp;&nbsp;&nbsp;_Hide
<LI><a href="#[8e]">&gt;&gt;</a>&nbsp;&nbsp;&nbsp;GUI_Unlock
<LI><a href="#[87]">&gt;&gt;</a>&nbsp;&nbsp;&nbsp;GUI_Lock
</UL>

<P><STRONG><a name="[ad]"></a>GUI_CURSOR_Select</STRONG> (Thumb, 128 bytes, Stack size 32 bytes, guicurs.o(.text), UNUSED)
<BR><BR>[Calls]<UL><LI><a href="#[ae]">&gt;&gt;</a>&nbsp;&nbsp;&nbsp;LCD_Color2Index
<LI><a href="#[af]">&gt;&gt;</a>&nbsp;&nbsp;&nbsp;GUI_ALLOC_Free
<LI><a href="#[b0]">&gt;&gt;</a>&nbsp;&nbsp;&nbsp;GUI_ALLOC_AllocZero
<LI><a href="#[aa]">&gt;&gt;</a>&nbsp;&nbsp;&nbsp;_Show
<LI><a href="#[a9]">&gt;&gt;</a>&nbsp;&nbsp;&nbsp;_Hide
<LI><a href="#[b1]">&gt;&gt;</a>&nbsp;&nbsp;&nbsp;_CalcRect
<LI><a href="#[8e]">&gt;&gt;</a>&nbsp;&nbsp;&nbsp;GUI_Unlock
<LI><a href="#[87]">&gt;&gt;</a>&nbsp;&nbsp;&nbsp;GUI_Lock
</UL>
<BR>[Called By]<UL><LI><a href="#[b3]">&gt;&gt;</a>&nbsp;&nbsp;&nbsp;GUI_CURSOR_Show
</UL>

<P><STRONG><a name="[b2]"></a>GUI_CURSOR_Hide</STRONG> (Thumb, 34 bytes, Stack size 8 bytes, guicurs.o(.text))
<BR><BR>[Stack]<UL><LI>Max Depth = 120 + Unknown Stack Size
<LI>Call Chain = GUI_CURSOR_Hide &rArr; _Hide &rArr; _Undraw &rArr; GUI_Lock &rArr; GUI_X_Lock &rArr; OSSemPend &rArr; OS_Sched
</UL>
<BR>[Calls]<UL><LI><a href="#[a9]">&gt;&gt;</a>&nbsp;&nbsp;&nbsp;_Hide
<LI><a href="#[8e]">&gt;&gt;</a>&nbsp;&nbsp;&nbsp;GUI_Unlock
<LI><a href="#[87]">&gt;&gt;</a>&nbsp;&nbsp;&nbsp;GUI_Lock
</UL>
<BR>[Called By]<UL><LI><a href="#[175]">&gt;&gt;</a>&nbsp;&nbsp;&nbsp;dashboard
</UL>

<P><STRONG><a name="[b3]"></a>GUI_CURSOR_Show</STRONG> (Thumb, 64 bytes, Stack size 8 bytes, guicurs.o(.text), UNUSED)
<BR><BR>[Calls]<UL><LI><a href="#[ad]">&gt;&gt;</a>&nbsp;&nbsp;&nbsp;GUI_CURSOR_Select
<LI><a href="#[aa]">&gt;&gt;</a>&nbsp;&nbsp;&nbsp;_Show
<LI><a href="#[a9]">&gt;&gt;</a>&nbsp;&nbsp;&nbsp;_Hide
<LI><a href="#[8e]">&gt;&gt;</a>&nbsp;&nbsp;&nbsp;GUI_Unlock
<LI><a href="#[87]">&gt;&gt;</a>&nbsp;&nbsp;&nbsp;GUI_Lock
</UL>

<P><STRONG><a name="[b4]"></a>GUI_CURSOR_SetPosition</STRONG> (Thumb, 480 bytes, Stack size 104 bytes, guicurs.o(.text), UNUSED)
<BR><BR>[Calls]<UL><LI><a href="#[b6]">&gt;&gt;</a>&nbsp;&nbsp;&nbsp;GUI_GetBitmapPixelIndex
<LI><a href="#[b5]">&gt;&gt;</a>&nbsp;&nbsp;&nbsp;GUI_ALLOC_h2p
<LI><a href="#[b8]">&gt;&gt;</a>&nbsp;&nbsp;&nbsp;_Log2Phys
<LI><a href="#[b1]">&gt;&gt;</a>&nbsp;&nbsp;&nbsp;_CalcRect
<LI><a href="#[a7]">&gt;&gt;</a>&nbsp;&nbsp;&nbsp;_GetPixelIndex
<LI><a href="#[b7]">&gt;&gt;</a>&nbsp;&nbsp;&nbsp;_SetPixelIndex
<LI><a href="#[8e]">&gt;&gt;</a>&nbsp;&nbsp;&nbsp;GUI_Unlock
<LI><a href="#[87]">&gt;&gt;</a>&nbsp;&nbsp;&nbsp;GUI_Lock
</UL>

<P><STRONG><a name="[bb]"></a>GUI_DispDecShift</STRONG> (Thumb, 20 bytes, Stack size 24 bytes, guival.o(.text))
<BR><BR>[Stack]<UL><LI>Max Depth = 232 + Unknown Stack Size
<LI>Call Chain = GUI_DispDecShift &rArr; GUI_DispString &rArr; GUI__DispLine &rArr; WM__InitIVRSearch &rArr; WM__GetNextIVR &rArr; _FindNext_IVR &rArr; _Findx0 &rArr;  _Findx0 (Cycle)
</UL>
<BR>[Calls]<UL><LI><a href="#[86]">&gt;&gt;</a>&nbsp;&nbsp;&nbsp;GUI_DispString
<LI><a href="#[bc]">&gt;&gt;</a>&nbsp;&nbsp;&nbsp;GUI_AddDecShift
</UL>
<BR>[Called By]<UL><LI><a href="#[c4]">&gt;&gt;</a>&nbsp;&nbsp;&nbsp;GUI_DispDec
</UL>

<P><STRONG><a name="[bd]"></a>GUI_DispSDecShift</STRONG> (Thumb, 36 bytes, Stack size 32 bytes, guival.o(.text), UNUSED)
<BR><BR>[Calls]<UL><LI><a href="#[86]">&gt;&gt;</a>&nbsp;&nbsp;&nbsp;GUI_DispString
<LI><a href="#[be]">&gt;&gt;</a>&nbsp;&nbsp;&nbsp;GUI_AddSign
<LI><a href="#[bc]">&gt;&gt;</a>&nbsp;&nbsp;&nbsp;GUI_AddDecShift
</UL>
<BR>[Called By]<UL><LI><a href="#[c3]">&gt;&gt;</a>&nbsp;&nbsp;&nbsp;GUI_DispSDec
</UL>

<P><STRONG><a name="[bf]"></a>GUI_DispDecMin</STRONG> (Thumb, 20 bytes, Stack size 24 bytes, guival.o(.text), UNUSED)
<BR><BR>[Calls]<UL><LI><a href="#[86]">&gt;&gt;</a>&nbsp;&nbsp;&nbsp;GUI_DispString
<LI><a href="#[c0]">&gt;&gt;</a>&nbsp;&nbsp;&nbsp;GUI_AddDecMin
</UL>

<P><STRONG><a name="[c1]"></a>GUI_DispDecSpace</STRONG> (Thumb, 72 bytes, Stack size 32 bytes, guival.o(.text), UNUSED)
<BR><BR>[Calls]<UL><LI><a href="#[86]">&gt;&gt;</a>&nbsp;&nbsp;&nbsp;GUI_DispString
<LI><a href="#[c2]">&gt;&gt;</a>&nbsp;&nbsp;&nbsp;GUI_Long2Len
<LI><a href="#[be]">&gt;&gt;</a>&nbsp;&nbsp;&nbsp;GUI_AddSign
<LI><a href="#[c0]">&gt;&gt;</a>&nbsp;&nbsp;&nbsp;GUI_AddDecMin
</UL>

<P><STRONG><a name="[c3]"></a>GUI_DispSDec</STRONG> (Thumb, 4 bytes, Stack size 0 bytes, guival.o(.text), UNUSED)
<BR><BR>[Calls]<UL><LI><a href="#[bd]">&gt;&gt;</a>&nbsp;&nbsp;&nbsp;GUI_DispSDecShift
</UL>

<P><STRONG><a name="[c4]"></a>GUI_DispDec</STRONG> (Thumb, 4 bytes, Stack size 0 bytes, guival.o(.text))
<BR><BR>[Stack]<UL><LI>Max Depth = 232 + Unknown Stack Size
<LI>Call Chain = GUI_DispDec &rArr; GUI_DispDecShift &rArr; GUI_DispString &rArr; GUI__DispLine &rArr; WM__InitIVRSearch &rArr; WM__GetNextIVR &rArr; _FindNext_IVR &rArr; _Findx0 &rArr;  _Findx0 (Cycle)
</UL>
<BR>[Calls]<UL><LI><a href="#[bb]">&gt;&gt;</a>&nbsp;&nbsp;&nbsp;GUI_DispDecShift
</UL>
<BR>[Called By]<UL><LI><a href="#[31]">&gt;&gt;</a>&nbsp;&nbsp;&nbsp;USART1_IRQHandler
</UL>

<P><STRONG><a name="[c5]"></a>GUI_DispDecAt</STRONG> (Thumb, 32 bytes, Stack size 32 bytes, guival.o(.text), UNUSED)
<BR><BR>[Calls]<UL><LI><a href="#[bc]">&gt;&gt;</a>&nbsp;&nbsp;&nbsp;GUI_AddDecShift
<LI><a href="#[8f]">&gt;&gt;</a>&nbsp;&nbsp;&nbsp;GUI_DispStringAt
</UL>

<P><STRONG><a name="[c0]"></a>GUI_AddDecMin</STRONG> (Thumb, 26 bytes, Stack size 16 bytes, gui_adddecmin.o(.text), UNUSED)
<BR><BR>[Calls]<UL><LI><a href="#[c2]">&gt;&gt;</a>&nbsp;&nbsp;&nbsp;GUI_Long2Len
<LI><a href="#[bc]">&gt;&gt;</a>&nbsp;&nbsp;&nbsp;GUI_AddDecShift
</UL>
<BR>[Called By]<UL><LI><a href="#[c1]">&gt;&gt;</a>&nbsp;&nbsp;&nbsp;GUI_DispDecSpace
<LI><a href="#[bf]">&gt;&gt;</a>&nbsp;&nbsp;&nbsp;GUI_DispDecMin
</UL>

<P><STRONG><a name="[c2]"></a>GUI_Long2Len</STRONG> (Thumb, 40 bytes, Stack size 8 bytes, gui_adddecshift.o(.text), UNUSED)
<BR><BR>[Called By]<UL><LI><a href="#[c0]">&gt;&gt;</a>&nbsp;&nbsp;&nbsp;GUI_AddDecMin
<LI><a href="#[c1]">&gt;&gt;</a>&nbsp;&nbsp;&nbsp;GUI_DispDecSpace
</UL>

<P><STRONG><a name="[be]"></a>GUI_AddSign</STRONG> (Thumb, 30 bytes, Stack size 8 bytes, gui_adddecshift.o(.text), UNUSED)
<BR><BR>[Called By]<UL><LI><a href="#[c1]">&gt;&gt;</a>&nbsp;&nbsp;&nbsp;GUI_DispDecSpace
<LI><a href="#[bd]">&gt;&gt;</a>&nbsp;&nbsp;&nbsp;GUI_DispSDecShift
</UL>

<P><STRONG><a name="[bc]"></a>GUI_AddDecShift</STRONG> (Thumb, 108 bytes, Stack size 20 bytes, gui_adddecshift.o(.text))
<BR><BR>[Stack]<UL><LI>Max Depth = 20<LI>Call Chain = GUI_AddDecShift
</UL>
<BR>[Called By]<UL><LI><a href="#[c0]">&gt;&gt;</a>&nbsp;&nbsp;&nbsp;GUI_AddDecMin
<LI><a href="#[bd]">&gt;&gt;</a>&nbsp;&nbsp;&nbsp;GUI_DispSDecShift
<LI><a href="#[bb]">&gt;&gt;</a>&nbsp;&nbsp;&nbsp;GUI_DispDecShift
<LI><a href="#[c5]">&gt;&gt;</a>&nbsp;&nbsp;&nbsp;GUI_DispDecAt
</UL>

<P><STRONG><a name="[b0]"></a>GUI_ALLOC_AllocZero</STRONG> (Thumb, 38 bytes, Stack size 16 bytes, gui_alloc_alloczero.o(.text))
<BR><BR>[Stack]<UL><LI>Max Depth = 96 + Unknown Stack Size
<LI>Call Chain = GUI_ALLOC_AllocZero &rArr; GUI_ALLOC_AllocNoInit &rArr; GUI_Lock &rArr; GUI_X_Lock &rArr; OSSemPend &rArr; OS_Sched
</UL>
<BR>[Calls]<UL><LI><a href="#[b5]">&gt;&gt;</a>&nbsp;&nbsp;&nbsp;GUI_ALLOC_h2p
<LI><a href="#[8e]">&gt;&gt;</a>&nbsp;&nbsp;&nbsp;GUI_Unlock
<LI><a href="#[87]">&gt;&gt;</a>&nbsp;&nbsp;&nbsp;GUI_Lock
<LI><a href="#[c7]">&gt;&gt;</a>&nbsp;&nbsp;&nbsp;GUI__memset
<LI><a href="#[c6]">&gt;&gt;</a>&nbsp;&nbsp;&nbsp;GUI_ALLOC_AllocNoInit
</UL>
<BR>[Called By]<UL><LI><a href="#[ad]">&gt;&gt;</a>&nbsp;&nbsp;&nbsp;GUI_CURSOR_Select
<LI><a href="#[10e]">&gt;&gt;</a>&nbsp;&nbsp;&nbsp;WM_CreateWindowAsChild
<LI><a href="#[14c]">&gt;&gt;</a>&nbsp;&nbsp;&nbsp;GUI_USAGE_BM_Create
<LI><a href="#[14b]">&gt;&gt;</a>&nbsp;&nbsp;&nbsp;GUI_MEMDEV__CreateFixed
</UL>

<P><STRONG><a name="[b6]"></a>GUI_GetBitmapPixelIndex</STRONG> (Thumb, 140 bytes, Stack size 0 bytes, gui_getbitmappixelindex.o(.text))
<BR><BR>[Called By]<UL><LI><a href="#[b4]">&gt;&gt;</a>&nbsp;&nbsp;&nbsp;GUI_CURSOR_SetPosition
<LI><a href="#[ba]">&gt;&gt;</a>&nbsp;&nbsp;&nbsp;_Draw
</UL>

<P><STRONG><a name="[c8]"></a>GUI_GetBkColorIndex</STRONG> (Thumb, 20 bytes, Stack size 8 bytes, gui_getcolor.o(.text), UNUSED)
<BR><BR>[Calls]<UL><LI><a href="#[8e]">&gt;&gt;</a>&nbsp;&nbsp;&nbsp;GUI_Unlock
<LI><a href="#[87]">&gt;&gt;</a>&nbsp;&nbsp;&nbsp;GUI_Lock
<LI><a href="#[c9]">&gt;&gt;</a>&nbsp;&nbsp;&nbsp;LCD_GetBkColorIndex
</UL>

<P><STRONG><a name="[99]"></a>GUI_GetBkColor</STRONG> (Thumb, 24 bytes, Stack size 8 bytes, gui_getcolor.o(.text))
<BR><BR>[Stack]<UL><LI>Max Depth = 80 + Unknown Stack Size
<LI>Call Chain = GUI_GetBkColor &rArr; GUI_Lock &rArr; GUI_X_Lock &rArr; OSSemPend &rArr; OS_Sched
</UL>
<BR>[Calls]<UL><LI><a href="#[8e]">&gt;&gt;</a>&nbsp;&nbsp;&nbsp;GUI_Unlock
<LI><a href="#[87]">&gt;&gt;</a>&nbsp;&nbsp;&nbsp;GUI_Lock
<LI><a href="#[ca]">&gt;&gt;</a>&nbsp;&nbsp;&nbsp;LCD_Index2Color
<LI><a href="#[c9]">&gt;&gt;</a>&nbsp;&nbsp;&nbsp;LCD_GetBkColorIndex
</UL>
<BR>[Called By]<UL><LI><a href="#[47]">&gt;&gt;</a>&nbsp;&nbsp;&nbsp;GUIPROP_DispChar
</UL>

<P><STRONG><a name="[cb]"></a>GUI_GetColorIndex</STRONG> (Thumb, 20 bytes, Stack size 8 bytes, gui_getcolor.o(.text), UNUSED)
<BR><BR>[Calls]<UL><LI><a href="#[8e]">&gt;&gt;</a>&nbsp;&nbsp;&nbsp;GUI_Unlock
<LI><a href="#[87]">&gt;&gt;</a>&nbsp;&nbsp;&nbsp;GUI_Lock
<LI><a href="#[cc]">&gt;&gt;</a>&nbsp;&nbsp;&nbsp;LCD_GetColorIndex
</UL>

<P><STRONG><a name="[98]"></a>GUI_GetColor</STRONG> (Thumb, 24 bytes, Stack size 8 bytes, gui_getcolor.o(.text))
<BR><BR>[Stack]<UL><LI>Max Depth = 80 + Unknown Stack Size
<LI>Call Chain = GUI_GetColor &rArr; GUI_Lock &rArr; GUI_X_Lock &rArr; OSSemPend &rArr; OS_Sched
</UL>
<BR>[Calls]<UL><LI><a href="#[8e]">&gt;&gt;</a>&nbsp;&nbsp;&nbsp;GUI_Unlock
<LI><a href="#[87]">&gt;&gt;</a>&nbsp;&nbsp;&nbsp;GUI_Lock
<LI><a href="#[ca]">&gt;&gt;</a>&nbsp;&nbsp;&nbsp;LCD_Index2Color
<LI><a href="#[cc]">&gt;&gt;</a>&nbsp;&nbsp;&nbsp;LCD_GetColorIndex
</UL>
<BR>[Called By]<UL><LI><a href="#[47]">&gt;&gt;</a>&nbsp;&nbsp;&nbsp;GUIPROP_DispChar
</UL>

<P><STRONG><a name="[cd]"></a>GUI_GotoY</STRONG> (Thumb, 22 bytes, Stack size 8 bytes, gui_goto.o(.text), UNUSED)
<BR><BR>[Calls]<UL><LI><a href="#[8e]">&gt;&gt;</a>&nbsp;&nbsp;&nbsp;GUI_Unlock
<LI><a href="#[87]">&gt;&gt;</a>&nbsp;&nbsp;&nbsp;GUI_Lock
</UL>

<P><STRONG><a name="[ce]"></a>GUI_GotoX</STRONG> (Thumb, 22 bytes, Stack size 8 bytes, gui_goto.o(.text), UNUSED)
<BR><BR>[Calls]<UL><LI><a href="#[8e]">&gt;&gt;</a>&nbsp;&nbsp;&nbsp;GUI_Unlock
<LI><a href="#[87]">&gt;&gt;</a>&nbsp;&nbsp;&nbsp;GUI_Lock
</UL>

<P><STRONG><a name="[9f]"></a>GUI_GotoXY</STRONG> (Thumb, 26 bytes, Stack size 16 bytes, gui_goto.o(.text))
<BR><BR>[Stack]<UL><LI>Max Depth = 88 + Unknown Stack Size
<LI>Call Chain = GUI_GotoXY &rArr; GUI_Lock &rArr; GUI_X_Lock &rArr; OSSemPend &rArr; OS_Sched
</UL>
<BR>[Calls]<UL><LI><a href="#[8e]">&gt;&gt;</a>&nbsp;&nbsp;&nbsp;GUI_Unlock
<LI><a href="#[87]">&gt;&gt;</a>&nbsp;&nbsp;&nbsp;GUI_Lock
</UL>
<BR>[Called By]<UL><LI><a href="#[9e]">&gt;&gt;</a>&nbsp;&nbsp;&nbsp;GUI_Clear
</UL>

<P><STRONG><a name="[a8]"></a>GUI_RectsIntersect</STRONG> (Thumb, 56 bytes, Stack size 0 bytes, gui_rectsintersect.o(.text))
<BR><BR>[Called By]<UL><LI><a href="#[3a]">&gt;&gt;</a>&nbsp;&nbsp;&nbsp;_TempHide
<LI><a href="#[116]">&gt;&gt;</a>&nbsp;&nbsp;&nbsp;_PaintTransChildren
<LI><a href="#[115]">&gt;&gt;</a>&nbsp;&nbsp;&nbsp;_Paint1Trans
<LI><a href="#[10b]">&gt;&gt;</a>&nbsp;&nbsp;&nbsp;_Findx1
<LI><a href="#[10a]">&gt;&gt;</a>&nbsp;&nbsp;&nbsp;_Findx0
<LI><a href="#[109]">&gt;&gt;</a>&nbsp;&nbsp;&nbsp;_Findy1
<LI><a href="#[e0]">&gt;&gt;</a>&nbsp;&nbsp;&nbsp;_DispLine
</UL>

<P><STRONG><a name="[cf]"></a>GUI_UC_GetCharSize</STRONG> (Thumb, 28 bytes, Stack size 8 bytes, gui_uc.o(.text), UNUSED)
<BR><BR>[Calls]<UL><LI><a href="#[8e]">&gt;&gt;</a>&nbsp;&nbsp;&nbsp;GUI_Unlock
<LI><a href="#[87]">&gt;&gt;</a>&nbsp;&nbsp;&nbsp;GUI_Lock
</UL>

<P><STRONG><a name="[d0]"></a>GUI_UC_GetCharCode</STRONG> (Thumb, 28 bytes, Stack size 8 bytes, gui_uc.o(.text), UNUSED)
<BR><BR>[Calls]<UL><LI><a href="#[8e]">&gt;&gt;</a>&nbsp;&nbsp;&nbsp;GUI_Unlock
<LI><a href="#[87]">&gt;&gt;</a>&nbsp;&nbsp;&nbsp;GUI_Lock
</UL>

<P><STRONG><a name="[d1]"></a>GUI_UC_Encode</STRONG> (Thumb, 32 bytes, Stack size 16 bytes, gui_uc.o(.text), UNUSED)
<BR><BR>[Calls]<UL><LI><a href="#[8e]">&gt;&gt;</a>&nbsp;&nbsp;&nbsp;GUI_Unlock
<LI><a href="#[87]">&gt;&gt;</a>&nbsp;&nbsp;&nbsp;GUI_Lock
</UL>

<P><STRONG><a name="[22f]"></a>GUI_UC__CalcSizeOfChar</STRONG> (Thumb, 8 bytes, Stack size 0 bytes, gui_uc.o(.text), UNUSED)

<P><STRONG><a name="[e1]"></a>GUI_UC__GetCharCodeInc</STRONG> (Thumb, 38 bytes, Stack size 24 bytes, gui_uc.o(.text))
<BR><BR>[Stack]<UL><LI>Max Depth = 24<LI>Call Chain = GUI_UC__GetCharCodeInc
</UL>
<BR>[Called By]<UL><LI><a href="#[8a]">&gt;&gt;</a>&nbsp;&nbsp;&nbsp;GUI__GetLineNumChars
<LI><a href="#[8b]">&gt;&gt;</a>&nbsp;&nbsp;&nbsp;GUI__GetLineDistX
<LI><a href="#[e0]">&gt;&gt;</a>&nbsp;&nbsp;&nbsp;_DispLine
</UL>

<P><STRONG><a name="[8d]"></a>GUI_UC__NumChars2NumBytes</STRONG> (Thumb, 34 bytes, Stack size 24 bytes, gui_uc.o(.text))
<BR><BR>[Stack]<UL><LI>Max Depth = 24<LI>Call Chain = GUI_UC__NumChars2NumBytes
</UL>
<BR>[Called By]<UL><LI><a href="#[86]">&gt;&gt;</a>&nbsp;&nbsp;&nbsp;GUI_DispString
</UL>

<P><STRONG><a name="[230]"></a>GUI_UC__NumBytes2NumChars</STRONG> (Thumb, 40 bytes, Stack size 24 bytes, gui_uc.o(.text), UNUSED)

<P><STRONG><a name="[d2]"></a>GUI_UC_SetEncodeNone</STRONG> (Thumb, 20 bytes, Stack size 8 bytes, gui_uc_encodenone.o(.text), UNUSED)
<BR><BR>[Calls]<UL><LI><a href="#[8e]">&gt;&gt;</a>&nbsp;&nbsp;&nbsp;GUI_Unlock
<LI><a href="#[87]">&gt;&gt;</a>&nbsp;&nbsp;&nbsp;GUI_Lock
</UL>

<P><STRONG><a name="[dc]"></a>GUI_ALLOC_Init</STRONG> (Thumb, 40 bytes, Stack size 0 bytes, guialloc.o(.text))
<BR><BR>[Called By]<UL><LI><a href="#[d6]">&gt;&gt;</a>&nbsp;&nbsp;&nbsp;_CheckInit
</UL>

<P><STRONG><a name="[c6]"></a>GUI_ALLOC_AllocNoInit</STRONG> (Thumb, 30 bytes, Stack size 8 bytes, guialloc.o(.text))
<BR><BR>[Stack]<UL><LI>Max Depth = 80 + Unknown Stack Size
<LI>Call Chain = GUI_ALLOC_AllocNoInit &rArr; GUI_Lock &rArr; GUI_X_Lock &rArr; OSSemPend &rArr; OS_Sched
</UL>
<BR>[Calls]<UL><LI><a href="#[8e]">&gt;&gt;</a>&nbsp;&nbsp;&nbsp;GUI_Unlock
<LI><a href="#[87]">&gt;&gt;</a>&nbsp;&nbsp;&nbsp;GUI_Lock
<LI><a href="#[d5]">&gt;&gt;</a>&nbsp;&nbsp;&nbsp;_Alloc
</UL>
<BR>[Called By]<UL><LI><a href="#[b0]">&gt;&gt;</a>&nbsp;&nbsp;&nbsp;GUI_ALLOC_AllocZero
<LI><a href="#[14b]">&gt;&gt;</a>&nbsp;&nbsp;&nbsp;GUI_MEMDEV__CreateFixed
</UL>

<P><STRONG><a name="[b5]"></a>GUI_ALLOC_h2p</STRONG> (Thumb, 20 bytes, Stack size 0 bytes, guialloc.o(.text))
<BR><BR>[Called By]<UL><LI><a href="#[b0]">&gt;&gt;</a>&nbsp;&nbsp;&nbsp;GUI_ALLOC_AllocZero
<LI><a href="#[b4]">&gt;&gt;</a>&nbsp;&nbsp;&nbsp;GUI_CURSOR_SetPosition
<LI><a href="#[ba]">&gt;&gt;</a>&nbsp;&nbsp;&nbsp;_Draw
<LI><a href="#[b9]">&gt;&gt;</a>&nbsp;&nbsp;&nbsp;_Undraw
<LI><a href="#[9c]">&gt;&gt;</a>&nbsp;&nbsp;&nbsp;WM__InitIVRSearch
<LI><a href="#[10f]">&gt;&gt;</a>&nbsp;&nbsp;&nbsp;WM_BringToBottom
<LI><a href="#[11e]">&gt;&gt;</a>&nbsp;&nbsp;&nbsp;WM_DefaultProc
<LI><a href="#[118]">&gt;&gt;</a>&nbsp;&nbsp;&nbsp;WM_Exec1
<LI><a href="#[117]">&gt;&gt;</a>&nbsp;&nbsp;&nbsp;WM__PaintWinAndOverlays
<LI><a href="#[10e]">&gt;&gt;</a>&nbsp;&nbsp;&nbsp;WM_CreateWindowAsChild
<LI><a href="#[10c]">&gt;&gt;</a>&nbsp;&nbsp;&nbsp;WM_InvalidateRect
<LI><a href="#[105]">&gt;&gt;</a>&nbsp;&nbsp;&nbsp;WM_DeleteWindow
<LI><a href="#[104]">&gt;&gt;</a>&nbsp;&nbsp;&nbsp;WM__IsWindow
<LI><a href="#[102]">&gt;&gt;</a>&nbsp;&nbsp;&nbsp;WM_SendMessage
<LI><a href="#[101]">&gt;&gt;</a>&nbsp;&nbsp;&nbsp;WM__RemoveFromLinList
<LI><a href="#[100]">&gt;&gt;</a>&nbsp;&nbsp;&nbsp;WM_SelectWindow
<LI><a href="#[ff]">&gt;&gt;</a>&nbsp;&nbsp;&nbsp;WM__DetachWindow
<LI><a href="#[fe]">&gt;&gt;</a>&nbsp;&nbsp;&nbsp;WM_InvalidateArea
<LI><a href="#[fd]">&gt;&gt;</a>&nbsp;&nbsp;&nbsp;WM__RemoveWindowFromList
<LI><a href="#[fc]">&gt;&gt;</a>&nbsp;&nbsp;&nbsp;WM__InsertWindowIntoList
<LI><a href="#[fb]">&gt;&gt;</a>&nbsp;&nbsp;&nbsp;WM__ActivateClipRect
<LI><a href="#[fa]">&gt;&gt;</a>&nbsp;&nbsp;&nbsp;WM__ClipAtParentBorders
<LI><a href="#[3d]">&gt;&gt;</a>&nbsp;&nbsp;&nbsp;_cbPaintMemDev
<LI><a href="#[116]">&gt;&gt;</a>&nbsp;&nbsp;&nbsp;_PaintTransChildren
<LI><a href="#[115]">&gt;&gt;</a>&nbsp;&nbsp;&nbsp;_Paint1Trans
<LI><a href="#[111]">&gt;&gt;</a>&nbsp;&nbsp;&nbsp;_FindNext_IVR
<LI><a href="#[10b]">&gt;&gt;</a>&nbsp;&nbsp;&nbsp;_Findx1
<LI><a href="#[10a]">&gt;&gt;</a>&nbsp;&nbsp;&nbsp;_Findx0
<LI><a href="#[109]">&gt;&gt;</a>&nbsp;&nbsp;&nbsp;_Findy1
<LI><a href="#[107]">&gt;&gt;</a>&nbsp;&nbsp;&nbsp;_DeleteAllChildren
<LI><a href="#[f7]">&gt;&gt;</a>&nbsp;&nbsp;&nbsp;_SetClipRectUserIntersect
<LI><a href="#[f1]">&gt;&gt;</a>&nbsp;&nbsp;&nbsp;_Invalidate1Abs
<LI><a href="#[154]">&gt;&gt;</a>&nbsp;&nbsp;&nbsp;WM__SendMessage
<LI><a href="#[153]">&gt;&gt;</a>&nbsp;&nbsp;&nbsp;WM__GetFirstSibling
<LI><a href="#[152]">&gt;&gt;</a>&nbsp;&nbsp;&nbsp;GUI_USAGE_Select
<LI><a href="#[14a]">&gt;&gt;</a>&nbsp;&nbsp;&nbsp;GUI_USAGE_DecUseCnt
<LI><a href="#[14c]">&gt;&gt;</a>&nbsp;&nbsp;&nbsp;GUI_USAGE_BM_Create
<LI><a href="#[150]">&gt;&gt;</a>&nbsp;&nbsp;&nbsp;GUI_MEMDEV_CopyToLCDAt
<LI><a href="#[14f]">&gt;&gt;</a>&nbsp;&nbsp;&nbsp;GUI_MEMDEV__WriteToActiveAt
<LI><a href="#[14b]">&gt;&gt;</a>&nbsp;&nbsp;&nbsp;GUI_MEMDEV__CreateFixed
<LI><a href="#[144]">&gt;&gt;</a>&nbsp;&nbsp;&nbsp;WM__GetPrevSibling
<LI><a href="#[145]">&gt;&gt;</a>&nbsp;&nbsp;&nbsp;WM_GetParent
<LI><a href="#[140]">&gt;&gt;</a>&nbsp;&nbsp;&nbsp;GUI_MEMDEV_SetOrg
<LI><a href="#[13e]">&gt;&gt;</a>&nbsp;&nbsp;&nbsp;GUI_MEMDEV_Select
<LI><a href="#[13f]">&gt;&gt;</a>&nbsp;&nbsp;&nbsp;GUI_MEMDEV_ReduceYSize
<LI><a href="#[13d]">&gt;&gt;</a>&nbsp;&nbsp;&nbsp;GUI_MEMDEV_GetYSize
<LI><a href="#[143]">&gt;&gt;</a>&nbsp;&nbsp;&nbsp;GUI_MEMDEV_Delete
<LI><a href="#[13c]">&gt;&gt;</a>&nbsp;&nbsp;&nbsp;GUI_MEMDEV_CreateEx
<LI><a href="#[141]">&gt;&gt;</a>&nbsp;&nbsp;&nbsp;GUI_MEMDEV_Clear
<LI><a href="#[60]">&gt;&gt;</a>&nbsp;&nbsp;&nbsp;GUI_MEMDEV__Index2Color
<LI><a href="#[67]">&gt;&gt;</a>&nbsp;&nbsp;&nbsp;GUI_MEMDEV__GetRect
<LI><a href="#[61]">&gt;&gt;</a>&nbsp;&nbsp;&nbsp;GUI_MEMDEV__GetIndexMask
<LI><a href="#[5f]">&gt;&gt;</a>&nbsp;&nbsp;&nbsp;GUI_MEMDEV__Color2Index
<LI><a href="#[133]">&gt;&gt;</a>&nbsp;&nbsp;&nbsp;_XY2PTR
<LI><a href="#[69]">&gt;&gt;</a>&nbsp;&nbsp;&nbsp;_XorPixel
<LI><a href="#[68]">&gt;&gt;</a>&nbsp;&nbsp;&nbsp;_SetPixelIndex
<LI><a href="#[64]">&gt;&gt;</a>&nbsp;&nbsp;&nbsp;_DrawVLine
<LI><a href="#[65]">&gt;&gt;</a>&nbsp;&nbsp;&nbsp;_FillRect
<LI><a href="#[62]">&gt;&gt;</a>&nbsp;&nbsp;&nbsp;_DrawBitmap
</UL>

<P><STRONG><a name="[d8]"></a>GUI_ALLOC_GetNumFreeBytes</STRONG> (Thumb, 14 bytes, Stack size 8 bytes, guialloc.o(.text), UNUSED)
<BR><BR>[Calls]<UL><LI><a href="#[d6]">&gt;&gt;</a>&nbsp;&nbsp;&nbsp;_CheckInit
</UL>

<P><STRONG><a name="[d9]"></a>GUI_ALLOC_GetMaxSize</STRONG> (Thumb, 98 bytes, Stack size 16 bytes, guialloc.o(.text), UNUSED)
<BR><BR>[Calls]<UL><LI><a href="#[8e]">&gt;&gt;</a>&nbsp;&nbsp;&nbsp;GUI_Unlock
<LI><a href="#[87]">&gt;&gt;</a>&nbsp;&nbsp;&nbsp;GUI_Lock
<LI><a href="#[d6]">&gt;&gt;</a>&nbsp;&nbsp;&nbsp;_CheckInit
</UL>
<BR>[Called By]<UL><LI><a href="#[14b]">&gt;&gt;</a>&nbsp;&nbsp;&nbsp;GUI_MEMDEV__CreateFixed
</UL>

<P><STRONG><a name="[231]"></a>GUI_ALLOC_GetSize</STRONG> (Thumb, 20 bytes, Stack size 0 bytes, guialloc.o(.text), UNUSED)

<P><STRONG><a name="[af]"></a>GUI_ALLOC_Free</STRONG> (Thumb, 26 bytes, Stack size 8 bytes, guialloc.o(.text))
<BR><BR>[Stack]<UL><LI>Max Depth = 80 + Unknown Stack Size
<LI>Call Chain = GUI_ALLOC_Free &rArr; GUI_Lock &rArr; GUI_X_Lock &rArr; OSSemPend &rArr; OS_Sched
</UL>
<BR>[Calls]<UL><LI><a href="#[8e]">&gt;&gt;</a>&nbsp;&nbsp;&nbsp;GUI_Unlock
<LI><a href="#[87]">&gt;&gt;</a>&nbsp;&nbsp;&nbsp;GUI_Lock
<LI><a href="#[da]">&gt;&gt;</a>&nbsp;&nbsp;&nbsp;_Free
</UL>
<BR>[Called By]<UL><LI><a href="#[ad]">&gt;&gt;</a>&nbsp;&nbsp;&nbsp;GUI_CURSOR_Select
<LI><a href="#[105]">&gt;&gt;</a>&nbsp;&nbsp;&nbsp;WM_DeleteWindow
<LI><a href="#[db]">&gt;&gt;</a>&nbsp;&nbsp;&nbsp;GUI_ALLOC_FreePtr
<LI><a href="#[6d]">&gt;&gt;</a>&nbsp;&nbsp;&nbsp;_GUI_USAGE_BM_Delete
<LI><a href="#[14a]">&gt;&gt;</a>&nbsp;&nbsp;&nbsp;GUI_USAGE_DecUseCnt
<LI><a href="#[14b]">&gt;&gt;</a>&nbsp;&nbsp;&nbsp;GUI_MEMDEV__CreateFixed
<LI><a href="#[143]">&gt;&gt;</a>&nbsp;&nbsp;&nbsp;GUI_MEMDEV_Delete
</UL>

<P><STRONG><a name="[db]"></a>GUI_ALLOC_FreePtr</STRONG> (Thumb, 28 bytes, Stack size 8 bytes, guialloc.o(.text), UNUSED)
<BR><BR>[Calls]<UL><LI><a href="#[af]">&gt;&gt;</a>&nbsp;&nbsp;&nbsp;GUI_ALLOC_Free
<LI><a href="#[8e]">&gt;&gt;</a>&nbsp;&nbsp;&nbsp;GUI_Unlock
<LI><a href="#[87]">&gt;&gt;</a>&nbsp;&nbsp;&nbsp;GUI_Lock
</UL>

<P><STRONG><a name="[88]"></a>GUI_GetFontDistY</STRONG> (Thumb, 20 bytes, Stack size 8 bytes, guichar.o(.text))
<BR><BR>[Stack]<UL><LI>Max Depth = 80 + Unknown Stack Size
<LI>Call Chain = GUI_GetFontDistY &rArr; GUI_Lock &rArr; GUI_X_Lock &rArr; OSSemPend &rArr; OS_Sched
</UL>
<BR>[Calls]<UL><LI><a href="#[8e]">&gt;&gt;</a>&nbsp;&nbsp;&nbsp;GUI_Unlock
<LI><a href="#[87]">&gt;&gt;</a>&nbsp;&nbsp;&nbsp;GUI_Lock
</UL>
<BR>[Called By]<UL><LI><a href="#[86]">&gt;&gt;</a>&nbsp;&nbsp;&nbsp;GUI_DispString
<LI><a href="#[dd]">&gt;&gt;</a>&nbsp;&nbsp;&nbsp;GUI_DispNextLine
</UL>

<P><STRONG><a name="[dd]"></a>GUI_DispNextLine</STRONG> (Thumb, 30 bytes, Stack size 8 bytes, guichar.o(.text), UNUSED)
<BR><BR>[Calls]<UL><LI><a href="#[88]">&gt;&gt;</a>&nbsp;&nbsp;&nbsp;GUI_GetFontDistY
<LI><a href="#[8e]">&gt;&gt;</a>&nbsp;&nbsp;&nbsp;GUI_Unlock
<LI><a href="#[87]">&gt;&gt;</a>&nbsp;&nbsp;&nbsp;GUI_Lock
</UL>
<BR>[Called By]<UL><LI><a href="#[de]">&gt;&gt;</a>&nbsp;&nbsp;&nbsp;GL_DispChar
</UL>

<P><STRONG><a name="[de]"></a>GL_DispChar</STRONG> (Thumb, 52 bytes, Stack size 8 bytes, guichar.o(.text), UNUSED)
<BR><BR>[Calls]<UL><LI><a href="#[8e]">&gt;&gt;</a>&nbsp;&nbsp;&nbsp;GUI_Unlock
<LI><a href="#[87]">&gt;&gt;</a>&nbsp;&nbsp;&nbsp;GUI_Lock
<LI><a href="#[dd]">&gt;&gt;</a>&nbsp;&nbsp;&nbsp;GUI_DispNextLine
</UL>

<P><STRONG><a name="[89]"></a>GUI_GetYAdjust</STRONG> (Thumb, 52 bytes, Stack size 8 bytes, guichar.o(.text))
<BR><BR>[Stack]<UL><LI>Max Depth = 80 + Unknown Stack Size
<LI>Call Chain = GUI_GetYAdjust &rArr; GUI_Lock &rArr; GUI_X_Lock &rArr; OSSemPend &rArr; OS_Sched
</UL>
<BR>[Calls]<UL><LI><a href="#[8e]">&gt;&gt;</a>&nbsp;&nbsp;&nbsp;GUI_Unlock
<LI><a href="#[87]">&gt;&gt;</a>&nbsp;&nbsp;&nbsp;GUI_Lock
</UL>
<BR>[Called By]<UL><LI><a href="#[86]">&gt;&gt;</a>&nbsp;&nbsp;&nbsp;GUI_DispString
</UL>

<P><STRONG><a name="[df]"></a>GUI_GetCharDistX</STRONG> (Thumb, 28 bytes, Stack size 8 bytes, guichar.o(.text))
<BR><BR>[Stack]<UL><LI>Max Depth = 80 + Unknown Stack Size
<LI>Call Chain = GUI_GetCharDistX &rArr; GUI_Lock &rArr; GUI_X_Lock &rArr; OSSemPend &rArr; OS_Sched
</UL>
<BR>[Calls]<UL><LI><a href="#[8e]">&gt;&gt;</a>&nbsp;&nbsp;&nbsp;GUI_Unlock
<LI><a href="#[87]">&gt;&gt;</a>&nbsp;&nbsp;&nbsp;GUI_Lock
</UL>
<BR>[Called By]<UL><LI><a href="#[8b]">&gt;&gt;</a>&nbsp;&nbsp;&nbsp;GUI__GetLineDistX
</UL>

<P><STRONG><a name="[8a]"></a>GUI__GetLineNumChars</STRONG> (Thumb, 48 bytes, Stack size 24 bytes, guicharline.o(.text))
<BR><BR>[Stack]<UL><LI>Max Depth = 48<LI>Call Chain = GUI__GetLineNumChars &rArr; GUI_UC__GetCharCodeInc
</UL>
<BR>[Calls]<UL><LI><a href="#[e1]">&gt;&gt;</a>&nbsp;&nbsp;&nbsp;GUI_UC__GetCharCodeInc
</UL>
<BR>[Called By]<UL><LI><a href="#[86]">&gt;&gt;</a>&nbsp;&nbsp;&nbsp;GUI_DispString
</UL>

<P><STRONG><a name="[8b]"></a>GUI__GetLineDistX</STRONG> (Thumb, 46 bytes, Stack size 24 bytes, guicharline.o(.text))
<BR><BR>[Stack]<UL><LI>Max Depth = 104 + Unknown Stack Size
<LI>Call Chain = GUI__GetLineDistX &rArr; GUI_GetCharDistX &rArr; GUI_Lock &rArr; GUI_X_Lock &rArr; OSSemPend &rArr; OS_Sched
</UL>
<BR>[Calls]<UL><LI><a href="#[df]">&gt;&gt;</a>&nbsp;&nbsp;&nbsp;GUI_GetCharDistX
<LI><a href="#[e1]">&gt;&gt;</a>&nbsp;&nbsp;&nbsp;GUI_UC__GetCharCodeInc
</UL>
<BR>[Called By]<UL><LI><a href="#[86]">&gt;&gt;</a>&nbsp;&nbsp;&nbsp;GUI_DispString
</UL>

<P><STRONG><a name="[8c]"></a>GUI__DispLine</STRONG> (Thumb, 150 bytes, Stack size 24 bytes, guicharline.o(.text))
<BR><BR>[Stack]<UL><LI>Max Depth = 168<LI>Call Chain = GUI__DispLine &rArr; WM__InitIVRSearch &rArr; WM__GetNextIVR &rArr; _FindNext_IVR &rArr; _Findx0 &rArr;  _Findx0 (Cycle)
</UL>
<BR>[Calls]<UL><LI><a href="#[9c]">&gt;&gt;</a>&nbsp;&nbsp;&nbsp;WM__InitIVRSearch
<LI><a href="#[9d]">&gt;&gt;</a>&nbsp;&nbsp;&nbsp;WM__GetNextIVR
<LI><a href="#[e0]">&gt;&gt;</a>&nbsp;&nbsp;&nbsp;_DispLine
</UL>
<BR>[Called By]<UL><LI><a href="#[86]">&gt;&gt;</a>&nbsp;&nbsp;&nbsp;GUI_DispString
</UL>

<P><STRONG><a name="[5b]"></a>GUIMONO_DispChar</STRONG> (Thumb, 284 bytes, Stack size 80 bytes, guicharm.o(.text))
<BR><BR>[Stack]<UL><LI>Max Depth = 168<LI>Call Chain = GUIMONO_DispChar &rArr; LCD_DrawBitmap &rArr; LCD_FillRect
</UL>
<BR>[Calls]<UL><LI><a href="#[96]">&gt;&gt;</a>&nbsp;&nbsp;&nbsp;LCD_SetDrawMode
<LI><a href="#[9a]">&gt;&gt;</a>&nbsp;&nbsp;&nbsp;LCD_FillRect
<LI><a href="#[97]">&gt;&gt;</a>&nbsp;&nbsp;&nbsp;LCD_DrawBitmap
</UL>
<BR>[Address Reference Count : 1]<UL><LI> f6x8.o(.constdata)
</UL>
<P><STRONG><a name="[5c]"></a>GUIMONO_GetCharDistX</STRONG> (Thumb, 10 bytes, Stack size 0 bytes, guicharm.o(.text))
<BR>[Address Reference Count : 1]<UL><LI> f6x8.o(.constdata)
</UL>
<P><STRONG><a name="[5d]"></a>GUIMONO_GetFontInfo</STRONG> (Thumb, 6 bytes, Stack size 0 bytes, guicharm.o(.text))
<BR>[Address Reference Count : 1]<UL><LI> f6x8.o(.constdata)
</UL>
<P><STRONG><a name="[5e]"></a>GUIMONO_IsInFont</STRONG> (Thumb, 38 bytes, Stack size 0 bytes, guicharm.o(.text))
<BR>[Address Reference Count : 1]<UL><LI> f6x8.o(.constdata)
</UL>
<P><STRONG><a name="[8e]"></a>GUI_Unlock</STRONG> (Thumb, 16 bytes, Stack size 0 bytes, guitask.o(.text))
<BR><BR>[Stack]<UL><LI>Max Depth = 40 + Unknown Stack Size
<LI>Call Chain = GUI_Unlock &rArr; GUI_X_Unlock &rArr; OSSemPost &rArr; OS_EventTaskRdy
</UL>
<BR>[Calls]<UL><LI><a href="#[e2]">&gt;&gt;</a>&nbsp;&nbsp;&nbsp;GUI_X_Unlock
</UL>
<BR>[Called By]<UL><LI><a href="#[86]">&gt;&gt;</a>&nbsp;&nbsp;&nbsp;GUI_DispString
<LI><a href="#[df]">&gt;&gt;</a>&nbsp;&nbsp;&nbsp;GUI_GetCharDistX
<LI><a href="#[de]">&gt;&gt;</a>&nbsp;&nbsp;&nbsp;GL_DispChar
<LI><a href="#[af]">&gt;&gt;</a>&nbsp;&nbsp;&nbsp;GUI_ALLOC_Free
<LI><a href="#[b0]">&gt;&gt;</a>&nbsp;&nbsp;&nbsp;GUI_ALLOC_AllocZero
<LI><a href="#[b4]">&gt;&gt;</a>&nbsp;&nbsp;&nbsp;GUI_CURSOR_SetPosition
<LI><a href="#[b3]">&gt;&gt;</a>&nbsp;&nbsp;&nbsp;GUI_CURSOR_Show
<LI><a href="#[ad]">&gt;&gt;</a>&nbsp;&nbsp;&nbsp;GUI_CURSOR_Select
<LI><a href="#[ac]">&gt;&gt;</a>&nbsp;&nbsp;&nbsp;GUI_CURSOR_Deactivate
<LI><a href="#[ab]">&gt;&gt;</a>&nbsp;&nbsp;&nbsp;GUI_CURSOR_Activate
<LI><a href="#[ba]">&gt;&gt;</a>&nbsp;&nbsp;&nbsp;_Draw
<LI><a href="#[b9]">&gt;&gt;</a>&nbsp;&nbsp;&nbsp;_Undraw
<LI><a href="#[9f]">&gt;&gt;</a>&nbsp;&nbsp;&nbsp;GUI_GotoXY
<LI><a href="#[9b]">&gt;&gt;</a>&nbsp;&nbsp;&nbsp;GUI_ClearRect
<LI><a href="#[98]">&gt;&gt;</a>&nbsp;&nbsp;&nbsp;GUI_GetColor
<LI><a href="#[99]">&gt;&gt;</a>&nbsp;&nbsp;&nbsp;GUI_GetBkColor
<LI><a href="#[89]">&gt;&gt;</a>&nbsp;&nbsp;&nbsp;GUI_GetYAdjust
<LI><a href="#[88]">&gt;&gt;</a>&nbsp;&nbsp;&nbsp;GUI_GetFontDistY
<LI><a href="#[94]">&gt;&gt;</a>&nbsp;&nbsp;&nbsp;GUI_SetFont
<LI><a href="#[92]">&gt;&gt;</a>&nbsp;&nbsp;&nbsp;GUI_SetColor
<LI><a href="#[90]">&gt;&gt;</a>&nbsp;&nbsp;&nbsp;GUI_SetBkColor
<LI><a href="#[8f]">&gt;&gt;</a>&nbsp;&nbsp;&nbsp;GUI_DispStringAt
<LI><a href="#[b2]">&gt;&gt;</a>&nbsp;&nbsp;&nbsp;GUI_CURSOR_Hide
<LI><a href="#[120]">&gt;&gt;</a>&nbsp;&nbsp;&nbsp;WM_SendToParent
<LI><a href="#[10f]">&gt;&gt;</a>&nbsp;&nbsp;&nbsp;WM_BringToBottom
<LI><a href="#[119]">&gt;&gt;</a>&nbsp;&nbsp;&nbsp;GUI_PollKeyMsg
<LI><a href="#[122]">&gt;&gt;</a>&nbsp;&nbsp;&nbsp;WM_Deactivate
<LI><a href="#[118]">&gt;&gt;</a>&nbsp;&nbsp;&nbsp;WM_Exec1
<LI><a href="#[10e]">&gt;&gt;</a>&nbsp;&nbsp;&nbsp;WM_CreateWindowAsChild
<LI><a href="#[10c]">&gt;&gt;</a>&nbsp;&nbsp;&nbsp;WM_InvalidateRect
<LI><a href="#[105]">&gt;&gt;</a>&nbsp;&nbsp;&nbsp;WM_DeleteWindow
<LI><a href="#[102]">&gt;&gt;</a>&nbsp;&nbsp;&nbsp;WM_SendMessage
<LI><a href="#[100]">&gt;&gt;</a>&nbsp;&nbsp;&nbsp;WM_SelectWindow
<LI><a href="#[fe]">&gt;&gt;</a>&nbsp;&nbsp;&nbsp;WM_InvalidateArea
<LI><a href="#[dd]">&gt;&gt;</a>&nbsp;&nbsp;&nbsp;GUI_DispNextLine
<LI><a href="#[db]">&gt;&gt;</a>&nbsp;&nbsp;&nbsp;GUI_ALLOC_FreePtr
<LI><a href="#[d9]">&gt;&gt;</a>&nbsp;&nbsp;&nbsp;GUI_ALLOC_GetMaxSize
<LI><a href="#[d2]">&gt;&gt;</a>&nbsp;&nbsp;&nbsp;GUI_UC_SetEncodeNone
<LI><a href="#[d1]">&gt;&gt;</a>&nbsp;&nbsp;&nbsp;GUI_UC_Encode
<LI><a href="#[d0]">&gt;&gt;</a>&nbsp;&nbsp;&nbsp;GUI_UC_GetCharCode
<LI><a href="#[cf]">&gt;&gt;</a>&nbsp;&nbsp;&nbsp;GUI_UC_GetCharSize
<LI><a href="#[ce]">&gt;&gt;</a>&nbsp;&nbsp;&nbsp;GUI_GotoX
<LI><a href="#[cd]">&gt;&gt;</a>&nbsp;&nbsp;&nbsp;GUI_GotoY
<LI><a href="#[cb]">&gt;&gt;</a>&nbsp;&nbsp;&nbsp;GUI_GetColorIndex
<LI><a href="#[c8]">&gt;&gt;</a>&nbsp;&nbsp;&nbsp;GUI_GetBkColorIndex
<LI><a href="#[c6]">&gt;&gt;</a>&nbsp;&nbsp;&nbsp;GUI_ALLOC_AllocNoInit
<LI><a href="#[152]">&gt;&gt;</a>&nbsp;&nbsp;&nbsp;GUI_USAGE_Select
<LI><a href="#[14a]">&gt;&gt;</a>&nbsp;&nbsp;&nbsp;GUI_USAGE_DecUseCnt
<LI><a href="#[14c]">&gt;&gt;</a>&nbsp;&nbsp;&nbsp;GUI_USAGE_BM_Create
<LI><a href="#[149]">&gt;&gt;</a>&nbsp;&nbsp;&nbsp;GUI_SelectLCD
<LI><a href="#[150]">&gt;&gt;</a>&nbsp;&nbsp;&nbsp;GUI_MEMDEV_CopyToLCDAt
<LI><a href="#[14b]">&gt;&gt;</a>&nbsp;&nbsp;&nbsp;GUI_MEMDEV__CreateFixed
<LI><a href="#[148]">&gt;&gt;</a>&nbsp;&nbsp;&nbsp;GUI_SetPenShape
<LI><a href="#[147]">&gt;&gt;</a>&nbsp;&nbsp;&nbsp;GUI_GetPenShape
<LI><a href="#[146]">&gt;&gt;</a>&nbsp;&nbsp;&nbsp;GUI_GetPenSize
<LI><a href="#[145]">&gt;&gt;</a>&nbsp;&nbsp;&nbsp;WM_GetParent
<LI><a href="#[140]">&gt;&gt;</a>&nbsp;&nbsp;&nbsp;GUI_MEMDEV_SetOrg
<LI><a href="#[13e]">&gt;&gt;</a>&nbsp;&nbsp;&nbsp;GUI_MEMDEV_Select
<LI><a href="#[13f]">&gt;&gt;</a>&nbsp;&nbsp;&nbsp;GUI_MEMDEV_ReduceYSize
<LI><a href="#[13d]">&gt;&gt;</a>&nbsp;&nbsp;&nbsp;GUI_MEMDEV_GetYSize
<LI><a href="#[143]">&gt;&gt;</a>&nbsp;&nbsp;&nbsp;GUI_MEMDEV_Delete
<LI><a href="#[13c]">&gt;&gt;</a>&nbsp;&nbsp;&nbsp;GUI_MEMDEV_CreateEx
<LI><a href="#[141]">&gt;&gt;</a>&nbsp;&nbsp;&nbsp;GUI_MEMDEV_Clear
<LI><a href="#[12c]">&gt;&gt;</a>&nbsp;&nbsp;&nbsp;GUI_SetTextMode
<LI><a href="#[12b]">&gt;&gt;</a>&nbsp;&nbsp;&nbsp;GUI_SetTextAlign
<LI><a href="#[12a]">&gt;&gt;</a>&nbsp;&nbsp;&nbsp;GUI_SetPenSize
<LI><a href="#[12e]">&gt;&gt;</a>&nbsp;&nbsp;&nbsp;GUI_SetLineStyle
<LI><a href="#[12d]">&gt;&gt;</a>&nbsp;&nbsp;&nbsp;GUI_SetDrawMode
<LI><a href="#[12f]">&gt;&gt;</a>&nbsp;&nbsp;&nbsp;GUI_SetDefault
<LI><a href="#[127]">&gt;&gt;</a>&nbsp;&nbsp;&nbsp;WM_OnKey
</UL>

<P><STRONG><a name="[87]"></a>GUI_Lock</STRONG> (Thumb, 144 bytes, Stack size 16 bytes, guitask.o(.text))
<BR><BR>[Stack]<UL><LI>Max Depth = 72 + Unknown Stack Size
<LI>Call Chain = GUI_Lock &rArr; GUI_X_Lock &rArr; OSSemPend &rArr; OS_Sched
</UL>
<BR>[Calls]<UL><LI><a href="#[e4]">&gt;&gt;</a>&nbsp;&nbsp;&nbsp;GUI_X_Lock
<LI><a href="#[e3]">&gt;&gt;</a>&nbsp;&nbsp;&nbsp;GUI_X_GetTaskId
<LI><a href="#[e5]">&gt;&gt;</a>&nbsp;&nbsp;&nbsp;__aeabi_memcpy4
</UL>
<BR>[Called By]<UL><LI><a href="#[86]">&gt;&gt;</a>&nbsp;&nbsp;&nbsp;GUI_DispString
<LI><a href="#[df]">&gt;&gt;</a>&nbsp;&nbsp;&nbsp;GUI_GetCharDistX
<LI><a href="#[de]">&gt;&gt;</a>&nbsp;&nbsp;&nbsp;GL_DispChar
<LI><a href="#[af]">&gt;&gt;</a>&nbsp;&nbsp;&nbsp;GUI_ALLOC_Free
<LI><a href="#[b0]">&gt;&gt;</a>&nbsp;&nbsp;&nbsp;GUI_ALLOC_AllocZero
<LI><a href="#[b4]">&gt;&gt;</a>&nbsp;&nbsp;&nbsp;GUI_CURSOR_SetPosition
<LI><a href="#[b3]">&gt;&gt;</a>&nbsp;&nbsp;&nbsp;GUI_CURSOR_Show
<LI><a href="#[ad]">&gt;&gt;</a>&nbsp;&nbsp;&nbsp;GUI_CURSOR_Select
<LI><a href="#[ac]">&gt;&gt;</a>&nbsp;&nbsp;&nbsp;GUI_CURSOR_Deactivate
<LI><a href="#[ab]">&gt;&gt;</a>&nbsp;&nbsp;&nbsp;GUI_CURSOR_Activate
<LI><a href="#[ba]">&gt;&gt;</a>&nbsp;&nbsp;&nbsp;_Draw
<LI><a href="#[b9]">&gt;&gt;</a>&nbsp;&nbsp;&nbsp;_Undraw
<LI><a href="#[9f]">&gt;&gt;</a>&nbsp;&nbsp;&nbsp;GUI_GotoXY
<LI><a href="#[9b]">&gt;&gt;</a>&nbsp;&nbsp;&nbsp;GUI_ClearRect
<LI><a href="#[98]">&gt;&gt;</a>&nbsp;&nbsp;&nbsp;GUI_GetColor
<LI><a href="#[99]">&gt;&gt;</a>&nbsp;&nbsp;&nbsp;GUI_GetBkColor
<LI><a href="#[89]">&gt;&gt;</a>&nbsp;&nbsp;&nbsp;GUI_GetYAdjust
<LI><a href="#[88]">&gt;&gt;</a>&nbsp;&nbsp;&nbsp;GUI_GetFontDistY
<LI><a href="#[94]">&gt;&gt;</a>&nbsp;&nbsp;&nbsp;GUI_SetFont
<LI><a href="#[92]">&gt;&gt;</a>&nbsp;&nbsp;&nbsp;GUI_SetColor
<LI><a href="#[90]">&gt;&gt;</a>&nbsp;&nbsp;&nbsp;GUI_SetBkColor
<LI><a href="#[8f]">&gt;&gt;</a>&nbsp;&nbsp;&nbsp;GUI_DispStringAt
<LI><a href="#[b2]">&gt;&gt;</a>&nbsp;&nbsp;&nbsp;GUI_CURSOR_Hide
<LI><a href="#[120]">&gt;&gt;</a>&nbsp;&nbsp;&nbsp;WM_SendToParent
<LI><a href="#[10f]">&gt;&gt;</a>&nbsp;&nbsp;&nbsp;WM_BringToBottom
<LI><a href="#[119]">&gt;&gt;</a>&nbsp;&nbsp;&nbsp;GUI_PollKeyMsg
<LI><a href="#[122]">&gt;&gt;</a>&nbsp;&nbsp;&nbsp;WM_Deactivate
<LI><a href="#[118]">&gt;&gt;</a>&nbsp;&nbsp;&nbsp;WM_Exec1
<LI><a href="#[10e]">&gt;&gt;</a>&nbsp;&nbsp;&nbsp;WM_CreateWindowAsChild
<LI><a href="#[10c]">&gt;&gt;</a>&nbsp;&nbsp;&nbsp;WM_InvalidateRect
<LI><a href="#[105]">&gt;&gt;</a>&nbsp;&nbsp;&nbsp;WM_DeleteWindow
<LI><a href="#[102]">&gt;&gt;</a>&nbsp;&nbsp;&nbsp;WM_SendMessage
<LI><a href="#[100]">&gt;&gt;</a>&nbsp;&nbsp;&nbsp;WM_SelectWindow
<LI><a href="#[fe]">&gt;&gt;</a>&nbsp;&nbsp;&nbsp;WM_InvalidateArea
<LI><a href="#[dd]">&gt;&gt;</a>&nbsp;&nbsp;&nbsp;GUI_DispNextLine
<LI><a href="#[db]">&gt;&gt;</a>&nbsp;&nbsp;&nbsp;GUI_ALLOC_FreePtr
<LI><a href="#[d9]">&gt;&gt;</a>&nbsp;&nbsp;&nbsp;GUI_ALLOC_GetMaxSize
<LI><a href="#[d2]">&gt;&gt;</a>&nbsp;&nbsp;&nbsp;GUI_UC_SetEncodeNone
<LI><a href="#[d1]">&gt;&gt;</a>&nbsp;&nbsp;&nbsp;GUI_UC_Encode
<LI><a href="#[d0]">&gt;&gt;</a>&nbsp;&nbsp;&nbsp;GUI_UC_GetCharCode
<LI><a href="#[cf]">&gt;&gt;</a>&nbsp;&nbsp;&nbsp;GUI_UC_GetCharSize
<LI><a href="#[ce]">&gt;&gt;</a>&nbsp;&nbsp;&nbsp;GUI_GotoX
<LI><a href="#[cd]">&gt;&gt;</a>&nbsp;&nbsp;&nbsp;GUI_GotoY
<LI><a href="#[cb]">&gt;&gt;</a>&nbsp;&nbsp;&nbsp;GUI_GetColorIndex
<LI><a href="#[c8]">&gt;&gt;</a>&nbsp;&nbsp;&nbsp;GUI_GetBkColorIndex
<LI><a href="#[c6]">&gt;&gt;</a>&nbsp;&nbsp;&nbsp;GUI_ALLOC_AllocNoInit
<LI><a href="#[152]">&gt;&gt;</a>&nbsp;&nbsp;&nbsp;GUI_USAGE_Select
<LI><a href="#[14a]">&gt;&gt;</a>&nbsp;&nbsp;&nbsp;GUI_USAGE_DecUseCnt
<LI><a href="#[14c]">&gt;&gt;</a>&nbsp;&nbsp;&nbsp;GUI_USAGE_BM_Create
<LI><a href="#[149]">&gt;&gt;</a>&nbsp;&nbsp;&nbsp;GUI_SelectLCD
<LI><a href="#[150]">&gt;&gt;</a>&nbsp;&nbsp;&nbsp;GUI_MEMDEV_CopyToLCDAt
<LI><a href="#[148]">&gt;&gt;</a>&nbsp;&nbsp;&nbsp;GUI_SetPenShape
<LI><a href="#[147]">&gt;&gt;</a>&nbsp;&nbsp;&nbsp;GUI_GetPenShape
<LI><a href="#[146]">&gt;&gt;</a>&nbsp;&nbsp;&nbsp;GUI_GetPenSize
<LI><a href="#[145]">&gt;&gt;</a>&nbsp;&nbsp;&nbsp;WM_GetParent
<LI><a href="#[140]">&gt;&gt;</a>&nbsp;&nbsp;&nbsp;GUI_MEMDEV_SetOrg
<LI><a href="#[13e]">&gt;&gt;</a>&nbsp;&nbsp;&nbsp;GUI_MEMDEV_Select
<LI><a href="#[13f]">&gt;&gt;</a>&nbsp;&nbsp;&nbsp;GUI_MEMDEV_ReduceYSize
<LI><a href="#[13d]">&gt;&gt;</a>&nbsp;&nbsp;&nbsp;GUI_MEMDEV_GetYSize
<LI><a href="#[143]">&gt;&gt;</a>&nbsp;&nbsp;&nbsp;GUI_MEMDEV_Delete
<LI><a href="#[13c]">&gt;&gt;</a>&nbsp;&nbsp;&nbsp;GUI_MEMDEV_CreateEx
<LI><a href="#[141]">&gt;&gt;</a>&nbsp;&nbsp;&nbsp;GUI_MEMDEV_Clear
<LI><a href="#[12c]">&gt;&gt;</a>&nbsp;&nbsp;&nbsp;GUI_SetTextMode
<LI><a href="#[12b]">&gt;&gt;</a>&nbsp;&nbsp;&nbsp;GUI_SetTextAlign
<LI><a href="#[12a]">&gt;&gt;</a>&nbsp;&nbsp;&nbsp;GUI_SetPenSize
<LI><a href="#[12e]">&gt;&gt;</a>&nbsp;&nbsp;&nbsp;GUI_SetLineStyle
<LI><a href="#[12d]">&gt;&gt;</a>&nbsp;&nbsp;&nbsp;GUI_SetDrawMode
<LI><a href="#[12f]">&gt;&gt;</a>&nbsp;&nbsp;&nbsp;GUI_SetDefault
<LI><a href="#[127]">&gt;&gt;</a>&nbsp;&nbsp;&nbsp;WM_OnKey
</UL>

<P><STRONG><a name="[a3]"></a>GUITASK_Init</STRONG> (Thumb, 12 bytes, Stack size 0 bytes, guitask.o(.text))
<BR><BR>[Stack]<UL><LI>Max Depth = 24 + Unknown Stack Size
<LI>Call Chain = GUITASK_Init &rArr; GUI_X_InitOS &rArr; OSSemCreate
</UL>
<BR>[Calls]<UL><LI><a href="#[e6]">&gt;&gt;</a>&nbsp;&nbsp;&nbsp;GUI_X_InitOS
</UL>
<BR>[Called By]<UL><LI><a href="#[a0]">&gt;&gt;</a>&nbsp;&nbsp;&nbsp;GUI_Init
</UL>

<P><STRONG><a name="[a6]"></a>GUITASK_CopyContext</STRONG> (Thumb, 46 bytes, Stack size 24 bytes, guitask.o(.text))
<BR><BR>[Stack]<UL><LI>Max Depth = 32<LI>Call Chain = GUITASK_CopyContext &rArr; __aeabi_memcpy4
</UL>
<BR>[Calls]<UL><LI><a href="#[e5]">&gt;&gt;</a>&nbsp;&nbsp;&nbsp;__aeabi_memcpy4
</UL>
<BR>[Called By]<UL><LI><a href="#[a0]">&gt;&gt;</a>&nbsp;&nbsp;&nbsp;GUI_Init
</UL>

<P><STRONG><a name="[e7]"></a>LCD_SetColorIndex</STRONG> (Thumb, 18 bytes, Stack size 8 bytes, lcd.o(.text))
<BR><BR>[Stack]<UL><LI>Max Depth = 8<LI>Call Chain = LCD_SetColorIndex
</UL>
<BR>[Calls]<UL><LI><a href="#[e8]">&gt;&gt;</a>&nbsp;&nbsp;&nbsp;_GetColorIndex
</UL>
<BR>[Called By]<UL><LI><a href="#[93]">&gt;&gt;</a>&nbsp;&nbsp;&nbsp;LCD_SetColor
<LI><a href="#[156]">&gt;&gt;</a>&nbsp;&nbsp;&nbsp;LCD_UpdateColorIndices
</UL>

<P><STRONG><a name="[e9]"></a>LCD_SetBkColorIndex</STRONG> (Thumb, 18 bytes, Stack size 8 bytes, lcd.o(.text))
<BR><BR>[Stack]<UL><LI>Max Depth = 8<LI>Call Chain = LCD_SetBkColorIndex
</UL>
<BR>[Calls]<UL><LI><a href="#[e8]">&gt;&gt;</a>&nbsp;&nbsp;&nbsp;_GetColorIndex
</UL>
<BR>[Called By]<UL><LI><a href="#[91]">&gt;&gt;</a>&nbsp;&nbsp;&nbsp;LCD_SetBkColor
<LI><a href="#[156]">&gt;&gt;</a>&nbsp;&nbsp;&nbsp;LCD_UpdateColorIndices
</UL>

<P><STRONG><a name="[96]"></a>LCD_SetDrawMode</STRONG> (Thumb, 28 bytes, Stack size 8 bytes, lcd.o(.text))
<BR><BR>[Stack]<UL><LI>Max Depth = 8<LI>Call Chain = LCD_SetDrawMode
</UL>
<BR>[Called By]<UL><LI><a href="#[47]">&gt;&gt;</a>&nbsp;&nbsp;&nbsp;GUIPROP_DispChar
<LI><a href="#[a4]">&gt;&gt;</a>&nbsp;&nbsp;&nbsp;LCD_Init
<LI><a href="#[9b]">&gt;&gt;</a>&nbsp;&nbsp;&nbsp;GUI_ClearRect
<LI><a href="#[5b]">&gt;&gt;</a>&nbsp;&nbsp;&nbsp;GUIMONO_DispChar
<LI><a href="#[12d]">&gt;&gt;</a>&nbsp;&nbsp;&nbsp;GUI_SetDrawMode
</UL>

<P><STRONG><a name="[46]"></a>LCD_DrawPixel</STRONG> (Thumb, 64 bytes, Stack size 8 bytes, lcd.o(.text))
<BR><BR>[Stack]<UL><LI>Max Depth = 8<LI>Call Chain = LCD_DrawPixel
</UL>
<BR>[Address Reference Count : 1]<UL><LI> guicore.o(.constdata)
</UL>
<P><STRONG><a name="[45]"></a>LCD_DrawHLine</STRONG> (Thumb, 54 bytes, Stack size 8 bytes, lcd.o(.text))
<BR><BR>[Stack]<UL><LI>Max Depth = 8<LI>Call Chain = LCD_DrawHLine
</UL>
<BR>[Address Reference Count : 1]<UL><LI> guicore.o(.constdata)
</UL>
<P><STRONG><a name="[9a]"></a>LCD_FillRect</STRONG> (Thumb, 64 bytes, Stack size 8 bytes, lcd.o(.text))
<BR><BR>[Stack]<UL><LI>Max Depth = 8<LI>Call Chain = LCD_FillRect
</UL>
<BR>[Called By]<UL><LI><a href="#[47]">&gt;&gt;</a>&nbsp;&nbsp;&nbsp;GUIPROP_DispChar
<LI><a href="#[a4]">&gt;&gt;</a>&nbsp;&nbsp;&nbsp;LCD_Init
<LI><a href="#[9b]">&gt;&gt;</a>&nbsp;&nbsp;&nbsp;GUI_ClearRect
<LI><a href="#[97]">&gt;&gt;</a>&nbsp;&nbsp;&nbsp;LCD_DrawBitmap
<LI><a href="#[5b]">&gt;&gt;</a>&nbsp;&nbsp;&nbsp;GUIMONO_DispChar
</UL>

<P><STRONG><a name="[97]"></a>LCD_DrawBitmap</STRONG> (Thumb, 478 bytes, Stack size 80 bytes, lcd.o(.text))
<BR><BR>[Stack]<UL><LI>Max Depth = 88<LI>Call Chain = LCD_DrawBitmap &rArr; LCD_FillRect
</UL>
<BR>[Calls]<UL><LI><a href="#[9a]">&gt;&gt;</a>&nbsp;&nbsp;&nbsp;LCD_FillRect
</UL>
<BR>[Called By]<UL><LI><a href="#[47]">&gt;&gt;</a>&nbsp;&nbsp;&nbsp;GUIPROP_DispChar
<LI><a href="#[5b]">&gt;&gt;</a>&nbsp;&nbsp;&nbsp;GUIMONO_DispChar
<LI><a href="#[14f]">&gt;&gt;</a>&nbsp;&nbsp;&nbsp;GUI_MEMDEV__WriteToActiveAt
</UL>

<P><STRONG><a name="[ea]"></a>LCD_SetClipRectMax</STRONG> (Thumb, 10 bytes, Stack size 0 bytes, lcd.o(.text))
<BR><BR>[Called By]<UL><LI><a href="#[a4]">&gt;&gt;</a>&nbsp;&nbsp;&nbsp;LCD_Init
<LI><a href="#[122]">&gt;&gt;</a>&nbsp;&nbsp;&nbsp;WM_Deactivate
<LI><a href="#[100]">&gt;&gt;</a>&nbsp;&nbsp;&nbsp;WM_SelectWindow
<LI><a href="#[155]">&gt;&gt;</a>&nbsp;&nbsp;&nbsp;LCD_SelectLCD
<LI><a href="#[140]">&gt;&gt;</a>&nbsp;&nbsp;&nbsp;GUI_MEMDEV_SetOrg
<LI><a href="#[13e]">&gt;&gt;</a>&nbsp;&nbsp;&nbsp;GUI_MEMDEV_Select
</UL>

<P><STRONG><a name="[a4]"></a>LCD_Init</STRONG> (Thumb, 50 bytes, Stack size 8 bytes, lcd.o(.text))
<BR><BR>[Stack]<UL><LI>Max Depth = 104<LI>Call Chain = LCD_Init &rArr; LCD_L0_Init &rArr; ili9320_Initializtion &rArr; M25P80_buf_ToRam_TP &rArr; M25P80_buf_ToRam &rArr; FlashWaitBusy &rArr; SPI_ReadByte &rArr; SPI_SendByte
</UL>
<BR>[Calls]<UL><LI><a href="#[ed]">&gt;&gt;</a>&nbsp;&nbsp;&nbsp;LCD_L0_On
<LI><a href="#[eb]">&gt;&gt;</a>&nbsp;&nbsp;&nbsp;LCD_L0_Init
<LI><a href="#[96]">&gt;&gt;</a>&nbsp;&nbsp;&nbsp;LCD_SetDrawMode
<LI><a href="#[9a]">&gt;&gt;</a>&nbsp;&nbsp;&nbsp;LCD_FillRect
<LI><a href="#[ec]">&gt;&gt;</a>&nbsp;&nbsp;&nbsp;LCD_InitLUT
<LI><a href="#[ea]">&gt;&gt;</a>&nbsp;&nbsp;&nbsp;LCD_SetClipRectMax
</UL>
<BR>[Called By]<UL><LI><a href="#[a0]">&gt;&gt;</a>&nbsp;&nbsp;&nbsp;GUI_Init
</UL>

[...]
<BR><BR>[Stack]<UL><LI>Max Depth = 104 + Unknown Stack Size
<LI>Call Chain = _Undraw &rArr; GUI_Lock &rArr; GUI_X_Lock &rArr; OSSemPend &rArr; OS_Sched
</UL>
<BR>[Calls]<UL><LI><a href="#[b5]">&gt;&gt;</a>&nbsp;&nbsp;&nbsp;GUI_ALLOC_h2p
<LI><a href="#[b7]">&gt;&gt;</a>&nbsp;&nbsp;&nbsp;_SetPixelIndex
<LI><a href="#[8e]">&gt;&gt;</a>&nbsp;&nbsp;&nbsp;GUI_Unlock
<LI><a href="#[87]">&gt;&gt;</a>&nbsp;&nbsp;&nbsp;GUI_Lock
</UL>
<BR>[Called By]<UL><LI><a href="#[a9]">&gt;&gt;</a>&nbsp;&nbsp;&nbsp;_Hide
</UL>

<P><STRONG><a name="[ba]"></a>_Draw</STRONG> (Thumb, 154 bytes, Stack size 32 bytes, guicurs.o(.text))
<BR><BR>[Stack]<UL><LI>Max Depth = 104 + Unknown Stack Size
<LI>Call Chain = _Draw &rArr; GUI_Lock &rArr; GUI_X_Lock &rArr; OSSemPend &rArr; OS_Sched
</UL>
<BR>[Calls]<UL><LI><a href="#[b6]">&gt;&gt;</a>&nbsp;&nbsp;&nbsp;GUI_GetBitmapPixelIndex
<LI><a href="#[b5]">&gt;&gt;</a>&nbsp;&nbsp;&nbsp;GUI_ALLOC_h2p
<LI><a href="#[b8]">&gt;&gt;</a>&nbsp;&nbsp;&nbsp;_Log2Phys
<LI><a href="#[a7]">&gt;&gt;</a>&nbsp;&nbsp;&nbsp;_GetPixelIndex
<LI><a href="#[b7]">&gt;&gt;</a>&nbsp;&nbsp;&nbsp;_SetPixelIndex
<LI><a href="#[8e]">&gt;&gt;</a>&nbsp;&nbsp;&nbsp;GUI_Unlock
<LI><a href="#[87]">&gt;&gt;</a>&nbsp;&nbsp;&nbsp;GUI_Lock
</UL>
<BR>[Called By]<UL><LI><a href="#[aa]">&gt;&gt;</a>&nbsp;&nbsp;&nbsp;_Show
</UL>

<P><STRONG><a name="[4b]"></a>_GetCharCode</STRONG> (Thumb, 4 bytes, Stack size 0 bytes, gui_uc_encodenone.o(.text))
<BR>[Address Reference Count : 1]<UL><LI> gui_uc_encodenone.o(.constdata)
</UL>
<P><STRONG><a name="[4c]"></a>_GetCharSize</STRONG> (Thumb, 4 bytes, Stack size 0 bytes, gui_uc_encodenone.o(.text))
<BR>[Address Reference Count : 1]<UL><LI> gui_uc_encodenone.o(.constdata)
</UL>
<P><STRONG><a name="[4d]"></a>_CalcSizeOfChar</STRONG> (Thumb, 4 bytes, Stack size 0 bytes, gui_uc_encodenone.o(.text))
<BR>[Address Reference Count : 1]<UL><LI> gui_uc_encodenone.o(.constdata)
</UL>
<P><STRONG><a name="[4e]"></a>_Encode</STRONG> (Thumb, 6 bytes, Stack size 0 bytes, gui_uc_encodenone.o(.text))
<BR>[Address Reference Count : 1]<UL><LI> gui_uc_encodenone.o(.constdata)
</UL>
<P><STRONG><a name="[d3]"></a>_CreateHole</STRONG> (Thumb, 124 bytes, Stack size 32 bytes, guialloc.o(.text))
<BR><BR>[Stack]<UL><LI>Max Depth = 32<LI>Call Chain = _CreateHole
</UL>
<BR>[Calls]<UL><LI><a href="#[d4]">&gt;&gt;</a>&nbsp;&nbsp;&nbsp;__aeabi_memmove
</UL>
<BR>[Called By]<UL><LI><a href="#[d5]">&gt;&gt;</a>&nbsp;&nbsp;&nbsp;_Alloc
</UL>

<P><STRONG><a name="[d5]"></a>_Alloc</STRONG> (Thumb, 210 bytes, Stack size 24 bytes, guialloc.o(.text))
<BR><BR>[Stack]<UL><LI>Max Depth = 56<LI>Call Chain = _Alloc &rArr; _CreateHole
</UL>
<BR>[Calls]<UL><LI><a href="#[d6]">&gt;&gt;</a>&nbsp;&nbsp;&nbsp;_CheckInit
<LI><a href="#[d7]">&gt;&gt;</a>&nbsp;&nbsp;&nbsp;_FindHole
<LI><a href="#[d3]">&gt;&gt;</a>&nbsp;&nbsp;&nbsp;_CreateHole
</UL>
<BR>[Called By]<UL><LI><a href="#[c6]">&gt;&gt;</a>&nbsp;&nbsp;&nbsp;GUI_ALLOC_AllocNoInit
</UL>

<P><STRONG><a name="[da]"></a>_Free</STRONG> (Thumb, 78 bytes, Stack size 8 bytes, guialloc.o(.text))
<BR><BR>[Stack]<UL><LI>Max Depth = 8<LI>Call Chain = _Free
</UL>
<BR>[Called By]<UL><LI><a href="#[af]">&gt;&gt;</a>&nbsp;&nbsp;&nbsp;GUI_ALLOC_Free
</UL>

<P><STRONG><a name="[d7]"></a>_FindHole</STRONG> (Thumb, 86 bytes, Stack size 12 bytes, guialloc.o(.text))
<BR><BR>[Stack]<UL><LI>Max Depth = 12<LI>Call Chain = _FindHole
</UL>
<BR>[Called By]<UL><LI><a href="#[d5]">&gt;&gt;</a>&nbsp;&nbsp;&nbsp;_Alloc
</UL>

<P><STRONG><a name="[d6]"></a>_CheckInit</STRONG> (Thumb, 12 bytes, Stack size 0 bytes, guialloc.o(.text))
<BR><BR>[Calls]<UL><LI><a href="#[dc]">&gt;&gt;</a>&nbsp;&nbsp;&nbsp;GUI_ALLOC_Init
</UL>
<BR>[Called By]<UL><LI><a href="#[d9]">&gt;&gt;</a>&nbsp;&nbsp;&nbsp;GUI_ALLOC_GetMaxSize
<LI><a href="#[d8]">&gt;&gt;</a>&nbsp;&nbsp;&nbsp;GUI_ALLOC_GetNumFreeBytes
<LI><a href="#[d5]">&gt;&gt;</a>&nbsp;&nbsp;&nbsp;_Alloc
</UL>

<P><STRONG><a name="[e0]"></a>_DispLine</STRONG> (Thumb, 70 bytes, Stack size 32 bytes, guicharline.o(.text))
<BR><BR>[Stack]<UL><LI>Max Depth = 56<LI>Call Chain = _DispLine &rArr; GUI_UC__GetCharCodeInc
</UL>
<BR>[Calls]<UL><LI><a href="#[a8]">&gt;&gt;</a>&nbsp;&nbsp;&nbsp;GUI_RectsIntersect
<LI><a href="#[e1]">&gt;&gt;</a>&nbsp;&nbsp;&nbsp;GUI_UC__GetCharCodeInc
</UL>
<BR>[Called By]<UL><LI><a href="#[8c]">&gt;&gt;</a>&nbsp;&nbsp;&nbsp;GUI__DispLine
</UL>

<P><STRONG><a name="[e8]"></a>_GetColorIndex</STRONG> (Thumb, 18 bytes, Stack size 0 bytes, lcd.o(.text))
<BR><BR>[Called By]<UL><LI><a href="#[e9]">&gt;&gt;</a>&nbsp;&nbsp;&nbsp;LCD_SetBkColorIndex
<LI><a href="#[e7]">&gt;&gt;</a>&nbsp;&nbsp;&nbsp;LCD_SetColorIndex
</UL>

<P><STRONG><a name="[f1]"></a>_Invalidate1Abs</STRONG> (Thumb, 100 bytes, Stack size 24 bytes, wm.o(.text))
<BR><BR>[Stack]<UL><LI>Max Depth = 40<LI>Call Chain = _Invalidate1Abs &rArr; GUI__IntersectRects
</UL>
<BR>[Calls]<UL><LI><a href="#[b5]">&gt;&gt;</a>&nbsp;&nbsp;&nbsp;GUI_ALLOC_h2p
<LI><a href="#[f3]">&gt;&gt;</a>&nbsp;&nbsp;&nbsp;GUI__IntersectRects
<LI><a href="#[f4]">&gt;&gt;</a>&nbsp;&nbsp;&nbsp;GUI_MergeRect
<LI><a href="#[f2]">&gt;&gt;</a>&nbsp;&nbsp;&nbsp;WM__RectIsNZ
</UL>
<BR>[Called By]<UL><LI><a href="#[10c]">&gt;&gt;</a>&nbsp;&nbsp;&nbsp;WM_InvalidateRect
<LI><a href="#[fe]">&gt;&gt;</a>&nbsp;&nbsp;&nbsp;WM_InvalidateArea
</UL>

<P><STRONG><a name="[f7]"></a>_SetClipRectUserIntersect</STRONG> (Thumb, 68 bytes, Stack size 16 bytes, wm.o(.text))
<BR><BR>[Stack]<UL><LI>Max Depth = 56<LI>Call Chain = _SetClipRectUserIntersect &rArr; LCD_SetClipRectEx &rArr; GUI__IntersectRects
</UL>
<BR>[Calls]<UL><LI><a href="#[b5]">&gt;&gt;</a>&nbsp;&nbsp;&nbsp;GUI_ALLOC_h2p
<LI><a href="#[f8]">&gt;&gt;</a>&nbsp;&nbsp;&nbsp;LCD_SetClipRectEx
<LI><a href="#[f9]">&gt;&gt;</a>&nbsp;&nbsp;&nbsp;GUI__IntersectRect
<LI><a href="#[f5]">&gt;&gt;</a>&nbsp;&nbsp;&nbsp;WM__Client2Screen
</UL>
<BR>[Called By]<UL><LI><a href="#[fb]">&gt;&gt;</a>&nbsp;&nbsp;&nbsp;WM__ActivateClipRect
</UL>

<P><STRONG><a name="[107]"></a>_DeleteAllChildren</STRONG> (Thumb, 30 bytes, Stack size 16 bytes, wm.o(.text), UNUSED)
<BR><BR>[Calls]<UL><LI><a href="#[b5]">&gt;&gt;</a>&nbsp;&nbsp;&nbsp;GUI_ALLOC_h2p
<LI><a href="#[105]">&gt;&gt;</a>&nbsp;&nbsp;&nbsp;WM_DeleteWindow
</UL>
<BR>[Called By]<UL><LI><a href="#[105]">&gt;&gt;</a>&nbsp;&nbsp;&nbsp;WM_DeleteWindow
</UL>

<P><STRONG><a name="[109]"></a>_Findy1</STRONG> (Thumb, 156 bytes, Stack size 32 bytes, wm.o(.text))
<BR><BR>[Stack]<UL><LI>Max Depth = 48 + In Cycle
<LI>Call Chain = _Findy1 &rArr;  _Findy1 (Cycle)
</UL>
<BR>[Calls]<UL><LI><a href="#[a8]">&gt;&gt;</a>&nbsp;&nbsp;&nbsp;GUI_RectsIntersect
<LI><a href="#[b5]">&gt;&gt;</a>&nbsp;&nbsp;&nbsp;GUI_ALLOC_h2p
<LI><a href="#[f3]">&gt;&gt;</a>&nbsp;&nbsp;&nbsp;GUI__IntersectRects
<LI><a href="#[109]">&gt;&gt;</a>&nbsp;&nbsp;&nbsp;_Findy1
</UL>
<BR>[Called By]<UL><LI><a href="#[111]">&gt;&gt;</a>&nbsp;&nbsp;&nbsp;_FindNext_IVR
<LI><a href="#[109]">&gt;&gt;</a>&nbsp;&nbsp;&nbsp;_Findy1
</UL>

<P><STRONG><a name="[10a]"></a>_Findx0</STRONG> (Thumb, 128 bytes, Stack size 40 bytes, wm.o(.text))
<BR><BR>[Stack]<UL><LI>Max Depth = 56 + In Cycle
<LI>Call Chain = _Findx0 &rArr;  _Findx0 (Cycle)
</UL>
<BR>[Calls]<UL><LI><a href="#[a8]">&gt;&gt;</a>&nbsp;&nbsp;&nbsp;GUI_RectsIntersect
<LI><a href="#[b5]">&gt;&gt;</a>&nbsp;&nbsp;&nbsp;GUI_ALLOC_h2p
<LI><a href="#[f3]">&gt;&gt;</a>&nbsp;&nbsp;&nbsp;GUI__IntersectRects
<LI><a href="#[10a]">&gt;&gt;</a>&nbsp;&nbsp;&nbsp;_Findx0
</UL>
<BR>[Called By]<UL><LI><a href="#[111]">&gt;&gt;</a>&nbsp;&nbsp;&nbsp;_FindNext_IVR
<LI><a href="#[10a]">&gt;&gt;</a>&nbsp;&nbsp;&nbsp;_Findx0
</UL>

<P><STRONG><a name="[10b]"></a>_Findx1</STRONG> (Thumb, 114 bytes, Stack size 32 bytes, wm.o(.text))
<BR><BR>[Stack]<UL><LI>Max Depth = 48 + In Cycle
<LI>Call Chain = _Findx1 &rArr;  _Findx1 (Cycle)
</UL>
<BR>[Calls]<UL><LI><a href="#[a8]">&gt;&gt;</a>&nbsp;&nbsp;&nbsp;GUI_RectsIntersect
<LI><a href="#[b5]">&gt;&gt;</a>&nbsp;&nbsp;&nbsp;GUI_ALLOC_h2p
<LI><a href="#[f3]">&gt;&gt;</a>&nbsp;&nbsp;&nbsp;GUI__IntersectRects
<LI><a href="#[10b]">&gt;&gt;</a>&nbsp;&nbsp;&nbsp;_Findx1
</UL>
<BR>[Called By]<UL><LI><a href="#[111]">&gt;&gt;</a>&nbsp;&nbsp;&nbsp;_FindNext_IVR
<LI><a href="#[10b]">&gt;&gt;</a>&nbsp;&nbsp;&nbsp;_Findx1
</UL>

<P><STRONG><a name="[111]"></a>_FindNext_IVR</STRONG> (Thumb, 310 bytes, Stack size 32 bytes, wm.o(.text))
<BR><BR>[Stack]<UL><LI>Max Depth = 88<LI>Call Chain = _FindNext_IVR &rArr; _Findx0 &rArr;  _Findx0 (Cycle)
</UL>
<BR>[Calls]<UL><LI><a href="#[b5]">&gt;&gt;</a>&nbsp;&nbsp;&nbsp;GUI_ALLOC_h2p
<LI><a href="#[10b]">&gt;&gt;</a>&nbsp;&nbsp;&nbsp;_Findx1
<LI><a href="#[10a]">&gt;&gt;</a>&nbsp;&nbsp;&nbsp;_Findx0
<LI><a href="#[109]">&gt;&gt;</a>&nbsp;&nbsp;&nbsp;_Findy1
</UL>
<BR>[Called By]<UL><LI><a href="#[9d]">&gt;&gt;</a>&nbsp;&nbsp;&nbsp;WM__GetNextIVR
</UL>

<P><STRONG><a name="[114]"></a>_Paint1</STRONG> (Thumb, 124 bytes, Stack size 32 bytes, wm.o(.text))
<BR><BR>[Stack]<UL><LI>Max Depth = 176 + Unknown Stack Size
<LI>Call Chain = _Paint1 &rArr; WM__InitIVRSearch &rArr; WM__GetNextIVR &rArr; _FindNext_IVR &rArr; _Findx0 &rArr;  _Findx0 (Cycle)
</UL>
<BR>[Calls]<UL><LI><a href="#[9c]">&gt;&gt;</a>&nbsp;&nbsp;&nbsp;WM__InitIVRSearch
<LI><a href="#[9d]">&gt;&gt;</a>&nbsp;&nbsp;&nbsp;WM__GetNextIVR
<LI><a href="#[112]">&gt;&gt;</a>&nbsp;&nbsp;&nbsp;WM_SetDefault
<LI><a href="#[102]">&gt;&gt;</a>&nbsp;&nbsp;&nbsp;WM_SendMessage
</UL>
<BR>[Called By]<UL><LI><a href="#[117]">&gt;&gt;</a>&nbsp;&nbsp;&nbsp;WM__PaintWinAndOverlays
<LI><a href="#[115]">&gt;&gt;</a>&nbsp;&nbsp;&nbsp;_Paint1Trans
</UL>

<P><STRONG><a name="[115]"></a>_Paint1Trans</STRONG> (Thumb, 92 bytes, Stack size 32 bytes, wm.o(.text))
<BR><BR>[Stack]<UL><LI>Max Depth = 208 + Unknown Stack Size
<LI>Call Chain = _Paint1Trans &rArr; _Paint1 &rArr; WM__InitIVRSearch &rArr; WM__GetNextIVR &rArr; _FindNext_IVR &rArr; _Findx0 &rArr;  _Findx0 (Cycle)
</UL>
<BR>[Calls]<UL><LI><a href="#[a8]">&gt;&gt;</a>&nbsp;&nbsp;&nbsp;GUI_RectsIntersect
<LI><a href="#[b5]">&gt;&gt;</a>&nbsp;&nbsp;&nbsp;GUI_ALLOC_h2p
<LI><a href="#[f3]">&gt;&gt;</a>&nbsp;&nbsp;&nbsp;GUI__IntersectRects
<LI><a href="#[114]">&gt;&gt;</a>&nbsp;&nbsp;&nbsp;_Paint1
</UL>
<BR>[Called By]<UL><LI><a href="#[117]">&gt;&gt;</a>&nbsp;&nbsp;&nbsp;WM__PaintWinAndOverlays
<LI><a href="#[116]">&gt;&gt;</a>&nbsp;&nbsp;&nbsp;_PaintTransChildren
</UL>

<P><STRONG><a name="[116]"></a>_PaintTransChildren</STRONG> (Thumb, 84 bytes, Stack size 32 bytes, wm.o(.text))
<BR><BR>[Stack]<UL><LI>Max Depth = 240 + Unknown Stack Size
 + In Cycle
<LI>Call Chain = _PaintTransChildren &rArr;  _PaintTransChildren (Cycle)
</UL>
<BR>[Calls]<UL><LI><a href="#[a8]">&gt;&gt;</a>&nbsp;&nbsp;&nbsp;GUI_RectsIntersect
<LI><a href="#[b5]">&gt;&gt;</a>&nbsp;&nbsp;&nbsp;GUI_ALLOC_h2p
<LI><a href="#[116]">&gt;&gt;</a>&nbsp;&nbsp;&nbsp;_PaintTransChildren
<LI><a href="#[115]">&gt;&gt;</a>&nbsp;&nbsp;&nbsp;_Paint1Trans
</UL>
<BR>[Called By]<UL><LI><a href="#[117]">&gt;&gt;</a>&nbsp;&nbsp;&nbsp;WM__PaintWinAndOverlays
<LI><a href="#[116]">&gt;&gt;</a>&nbsp;&nbsp;&nbsp;_PaintTransChildren
</UL>

<P><STRONG><a name="[3d]"></a>_cbPaintMemDev</STRONG> (Thumb, 44 bytes, Stack size 24 bytes, wm.o(.text))
<BR><BR>[Stack]<UL><LI>Max Depth = 280 + Unknown Stack Size
<LI>Call Chain = _cbPaintMemDev &rArr; WM__PaintWinAndOverlays &rArr; _PaintTransChildren &rArr;  _PaintTransChildren (Cycle)
</UL>
<BR>[Calls]<UL><LI><a href="#[b5]">&gt;&gt;</a>&nbsp;&nbsp;&nbsp;GUI_ALLOC_h2p
<LI><a href="#[117]">&gt;&gt;</a>&nbsp;&nbsp;&nbsp;WM__PaintWinAndOverlays
</UL>
<BR>[Address Reference Count : 1]<UL><LI> wm.o(.text)
</UL>
<P><STRONG><a name="[3c]"></a>cbBackWin</STRONG> (Thumb, 66 bytes, Stack size 8 bytes, wm.o(.text))
<BR><BR>[Stack]<UL><LI>Max Depth = 192 + Unknown Stack Size
<LI>Call Chain = cbBackWin &rArr; GUI_Clear &rArr; GUI_ClearRect &rArr; WM__InitIVRSearch &rArr; WM__GetNextIVR &rArr; _FindNext_IVR &rArr; _Findx0 &rArr;  _Findx0 (Cycle)
</UL>
<BR>[Calls]<UL><LI><a href="#[90]">&gt;&gt;</a>&nbsp;&nbsp;&nbsp;GUI_SetBkColor
<LI><a href="#[9e]">&gt;&gt;</a>&nbsp;&nbsp;&nbsp;GUI_Clear
<LI><a href="#[121]">&gt;&gt;</a>&nbsp;&nbsp;&nbsp;GUI_StoreKey
<LI><a href="#[11e]">&gt;&gt;</a>&nbsp;&nbsp;&nbsp;WM_DefaultProc
</UL>
<BR>[Address Reference Count : 1]<UL><LI> wm.o(.text)
</UL>
<P><STRONG><a name="[11b]"></a>_Paint</STRONG> (Thumb, 128 bytes, Stack size 40 bytes, wm.o(.text), UNUSED)
<BR><BR>[Calls]<UL><LI><a href="#[124]">&gt;&gt;</a>&nbsp;&nbsp;&nbsp;GUI_MEMDEV_Draw
<LI><a href="#[117]">&gt;&gt;</a>&nbsp;&nbsp;&nbsp;WM__PaintWinAndOverlays
<LI><a href="#[100]">&gt;&gt;</a>&nbsp;&nbsp;&nbsp;WM_SelectWindow
<LI><a href="#[fa]">&gt;&gt;</a>&nbsp;&nbsp;&nbsp;WM__ClipAtParentBorders
</UL>
<BR>[Called By]<UL><LI><a href="#[118]">&gt;&gt;</a>&nbsp;&nbsp;&nbsp;WM_Exec1
</UL>

<P><STRONG><a name="[135]"></a>_DrawBitLine1BPP</STRONG> (Thumb, 248 bytes, Stack size 56 bytes, guidev_16.o(.text))
<BR><BR>[Stack]<UL><LI>Max Depth = 56<LI>Call Chain = _DrawBitLine1BPP
</UL>
<BR>[Called By]<UL><LI><a href="#[62]">&gt;&gt;</a>&nbsp;&nbsp;&nbsp;_DrawBitmap
</UL>

<P><STRONG><a name="[137]"></a>_DrawBitLine4BPP</STRONG> (Thumb, 338 bytes, Stack size 40 bytes, guidev_16.o(.text))
<BR><BR>[Stack]<UL><LI>Max Depth = 40<LI>Call Chain = _DrawBitLine4BPP
</UL>
<BR>[Called By]<UL><LI><a href="#[62]">&gt;&gt;</a>&nbsp;&nbsp;&nbsp;_DrawBitmap
</UL>

<P><STRONG><a name="[62]"></a>_DrawBitmap</STRONG> (Thumb, 552 bytes, Stack size 80 bytes, guidev_16.o(.text))
<BR><BR>[Stack]<UL><LI>Max Depth = 136<LI>Call Chain = _DrawBitmap &rArr; _DrawBitLine2BPP
</UL>
<BR>[Calls]<UL><LI><a href="#[b5]">&gt;&gt;</a>&nbsp;&nbsp;&nbsp;GUI_ALLOC_h2p
<LI><a href="#[134]">&gt;&gt;</a>&nbsp;&nbsp;&nbsp;__aeabi_memcpy
<LI><a href="#[132]">&gt;&gt;</a>&nbsp;&nbsp;&nbsp;GUI_USAGE_AddRect
<LI><a href="#[136]">&gt;&gt;</a>&nbsp;&nbsp;&nbsp;_DrawBitLine2BPP
<LI><a href="#[133]">&gt;&gt;</a>&nbsp;&nbsp;&nbsp;_XY2PTR
<LI><a href="#[137]">&gt;&gt;</a>&nbsp;&nbsp;&nbsp;_DrawBitLine4BPP
<LI><a href="#[135]">&gt;&gt;</a>&nbsp;&nbsp;&nbsp;_DrawBitLine1BPP
</UL>
<BR>[Address Reference Count : 1]<UL><LI> guidev_16.o(.constdata)
</UL>
<P><STRONG><a name="[65]"></a>_FillRect</STRONG> (Thumb, 130 bytes, Stack size 40 bytes, guidev_16.o(.text))
<BR><BR>[Stack]<UL><LI>Max Depth = 72<LI>Call Chain = _FillRect &rArr; GUI_USAGE_AddRect
</UL>
<BR>[Calls]<UL><LI><a href="#[b5]">&gt;&gt;</a>&nbsp;&nbsp;&nbsp;GUI_ALLOC_h2p
<LI><a href="#[138]">&gt;&gt;</a>&nbsp;&nbsp;&nbsp;GUI__memset16
<LI><a href="#[132]">&gt;&gt;</a>&nbsp;&nbsp;&nbsp;GUI_USAGE_AddRect
<LI><a href="#[133]">&gt;&gt;</a>&nbsp;&nbsp;&nbsp;_XY2PTR
</UL>
<BR>[Called By]<UL><LI><a href="#[63]">&gt;&gt;</a>&nbsp;&nbsp;&nbsp;_DrawHLine
</UL>
<BR>[Address Reference Count : 1]<UL><LI> guidev_16.o(.constdata)
</UL>
<P><STRONG><a name="[63]"></a>_DrawHLine</STRONG> (Thumb, 4 bytes, Stack size 0 bytes, guidev_16.o(.text))
<BR><BR>[Stack]<UL><LI>Max Depth = 72<LI>Call Chain = _DrawHLine &rArr; _FillRect &rArr; GUI_USAGE_AddRect
</UL>
<BR>[Calls]<UL><LI><a href="#[65]">&gt;&gt;</a>&nbsp;&nbsp;&nbsp;_FillRect
</UL>
<BR>[Address Reference Count : 1]<UL><LI> guidev_16.o(.constdata)
</UL>
<P><STRONG><a name="[64]"></a>_DrawVLine</STRONG> (Thumb, 160 bytes, Stack size 48 bytes, guidev_16.o(.text))
<BR><BR>[Stack]<UL><LI>Max Depth = 64<LI>Call Chain = _DrawVLine &rArr; _XY2PTR
</UL>
<BR>[Calls]<UL><LI><a href="#[b5]">&gt;&gt;</a>&nbsp;&nbsp;&nbsp;GUI_ALLOC_h2p
<LI><a href="#[133]">&gt;&gt;</a>&nbsp;&nbsp;&nbsp;_XY2PTR
</UL>
<BR>[Address Reference Count : 1]<UL><LI> guidev_16.o(.constdata)
</UL>
<P><STRONG><a name="[68]"></a>_SetPixelIndex</STRONG> (Thumb, 72 bytes, Stack size 24 bytes, guidev_16.o(.text))
<BR><BR>[Stack]<UL><LI>Max Depth = 40<LI>Call Chain = _SetPixelIndex &rArr; _XY2PTR
</UL>
<BR>[Calls]<UL><LI><a href="#[b5]">&gt;&gt;</a>&nbsp;&nbsp;&nbsp;GUI_ALLOC_h2p
<LI><a href="#[133]">&gt;&gt;</a>&nbsp;&nbsp;&nbsp;_XY2PTR
</UL>
<BR>[Address Reference Count : 1]<UL><LI> guidev_16.o(.constdata)
</UL>
<P><STRONG><a name="[69]"></a>_XorPixel</STRONG> (Thumb, 80 bytes, Stack size 24 bytes, guidev_16.o(.text))
<BR><BR>[Stack]<UL><LI>Max Depth = 40<LI>Call Chain = _XorPixel &rArr; _XY2PTR
</UL>
<BR>[Calls]<UL><LI><a href="#[b5]">&gt;&gt;</a>&nbsp;&nbsp;&nbsp;GUI_ALLOC_h2p
<LI><a href="#[133]">&gt;&gt;</a>&nbsp;&nbsp;&nbsp;_XY2PTR
</UL>
<BR>[Address Reference Count : 1]<UL><LI> guidev_16.o(.constdata)
</UL>
<P><STRONG><a name="[66]"></a>_GetPixelIndex</STRONG> (Thumb, 10 bytes, Stack size 8 bytes, guidev_16.o(.text))
<BR><BR>[Stack]<UL><LI>Max Depth = 24<LI>Call Chain = _GetPixelIndex &rArr; _XY2PTR
</UL>
<BR>[Calls]<UL><LI><a href="#[133]">&gt;&gt;</a>&nbsp;&nbsp;&nbsp;_XY2PTR
</UL>
<BR>[Address Reference Count : 1]<UL><LI> guidev_16.o(.constdata)
</UL>
<P><STRONG><a name="[133]"></a>_XY2PTR</STRONG> (Thumb, 48 bytes, Stack size 16 bytes, guidev_16.o(.text))
<BR><BR>[Stack]<UL><LI>Max Depth = 16<LI>Call Chain = _XY2PTR
</UL>
<BR>[Calls]<UL><LI><a href="#[b5]">&gt;&gt;</a>&nbsp;&nbsp;&nbsp;GUI_ALLOC_h2p
</UL>
<BR>[Called By]<UL><LI><a href="#[66]">&gt;&gt;</a>&nbsp;&nbsp;&nbsp;_GetPixelIndex
<LI><a href="#[69]">&gt;&gt;</a>&nbsp;&nbsp;&nbsp;_XorPixel
<LI><a href="#[68]">&gt;&gt;</a>&nbsp;&nbsp;&nbsp;_SetPixelIndex
<LI><a href="#[64]">&gt;&gt;</a>&nbsp;&nbsp;&nbsp;_DrawVLine
<LI><a href="#[65]">&gt;&gt;</a>&nbsp;&nbsp;&nbsp;_FillRect
<LI><a href="#[62]">&gt;&gt;</a>&nbsp;&nbsp;&nbsp;_DrawBitmap
</UL>

<P><STRONG><a name="[136]"></a>_DrawBitLine2BPP</STRONG> (Thumb, 212 bytes, Stack size 56 bytes, guidev_16.o(.text))
<BR><BR>[Stack]<UL><LI>Max Depth = 56<LI>Call Chain = _DrawBitLine2BPP
</UL>
<BR>[Called By]<UL><LI><a href="#[62]">&gt;&gt;</a>&nbsp;&nbsp;&nbsp;_DrawBitmap
</UL>

<P><STRONG><a name="[13a]"></a>_Min</STRONG> (Thumb, 12 bytes, Stack size 0 bytes, guidev_banding.o(.text), UNUSED)
<BR><BR>[Called By]<UL><LI><a href="#[124]">&gt;&gt;</a>&nbsp;&nbsp;&nbsp;GUI_MEMDEV_Draw
</UL>

<P><STRONG><a name="[6a]"></a>GUI_USAGE_BM_AddPixel</STRONG> (Thumb, 44 bytes, Stack size 8 bytes, guidev_usagebm.o(.text))
<BR><BR>[Stack]<UL><LI>Max Depth = 8<LI>Call Chain = GUI_USAGE_BM_AddPixel
</UL>
<BR>[Address Reference Count : 1]<UL><LI> guidev_usagebm.o(.constdata)
</UL>
<P><STRONG><a name="[6b]"></a>GUI_USAGE_BM_AddHLine</STRONG> (Thumb, 108 bytes, Stack size 16 bytes, guidev_usagebm.o(.text))
<BR><BR>[Stack]<UL><LI>Max Depth = 16 + Unknown Stack Size
<LI>Call Chain = GUI_USAGE_BM_AddHLine
</UL>
<BR>[Calls]<UL><LI><a href="#[157]">&gt;&gt;</a>&nbsp;&nbsp;&nbsp;__aeabi_memset
</UL>
<BR>[Address Reference Count : 1]<UL><LI> guidev_usagebm.o(.constdata)
</UL>
<P><STRONG><a name="[6c]"></a>GUI_USAGE_BM_Clear</STRONG> (Thumb, 14 bytes, Stack size 0 bytes, guidev_usagebm.o(.text))
<BR><BR>[Stack]<UL><LI>Max Depth = 4<LI>Call Chain = GUI_USAGE_BM_Clear &rArr; __aeabi_memclr4
</UL>
<BR>[Calls]<UL><LI><a href="#[158]">&gt;&gt;</a>&nbsp;&nbsp;&nbsp;__aeabi_memclr4
</UL>
<BR>[Address Reference Count : 1]<UL><LI> guidev_usagebm.o(.constdata)
</UL>
<P><STRONG><a name="[6e]"></a>GUI_USAGE_BM_GetNextDirty</STRONG> (Thumb, 188 bytes, Stack size 16 bytes, guidev_usagebm.o(.text))
<BR><BR>[Stack]<UL><LI>Max Depth = 16<LI>Call Chain = GUI_USAGE_BM_GetNextDirty
</UL>
<BR>[Address Reference Count : 1]<UL><LI> guidev_usagebm.o(.constdata)
</UL>
<P><STRONG><a name="[6d]"></a>_GUI_USAGE_BM_Delete</STRONG> (Thumb, 4 bytes, Stack size 0 bytes, guidev_usagebm.o(.text))
<BR><BR>[Stack]<UL><LI>Max Depth = 80 + Unknown Stack Size
<LI>Call Chain = _GUI_USAGE_BM_Delete &rArr; GUI_ALLOC_Free &rArr; GUI_Lock &rArr; GUI_X_Lock &rArr; OSSemPend &rArr; OS_Sched
</UL>
<BR>[Calls]<UL><LI><a href="#[af]">&gt;&gt;</a>&nbsp;&nbsp;&nbsp;GUI_ALLOC_Free
</UL>
<BR>[Address Reference Count : 1]<UL><LI> guidev_usagebm.o(.constdata)
</UL>
<P><STRONG><a name="[3f]"></a>_printf_input_char</STRONG> (Thumb, 10 bytes, Stack size 0 bytes, _printf_char_common.o(.text))
<BR>[Address Reference Count : 1]<UL><LI> _printf_char_common.o(.text)
</UL><P>
<H3>
Undefined Global Symbols
</H3><HR></body></html>
